GowinSynthesis start
Running parser ...
Analyzing Verilog file 'C:\Users\hra\Documents\github\HRA_product\FPGA_MSXtR\labo\FPGA_MSXtR_CPU_005\src\FPGA_MSXtR.v'
Undeclared symbol 'vdp_so_clk', assumed default net type 'wire'("C:\Users\hra\Documents\github\HRA_product\FPGA_MSXtR\labo\FPGA_MSXtR_CPU_005\src\FPGA_MSXtR.v":705)
Undeclared symbol 'vdp_so', assumed default net type 'wire'("C:\Users\hra\Documents\github\HRA_product\FPGA_MSXtR\labo\FPGA_MSXtR_CPU_005\src\FPGA_MSXtR.v":706)
Analyzing Verilog file 'C:\Users\hra\Documents\github\HRA_product\FPGA_MSXtR\labo\FPGA_MSXtR_CPU_005\src\bootrom\bootrom.v'
Analyzing Verilog file 'C:\Users\hra\Documents\github\HRA_product\FPGA_MSXtR\labo\FPGA_MSXtR_CPU_005\src\bootrom\ram.v'
Analyzing Verilog file 'C:\Users\hra\Documents\github\HRA_product\FPGA_MSXtR\labo\FPGA_MSXtR_CPU_005\src\bootrom\rom.v'
Analyzing included file 'C:\Users\hra\Documents\github\HRA_product\FPGA_MSXtR\labo\FPGA_MSXtR_CPU_005\src\bootrom\bootrom.vh'("C:\Users\hra\Documents\github\HRA_product\FPGA_MSXtR\labo\FPGA_MSXtR_CPU_005\src\bootrom\rom.v":55)
Back to file 'C:\Users\hra\Documents\github\HRA_product\FPGA_MSXtR\labo\FPGA_MSXtR_CPU_005\src\bootrom\rom.v'("C:\Users\hra\Documents\github\HRA_product\FPGA_MSXtR\labo\FPGA_MSXtR_CPU_005\src\bootrom\rom.v":55)
Analyzing Verilog file 'C:\Users\hra\Documents\github\HRA_product\FPGA_MSXtR\labo\FPGA_MSXtR_CPU_005\src\cr800\cr800.v'
Analyzing Verilog file 'C:\Users\hra\Documents\github\HRA_product\FPGA_MSXtR\labo\FPGA_MSXtR_CPU_005\src\cr800\cr800_alu.v'
Analyzing Verilog file 'C:\Users\hra\Documents\github\HRA_product\FPGA_MSXtR\labo\FPGA_MSXtR_CPU_005\src\cr800\cr800_inst.v'
Analyzing Verilog file 'C:\Users\hra\Documents\github\HRA_product\FPGA_MSXtR\labo\FPGA_MSXtR_CPU_005\src\cr800\cr800_mcode.v'
Analyzing Verilog file 'C:\Users\hra\Documents\github\HRA_product\FPGA_MSXtR\labo\FPGA_MSXtR_CPU_005\src\cr800\cr800_reg.v'
Analyzing Verilog file 'C:\Users\hra\Documents\github\HRA_product\FPGA_MSXtR\labo\FPGA_MSXtR_CPU_005\src\cz80\cz80.v'
Analyzing Verilog file 'C:\Users\hra\Documents\github\HRA_product\FPGA_MSXtR\labo\FPGA_MSXtR_CPU_005\src\cz80\cz80_alu.v'
Analyzing Verilog file 'C:\Users\hra\Documents\github\HRA_product\FPGA_MSXtR\labo\FPGA_MSXtR_CPU_005\src\cz80\cz80_inst.v'
Analyzing Verilog file 'C:\Users\hra\Documents\github\HRA_product\FPGA_MSXtR\labo\FPGA_MSXtR_CPU_005\src\cz80\cz80_mcode.v'
Analyzing Verilog file 'C:\Users\hra\Documents\github\HRA_product\FPGA_MSXtR\labo\FPGA_MSXtR_CPU_005\src\cz80\cz80_reg.v'
Analyzing Verilog file 'C:\Users\hra\Documents\github\HRA_product\FPGA_MSXtR\labo\FPGA_MSXtR_CPU_005\src\extio\extio.v'
Analyzing Verilog file 'C:\Users\hra\Documents\github\HRA_product\FPGA_MSXtR\labo\FPGA_MSXtR_CPU_005\src\fpga_connect\fpga_connect_master.v'
Analyzing Verilog file 'C:\Users\hra\Documents\github\HRA_product\FPGA_MSXtR\labo\FPGA_MSXtR_CPU_005\src\fpga_connect\fpga_connect_master_sub.v'
Analyzing Verilog file 'C:\Users\hra\Documents\github\HRA_product\FPGA_MSXtR\labo\FPGA_MSXtR_CPU_005\src\fpga_connect\fpga_connect_slave.v'
Analyzing Verilog file 'C:\Users\hra\Documents\github\HRA_product\FPGA_MSXtR\labo\FPGA_MSXtR_CPU_005\src\gowin_rpll\gowin_rpll.v'
Analyzing Verilog file 'C:\Users\hra\Documents\github\HRA_product\FPGA_MSXtR\labo\FPGA_MSXtR_CPU_005\src\gowin_rpll\gowin_rpll2.v'
Analyzing Verilog file 'C:\Users\hra\Documents\github\HRA_product\FPGA_MSXtR\labo\FPGA_MSXtR_CPU_005\src\gowin_rpll\gowin_rpll3.v'
Analyzing Verilog file 'C:\Users\hra\Documents\github\HRA_product\FPGA_MSXtR\labo\FPGA_MSXtR_CPU_005\src\s2026a\s2026a.v'
Undeclared symbol 'kanji1_en', assumed default net type 'wire'("C:\Users\hra\Documents\github\HRA_product\FPGA_MSXtR\labo\FPGA_MSXtR_CPU_005\src\s2026a\s2026a.v":681)
Undeclared symbol 'kanji2_en', assumed default net type 'wire'("C:\Users\hra\Documents\github\HRA_product\FPGA_MSXtR\labo\FPGA_MSXtR_CPU_005\src\s2026a\s2026a.v":682)
Analyzing Verilog file 'C:\Users\hra\Documents\github\HRA_product\FPGA_MSXtR\labo\FPGA_MSXtR_CPU_005\src\s2026a\s2026a_cpu_select.v'
Analyzing Verilog file 'C:\Users\hra\Documents\github\HRA_product\FPGA_MSXtR\labo\FPGA_MSXtR_CPU_005\src\sdram\ip_sdram_tangnano20k_c.v'
Analyzing Verilog file 'C:\Users\hra\Documents\github\HRA_product\FPGA_MSXtR\labo\FPGA_MSXtR_CPU_005\src\spi_rom\ip_spi_rom.v'
Analyzing Verilog file 'C:\Users\hra\Documents\github\HRA_product\FPGA_MSXtR\labo\FPGA_MSXtR_CPU_005\src\uart\ip_uart.v'
Analyzing Verilog file 'C:\Users\hra\Documents\github\HRA_product\FPGA_MSXtR\labo\FPGA_MSXtR_CPU_005\src\uart\uart.v'
Compiling module 'fpga_msxtr'("C:\Users\hra\Documents\github\HRA_product\FPGA_MSXtR\labo\FPGA_MSXtR_CPU_005\src\FPGA_MSXtR.v":24)
Compiling module 'Gowin_rPLL'("C:\Users\hra\Documents\github\HRA_product\FPGA_MSXtR\labo\FPGA_MSXtR_CPU_005\src\gowin_rpll\gowin_rpll.v":9)
Compiling module 'Gowin_rPLL2'("C:\Users\hra\Documents\github\HRA_product\FPGA_MSXtR\labo\FPGA_MSXtR_CPU_005\src\gowin_rpll\gowin_rpll2.v":9)
Compiling module 'cz80_inst'("C:\Users\hra\Documents\github\HRA_product\FPGA_MSXtR\labo\FPGA_MSXtR_CPU_005\src\cz80\cz80_inst.v":63)
Compiling module 'cz80'("C:\Users\hra\Documents\github\HRA_product\FPGA_MSXtR\labo\FPGA_MSXtR_CPU_005\src\cz80\cz80.v":63)
Compiling module 'cz80_mcode'("C:\Users\hra\Documents\github\HRA_product\FPGA_MSXtR\labo\FPGA_MSXtR_CPU_005\src\cz80\cz80_mcode.v":63)
Compiling module 'cz80_alu'("C:\Users\hra\Documents\github\HRA_product\FPGA_MSXtR\labo\FPGA_MSXtR_CPU_005\src\cz80\cz80_alu.v":63)
WARN  (EX3791) : Expression size 17 truncated to fit in target size 16("C:\Users\hra\Documents\github\HRA_product\FPGA_MSXtR\labo\FPGA_MSXtR_CPU_005\src\cz80\cz80.v":382)
WARN  (EX3791) : Expression size 17 truncated to fit in target size 16("C:\Users\hra\Documents\github\HRA_product\FPGA_MSXtR\labo\FPGA_MSXtR_CPU_005\src\cz80\cz80.v":528)
WARN  (EX3791) : Expression size 32 truncated to fit in target size 16("C:\Users\hra\Documents\github\HRA_product\FPGA_MSXtR\labo\FPGA_MSXtR_CPU_005\src\cz80\cz80.v":531)
WARN  (EX3791) : Expression size 32 truncated to fit in target size 16("C:\Users\hra\Documents\github\HRA_product\FPGA_MSXtR\labo\FPGA_MSXtR_CPU_005\src\cz80\cz80.v":544)
WARN  (EX3791) : Expression size 17 truncated to fit in target size 16("C:\Users\hra\Documents\github\HRA_product\FPGA_MSXtR\labo\FPGA_MSXtR_CPU_005\src\cz80\cz80.v":547)
Compiling module 'cz80_registers'("C:\Users\hra\Documents\github\HRA_product\FPGA_MSXtR\labo\FPGA_MSXtR_CPU_005\src\cz80\cz80_reg.v":55)
WARN  (EX3791) : Expression size 4 truncated to fit in target size 3("C:\Users\hra\Documents\github\HRA_product\FPGA_MSXtR\labo\FPGA_MSXtR_CPU_005\src\cz80\cz80.v":1011)
Compiling module 's2026a'("C:\Users\hra\Documents\github\HRA_product\FPGA_MSXtR\labo\FPGA_MSXtR_CPU_005\src\s2026a\s2026a.v":34)
Compiling module 's2026a_cpu_select'("C:\Users\hra\Documents\github\HRA_product\FPGA_MSXtR\labo\FPGA_MSXtR_CPU_005\src\s2026a\s2026a_cpu_select.v":34)
Compiling module 'extio_a'("C:\Users\hra\Documents\github\HRA_product\FPGA_MSXtR\labo\FPGA_MSXtR_CPU_005\src\extio\extio.v":66)
Compiling module 'ip_spi_rom'("C:\Users\hra\Documents\github\HRA_product\FPGA_MSXtR\labo\FPGA_MSXtR_CPU_005\src\spi_rom\ip_spi_rom.v":27)
WARN  (EX3791) : Expression size 32 truncated to fit in target size 3("C:\Users\hra\Documents\github\HRA_product\FPGA_MSXtR\labo\FPGA_MSXtR_CPU_005\src\spi_rom\ip_spi_rom.v":436)
Compiling module 'bootrom'("C:\Users\hra\Documents\github\HRA_product\FPGA_MSXtR\labo\FPGA_MSXtR_CPU_005\src\bootrom\bootrom.v":34)
Compiling module 'rom'("C:\Users\hra\Documents\github\HRA_product\FPGA_MSXtR\labo\FPGA_MSXtR_CPU_005\src\bootrom\rom.v":34)
Compiling module 'ip_ram'("C:\Users\hra\Documents\github\HRA_product\FPGA_MSXtR\labo\FPGA_MSXtR_CPU_005\src\bootrom\ram.v":34)
Extracting RAM for identifier 'ff_ram'("C:\Users\hra\Documents\github\HRA_product\FPGA_MSXtR\labo\FPGA_MSXtR_CPU_005\src\bootrom\ram.v":44)
Compiling module 'uart'("C:\Users\hra\Documents\github\HRA_product\FPGA_MSXtR\labo\FPGA_MSXtR_CPU_005\src\uart\uart.v":27)
Compiling module 'ip_uart'("C:\Users\hra\Documents\github\HRA_product\FPGA_MSXtR\labo\FPGA_MSXtR_CPU_005\src\uart\ip_uart.v":27)
WARN  (EX3791) : Expression size 32 truncated to fit in target size 10("C:\Users\hra\Documents\github\HRA_product\FPGA_MSXtR\labo\FPGA_MSXtR_CPU_005\src\uart\ip_uart.v":74)
NOTE  (EX0101) : Current top module is "fpga_msxtr"
WARN  (EX0206) : Instance "rpll_inst" 's parameter "DEVICE" value invalid("C:\Users\hra\Documents\github\HRA_product\FPGA_MSXtR\labo\FPGA_MSXtR_CPU_005\src\gowin_rpll\gowin_rpll.v":38)
WARN  (EX0206) : Instance "rpll_inst" 's parameter "DEVICE" value invalid("C:\Users\hra\Documents\github\HRA_product\FPGA_MSXtR\labo\FPGA_MSXtR_CPU_005\src\gowin_rpll\gowin_rpll2.v":38)
WARN  (EX0211) : The output port "fpga_so_clk" of module "fpga_msxtr" has no driver, assigning undriven bits to Z, simulation mismatch possible("C:\Users\hra\Documents\github\HRA_product\FPGA_MSXtR\labo\FPGA_MSXtR_CPU_005\src\FPGA_MSXtR.v":30)
WARN  (EX0211) : The output port "fpga_so[1]" of module "fpga_msxtr" has no driver, assigning undriven bits to Z, simulation mismatch possible("C:\Users\hra\Documents\github\HRA_product\FPGA_MSXtR\labo\FPGA_MSXtR_CPU_005\src\FPGA_MSXtR.v":31)
WARN  (EX0211) : The output port "fpga_so[0]" of module "fpga_msxtr" has no driver, assigning undriven bits to Z, simulation mismatch possible("C:\Users\hra\Documents\github\HRA_product\FPGA_MSXtR\labo\FPGA_MSXtR_CPU_005\src\FPGA_MSXtR.v":31)
[5%] Running netlist conversion ...
WARN  (CV0016) : Input fpga_si_clk is unused("C:\Users\hra\Documents\github\HRA_product\FPGA_MSXtR\labo\FPGA_MSXtR_CPU_005\src\FPGA_MSXtR.v":32)
WARN  (CV0016) : Input fpga_si is unused("C:\Users\hra\Documents\github\HRA_product\FPGA_MSXtR\labo\FPGA_MSXtR_CPU_005\src\FPGA_MSXtR.v":33)
Running device independent optimization ...
[10%] Optimizing Phase 0 completed
[15%] Optimizing Phase 1 completed
[25%] Optimizing Phase 2 completed
Running inference ...
[30%] Inferring Phase 0 completed
[40%] Inferring Phase 1 completed
[50%] Inferring Phase 2 completed
[55%] Inferring Phase 3 completed
Running technical mapping ...
[60%] Tech-Mapping Phase 0 completed
[65%] Tech-Mapping Phase 1 completed
[75%] Tech-Mapping Phase 2 completed
[80%] Tech-Mapping Phase 3 completed
[90%] Tech-Mapping Phase 4 completed
[95%] Generate netlist file "C:\Users\hra\Documents\github\HRA_product\FPGA_MSXtR\labo\FPGA_MSXtR_CPU_005\impl\gwsynthesis\FPGA_MSXtR.vg" completed
[100%] Generate report file "C:\Users\hra\Documents\github\HRA_product\FPGA_MSXtR\labo\FPGA_MSXtR_CPU_005\impl\gwsynthesis\FPGA_MSXtR_syn.rpt.html" completed
GowinSynthesis finish
