Archive member included to satisfy reference by file (symbol)

/usr/lib/gcc/arm-none-eabi/13.2.1/../../../arm-none-eabi/lib/thumb/v8-m.main+fp/softfp/libm.a(libm_a-wf_sqrt.o)
                              CMakeFiles/fpga_msxtr_controller.dir/mnt/c/Users/hra/Documents/github/OTHERS/pico-sdk/src/rp2_common/pico_float/float_math.c.o (sqrtf)
/usr/lib/gcc/arm-none-eabi/13.2.1/../../../arm-none-eabi/lib/thumb/v8-m.main+fp/softfp/libm.a(libm_a-ef_sqrt.o)
                              /usr/lib/gcc/arm-none-eabi/13.2.1/../../../arm-none-eabi/lib/thumb/v8-m.main+fp/softfp/libm.a(libm_a-wf_sqrt.o) (__ieee754_sqrtf)
/usr/lib/gcc/arm-none-eabi/13.2.1/thumb/v8-m.main+fp/softfp/libgcc.a(_arm_addsubdf3.o)
                              CMakeFiles/fpga_msxtr_controller.dir/mnt/c/Users/hra/Documents/github/OTHERS/pico-sdk/src/rp2_common/pico_float/float_math.c.o (__aeabi_f2d)
/usr/lib/gcc/arm-none-eabi/13.2.1/thumb/v8-m.main+fp/softfp/libgcc.a(_aeabi_ldivmod.o)
                              CMakeFiles/fpga_msxtr_controller.dir/mnt/c/Users/hra/Documents/github/OTHERS/pico-sdk/src/common/pico_time/time.c.o (__aeabi_ldivmod)
/usr/lib/gcc/arm-none-eabi/13.2.1/thumb/v8-m.main+fp/softfp/libgcc.a(_aeabi_uldivmod.o)
                              CMakeFiles/fpga_msxtr_controller.dir/mnt/c/Users/hra/Documents/github/OTHERS/pico-sdk/src/rp2_common/hardware_clocks/clocks.c.o (__aeabi_uldivmod)
/usr/lib/gcc/arm-none-eabi/13.2.1/thumb/v8-m.main+fp/softfp/libgcc.a(_udivmoddi4.o)
                              /usr/lib/gcc/arm-none-eabi/13.2.1/thumb/v8-m.main+fp/softfp/libgcc.a(_aeabi_ldivmod.o) (__udivmoddi4)
/usr/lib/gcc/arm-none-eabi/13.2.1/thumb/v8-m.main+fp/softfp/libgcc.a(_dvmd_tls.o)
                              /usr/lib/gcc/arm-none-eabi/13.2.1/thumb/v8-m.main+fp/softfp/libgcc.a(_aeabi_ldivmod.o) (__aeabi_ldiv0)
/usr/lib/gcc/arm-none-eabi/13.2.1/../../../arm-none-eabi/lib/thumb/v8-m.main+fp/softfp/libg.a(libc_a-strncpy.o)
                              CMakeFiles/fpga_msxtr_controller.dir/_deps/no_os_fatfs-src/FatFs_SPI/src/ff_stdio.c.o (strncpy)
/usr/lib/gcc/arm-none-eabi/13.2.1/../../../arm-none-eabi/lib/thumb/v8-m.main+fp/softfp/libg.a(libc_a-memset.o)
                              /usr/lib/gcc/arm-none-eabi/13.2.1/../../../arm-none-eabi/lib/thumb/v8-m.main+fp/softfp/crt0.o (memset)
/usr/lib/gcc/arm-none-eabi/13.2.1/../../../arm-none-eabi/lib/thumb/v8-m.main+fp/softfp/libg.a(libc_a-strchr.o)
                              CMakeFiles/fpga_msxtr_controller.dir/_deps/no_os_fatfs-src/FatFs_SPI/ff15/source/ff.c.o (strchr)
/usr/lib/gcc/arm-none-eabi/13.2.1/../../../arm-none-eabi/lib/thumb/v8-m.main+fp/softfp/libg.a(libc_a-strcmp.o)
                              CMakeFiles/fpga_msxtr_controller.dir/_deps/no_os_fatfs-src/FatFs_SPI/src/ff_stdio.c.o (strcmp)
/usr/lib/gcc/arm-none-eabi/13.2.1/../../../arm-none-eabi/lib/thumb/v8-m.main+fp/softfp/libg.a(libc_a-fflush.o)
                              CMakeFiles/fpga_msxtr_controller.dir/_deps/no_os_fatfs-src/FatFs_SPI/sd_driver/demo_logging.c.o (fflush)
/usr/lib/gcc/arm-none-eabi/13.2.1/../../../arm-none-eabi/lib/thumb/v8-m.main+fp/softfp/libg.a(libc_a-calloc.o)
                              CMakeFiles/fpga_msxtr_controller.dir/mnt/c/Users/hra/Documents/github/OTHERS/pico-sdk/src/rp2_common/pico_malloc/malloc.c.o (calloc)
/usr/lib/gcc/arm-none-eabi/13.2.1/../../../arm-none-eabi/lib/thumb/v8-m.main+fp/softfp/libg.a(libc_a-errno.o)
                              CMakeFiles/fpga_msxtr_controller.dir/_deps/no_os_fatfs-src/FatFs_SPI/src/ff_stdio.c.o (__errno)
/usr/lib/gcc/arm-none-eabi/13.2.1/../../../arm-none-eabi/lib/thumb/v8-m.main+fp/softfp/libg.a(libc_a-impure.o)
                              CMakeFiles/fpga_msxtr_controller.dir/_deps/no_os_fatfs-src/FatFs_SPI/sd_driver/demo_logging.c.o (_impure_ptr)
/usr/lib/gcc/arm-none-eabi/13.2.1/../../../arm-none-eabi/lib/thumb/v8-m.main+fp/softfp/libg.a(libc_a-callocr.o)
                              /usr/lib/gcc/arm-none-eabi/13.2.1/../../../arm-none-eabi/lib/thumb/v8-m.main+fp/softfp/libg.a(libc_a-calloc.o) (_calloc_r)
/usr/lib/gcc/arm-none-eabi/13.2.1/../../../arm-none-eabi/lib/thumb/v8-m.main+fp/softfp/libg.a(libc_a-realloc.o)
                              CMakeFiles/fpga_msxtr_controller.dir/mnt/c/Users/hra/Documents/github/OTHERS/pico-sdk/src/rp2_common/pico_malloc/malloc.c.o (realloc)
/usr/lib/gcc/arm-none-eabi/13.2.1/../../../arm-none-eabi/lib/thumb/v8-m.main+fp/softfp/libg.a(libc_a-mallocr.o)
                              /usr/lib/gcc/arm-none-eabi/13.2.1/../../../arm-none-eabi/lib/thumb/v8-m.main+fp/softfp/libg.a(libc_a-callocr.o) (_malloc_r)
/usr/lib/gcc/arm-none-eabi/13.2.1/../../../arm-none-eabi/lib/thumb/v8-m.main+fp/softfp/libg.a(libc_a-freer.o)
                              /usr/lib/gcc/arm-none-eabi/13.2.1/../../../arm-none-eabi/lib/thumb/v8-m.main+fp/softfp/libg.a(libc_a-fflush.o) (_free_r)
/usr/lib/gcc/arm-none-eabi/13.2.1/../../../arm-none-eabi/lib/thumb/v8-m.main+fp/softfp/libg.a(libc_a-memcmp.o)
[...]
Memory Configuration

Name             Origin             Length             Attributes
FLASH            0x10000000         0x00400000         xr
RAM              0x20000000         0x00080000         xrw
SCRATCH_X        0x20080000         0x00001000         xrw
SCRATCH_Y        0x20081000         0x00001000         xrw
*default*        0x00000000         0xffffffff

Linker script and memory map

LOAD /usr/lib/gcc/arm-none-eabi/13.2.1/thumb/v8-m.main+fp/softfp/crti.o
LOAD /usr/lib/gcc/arm-none-eabi/13.2.1/thumb/v8-m.main+fp/softfp/crtbegin.o
LOAD /usr/lib/gcc/arm-none-eabi/13.2.1/../../../arm-none-eabi/lib/thumb/v8-m.main+fp/softfp/crt0.o

.flash_begin    0x10000000        0x0
                0x10000000                        __flash_binary_start = .

.text           0x10000000     0xb9f4
                0x10000000                        __logical_binary_start = .
 *(.vectors)
 .vectors       0x10000000      0x124 CMakeFiles/fpga_msxtr_controller.dir/mnt/c/Users/hra/Documents/github/OTHERS/pico-sdk/src/rp2_common/pico_crt0/crt0.S.o
                0x10000000                __vectors
                0x10000000                __VECTOR_TABLE
                0x10000110                isr_securefault
                0x10000110                isr_irq30
                0x10000110                __unhandled_user_irq
                0x10000110                isr_irq49
                0x10000110                isr_irq13
                0x10000110                isr_irq43
                0x10000110                isr_irq45
                0x10000110                isr_irq27
                0x10000110                isr_irq32
                0x10000110                isr_irq31
                0x10000110                isr_irq5
                0x10000110                isr_irq11
                0x10000110                isr_irq23
                0x10000110                isr_usagefault
                0x10000110                isr_irq48
                0x10000110                isr_irq35
                0x10000110                isr_irq18
                0x10000110                isr_irq50
                0x10000110                isr_irq40
                0x10000110                isr_irq28
                0x10000110                isr_irq19
                0x10000110                isr_irq36
                0x10000110                isr_irq41
                0x10000110                isr_irq0
                0x10000110                isr_irq6
                0x10000110                isr_memmanage
                0x10000110                isr_irq37
                0x10000110                isr_irq42
                0x10000110                isr_irq22
                0x10000110                isr_irq17
                0x10000110                isr_irq38
                0x10000110                isr_irq14
                0x10000110                __vectors_end
                0x10000110                __default_isrs_start
                0x10000110                isr_irq2
                0x10000110                isr_irq10
                0x10000110                isr_irq8
                0x10000110                isr_debugmonitor
                0x10000110                isr_irq24
                0x10000110                isr_irq46
                0x10000110                isr_irq1
                0x10000110                isr_irq47
                0x10000110                isr_irq51
                0x10000110                isr_irq7
                0x10000110                isr_irq21
                0x10000110                isr_irq39
                0x10000110                isr_irq20
                0x10000110                isr_irq15
                0x10000110                isr_irq25
                0x10000110                isr_irq34
                0x10000110                isr_irq4
                0x10000110                isr_busfault
                0x10000110                isr_irq16
                0x10000110                isr_irq44
                0x10000110                isr_irq29
                0x10000110                isr_irq26
                0x10000110                isr_irq33
                0x10000110                isr_irq3
                0x10000110                isr_irq12
                0x10000110                isr_irq9
                0x10000116                unhandled_user_irq_num_in_r0
                0x10000118                isr_invalid
                0x1000011a                isr_nmi
                0x1000011c                isr_hardfault
                0x1000011e                isr_svcall
                0x10000120                isr_pendsv
                0x10000122                isr_systick
                0x10000124                __default_isrs_end
 *(.binary_info_header)
 .binary_info_header
                0x10000124       0x14 CMakeFiles/fpga_msxtr_controller.dir/mnt/c/Users/hra/Documents/github/OTHERS/pico-sdk/src/rp2_common/pico_crt0/crt0.S.o
                0x10000138                        __binary_info_header_end = .
 *(.embedded_block)
 .embedded_block
                0x10000138       0x14 CMakeFiles/fpga_msxtr_controller.dir/mnt/c/Users/hra/Documents/github/OTHERS/pico-sdk/src/rp2_common/pico_crt0/crt0.S.o
                0x1000014c                        __embedded_block_end = .
 *(.reset)
 .reset         0x1000014c       0x98 CMakeFiles/fpga_msxtr_controller.dir/mnt/c/Users/hra/Documents/github/OTHERS/pico-sdk/src/rp2_common/pico_crt0/crt0.S.o
                0x1000014c                _entry_point
 *(.init)
 .init          0x100001e4        0x4 /usr/lib/gcc/arm-none-eabi/13.2.1/thumb/v8-m.main+fp/softfp/crti.o
                0x100001e4                _init
 *libgcc.a:cmse_nonsecure_call.o()
 *(EXCLUDE_FILE(*libm.a: *libc.a:*lib_a-mem*.o *libgcc.a:) .text*)
 .text          0x100001e8       0x8c /usr/lib/gcc/arm-none-eabi/13.2.1/thumb/v8-m.main+fp/softfp/crtbegin.o
 .text.dir_sd_root
                0x10000274      0x298 CMakeFiles/fpga_msxtr_controller.dir/fpga_msxtr_controller.c.o
 .text.core1_entry
                0x1000050c       0x44 CMakeFiles/fpga_msxtr_controller.dir/fpga_msxtr_controller.c.o
 .text.startup.main
                0x10000550      0x39c CMakeFiles/fpga_msxtr_controller.dir/fpga_msxtr_controller.c.o
                0x10000550                main
 .text.keyboard_init
                0x100008ec       0x14 CMakeFiles/fpga_msxtr_controller.dir/keyboard.c.o
                0x100008ec                keyboard_init
 .text.keyboard_update
                0x10000900       0x40 CMakeFiles/fpga_msxtr_controller.dir/keyboard.c.o
                0x10000900                keyboard_update
 .text.keyboard_get_matrix
                0x10000940        0x8 CMakeFiles/fpga_msxtr_controller.dir/keyboard.c.o
                0x10000940                keyboard_get_matrix
 .text.sd_get_num
                0x10000948        0x4 CMakeFiles/fpga_msxtr_controller.dir/hw_config.c.o
                0x10000948                sd_get_num
 .text.sd_get_by_num
                0x1000094c       0x10 CMakeFiles/fpga_msxtr_controller.dir/hw_config.c.o
                0x1000094c                sd_get_by_num
 .text.spi_get_num
                0x1000095c        0x4 CMakeFiles/fpga_msxtr_controller.dir/hw_config.c.o
                0x1000095c                spi_get_num
 .text.spi_get_by_num
                0x10000960       0x10 CMakeFiles/fpga_msxtr_controller.dir/hw_config.c.o
                0x10000960                spi_get_by_num
 .text.gpio_set_function
                0x10000970       0x3c CMakeFiles/fpga_msxtr_controller.dir/mnt/c/Users/hra/Documents/github/OTHERS/pico-sdk/src/rp2_common/hardware_gpio/gpio.c.o
                0x10000970                gpio_set_function
 .text.gpio_set_pulls
                0x100009ac       0x28 CMakeFiles/fpga_msxtr_controller.dir/mnt/c/Users/hra/Documents/github/OTHERS/pico-sdk/src/rp2_common/hardware_gpio/gpio.c.o
                0x100009ac                gpio_set_pulls
 .text.gpio_set_drive_strength
                0x100009d4       0x20 CMakeFiles/fpga_msxtr_controller.dir/mnt/c/Users/hra/Documents/github/OTHERS/pico-sdk/src/rp2_common/hardware_gpio/gpio.c.o
                0x100009d4                gpio_set_drive_strength
 .text.gpio_init
                0x100009f4       0x48 CMakeFiles/fpga_msxtr_controller.dir/mnt/c/Users/hra/Documents/github/OTHERS/pico-sdk/src/rp2_common/hardware_gpio/gpio.c.o
                0x100009f4                gpio_init
 .text.panic    0x10000a3c       0x30 CMakeFiles/fpga_msxtr_controller.dir/mnt/c/Users/hra/Documents/github/OTHERS/pico-sdk/src/rp2_common/pico_platform_panic/panic.c.o
                0x10000a3c                panic
 .text.hw_claim_or_assert
                0x10000a6c       0x58 CMakeFiles/fpga_msxtr_controller.dir/mnt/c/Users/hra/Documents/github/OTHERS/pico-sdk/src/common/hardware_claim/claim.c.o
                0x10000a6c                hw_claim_or_assert
 .text.hw_claim_unused_from_range
                0x10000ac4       0x9c CMakeFiles/fpga_msxtr_controller.dir/mnt/c/Users/hra/Documents/github/OTHERS/pico-sdk/src/common/hardware_claim/claim.c.o
                0x10000ac4                hw_claim_unused_from_range
 .text.next_striped_spin_lock_num
                0x10000b60       0x18 CMakeFiles/fpga_msxtr_controller.dir/mnt/c/Users/hra/Documents/github/OTHERS/pico-sdk/src/rp2_common/hardware_sync/sync.c.o
                0x10000b60                next_striped_spin_lock_num
 .text.spin_lock_claim_unused
                0x10000b78       0x20 CMakeFiles/fpga_msxtr_controller.dir/mnt/c/Users/hra/Documents/github/OTHERS/pico-sdk/src/rp2_common/hardware_sync/sync.c.o
                0x10000b78                spin_lock_claim_unused
 .text.spinlock_set_extexclall
                0x10000b98       0x10 CMakeFiles/fpga_msxtr_controller.dir/mnt/c/Users/hra/Documents/github/OTHERS/pico-sdk/src/rp2_common/hardware_sync_spin_lock/sync_spin_lock.c.o
 .text.spin_locks_reset
                0x10000ba8       0x18 CMakeFiles/fpga_msxtr_controller.dir/mnt/c/Users/hra/Documents/github/OTHERS/pico-sdk/src/rp2_common/hardware_sync_spin_lock/sync_spin_lock.c.o
                0x10000ba8                spin_locks_reset
 .text.runtime_init_per_core_irq_priorities
                0x10000bc0       0x40 CMakeFiles/fpga_msxtr_controller.dir/mnt/c/Users/hra/Documents/github/OTHERS/pico-sdk/src/rp2_common/hardware_irq/irq.c.o
                0x10000bc0                runtime_init_per_core_irq_priorities
 .text.irq_set_enabled
                0x10000c00       0x2c CMakeFiles/fpga_msxtr_controller.dir/mnt/c/Users/hra/Documents/github/OTHERS/pico-sdk/src/rp2_common/hardware_irq/irq.c.o
                0x10000c00                irq_set_enabled
 .text.irq_is_enabled
                0x10000c2c       0x20 CMakeFiles/fpga_msxtr_controller.dir/mnt/c/Users/hra/Documents/github/OTHERS/pico-sdk/src/rp2_common/hardware_irq/irq.c.o
                0x10000c2c                irq_is_enabled
 .text.irq_set_pending
                0x10000c4c       0x18 CMakeFiles/fpga_msxtr_controller.dir/mnt/c/Users/hra/Documents/github/OTHERS/pico-sdk/src/rp2_common/hardware_irq/irq.c.o
                0x10000c4c                irq_set_pending
 .text.irq_has_shared_handler
                0x10000c64       0x20 CMakeFiles/fpga_msxtr_controller.dir/mnt/c/Users/hra/Documents/github/OTHERS/pico-sdk/src/rp2_common/hardware_irq/irq.c.o
                0x10000c64                irq_has_shared_handler
 .text.irq_set_exclusive_handler
                0x10000c84       0x60 CMakeFiles/fpga_msxtr_controller.dir/mnt/c/Users/hra/Documents/github/OTHERS/pico-sdk/src/rp2_common/hardware_irq/irq.c.o
                0x10000c84                irq_set_exclusive_handler
 .text.irq_add_shared_handler
                0x10000ce4      0x1e8 CMakeFiles/fpga_msxtr_controller.dir/mnt/c/Users/hra/Documents/github/OTHERS/pico-sdk/src/rp2_common/hardware_irq/irq.c.o
                0x10000ce4                irq_add_shared_handler
 .text.irq_add_tail_to_free_list
                0x10000ecc       0xbc CMakeFiles/fpga_msxtr_controller.dir/mnt/c/Users/hra/Documents/github/OTHERS/pico-sdk/src/rp2_common/hardware_irq/irq.c.o
                0x10000ecc                irq_add_tail_to_free_list
 .text.user_irq_claim_unused
                0x10000f88       0x28 CMakeFiles/fpga_msxtr_controller.dir/mnt/c/Users/hra/Documents/github/OTHERS/pico-sdk/src/rp2_common/hardware_irq/irq.c.o
                0x10000f88                user_irq_claim_unused
 .text.sem_init
                0x10000fb0       0x20 CMakeFiles/fpga_msxtr_controller.dir/mnt/c/Users/hra/Documents/github/OTHERS/pico-sdk/src/common/pico_sync/sem.c.o
                0x10000fb0                sem_init
 .text.lock_init
                0x10000fd0        0xc CMakeFiles/fpga_msxtr_controller.dir/mnt/c/Users/hra/Documents/github/OTHERS/pico-sdk/src/common/pico_sync/lock_core.c.o
                0x10000fd0                lock_init
 .text.runtime_init_mutex
                0x10000fdc       0x4c CMakeFiles/fpga_msxtr_controller.dir/mnt/c/Users/hra/Documents/github/OTHERS/pico-sdk/src/common/pico_sync/mutex.c.o
                0x10000fdc                runtime_init_mutex
 .text.mutex_init
                0x10001028       0x1c CMakeFiles/fpga_msxtr_controller.dir/mnt/c/Users/hra/Documents/github/OTHERS/pico-sdk/src/common/pico_sync/mutex.c.o
                0x10001028                mutex_init
 .text.critical_section_init
                0x10001044       0x1c CMakeFiles/fpga_msxtr_controller.dir/mnt/c/Users/hra/Documents/github/OTHERS/pico-sdk/src/common/pico_sync/critical_section.c.o
                0x10001044                critical_section_init
 .text.critical_section_init_with_lock_num
                0x10001060       0x10 CMakeFiles/fpga_msxtr_controller.dir/mnt/c/Users/hra/Documents/github/OTHERS/pico-sdk/src/common/pico_sync/critical_section.c.o
                0x10001060                critical_section_init_with_lock_num
 .text.sleep_until_callback
                0x10001070       0x3c CMakeFiles/fpga_msxtr_controller.dir/mnt/c/Users/hra/Documents/github/OTHERS/pico-sdk/src/common/pico_time/time.c.o
 *fill*         0x100010ac        0x4 
 .text.alarm_pool_irq_handler
                0x100010b0      0x2f0 CMakeFiles/fpga_msxtr_controller.dir/mnt/c/Users/hra/Documents/github/OTHERS/pico-sdk/src/common/pico_time/time.c.o
 .text.runtime_init_default_alarm_pool
                0x100013a0      0x100 CMakeFiles/fpga_msxtr_controller.dir/mnt/c/Users/hra/Documents/github/OTHERS/pico-sdk/src/common/pico_time/time.c.o
                0x100013a0                runtime_init_default_alarm_pool
 .text.alarm_pool_get_default
                0x100014a0        0x8 CMakeFiles/fpga_msxtr_controller.dir/mnt/c/Users/hra/Documents/github/OTHERS/pico-sdk/src/common/pico_time/time.c.o
                0x100014a0                alarm_pool_get_default
 .text.alarm_pool_add_alarm_at
                0x100014a8       0xdc CMakeFiles/fpga_msxtr_controller.dir/mnt/c/Users/hra/Documents/github/OTHERS/pico-sdk/src/common/pico_time/time.c.o
                0x100014a8                alarm_pool_add_alarm_at
 .text.alarm_pool_add_alarm_at_force_in_context
                0x10001584       0xc8 CMakeFiles/fpga_msxtr_controller.dir/mnt/c/Users/hra/Documents/github/OTHERS/pico-sdk/src/common/pico_time/time.c.o
                0x10001584                alarm_pool_add_alarm_at_force_in_context
 .text.alarm_pool_cancel_alarm
                0x1000164c       0x80 CMakeFiles/fpga_msxtr_controller.dir/mnt/c/Users/hra/Documents/github/OTHERS/pico-sdk/src/common/pico_time/time.c.o
                0x1000164c                alarm_pool_cancel_alarm
 .text.alarm_pool_core_num
                0x100016cc        0x4 CMakeFiles/fpga_msxtr_controller.dir/mnt/c/Users/hra/Documents/github/OTHERS/pico-sdk/src/common/pico_time/time.c.o
                0x100016cc                alarm_pool_core_num
 .text.sleep_until
                0x100016d0       0xbc CMakeFiles/fpga_msxtr_controller.dir/mnt/c/Users/hra/Documents/github/OTHERS/pico-sdk/src/common/pico_time/time.c.o
                0x100016d0                sleep_until
 .text.sleep_us
                0x1000178c       0x30 CMakeFiles/fpga_msxtr_controller.dir/mnt/c/Users/hra/Documents/github/OTHERS/pico-sdk/src/common/pico_time/time.c.o
                0x1000178c                sleep_us
 .text.sleep_ms
                0x100017bc       0x2c CMakeFiles/fpga_msxtr_controller.dir/mnt/c/Users/hra/Documents/github/OTHERS/pico-sdk/src/common/pico_time/time.c.o
                0x100017bc                sleep_ms
 .text.best_effort_wfe_or_timeout
                0x100017e8       0xbc CMakeFiles/fpga_msxtr_controller.dir/mnt/c/Users/hra/Documents/github/OTHERS/pico-sdk/src/common/pico_time/time.c.o
                0x100017e8                best_effort_wfe_or_timeout
 .text.timer_hardware_alarm_claim
                0x100018a4       0x24 CMakeFiles/fpga_msxtr_controller.dir/mnt/c/Users/hra/Documents/github/OTHERS/pico-sdk/src/rp2_common/hardware_timer/timer.c.o
                0x100018a4                timer_hardware_alarm_claim
 .text.timer_time_us_64
                0x100018c8       0x10 CMakeFiles/fpga_msxtr_controller.dir/mnt/c/Users/hra/Documents/github/OTHERS/pico-sdk/src/rp2_common/hardware_timer/timer.c.o
                0x100018c8                timer_time_us_64
 .text.time_us_64
                0x100018d8       0x14 CMakeFiles/fpga_msxtr_controller.dir/mnt/c/Users/hra/Documents/github/OTHERS/pico-sdk/src/rp2_common/hardware_timer/timer.c.o
                0x100018d8                time_us_64
 .text.busy_wait_us
                0x100018ec       0x64 CMakeFiles/fpga_msxtr_controller.dir/mnt/c/Users/hra/Documents/github/OTHERS/pico-sdk/src/rp2_common/hardware_timer/timer.c.o
                0x100018ec                busy_wait_us
 .text.busy_wait_until
                0x10001950       0x24 CMakeFiles/fpga_msxtr_controller.dir/mnt/c/Users/hra/Documents/github/OTHERS/pico-sdk/src/rp2_common/hardware_timer/timer.c.o
                0x10001950                busy_wait_until
 .text.clock_configure_undivided
                0x10001974       0xd0 CMakeFiles/fpga_msxtr_controller.dir/mnt/c/Users/hra/Documents/github/OTHERS/pico-sdk/src/rp2_common/hardware_clocks/clocks.c.o
                0x10001974                clock_configure_undivided
 .text.clock_get_hz
                0x10001a44        0xc CMakeFiles/fpga_msxtr_controller.dir/mnt/c/Users/hra/Documents/github/OTHERS/pico-sdk/src/rp2_common/hardware_clocks/clocks.c.o
                0x10001a44                clock_get_hz
 .text.pll_init
                0x10001a50       0x8c CMakeFiles/fpga_msxtr_controller.dir/mnt/c/Users/hra/Documents/github/OTHERS/pico-sdk/src/rp2_common/hardware_pll/pll.c.o
                0x10001a50                pll_init
 .text.watchdog_reboot
                0x10001adc       0x98 CMakeFiles/fpga_msxtr_controller.dir/mnt/c/Users/hra/Documents/github/OTHERS/pico-sdk/src/rp2_common/hardware_watchdog/watchdog.c.o
                0x10001adc                watchdog_reboot
 .text.tick_start
                0x10001b74       0x18 CMakeFiles/fpga_msxtr_controller.dir/mnt/c/Users/hra/Documents/github/OTHERS/pico-sdk/src/rp2_common/hardware_ticks/ticks.c.o
                0x10001b74                tick_start
 .text.rom_reboot.constprop.0.isra.0
                0x10001b8c       0x34 CMakeFiles/fpga_msxtr_controller.dir/mnt/c/Users/hra/Documents/github/OTHERS/pico-sdk/src/rp2_common/pico_bootrom/bootrom.c.o
 .text.rom_func_lookup
                0x10001bc0       0x18 CMakeFiles/fpga_msxtr_controller.dir/mnt/c/Users/hra/Documents/github/OTHERS/pico-sdk/src/rp2_common/pico_bootrom/bootrom.c.o
                0x10001bc0                rom_func_lookup
 .text.rom_reset_usb_boot_extra
                0x10001bd8       0x1c CMakeFiles/fpga_msxtr_controller.dir/mnt/c/Users/hra/Documents/github/OTHERS/pico-sdk/src/rp2_common/pico_bootrom/bootrom.c.o
                0x10001bd8                rom_reset_usb_boot_extra
 .text.runtime_init_bootrom_locking_enable
                0x10001bf4       0x14 CMakeFiles/fpga_msxtr_controller.dir/mnt/c/Users/hra/Documents/github/OTHERS/pico-sdk/src/rp2_common/pico_bootrom/bootrom_lock.c.o
                0x10001bf4                runtime_init_bootrom_locking_enable
 .text.runtime_init_boot_locks_reset
                0x10001c08       0x1c CMakeFiles/fpga_msxtr_controller.dir/mnt/c/Users/hra/Documents/github/OTHERS/pico-sdk/src/rp2_common/hardware_boot_lock/boot_lock.c.o
                0x10001c08                runtime_init_boot_locks_reset
 .text.xosc_init
                0x10001c24       0x30 CMakeFiles/fpga_msxtr_controller.dir/mnt/c/Users/hra/Documents/github/OTHERS/pico-sdk/src/rp2_common/hardware_xosc/xosc.c.o
                0x10001c24                xosc_init
 .text.first_per_core_initializer
                0x10001c54        0x4 CMakeFiles/fpga_msxtr_controller.dir/mnt/c/Users/hra/Documents/github/OTHERS/pico-sdk/src/rp2_common/pico_runtime/runtime.c.o
 .text.hard_assertion_failure
                0x10001c58        0xc CMakeFiles/fpga_msxtr_controller.dir/mnt/c/Users/hra/Documents/github/OTHERS/pico-sdk/src/rp2_common/pico_runtime/runtime.c.o
                0x10001c58                hard_assertion_failure
 .text.runtime_run_initializers
                0x10001c64       0x20 CMakeFiles/fpga_msxtr_controller.dir/mnt/c/Users/hra/Documents/github/OTHERS/pico-sdk/src/rp2_common/pico_runtime/runtime.c.o
                0x10001c64                runtime_run_initializers
 .text.runtime_run_per_core_initializers
                0x10001c84       0x20 CMakeFiles/fpga_msxtr_controller.dir/mnt/c/Users/hra/Documents/github/OTHERS/pico-sdk/src/rp2_common/pico_runtime/runtime.c.o
                0x10001c84                runtime_run_per_core_initializers
 .text.runtime_init_early_resets
                0x10001ca4       0x34 CMakeFiles/fpga_msxtr_controller.dir/mnt/c/Users/hra/Documents/github/OTHERS/pico-sdk/src/rp2_common/pico_runtime_init/runtime_init.c.o
                0x10001ca4                runtime_init_early_resets
 .text.runtime_init_usb_power_down
                0x10001cd8       0x1c CMakeFiles/fpga_msxtr_controller.dir/mnt/c/Users/hra/Documents/github/OTHERS/pico-sdk/src/rp2_common/pico_runtime_init/runtime_init.c.o
                0x10001cd8                runtime_init_usb_power_down
 .text.runtime_init_per_core_enable_coprocessors
                0x10001cf4       0x1c CMakeFiles/fpga_msxtr_controller.dir/mnt/c/Users/hra/Documents/github/OTHERS/pico-sdk/src/rp2_common/pico_runtime_init/runtime_init.c.o
                0x10001cf4                runtime_init_per_core_enable_coprocessors
 .text.runtime_init_post_clock_resets
                0x10001d10       0x20 CMakeFiles/fpga_msxtr_controller.dir/mnt/c/Users/hra/Documents/github/OTHERS/pico-sdk/src/rp2_common/pico_runtime_init/runtime_init.c.o
                0x10001d10                runtime_init_post_clock_resets
 .text.runtime_init_bootrom_reset
                0x10001d30       0x14 CMakeFiles/fpga_msxtr_controller.dir/mnt/c/Users/hra/Documents/github/OTHERS/pico-sdk/src/rp2_common/pico_runtime_init/runtime_init.c.o
                0x10001d30                runtime_init_bootrom_reset
 .text.runtime_init_per_core_bootrom_reset
                0x10001d44       0x14 CMakeFiles/fpga_msxtr_controller.dir/mnt/c/Users/hra/Documents/github/OTHERS/pico-sdk/src/rp2_common/pico_runtime_init/runtime_init.c.o
                0x10001d44                runtime_init_per_core_bootrom_reset
 .text.runtime_init_spin_locks_reset
                0x10001d58        0x4 CMakeFiles/fpga_msxtr_controller.dir/mnt/c/Users/hra/Documents/github/OTHERS/pico-sdk/src/rp2_common/pico_runtime_init/runtime_init.c.o
                0x10001d58                runtime_init_spin_locks_reset
 .text.runtime_init_install_ram_vector_table
                0x10001d5c       0x68 CMakeFiles/fpga_msxtr_controller.dir/mnt/c/Users/hra/Documents/github/OTHERS/pico-sdk/src/rp2_common/pico_runtime_init/runtime_init.c.o
                0x10001d5c                runtime_init_install_ram_vector_table
 .text.runtime_init_clocks
                0x10001dc4       0xdc CMakeFiles/fpga_msxtr_controller.dir/mnt/c/Users/hra/Documents/github/OTHERS/pico-sdk/src/rp2_common/pico_runtime_init/runtime_init_clocks.c.o
                0x10001dc4                runtime_init_clocks
 .text.__rp2350_dcp_engaged_state_save_restore
                0x10001ea0       0x3a CMakeFiles/fpga_msxtr_controller.dir/mnt/c/Users/hra/Documents/github/OTHERS/pico-sdk/src/rp2_common/pico_double/double_aeabi_dcp.S.o
 *fill*         0x10001eda        0x2 
 .text.__wrap___aeabi_dadd
                0x10001edc       0x28 CMakeFiles/fpga_msxtr_controller.dir/mnt/c/Users/hra/Documents/github/OTHERS/pico-sdk/src/rp2_common/pico_double/double_aeabi_dcp.S.o
                0x10001ee4                __wrap___aeabi_dadd
 .text.__wrap___aeabi_dsub
                0x10001f04       0x28 CMakeFiles/fpga_msxtr_controller.dir/mnt/c/Users/hra/Documents/github/OTHERS/pico-sdk/src/rp2_common/pico_double/double_aeabi_dcp.S.o
                0x10001f0c                __wrap___aeabi_dsub
 .text.__wrap___aeabi_dmul
                0x10001f2c       0x4c CMakeFiles/fpga_msxtr_controller.dir/mnt/c/Users/hra/Documents/github/OTHERS/pico-sdk/src/rp2_common/pico_double/double_aeabi_dcp.S.o
                0x10001f34                __wrap___aeabi_dmul
 .text.__wrap___aeabi_ddiv
                0x10001f78       0x9c CMakeFiles/fpga_msxtr_controller.dir/mnt/c/Users/hra/Documents/github/OTHERS/pico-sdk/src/rp2_common/pico_double/double_aeabi_dcp.S.o
                0x10001f80                __wrap___aeabi_ddiv
 .text.__wrap___aeabi_i2d
                0x10002014       0x24 CMakeFiles/fpga_msxtr_controller.dir/mnt/c/Users/hra/Documents/github/OTHERS/pico-sdk/src/rp2_common/pico_double/double_aeabi_dcp.S.o
                0x1000201c                __wrap___aeabi_i2d
                0x1000201c                int2double
 .text.__wrap___aeabi_ui2d
                0x10002038       0x24 CMakeFiles/fpga_msxtr_controller.dir/mnt/c/Users/hra/Documents/github/OTHERS/pico-sdk/src/rp2_common/pico_double/double_aeabi_dcp.S.o
                0x10002040                __wrap___aeabi_ui2d
                0x10002040                uint2double
 .text.__wrap___aeabi_d2iz
                0x1000205c       0x24 CMakeFiles/fpga_msxtr_controller.dir/mnt/c/Users/hra/Documents/github/OTHERS/pico-sdk/src/rp2_common/pico_double/double_aeabi_dcp.S.o
                0x10002064                __wrap___aeabi_d2iz
                0x10002064                double2int_z
 .text.__wrap___aeabi_d2uiz
                0x10002080       0x24 CMakeFiles/fpga_msxtr_controller.dir/mnt/c/Users/hra/Documents/github/OTHERS/pico-sdk/src/rp2_common/pico_double/double_aeabi_dcp.S.o
                0x10002088                double2uint_z
                0x10002088                double2uint
                0x10002088                __wrap___aeabi_d2uiz
 .text.__wrap___aeabi_dcmpun
                0x100020a4       0x24 CMakeFiles/fpga_msxtr_controller.dir/mnt/c/Users/hra/Documents/github/OTHERS/pico-sdk/src/rp2_common/pico_double/double_aeabi_dcp.S.o
                0x100020ac                __wrap___aeabi_dcmpun
 .text.__wrap___aeabi_dcmplt
                0x100020c8       0x28 CMakeFiles/fpga_msxtr_controller.dir/mnt/c/Users/hra/Documents/github/OTHERS/pico-sdk/src/rp2_common/pico_double/double_aeabi_dcp.S.o
                0x100020d0                __wrap___aeabi_dcmplt
 .text.__wrap___aeabi_dcmpge
                0x100020f0       0x28 CMakeFiles/fpga_msxtr_controller.dir/mnt/c/Users/hra/Documents/github/OTHERS/pico-sdk/src/rp2_common/pico_double/double_aeabi_dcp.S.o
                0x100020f8                __wrap___aeabi_dcmpge
 .text.__wrap___aeabi_dcmpgt
                0x10002118       0x28 CMakeFiles/fpga_msxtr_controller.dir/mnt/c/Users/hra/Documents/github/OTHERS/pico-sdk/src/rp2_common/pico_double/double_aeabi_dcp.S.o
                0x10002120                __wrap___aeabi_dcmpgt
 .text.__wrap_malloc
                0x10002140       0x38 CMakeFiles/fpga_msxtr_controller.dir/mnt/c/Users/hra/Documents/github/OTHERS/pico-sdk/src/rp2_common/pico_malloc/malloc.c.o
                0x10002140                __wrap_malloc
 .text.__wrap_free
                0x10002178       0x20 CMakeFiles/fpga_msxtr_controller.dir/mnt/c/Users/hra/Documents/github/OTHERS/pico-sdk/src/rp2_common/pico_malloc/malloc.c.o
                0x10002178                __wrap_free
 .text._out_buffer
                0x10002198        0x8 CMakeFiles/fpga_msxtr_controller.dir/mnt/c/Users/hra/Documents/github/OTHERS/pico-sdk/src/rp2_common/pico_printf/printf.c.o
 .text._out_null
                0x100021a0        0x4 CMakeFiles/fpga_msxtr_controller.dir/mnt/c/Users/hra/Documents/github/OTHERS/pico-sdk/src/rp2_common/pico_printf/printf.c.o
 .text._out_rev
                0x100021a4       0x9c CMakeFiles/fpga_msxtr_controller.dir/mnt/c/Users/hra/Documents/github/OTHERS/pico-sdk/src/rp2_common/pico_printf/printf.c.o
 .text._ntoa_format
                0x10002240      0x2a4 CMakeFiles/fpga_msxtr_controller.dir/mnt/c/Users/hra/Documents/github/OTHERS/pico-sdk/src/rp2_common/pico_printf/printf.c.o
 .text._out_char
                0x100024e4        0x8 CMakeFiles/fpga_msxtr_controller.dir/mnt/c/Users/hra/Documents/github/OTHERS/pico-sdk/src/rp2_common/pico_printf/printf.c.o
 .text._out_fct
                0x100024ec        0xc CMakeFiles/fpga_msxtr_controller.dir/mnt/c/Users/hra/Documents/github/OTHERS/pico-sdk/src/rp2_common/pico_printf/printf.c.o
 .text._etoa    0x100024f8      0x460 CMakeFiles/fpga_msxtr_controller.dir/mnt/c/Users/hra/Documents/github/OTHERS/pico-sdk/src/rp2_common/pico_printf/printf.c.o
 .text._ftoa    0x10002958      0x3f4 CMakeFiles/fpga_msxtr_controller.dir/mnt/c/Users/hra/Documents/github/OTHERS/pico-sdk/src/rp2_common/pico_printf/printf.c.o
 .text._vsnprintf
                0x10002d4c      0x9e8 CMakeFiles/fpga_msxtr_controller.dir/mnt/c/Users/hra/Documents/github/OTHERS/pico-sdk/src/rp2_common/pico_printf/printf.c.o
 .text.__wrap_snprintf
                0x10003734       0x2c CMakeFiles/fpga_msxtr_controller.dir/mnt/c/Users/hra/Documents/github/OTHERS/pico-sdk/src/rp2_common/pico_printf/printf.c.o
                0x10003734                __wrap_snprintf
 .text.__wrap_vsnprintf
                0x10003760       0x24 CMakeFiles/fpga_msxtr_controller.dir/mnt/c/Users/hra/Documents/github/OTHERS/pico-sdk/src/rp2_common/pico_printf/printf.c.o
                0x10003760                __wrap_vsnprintf
 .text.vfctprintf
                0x10003784       0x28 CMakeFiles/fpga_msxtr_controller.dir/mnt/c/Users/hra/Documents/github/OTHERS/pico-sdk/src/rp2_common/pico_printf/printf.c.o
                0x10003784                vfctprintf
 .text.weak_raw_vprintf
                0x100037ac       0x30 CMakeFiles/fpga_msxtr_controller.dir/mnt/c/Users/hra/Documents/github/OTHERS/pico-sdk/src/rp2_common/pico_printf/printf.c.o
                0x100037ac                weak_raw_vprintf
 .text._exit    0x100037dc        0x4 CMakeFiles/fpga_msxtr_controller.dir/mnt/c/Users/hra/Documents/github/OTHERS/pico-sdk/src/rp2_common/pico_clib_interface/newlib_interface.c.o
                0x100037dc                _exit
 .text._sbrk    0x100037e0       0x2c CMakeFiles/fpga_msxtr_controller.dir/mnt/c/Users/hra/Documents/github/OTHERS/pico-sdk/src/rp2_common/pico_clib_interface/newlib_interface.c.o
                0x100037e0                _sbrk
 .text._read    0x1000380c       0x1c CMakeFiles/fpga_msxtr_controller.dir/mnt/c/Users/hra/Documents/github/OTHERS/pico-sdk/src/rp2_common/pico_clib_interface/newlib_interface.c.o
                0x1000380c                _read
 .text._write   0x10003828       0x20 CMakeFiles/fpga_msxtr_controller.dir/mnt/c/Users/hra/Documents/github/OTHERS/pico-sdk/src/rp2_common/pico_clib_interface/newlib_interface.c.o
                0x10003828                _write
 .text._close   0x10003848        0x8 CMakeFiles/fpga_msxtr_controller.dir/mnt/c/Users/hra/Documents/github/OTHERS/pico-sdk/src/rp2_common/pico_clib_interface/newlib_interface.c.o
                0x10003848                _close
 .text._lseek   0x10003850        0x8 CMakeFiles/fpga_msxtr_controller.dir/mnt/c/Users/hra/Documents/github/OTHERS/pico-sdk/src/rp2_common/pico_clib_interface/newlib_interface.c.o
                0x10003850                _lseek
 .text.exit     0x10003858        0x8 CMakeFiles/fpga_msxtr_controller.dir/mnt/c/Users/hra/Documents/github/OTHERS/pico-sdk/src/rp2_common/pico_clib_interface/newlib_interface.c.o
                0x10003858                exit
 .text.runtime_init
                0x10003860       0x24 CMakeFiles/fpga_msxtr_controller.dir/mnt/c/Users/hra/Documents/github/OTHERS/pico-sdk/src/rp2_common/pico_clib_interface/newlib_interface.c.o
                0x10003860                runtime_init
 .text.stdio_out_chars_no_crlf
                0x10003884        0x8 CMakeFiles/fpga_msxtr_controller.dir/mnt/c/Users/hra/Documents/github/OTHERS/pico-sdk/src/rp2_common/pico_stdio/stdio.c.o
 .text.stdio_out_chars_crlf
                0x1000388c       0xac CMakeFiles/fpga_msxtr_controller.dir/mnt/c/Users/hra/Documents/github/OTHERS/pico-sdk/src/rp2_common/pico_stdio/stdio.c.o
 .text.stdio_buffered_printer
                0x10003938       0x60 CMakeFiles/fpga_msxtr_controller.dir/mnt/c/Users/hra/Documents/github/OTHERS/pico-sdk/src/rp2_common/pico_stdio/stdio.c.o
 .text.stdio_put_string
                0x10003998       0xf0 CMakeFiles/fpga_msxtr_controller.dir/mnt/c/Users/hra/Documents/github/OTHERS/pico-sdk/src/rp2_common/pico_stdio/stdio.c.o
                0x10003998                stdio_put_string
 .text.stdio_get_until
                0x10003a88       0x7c CMakeFiles/fpga_msxtr_controller.dir/mnt/c/Users/hra/Documents/github/OTHERS/pico-sdk/src/rp2_common/pico_stdio/stdio.c.o
                0x10003a88                stdio_get_until
 .text.stdio_set_driver_enabled
                0x10003b04       0x30 CMakeFiles/fpga_msxtr_controller.dir/mnt/c/Users/hra/Documents/github/OTHERS/pico-sdk/src/rp2_common/pico_stdio/stdio.c.o
                0x10003b04                stdio_set_driver_enabled
 .text.stdio_init_all
                0x10003b34        0x4 CMakeFiles/fpga_msxtr_controller.dir/mnt/c/Users/hra/Documents/github/OTHERS/pico-sdk/src/rp2_common/pico_stdio/stdio.c.o
                0x10003b34                stdio_init_all
 .text.__wrap_putchar
                0x10003b38       0x84 CMakeFiles/fpga_msxtr_controller.dir/mnt/c/Users/hra/Documents/github/OTHERS/pico-sdk/src/rp2_common/pico_stdio/stdio.c.o
                0x10003b38                stdio_putchar
                0x10003b38                __wrap_putchar
 .text.__wrap_puts
                0x10003bbc       0x3c CMakeFiles/fpga_msxtr_controller.dir/mnt/c/Users/hra/Documents/github/OTHERS/pico-sdk/src/rp2_common/pico_stdio/stdio.c.o
                0x10003bbc                __wrap_puts
                0x10003bbc                stdio_puts
 .text.__wrap_vprintf
                0x10003bf8       0xc8 CMakeFiles/fpga_msxtr_controller.dir/mnt/c/Users/hra/Documents/github/OTHERS/pico-sdk/src/rp2_common/pico_stdio/stdio.c.o
                0x10003bf8                __wrap_vprintf
                0x10003bf8                stdio_vprintf
 .text.__wrap_printf
                0x10003cc0       0x1c CMakeFiles/fpga_msxtr_controller.dir/mnt/c/Users/hra/Documents/github/OTHERS/pico-sdk/src/rp2_common/pico_stdio/stdio.c.o
                0x10003cc0                stdio_printf
                0x10003cc0                __wrap_printf
 .text.resetd_init
                0x10003cdc        0x4 CMakeFiles/fpga_msxtr_controller.dir/mnt/c/Users/hra/Documents/github/OTHERS/pico-sdk/src/rp2_common/pico_stdio_usb/reset_interface.c.o
 .text.resetd_reset
                0x10003ce0        0xc CMakeFiles/fpga_msxtr_controller.dir/mnt/c/Users/hra/Documents/github/OTHERS/pico-sdk/src/rp2_common/pico_stdio_usb/reset_interface.c.o
 .text.resetd_open
                0x10003cec       0x28 CMakeFiles/fpga_msxtr_controller.dir/mnt/c/Users/hra/Documents/github/OTHERS/pico-sdk/src/rp2_common/pico_stdio_usb/reset_interface.c.o
 .text.resetd_xfer_cb
                0x10003d14        0x4 CMakeFiles/fpga_msxtr_controller.dir/mnt/c/Users/hra/Documents/github/OTHERS/pico-sdk/src/rp2_common/pico_stdio_usb/reset_interface.c.o
 .text.resetd_control_xfer_cb
                0x10003d18       0x50 CMakeFiles/fpga_msxtr_controller.dir/mnt/c/Users/hra/Documents/github/OTHERS/pico-sdk/src/rp2_common/pico_stdio_usb/reset_interface.c.o
 .text.tud_descriptor_bos_cb
                0x10003d68        0x8 CMakeFiles/fpga_msxtr_controller.dir/mnt/c/Users/hra/Documents/github/OTHERS/pico-sdk/src/rp2_common/pico_stdio_usb/reset_interface.c.o
                0x10003d68                tud_descriptor_bos_cb
 .text.tud_vendor_control_xfer_cb
                0x10003d70       0x28 CMakeFiles/fpga_msxtr_controller.dir/mnt/c/Users/hra/Documents/github/OTHERS/pico-sdk/src/rp2_common/pico_stdio_usb/reset_interface.c.o
                0x10003d70                tud_vendor_control_xfer_cb
 .text.usbd_app_driver_get_cb
                0x10003d98       0x10 CMakeFiles/fpga_msxtr_controller.dir/mnt/c/Users/hra/Documents/github/OTHERS/pico-sdk/src/rp2_common/pico_stdio_usb/reset_interface.c.o
                0x10003d98                usbd_app_driver_get_cb
 .text.tud_cdc_line_coding_cb
                0x10003da8       0x18 CMakeFiles/fpga_msxtr_controller.dir/mnt/c/Users/hra/Documents/github/OTHERS/pico-sdk/src/rp2_common/pico_stdio_usb/reset_interface.c.o
                0x10003da8                tud_cdc_line_coding_cb
 .text.stdio_usb_set_chars_available_callback
                0x10003dc0       0x14 CMakeFiles/fpga_msxtr_controller.dir/mnt/c/Users/hra/Documents/github/OTHERS/pico-sdk/src/rp2_common/pico_stdio_usb/stdio_usb.c.o
                0x10003dc0                stdio_usb_set_chars_available_callback
 .text.timer_task
                0x10003dd4       0x70 CMakeFiles/fpga_msxtr_controller.dir/mnt/c/Users/hra/Documents/github/OTHERS/pico-sdk/src/rp2_common/pico_stdio_usb/stdio_usb.c.o
 .text.usb_irq  0x10003e44        0xc CMakeFiles/fpga_msxtr_controller.dir/mnt/c/Users/hra/Documents/github/OTHERS/pico-sdk/src/rp2_common/pico_stdio_usb/stdio_usb.c.o
 .text.stdio_usb_in_chars
                0x10003e50       0x88 CMakeFiles/fpga_msxtr_controller.dir/mnt/c/Users/hra/Documents/github/OTHERS/pico-sdk/src/rp2_common/pico_stdio_usb/stdio_usb.c.o
                0x10003e50                stdio_usb_in_chars
 .text.stdio_usb_out_flush
                0x10003ed8       0x54 CMakeFiles/fpga_msxtr_controller.dir/mnt/c/Users/hra/Documents/github/OTHERS/pico-sdk/src/rp2_common/pico_stdio_usb/stdio_usb.c.o
 .text.stdio_usb_out_chars
                0x10003f2c       0xf4 CMakeFiles/fpga_msxtr_controller.dir/mnt/c/Users/hra/Documents/github/OTHERS/pico-sdk/src/rp2_common/pico_stdio_usb/stdio_usb.c.o
 .text.low_priority_worker_irq
                0x10004020       0xd8 CMakeFiles/fpga_msxtr_controller.dir/mnt/c/Users/hra/Documents/github/OTHERS/pico-sdk/src/rp2_common/pico_stdio_usb/stdio_usb.c.o
 .text.stdio_usb_init
                0x100040f8       0xe8 CMakeFiles/fpga_msxtr_controller.dir/mnt/c/Users/hra/Documents/github/OTHERS/pico-sdk/src/rp2_common/pico_stdio_usb/stdio_usb.c.o
                0x100040f8                stdio_usb_init
 .text.tud_descriptor_device_cb
                0x100041e0        0x8 CMakeFiles/fpga_msxtr_controller.dir/mnt/c/Users/hra/Documents/github/OTHERS/pico-sdk/src/rp2_common/pico_stdio_usb/stdio_usb_descriptors.c.o
                0x100041e0                tud_descriptor_device_cb
 .text.tud_descriptor_configuration_cb
                0x100041e8        0x8 CMakeFiles/fpga_msxtr_controller.dir/mnt/c/Users/hra/Documents/github/OTHERS/pico-sdk/src/rp2_common/pico_stdio_usb/stdio_usb_descriptors.c.o
                0x100041e8                tud_descriptor_configuration_cb
 .text.tud_descriptor_string_cb
                0x100041f0       0x70 CMakeFiles/fpga_msxtr_controller.dir/mnt/c/Users/hra/Documents/github/OTHERS/pico-sdk/src/rp2_common/pico_stdio_usb/stdio_usb_descriptors.c.o
                0x100041f0                tud_descriptor_string_cb
 .text.startup._retrieve_unique_id_on_boot
                0x10004260       0x30 CMakeFiles/fpga_msxtr_controller.dir/mnt/c/Users/hra/Documents/github/OTHERS/pico-sdk/src/rp2_common/pico_unique_id/unique_id.c.o
 .text.pico_get_unique_board_id_string
                0x10004290      0x184 CMakeFiles/fpga_msxtr_controller.dir/mnt/c/Users/hra/Documents/github/OTHERS/pico-sdk/src/rp2_common/pico_unique_id/unique_id.c.o
                0x10004290                pico_get_unique_board_id_string
 .text.dcd_init
                0x10004414       0x90 CMakeFiles/fpga_msxtr_controller.dir/mnt/c/Users/hra/Documents/github/OTHERS/pico-sdk/lib/tinyusb/src/portable/raspberrypi/rp2040/dcd_rp2040.c.o
                0x10004414                dcd_init
 .text.dcd_int_enable
                0x100044a4        0x8 CMakeFiles/fpga_msxtr_controller.dir/mnt/c/Users/hra/Documents/github/OTHERS/pico-sdk/lib/tinyusb/src/portable/raspberrypi/rp2040/dcd_rp2040.c.o
                0x100044a4                dcd_int_enable
 .text.dcd_set_address
                0x100044ac       0x10 CMakeFiles/fpga_msxtr_controller.dir/mnt/c/Users/hra/Documents/github/OTHERS/pico-sdk/lib/tinyusb/src/portable/raspberrypi/rp2040/dcd_rp2040.c.o
                0x100044ac                dcd_set_address
 .text.dcd_sof_enable
                0x100044bc       0x1c CMakeFiles/fpga_msxtr_controller.dir/mnt/c/Users/hra/Documents/github/OTHERS/pico-sdk/lib/tinyusb/src/portable/raspberrypi/rp2040/dcd_rp2040.c.o
                0x100044bc                dcd_sof_enable
 .text.dcd_edpt0_status_complete
                0x100044d8       0x1c CMakeFiles/fpga_msxtr_controller.dir/mnt/c/Users/hra/Documents/github/OTHERS/pico-sdk/lib/tinyusb/src/portable/raspberrypi/rp2040/dcd_rp2040.c.o
                0x100044d8                dcd_edpt0_status_complete
 .text.dcd_edpt_open
                0x100044f4      0x108 CMakeFiles/fpga_msxtr_controller.dir/mnt/c/Users/hra/Documents/github/OTHERS/pico-sdk/lib/tinyusb/src/portable/raspberrypi/rp2040/dcd_rp2040.c.o
                0x100044f4                dcd_edpt_open
 .text.dcd_edpt_close_all
                0x100045fc        0x4 CMakeFiles/fpga_msxtr_controller.dir/mnt/c/Users/hra/Documents/github/OTHERS/pico-sdk/lib/tinyusb/src/portable/raspberrypi/rp2040/dcd_rp2040.c.o
                0x100045fc                dcd_edpt_close_all
 .text.dcd_edpt_xfer
                0x10004600       0x28 CMakeFiles/fpga_msxtr_controller.dir/mnt/c/Users/hra/Documents/github/OTHERS/pico-sdk/lib/tinyusb/src/portable/raspberrypi/rp2040/dcd_rp2040.c.o
                0x10004600                dcd_edpt_xfer
 .text.dcd_edpt_stall
                0x10004628       0x2c CMakeFiles/fpga_msxtr_controller.dir/mnt/c/Users/hra/Documents/github/OTHERS/pico-sdk/lib/tinyusb/src/portable/raspberrypi/rp2040/dcd_rp2040.c.o
                0x10004628                dcd_edpt_stall
 .text.dcd_edpt_clear_stall
                0x10004654       0x2c CMakeFiles/fpga_msxtr_controller.dir/mnt/c/Users/hra/Documents/github/OTHERS/pico-sdk/lib/tinyusb/src/portable/raspberrypi/rp2040/dcd_rp2040.c.o
                0x10004654                dcd_edpt_clear_stall
 .text.rp2040_usb_init
                0x10004680       0x40 CMakeFiles/fpga_msxtr_controller.dir/mnt/c/Users/hra/Documents/github/OTHERS/pico-sdk/lib/tinyusb/src/portable/raspberrypi/rp2040/rp2040_usb.c.o
                0x10004680                rp2040_usb_init
 .text.hw_endpoint_xfer_start
                0x100046c0       0x40 CMakeFiles/fpga_msxtr_controller.dir/mnt/c/Users/hra/Documents/github/OTHERS/pico-sdk/lib/tinyusb/src/portable/raspberrypi/rp2040/rp2040_usb.c.o
                0x100046c0                hw_endpoint_xfer_start
 .text.configuration_reset
                0x10004700       0x8c CMakeFiles/fpga_msxtr_controller.dir/mnt/c/Users/hra/Documents/github/OTHERS/pico-sdk/lib/tinyusb/src/device/usbd.c.o
 .text.tud_event_hook_cb
                0x1000478c        0x4 CMakeFiles/fpga_msxtr_controller.dir/mnt/c/Users/hra/Documents/github/OTHERS/pico-sdk/lib/tinyusb/src/device/usbd.c.o
                0x1000478c                tud_event_hook_cb
 .text.tud_sof_cb
                0x10004790        0x4 CMakeFiles/fpga_msxtr_controller.dir/mnt/c/Users/hra/Documents/github/OTHERS/pico-sdk/lib/tinyusb/src/device/usbd.c.o
                0x10004790                tud_sof_cb
 .text.tud_descriptor_device_qualifier_cb
                0x10004794        0x4 CMakeFiles/fpga_msxtr_controller.dir/mnt/c/Users/hra/Documents/github/OTHERS/pico-sdk/lib/tinyusb/src/device/usbd.c.o
                0x10004794                tud_descriptor_device_qualifier_cb
 .text.tud_descriptor_other_speed_configuration_cb
                0x10004798        0x4 CMakeFiles/fpga_msxtr_controller.dir/mnt/c/Users/hra/Documents/github/OTHERS/pico-sdk/lib/tinyusb/src/device/usbd.c.o
                0x10004798                tud_descriptor_other_speed_configuration_cb
 .text.tud_mount_cb
                0x1000479c        0x4 CMakeFiles/fpga_msxtr_controller.dir/mnt/c/Users/hra/Documents/github/OTHERS/pico-sdk/lib/tinyusb/src/device/usbd.c.o
                0x1000479c                tud_mount_cb
 .text.tud_umount_cb
                0x100047a0        0x4 CMakeFiles/fpga_msxtr_controller.dir/mnt/c/Users/hra/Documents/github/OTHERS/pico-sdk/lib/tinyusb/src/device/usbd.c.o
                0x100047a0                tud_umount_cb
 .text.tud_suspend_cb
                0x100047a4        0x4 CMakeFiles/fpga_msxtr_controller.dir/mnt/c/Users/hra/Documents/github/OTHERS/pico-sdk/lib/tinyusb/src/device/usbd.c.o
                0x100047a4                tud_suspend_cb
 .text.tud_resume_cb
                0x100047a8        0x4 CMakeFiles/fpga_msxtr_controller.dir/mnt/c/Users/hra/Documents/github/OTHERS/pico-sdk/lib/tinyusb/src/device/usbd.c.o
                0x100047a8                tud_resume_cb
 .text.tud_mounted
                0x100047ac       0x10 CMakeFiles/fpga_msxtr_controller.dir/mnt/c/Users/hra/Documents/github/OTHERS/pico-sdk/lib/tinyusb/src/device/usbd.c.o
                0x100047ac                tud_mounted
 .text.tud_suspended
                0x100047bc       0x10 CMakeFiles/fpga_msxtr_controller.dir/mnt/c/Users/hra/Documents/github/OTHERS/pico-sdk/lib/tinyusb/src/device/usbd.c.o
                0x100047bc                tud_suspended
 .text.tud_rhport_init
                0x100047cc       0xf8 CMakeFiles/fpga_msxtr_controller.dir/mnt/c/Users/hra/Documents/github/OTHERS/pico-sdk/lib/tinyusb/src/device/usbd.c.o
                0x100047cc                tud_rhport_init
 .text.tud_task_ext
                0x100048c4      0x784 CMakeFiles/fpga_msxtr_controller.dir/mnt/c/Users/hra/Documents/github/OTHERS/pico-sdk/lib/tinyusb/src/device/usbd.c.o
                0x100048c4                tud_task_ext
 .text.usbd_open_edpt_pair
                0x10005048       0x9c CMakeFiles/fpga_msxtr_controller.dir/mnt/c/Users/hra/Documents/github/OTHERS/pico-sdk/lib/tinyusb/src/device/usbd.c.o
                0x10005048                usbd_open_edpt_pair
 .text.usbd_edpt_open
                0x100050e4       0x44 CMakeFiles/fpga_msxtr_controller.dir/mnt/c/Users/hra/Documents/github/OTHERS/pico-sdk/lib/tinyusb/src/device/usbd.c.o
                0x100050e4                usbd_edpt_open
 .text.usbd_edpt_claim
                0x10005128       0x24 CMakeFiles/fpga_msxtr_controller.dir/mnt/c/Users/hra/Documents/github/OTHERS/pico-sdk/lib/tinyusb/src/device/usbd.c.o
                0x10005128                usbd_edpt_claim
 .text.usbd_edpt_release
                0x1000514c       0x24 CMakeFiles/fpga_msxtr_controller.dir/mnt/c/Users/hra/Documents/github/OTHERS/pico-sdk/lib/tinyusb/src/device/usbd.c.o
                0x1000514c                usbd_edpt_release
 .text.usbd_edpt_xfer
                0x10005170       0x70 CMakeFiles/fpga_msxtr_controller.dir/mnt/c/Users/hra/Documents/github/OTHERS/pico-sdk/lib/tinyusb/src/device/usbd.c.o
                0x10005170                usbd_edpt_xfer
 .text.tud_control_status
                0x100051e0       0x34 CMakeFiles/fpga_msxtr_controller.dir/mnt/c/Users/hra/Documents/github/OTHERS/pico-sdk/lib/tinyusb/src/device/usbd_control.c.o
                0x100051e0                tud_control_status
 .text.tud_control_xfer
                0x10005214       0xac CMakeFiles/fpga_msxtr_controller.dir/mnt/c/Users/hra/Documents/github/OTHERS/pico-sdk/lib/tinyusb/src/device/usbd_control.c.o
                0x10005214                tud_control_xfer
 .text.usbd_control_reset
                0x100052c0       0x14 CMakeFiles/fpga_msxtr_controller.dir/mnt/c/Users/hra/Documents/github/OTHERS/pico-sdk/lib/tinyusb/src/device/usbd_control.c.o
                0x100052c0                usbd_control_reset
 .text.usbd_control_set_complete_callback
                0x100052d4        0xc CMakeFiles/fpga_msxtr_controller.dir/mnt/c/Users/hra/Documents/github/OTHERS/pico-sdk/lib/tinyusb/src/device/usbd_control.c.o
                0x100052d4                usbd_control_set_complete_callback
 .text.usbd_control_set_request
                0x100052e0       0x1c CMakeFiles/fpga_msxtr_controller.dir/mnt/c/Users/hra/Documents/github/OTHERS/pico-sdk/lib/tinyusb/src/device/usbd_control.c.o
                0x100052e0                usbd_control_set_request
 .text.usbd_control_xfer_cb
                0x100052fc       0xfc CMakeFiles/fpga_msxtr_controller.dir/mnt/c/Users/hra/Documents/github/OTHERS/pico-sdk/lib/tinyusb/src/device/usbd_control.c.o
                0x100052fc                usbd_control_xfer_cb
 .text._prep_out_transaction.isra.0
                0x100053f8       0x74 CMakeFiles/fpga_msxtr_controller.dir/mnt/c/Users/hra/Documents/github/OTHERS/pico-sdk/lib/tinyusb/src/class/cdc/cdc_device.c.o
 .text.tud_cdc_n_connected
                0x1000546c       0x2c CMakeFiles/fpga_msxtr_controller.dir/mnt/c/Users/hra/Documents/github/OTHERS/pico-sdk/lib/tinyusb/src/class/cdc/cdc_device.c.o
                0x1000546c                tud_cdc_n_connected
 .text.tud_cdc_n_available
                0x10005498       0x18 CMakeFiles/fpga_msxtr_controller.dir/mnt/c/Users/hra/Documents/github/OTHERS/pico-sdk/lib/tinyusb/src/class/cdc/cdc_device.c.o
                0x10005498                tud_cdc_n_available
 .text.tud_cdc_n_read
                0x100054b0       0x8c CMakeFiles/fpga_msxtr_controller.dir/mnt/c/Users/hra/Documents/github/OTHERS/pico-sdk/lib/tinyusb/src/class/cdc/cdc_device.c.o
                0x100054b0                tud_cdc_n_read
 .text.tud_cdc_n_write_flush
                0x1000553c       0x8c CMakeFiles/fpga_msxtr_controller.dir/mnt/c/Users/hra/Documents/github/OTHERS/pico-sdk/lib/tinyusb/src/class/cdc/cdc_device.c.o
                0x1000553c                tud_cdc_n_write_flush
 .text.tud_cdc_n_write
                0x100055c8       0x44 CMakeFiles/fpga_msxtr_controller.dir/mnt/c/Users/hra/Documents/github/OTHERS/pico-sdk/lib/tinyusb/src/class/cdc/cdc_device.c.o
                0x100055c8                tud_cdc_n_write
 .text.tud_cdc_n_write_available
                0x1000560c       0x18 CMakeFiles/fpga_msxtr_controller.dir/mnt/c/Users/hra/Documents/github/OTHERS/pico-sdk/lib/tinyusb/src/class/cdc/cdc_device.c.o
                0x1000560c                tud_cdc_n_write_available
 .text.cdcd_init
                0x10005624       0x70 CMakeFiles/fpga_msxtr_controller.dir/mnt/c/Users/hra/Documents/github/OTHERS/pico-sdk/lib/tinyusb/src/class/cdc/cdc_device.c.o
                0x10005624                cdcd_init
 .text.cdcd_deinit
                0x10005694       0x2c CMakeFiles/fpga_msxtr_controller.dir/mnt/c/Users/hra/Documents/github/OTHERS/pico-sdk/lib/tinyusb/src/class/cdc/cdc_device.c.o
                0x10005694                cdcd_deinit
 .text.cdcd_reset
                0x100056c0       0x4c CMakeFiles/fpga_msxtr_controller.dir/mnt/c/Users/hra/Documents/github/OTHERS/pico-sdk/lib/tinyusb/src/class/cdc/cdc_device.c.o
                0x100056c0                cdcd_reset
 .text.cdcd_open
                0x1000570c       0xbc CMakeFiles/fpga_msxtr_controller.dir/mnt/c/Users/hra/Documents/github/OTHERS/pico-sdk/lib/tinyusb/src/class/cdc/cdc_device.c.o
                0x1000570c                cdcd_open
 .text.cdcd_control_xfer_cb
                0x100057c8       0xc0 CMakeFiles/fpga_msxtr_controller.dir/mnt/c/Users/hra/Documents/github/OTHERS/pico-sdk/lib/tinyusb/src/class/cdc/cdc_device.c.o
                0x100057c8                cdcd_control_xfer_cb
 .text.cdcd_xfer_cb
                0x10005888       0xfc CMakeFiles/fpga_msxtr_controller.dir/mnt/c/Users/hra/Documents/github/OTHERS/pico-sdk/lib/tinyusb/src/class/cdc/cdc_device.c.o
                0x10005888                cdcd_xfer_cb
 .text.vendord_init
                0x10005984       0x5c CMakeFiles/fpga_msxtr_controller.dir/mnt/c/Users/hra/Documents/github/OTHERS/pico-sdk/lib/tinyusb/src/class/vendor/vendor_device.c.o
                0x10005984                vendord_init
 .text.vendord_deinit
                0x100059e0       0x1c CMakeFiles/fpga_msxtr_controller.dir/mnt/c/Users/hra/Documents/github/OTHERS/pico-sdk/lib/tinyusb/src/class/vendor/vendor_device.c.o
                0x100059e0                vendord_deinit
 .text.vendord_reset
                0x100059fc       0x24 CMakeFiles/fpga_msxtr_controller.dir/mnt/c/Users/hra/Documents/github/OTHERS/pico-sdk/lib/tinyusb/src/class/vendor/vendor_device.c.o
                0x100059fc                vendord_reset
 .text.vendord_open
                0x10005a20      0x104 CMakeFiles/fpga_msxtr_controller.dir/mnt/c/Users/hra/Documents/github/OTHERS/pico-sdk/lib/tinyusb/src/class/vendor/vendor_device.c.o
                0x10005a20                vendord_open
 .text.vendord_xfer_cb
                0x10005b24       0x88 CMakeFiles/fpga_msxtr_controller.dir/mnt/c/Users/hra/Documents/github/OTHERS/pico-sdk/lib/tinyusb/src/class/vendor/vendor_device.c.o
                0x10005b24                vendord_xfer_cb
 .text.tusb_rhport_init
                0x10005bac       0x60 CMakeFiles/fpga_msxtr_controller.dir/mnt/c/Users/hra/Documents/github/OTHERS/pico-sdk/lib/tinyusb/src/tusb.c.o
                0x10005bac                tusb_rhport_init
 .text.tu_edpt_claim
                0x10005c0c       0x54 CMakeFiles/fpga_msxtr_controller.dir/mnt/c/Users/hra/Documents/github/OTHERS/pico-sdk/lib/tinyusb/src/tusb.c.o
                0x10005c0c                tu_edpt_claim
 .text.tu_edpt_release
                0x10005c60       0x38 CMakeFiles/fpga_msxtr_controller.dir/mnt/c/Users/hra/Documents/github/OTHERS/pico-sdk/lib/tinyusb/src/tusb.c.o
                0x10005c60                tu_edpt_release
 .text.tu_edpt_validate
                0x10005c98       0x64 CMakeFiles/fpga_msxtr_controller.dir/mnt/c/Users/hra/Documents/github/OTHERS/pico-sdk/lib/tinyusb/src/tusb.c.o
                0x10005c98                tu_edpt_validate
 .text.tu_edpt_bind_driver
                0x10005cfc       0x58 CMakeFiles/fpga_msxtr_controller.dir/mnt/c/Users/hra/Documents/github/OTHERS/pico-sdk/lib/tinyusb/src/tusb.c.o
                0x10005cfc                tu_edpt_bind_driver
 .text.tu_edpt_stream_init
                0x10005d54       0x58 CMakeFiles/fpga_msxtr_controller.dir/mnt/c/Users/hra/Documents/github/OTHERS/pico-sdk/lib/tinyusb/src/tusb.c.o
                0x10005d54                tu_edpt_stream_init
 .text.tu_edpt_stream_deinit
                0x10005dac        0x4 CMakeFiles/fpga_msxtr_controller.dir/mnt/c/Users/hra/Documents/github/OTHERS/pico-sdk/lib/tinyusb/src/tusb.c.o
                0x10005dac                tu_edpt_stream_deinit
 .text.tu_edpt_stream_write_zlp_if_needed
                0x10005db0       0x68 CMakeFiles/fpga_msxtr_controller.dir/mnt/c/Users/hra/Documents/github/OTHERS/pico-sdk/lib/tinyusb/src/tusb.c.o
                0x10005db0                tu_edpt_stream_write_zlp_if_needed
 .text.tu_edpt_stream_write_xfer
                0x10005e18       0x70 CMakeFiles/fpga_msxtr_controller.dir/mnt/c/Users/hra/Documents/github/OTHERS/pico-sdk/lib/tinyusb/src/tusb.c.o
                0x10005e18                tu_edpt_stream_write_xfer
 .text.tu_edpt_stream_read_xfer
                0x10005e88       0xd0 CMakeFiles/fpga_msxtr_controller.dir/mnt/c/Users/hra/Documents/github/OTHERS/pico-sdk/lib/tinyusb/src/tusb.c.o
                0x10005e88                tu_edpt_stream_read_xfer
 .text.tu_fifo_config
                0x10005f58       0x60 CMakeFiles/fpga_msxtr_controller.dir/mnt/c/Users/hra/Documents/github/OTHERS/pico-sdk/lib/tinyusb/src/common/tusb_fifo.c.o
                0x10005f58                tu_fifo_config
 .text.tu_fifo_count
                0x10005fb8       0x20 CMakeFiles/fpga_msxtr_controller.dir/mnt/c/Users/hra/Documents/github/OTHERS/pico-sdk/lib/tinyusb/src/common/tusb_fifo.c.o
                0x10005fb8                tu_fifo_count
 .text.tu_fifo_empty
                0x10005fd8       0x14 CMakeFiles/fpga_msxtr_controller.dir/mnt/c/Users/hra/Documents/github/OTHERS/pico-sdk/lib/tinyusb/src/common/tusb_fifo.c.o
                0x10005fd8                tu_fifo_empty
 .text.tu_fifo_remaining
                0x10005fec       0x24 CMakeFiles/fpga_msxtr_controller.dir/mnt/c/Users/hra/Documents/github/OTHERS/pico-sdk/lib/tinyusb/src/common/tusb_fifo.c.o
                0x10005fec                tu_fifo_remaining
 .text.tu_fifo_read
                0x10006010       0x94 CMakeFiles/fpga_msxtr_controller.dir/mnt/c/Users/hra/Documents/github/OTHERS/pico-sdk/lib/tinyusb/src/common/tusb_fifo.c.o
                0x10006010                tu_fifo_read
 .text.tu_fifo_read_n
                0x100060a4       0xd8 CMakeFiles/fpga_msxtr_controller.dir/mnt/c/Users/hra/Documents/github/OTHERS/pico-sdk/lib/tinyusb/src/common/tusb_fifo.c.o
                0x100060a4                tu_fifo_read_n
 .text.tu_fifo_write
                0x1000617c       0xa0 CMakeFiles/fpga_msxtr_controller.dir/mnt/c/Users/hra/Documents/github/OTHERS/pico-sdk/lib/tinyusb/src/common/tusb_fifo.c.o
                0x1000617c                tu_fifo_write
 .text.tu_fifo_write_n
                0x1000621c      0x158 CMakeFiles/fpga_msxtr_controller.dir/mnt/c/Users/hra/Documents/github/OTHERS/pico-sdk/lib/tinyusb/src/common/tusb_fifo.c.o
                0x1000621c                tu_fifo_write_n
 .text.tu_fifo_clear
                0x10006374       0x38 CMakeFiles/fpga_msxtr_controller.dir/mnt/c/Users/hra/Documents/github/OTHERS/pico-sdk/lib/tinyusb/src/common/tusb_fifo.c.o
                0x10006374                tu_fifo_clear
 .text.tu_fifo_set_overwritable
                0x100063ac       0x3c CMakeFiles/fpga_msxtr_controller.dir/mnt/c/Users/hra/Documents/github/OTHERS/pico-sdk/lib/tinyusb/src/common/tusb_fifo.c.o
                0x100063ac                tu_fifo_set_overwritable
 .text.i2c_read_blocking_internal.constprop.0
                0x100063e8       0x70 CMakeFiles/fpga_msxtr_controller.dir/mnt/c/Users/hra/Documents/github/OTHERS/pico-sdk/src/rp2_common/hardware_i2c/i2c.c.o
 .text.i2c_write_blocking_internal.constprop.0
                0x10006458       0x9c CMakeFiles/fpga_msxtr_controller.dir/mnt/c/Users/hra/Documents/github/OTHERS/pico-sdk/src/rp2_common/hardware_i2c/i2c.c.o
 .text.i2c_set_baudrate
                0x100064f4       0xa8 CMakeFiles/fpga_msxtr_controller.dir/mnt/c/Users/hra/Documents/github/OTHERS/pico-sdk/src/rp2_common/hardware_i2c/i2c.c.o
                0x100064f4                i2c_set_baudrate
 .text.i2c_init
                0x1000659c       0x4c CMakeFiles/fpga_msxtr_controller.dir/mnt/c/Users/hra/Documents/github/OTHERS/pico-sdk/src/rp2_common/hardware_i2c/i2c.c.o
                0x1000659c                i2c_init
 .text.i2c_write_blocking
                0x100065e8       0x10 CMakeFiles/fpga_msxtr_controller.dir/mnt/c/Users/hra/Documents/github/OTHERS/pico-sdk/src/rp2_common/hardware_i2c/i2c.c.o
                0x100065e8                i2c_write_blocking
 .text.i2c_read_blocking
                0x100065f8       0x10 CMakeFiles/fpga_msxtr_controller.dir/mnt/c/Users/hra/Documents/github/OTHERS/pico-sdk/src/rp2_common/hardware_i2c/i2c.c.o
                0x100065f8                i2c_read_blocking
 .text.spi_init
                0x10006608       0xf4 CMakeFiles/fpga_msxtr_controller.dir/mnt/c/Users/hra/Documents/github/OTHERS/pico-sdk/src/rp2_common/hardware_spi/spi.c.o
                0x10006608                spi_init
 .text.spi_set_baudrate
                0x100066fc       0x9c CMakeFiles/fpga_msxtr_controller.dir/mnt/c/Users/hra/Documents/github/OTHERS/pico-sdk/src/rp2_common/hardware_spi/spi.c.o
                0x100066fc                spi_set_baudrate
 .text.core1_trampoline
                0x10006798        0x4 CMakeFiles/fpga_msxtr_controller.dir/mnt/c/Users/hra/Documents/github/OTHERS/pico-sdk/src/rp2_common/pico_multicore/multicore.c.o
 .text.core1_wrapper
                0x1000679c       0x10 CMakeFiles/fpga_msxtr_controller.dir/mnt/c/Users/hra/Documents/github/OTHERS/pico-sdk/src/rp2_common/pico_multicore/multicore.c.o
                0x1000679c                core1_wrapper
 .text.multicore_launch_core1_raw
                0x100067ac       0x88 CMakeFiles/fpga_msxtr_controller.dir/mnt/c/Users/hra/Documents/github/OTHERS/pico-sdk/src/rp2_common/pico_multicore/multicore.c.o
                0x100067ac                multicore_launch_core1_raw
 .text.multicore_launch_core1
                0x10006834       0x48 CMakeFiles/fpga_msxtr_controller.dir/mnt/c/Users/hra/Documents/github/OTHERS/pico-sdk/src/rp2_common/pico_multicore/multicore.c.o
                0x10006834                multicore_launch_core1
 .text.ff_memalloc
                0x1000687c        0x4 CMakeFiles/fpga_msxtr_controller.dir/_deps/no_os_fatfs-src/FatFs_SPI/ff15/source/ffsystem.c.o
                0x1000687c                ff_memalloc
 .text.ff_memfree
                0x10006880        0x4 CMakeFiles/fpga_msxtr_controller.dir/_deps/no_os_fatfs-src/FatFs_SPI/ff15/source/ffsystem.c.o
                0x10006880                ff_memfree
 .text.ff_uni2oem
                0x10006884       0x38 CMakeFiles/fpga_msxtr_controller.dir/_deps/no_os_fatfs-src/FatFs_SPI/ff15/source/ffunicode.c.o
                0x10006884                ff_uni2oem
 .text.ff_oem2uni
                0x100068bc       0x28 CMakeFiles/fpga_msxtr_controller.dir/_deps/no_os_fatfs-src/FatFs_SPI/ff15/source/ffunicode.c.o
                0x100068bc                ff_oem2uni
 .text.ff_wtoupper
                0x100068e4       0xa8 CMakeFiles/fpga_msxtr_controller.dir/_deps/no_os_fatfs-src/FatFs_SPI/ff15/source/ffunicode.c.o
                0x100068e4                ff_wtoupper
 .text.inc_share
                0x1000698c      0x360 CMakeFiles/fpga_msxtr_controller.dir/_deps/no_os_fatfs-src/FatFs_SPI/ff15/source/ff.c.o
 .text.put_utf  0x10006cec       0xc8 CMakeFiles/fpga_msxtr_controller.dir/_deps/no_os_fatfs-src/FatFs_SPI/ff15/source/ff.c.o
 .text.init_alloc_info.isra.0
                0x10006db4       0x24 CMakeFiles/fpga_msxtr_controller.dir/_deps/no_os_fatfs-src/FatFs_SPI/ff15/source/ff.c.o
 .text.move_window
                0x10006dd8       0x9c CMakeFiles/fpga_msxtr_controller.dir/_deps/no_os_fatfs-src/FatFs_SPI/ff15/source/ff.c.o
 .text.get_fat  0x10006e74      0x144 CMakeFiles/fpga_msxtr_controller.dir/_deps/no_os_fatfs-src/FatFs_SPI/ff15/source/ff.c.o
 .text.dir_next.constprop.0
                0x10006fb8       0xa0 CMakeFiles/fpga_msxtr_controller.dir/_deps/no_os_fatfs-src/FatFs_SPI/ff15/source/ff.c.o
 .text.get_fileinfo
                0x10007058      0x28c CMakeFiles/fpga_msxtr_controller.dir/_deps/no_os_fatfs-src/FatFs_SPI/ff15/source/ff.c.o
 .text.check_fs
                0x100072e4      0x130 CMakeFiles/fpga_msxtr_controller.dir/_deps/no_os_fatfs-src/FatFs_SPI/ff15/source/ff.c.o
 .text.mount_volume
                0x10007414      0x6b4 CMakeFiles/fpga_msxtr_controller.dir/_deps/no_os_fatfs-src/FatFs_SPI/ff15/source/ff.c.o
 .text.load_xdir
                0x10007ac8      0x1ec CMakeFiles/fpga_msxtr_controller.dir/_deps/no_os_fatfs-src/FatFs_SPI/ff15/source/ff.c.o
 .text.dir_read.constprop.0
                0x10007cb4      0x450 CMakeFiles/fpga_msxtr_controller.dir/_deps/no_os_fatfs-src/FatFs_SPI/ff15/source/ff.c.o
 .text.dir_sdi  0x10008104      0x220 CMakeFiles/fpga_msxtr_controller.dir/_deps/no_os_fatfs-src/FatFs_SPI/ff15/source/ff.c.o
 .text.dir_find
                0x10008324      0x3e8 CMakeFiles/fpga_msxtr_controller.dir/_deps/no_os_fatfs-src/FatFs_SPI/ff15/source/ff.c.o
 .text.follow_path
                0x1000870c      0x550 CMakeFiles/fpga_msxtr_controller.dir/_deps/no_os_fatfs-src/FatFs_SPI/ff15/source/ff.c.o
 .text.f_mount  0x10008c5c      0x150 CMakeFiles/fpga_msxtr_controller.dir/_deps/no_os_fatfs-src/FatFs_SPI/ff15/source/ff.c.o
                0x10008c5c                f_mount
 .text.f_opendir
                0x10008dac       0xec CMakeFiles/fpga_msxtr_controller.dir/_deps/no_os_fatfs-src/FatFs_SPI/ff15/source/ff.c.o
                0x10008dac                f_opendir
 .text.f_closedir
                0x10008e98       0x68 CMakeFiles/fpga_msxtr_controller.dir/_deps/no_os_fatfs-src/FatFs_SPI/ff15/source/ff.c.o
                0x10008e98                f_closedir
 .text.f_readdir
                0x10008f00       0x80 CMakeFiles/fpga_msxtr_controller.dir/_deps/no_os_fatfs-src/FatFs_SPI/ff15/source/ff.c.o
                0x10008f00                f_readdir
 .text.f_getfree
                0x10008f80      0x1a4 CMakeFiles/fpga_msxtr_controller.dir/_deps/no_os_fatfs-src/FatFs_SPI/ff15/source/ff.c.o
                0x10008f80                f_getfree
 .text.sd_spi_go_high_frequency
                0x10009124       0x24 CMakeFiles/fpga_msxtr_controller.dir/_deps/no_os_fatfs-src/FatFs_SPI/sd_driver/sd_spi.c.o
                0x10009124                sd_spi_go_high_frequency
 .text.sd_spi_go_low_frequency
                0x10009148       0x28 CMakeFiles/fpga_msxtr_controller.dir/_deps/no_os_fatfs-src/FatFs_SPI/sd_driver/sd_spi.c.o
                0x10009148                sd_spi_go_low_frequency
 .text.sd_spi_deselect_pulse
                0x10009170       0x54 CMakeFiles/fpga_msxtr_controller.dir/_deps/no_os_fatfs-src/FatFs_SPI/sd_driver/sd_spi.c.o
                0x10009170                sd_spi_deselect_pulse
 .text.sd_spi_acquire
                0x100091c4       0x38 CMakeFiles/fpga_msxtr_controller.dir/_deps/no_os_fatfs-src/FatFs_SPI/sd_driver/sd_spi.c.o
                0x100091c4                sd_spi_acquire
 .text.sd_spi_release
                0x100091fc       0x38 CMakeFiles/fpga_msxtr_controller.dir/_deps/no_os_fatfs-src/FatFs_SPI/sd_driver/sd_spi.c.o
                0x100091fc                sd_spi_release
 .text.sd_spi_transfer
                0x10009234        0x8 CMakeFiles/fpga_msxtr_controller.dir/_deps/no_os_fatfs-src/FatFs_SPI/sd_driver/sd_spi.c.o
                0x10009234                sd_spi_transfer
 .text.sd_spi_write
                0x1000923c       0x50 CMakeFiles/fpga_msxtr_controller.dir/_deps/no_os_fatfs-src/FatFs_SPI/sd_driver/sd_spi.c.o
                0x1000923c                sd_spi_write
 .text.sd_spi_send_initializing_sequence
                0x1000928c       0x74 CMakeFiles/fpga_msxtr_controller.dir/_deps/no_os_fatfs-src/FatFs_SPI/sd_driver/sd_spi.c.o
                0x1000928c                sd_spi_send_initializing_sequence
 .text.spi_lock
                0x10009300       0x38 CMakeFiles/fpga_msxtr_controller.dir/_deps/no_os_fatfs-src/FatFs_SPI/sd_driver/spi.c.o
                0x10009300                spi_lock
 .text.spi_unlock
                0x10009338       0x38 CMakeFiles/fpga_msxtr_controller.dir/_deps/no_os_fatfs-src/FatFs_SPI/sd_driver/spi.c.o
                0x10009338                spi_unlock
 .text.my_spi_init
                0x10009370      0x1ac CMakeFiles/fpga_msxtr_controller.dir/_deps/no_os_fatfs-src/FatFs_SPI/sd_driver/spi.c.o
                0x10009370                my_spi_init
 .text.sd_write_block.constprop.0
                0x1000951c       0xd0 CMakeFiles/fpga_msxtr_controller.dir/_deps/no_os_fatfs-src/FatFs_SPI/sd_driver/sd_card.c.o
 .text.sd_cmd   0x100095ec      0x56c CMakeFiles/fpga_msxtr_controller.dir/_deps/no_os_fatfs-src/FatFs_SPI/sd_driver/sd_card.c.o
 .text.sd_sectors_nolock
                0x10009b58      0x258 CMakeFiles/fpga_msxtr_controller.dir/_deps/no_os_fatfs-src/FatFs_SPI/sd_driver/sd_card.c.o
 .text.sd_read_blocks
                0x10009db0      0x1f4 CMakeFiles/fpga_msxtr_controller.dir/_deps/no_os_fatfs-src/FatFs_SPI/sd_driver/sd_card.c.o
                0x10009db0                sd_read_blocks
 .text.sd_write_blocks
                0x10009fa4      0x140 CMakeFiles/fpga_msxtr_controller.dir/_deps/no_os_fatfs-src/FatFs_SPI/sd_driver/sd_card.c.o
                0x10009fa4                sd_write_blocks
 .text.sd_init  0x1000a0e4      0x318 CMakeFiles/fpga_msxtr_controller.dir/_deps/no_os_fatfs-src/FatFs_SPI/sd_driver/sd_card.c.o
 .text.sd_card_detect
                0x1000a3fc       0x48 CMakeFiles/fpga_msxtr_controller.dir/_deps/no_os_fatfs-src/FatFs_SPI/sd_driver/sd_card.c.o
                0x1000a3fc                sd_card_detect
 .text.sd_init_driver
                0x1000a444       0xdc CMakeFiles/fpga_msxtr_controller.dir/_deps/no_os_fatfs-src/FatFs_SPI/sd_driver/sd_card.c.o
                0x1000a444                sd_init_driver
 .text.crc7     0x1000a520       0x2c CMakeFiles/fpga_msxtr_controller.dir/_deps/no_os_fatfs-src/FatFs_SPI/sd_driver/crc.c.o
                0x1000a520                crc7
 .text.crc16    0x1000a54c       0x38 CMakeFiles/fpga_msxtr_controller.dir/_deps/no_os_fatfs-src/FatFs_SPI/sd_driver/crc.c.o
                0x1000a54c                crc16
 .text.disk_status
                0x1000a584       0x18 CMakeFiles/fpga_msxtr_controller.dir/_deps/no_os_fatfs-src/FatFs_SPI/src/glue.c.o
                0x1000a584                disk_status
 .text.disk_initialize
                0x1000a59c       0x24 CMakeFiles/fpga_msxtr_controller.dir/_deps/no_os_fatfs-src/FatFs_SPI/src/glue.c.o
                0x1000a59c                disk_initialize
 .text.disk_read
                0x1000a5c0       0x64 CMakeFiles/fpga_msxtr_controller.dir/_deps/no_os_fatfs-src/FatFs_SPI/src/glue.c.o
                0x1000a5c0                disk_read
 .text.disk_write
                0x1000a624       0x64 CMakeFiles/fpga_msxtr_controller.dir/_deps/no_os_fatfs-src/FatFs_SPI/src/glue.c.o
                0x1000a624                disk_write
 .text.my_printf
                0x1000a688       0x4c CMakeFiles/fpga_msxtr_controller.dir/_deps/no_os_fatfs-src/FatFs_SPI/src/my_debug.c.o
                0x1000a688                my_printf
 .text.my_assert_func
                0x1000a6d4       0x30 CMakeFiles/fpga_msxtr_controller.dir/_deps/no_os_fatfs-src/FatFs_SPI/src/my_debug.c.o
                0x1000a6d4                my_assert_func
 .text.dma_claim_unused_channel
                0x1000a704       0x20 CMakeFiles/fpga_msxtr_controller.dir/mnt/c/Users/hra/Documents/github/OTHERS/pico-sdk/src/rp2_common/hardware_dma/dma.c.o
                0x1000a704                dma_claim_unused_channel
 .text          0x1000a724       0xa4 /usr/lib/gcc/arm-none-eabi/13.2.1/../../../arm-none-eabi/lib/thumb/v8-m.main+fp/softfp/libg.a(libc_a-memset.o)
                0x1000a724                memset
 .text          0x1000a7c8       0xd0 /usr/lib/gcc/arm-none-eabi/13.2.1/../../../arm-none-eabi/lib/thumb/v8-m.main+fp/softfp/libg.a(libc_a-strchr.o)
                0x1000a7c8                strchr
 .text          0x1000a898      0x1ac /usr/lib/gcc/arm-none-eabi/13.2.1/../../../arm-none-eabi/lib/thumb/v8-m.main+fp/softfp/libg.a(libc_a-fflush.o)
                0x1000a898                __sflush_r
                0x1000a9d0                _fflush_r
                0x1000a9fc                fflush
 .text          0x1000aa44        0xc /usr/lib/gcc/arm-none-eabi/13.2.1/../../../arm-none-eabi/lib/thumb/v8-m.main+fp/softfp/libg.a(libc_a-errno.o)
                0x1000aa44                __errno
 .text          0x1000aa50      0x548 /usr/lib/gcc/arm-none-eabi/13.2.1/../../../arm-none-eabi/lib/thumb/v8-m.main+fp/softfp/libg.a(libc_a-mallocr.o)
                0x1000aa50                _malloc_r
 .text          0x1000af98      0x2b0 /usr/lib/gcc/arm-none-eabi/13.2.1/../../../arm-none-eabi/lib/thumb/v8-m.main+fp/softfp/libg.a(libc_a-freer.o)
                0x1000af98                _malloc_trim_r
                0x1000b050                _free_r
 .text          0x1000b248       0x5c /usr/lib/gcc/arm-none-eabi/13.2.1/../../../arm-none-eabi/lib/thumb/v8-m.main+fp/softfp/libg.a(libc_a-memcmp.o)
                0x1000b248                memcmp
 .text          0x1000b2a4       0x20 /usr/lib/gcc/arm-none-eabi/13.2.1/../../../arm-none-eabi/lib/thumb/v8-m.main+fp/softfp/libg.a(libc_a-malloc.o)
                0x1000b2a4                malloc
                0x1000b2b4                free
 .text          0x1000b2c4       0xec /usr/lib/gcc/arm-none-eabi/13.2.1/../../../arm-none-eabi/lib/thumb/v8-m.main+fp/softfp/libg.a(libc_a-memcpy.o)
                0x1000b2c4                memcpy
 .text          0x1000b3b0       0x1c /usr/lib/gcc/arm-none-eabi/13.2.1/../../../arm-none-eabi/lib/thumb/v8-m.main+fp/softfp/libg.a(libc_a-sysconf.o)
                0x1000b3b0                sysconf
 .text          0x1000b3cc        0x8 /usr/lib/gcc/arm-none-eabi/13.2.1/../../../arm-none-eabi/lib/thumb/v8-m.main+fp/softfp/libg.a(libc_a-mlock.o)
                0x1000b3cc                __malloc_lock
                0x1000b3d0                __malloc_unlock
 .text          0x1000b3d4      0x224 /usr/lib/gcc/arm-none-eabi/13.2.1/../../../arm-none-eabi/lib/thumb/v8-m.main+fp/softfp/libg.a(libc_a-findfp.o)
                0x1000b504                __sfp
                0x1000b5a8                __sinit
                0x1000b5c8                __sfp_lock_acquire
                0x1000b5cc                __sfp_lock_release
                0x1000b5d0                __fp_lock_all
                0x1000b5e4                __fp_unlock_all
 .text          0x1000b5f8        0xc /usr/lib/gcc/arm-none-eabi/13.2.1/../../../arm-none-eabi/lib/thumb/v8-m.main+fp/softfp/libg.a(libc_a-atexit.o)
                0x1000b5f8                atexit
 .text          0x1000b604       0x5c /usr/lib/gcc/arm-none-eabi/13.2.1/../../../arm-none-eabi/lib/thumb/v8-m.main+fp/softfp/libg.a(libc_a-strlen-stub.o)
                0x1000b604                strlen
 .text          0x1000b660       0x24 /usr/lib/gcc/arm-none-eabi/13.2.1/../../../arm-none-eabi/lib/thumb/v8-m.main+fp/softfp/libg.a(libc_a-sbrkr.o)
                0x1000b660                _sbrk_r
 .text          0x1000b684       0x28 /usr/lib/gcc/arm-none-eabi/13.2.1/../../../arm-none-eabi/lib/thumb/v8-m.main+fp/softfp/libg.a(libc_a-fini.o)
                0x1000b684                __libc_fini_array
 .text          0x1000b6ac       0x44 /usr/lib/gcc/arm-none-eabi/13.2.1/../../../arm-none-eabi/lib/thumb/v8-m.main+fp/softfp/libg.a(libc_a-fwalk.o)
                0x1000b6ac                _fwalk_sglue
 .text          0x1000b6f0       0x90 /usr/lib/gcc/arm-none-eabi/13.2.1/../../../arm-none-eabi/lib/thumb/v8-m.main+fp/softfp/libg.a(libc_a-fclose.o)
                0x1000b6f0                _fclose_r
                0x1000b770                fclose
 .text          0x1000b780       0x98 /usr/lib/gcc/arm-none-eabi/13.2.1/../../../arm-none-eabi/lib/thumb/v8-m.main+fp/softfp/libg.a(libc_a-stdio.o)
                0x1000b780                __sread
                0x1000b7a4                __seofread
                0x1000b7a8                __swrite
                0x1000b7e8                __sseek
                0x1000b810                __sclose
 .text          0x1000b818       0x64 /usr/lib/gcc/arm-none-eabi/13.2.1/../../../arm-none-eabi/lib/thumb/v8-m.main+fp/softfp/libg.a(libc_a-__atexit.o)
                0x1000b818                __register_exitproc
 .text          0x1000b87c       0x2c /usr/lib/gcc/arm-none-eabi/13.2.1/../../../arm-none-eabi/lib/thumb/v8-m.main+fp/softfp/libg.a(libc_a-writer.o)
                0x1000b87c                _write_r
 .text          0x1000b8a8       0x24 /usr/lib/gcc/arm-none-eabi/13.2.1/../../../arm-none-eabi/lib/thumb/v8-m.main+fp/softfp/libg.a(libc_a-closer.o)
                0x1000b8a8                _close_r
 .text          0x1000b8cc       0x2c /usr/lib/gcc/arm-none-eabi/13.2.1/../../../arm-none-eabi/lib/thumb/v8-m.main+fp/softfp/libg.a(libc_a-readr.o)
                0x1000b8cc                _read_r
 .text          0x1000b8f8       0x2c /usr/lib/gcc/arm-none-eabi/13.2.1/../../../arm-none-eabi/lib/thumb/v8-m.main+fp/softfp/libg.a(libc_a-lseekr.o)
                0x1000b8f8                _lseek_r
 .text.startup  0x1000b924       0x14 /usr/lib/gcc/arm-none-eabi/13.2.1/../../../arm-none-eabi/lib/thumb/v8-m.main+fp/softfp/libg.a(libc_a-__call_atexit.o)
 *(.fini)
 .fini          0x1000b938        0x4 /usr/lib/gcc/arm-none-eabi/13.2.1/thumb/v8-m.main+fp/softfp/crti.o
                0x1000b938                _fini
 *fill*         0x1000b93c        0x4 
 .fini.__stub   0x1000b940       0x68 linker stubs
 *crtbegin.o(.ctors)
 *crtbegin?.o(.ctors)
 *(EXCLUDE_FILE(*crtend.o *crtend?.o) .ctors)
 *(SORT_BY_NAME(.ctors.*))
 *(.ctors)
 *crtbegin.o(.dtors)
 *crtbegin?.o(.dtors)
 *(EXCLUDE_FILE(*crtend.o *crtend?.o) .dtors)
 *(SORT_BY_NAME(.dtors.*))
 *(.dtors)
                0x1000b9a8                        . = ALIGN (0x4)
                0x1000b9a8                        PROVIDE (__preinit_array_start = .)
 *(SORT_BY_NAME(.preinit_array.*))
 .preinit_array.00050
                0x1000b9a8        0x4 CMakeFiles/fpga_msxtr_controller.dir/mnt/c/Users/hra/Documents/github/OTHERS/pico-sdk/src/rp2_common/pico_runtime_init/runtime_init.c.o
                0x1000b9a8                __pre_init_runtime_init_bootrom_reset
 .preinit_array.00100
                0x1000b9ac        0x4 CMakeFiles/fpga_msxtr_controller.dir/mnt/c/Users/hra/Documents/github/OTHERS/pico-sdk/src/rp2_common/pico_runtime_init/runtime_init.c.o
                0x1000b9ac                __pre_init_runtime_init_early_resets
 .preinit_array.00101
                0x1000b9b0        0x4 CMakeFiles/fpga_msxtr_controller.dir/mnt/c/Users/hra/Documents/github/OTHERS/pico-sdk/src/rp2_common/pico_runtime_init/runtime_init.c.o
                0x1000b9b0                __pre_init_runtime_init_usb_power_down
 .preinit_array.00500
                0x1000b9b4        0x4 CMakeFiles/fpga_msxtr_controller.dir/mnt/c/Users/hra/Documents/github/OTHERS/pico-sdk/src/rp2_common/pico_runtime_init/runtime_init.c.o
                0x1000b9b4                __pre_init_runtime_init_clocks
 .preinit_array.00600
                0x1000b9b8        0x4 CMakeFiles/fpga_msxtr_controller.dir/mnt/c/Users/hra/Documents/github/OTHERS/pico-sdk/src/rp2_common/pico_runtime_init/runtime_init.c.o
                0x1000b9b8                __pre_init_runtime_init_post_clock_resets
 .preinit_array.01000
                0x1000b9bc        0x4 CMakeFiles/fpga_msxtr_controller.dir/mnt/c/Users/hra/Documents/github/OTHERS/pico-sdk/src/rp2_common/hardware_boot_lock/boot_lock.c.o
                0x1000b9bc                __pre_init_runtime_init_boot_locks_reset
 .preinit_array.01000
                0x1000b9c0        0x4 CMakeFiles/fpga_msxtr_controller.dir/mnt/c/Users/hra/Documents/github/OTHERS/pico-sdk/src/rp2_common/pico_runtime_init/runtime_init.c.o
                0x1000b9c0                __pre_init_runtime_init_spin_locks_reset
 .preinit_array.01010
                0x1000b9c4        0x4 CMakeFiles/fpga_msxtr_controller.dir/mnt/c/Users/hra/Documents/github/OTHERS/pico-sdk/src/rp2_common/pico_bootrom/bootrom_lock.c.o
                0x1000b9c4                __pre_init_runtime_init_bootrom_locking_enable
 .preinit_array.01100
                0x1000b9c8        0x4 CMakeFiles/fpga_msxtr_controller.dir/mnt/c/Users/hra/Documents/github/OTHERS/pico-sdk/src/common/pico_sync/mutex.c.o
                0x1000b9c8                __pre_init_runtime_init_mutex
 .preinit_array.10080
                0x1000b9cc        0x4 CMakeFiles/fpga_msxtr_controller.dir/mnt/c/Users/hra/Documents/github/OTHERS/pico-sdk/src/rp2_common/pico_runtime_init/runtime_init.c.o
                0x1000b9cc                __pre_init_runtime_init_install_ram_vector_table
 .preinit_array.11000
                0x1000b9d0        0x4 CMakeFiles/fpga_msxtr_controller.dir/mnt/c/Users/hra/Documents/github/OTHERS/pico-sdk/src/common/pico_time/time.c.o
                0x1000b9d0                __pre_init_runtime_init_default_alarm_pool
 .preinit_array.YYYYY
                0x1000b9d4        0x4 CMakeFiles/fpga_msxtr_controller.dir/mnt/c/Users/hra/Documents/github/OTHERS/pico-sdk/src/rp2_common/pico_runtime/runtime.c.o
                0x1000b9d4                __pre_init_first_per_core_initializer
 .preinit_array.ZZZZZ.00051
                0x1000b9d8        0x4 CMakeFiles/fpga_msxtr_controller.dir/mnt/c/Users/hra/Documents/github/OTHERS/pico-sdk/src/rp2_common/pico_runtime_init/runtime_init.c.o
                0x1000b9d8                __pre_init_runtime_init_per_core_bootrom_reset
 .preinit_array.ZZZZZ.00200
                0x1000b9dc        0x4 CMakeFiles/fpga_msxtr_controller.dir/mnt/c/Users/hra/Documents/github/OTHERS/pico-sdk/src/rp2_common/pico_runtime_init/runtime_init.c.o
                0x1000b9dc                __pre_init_runtime_init_per_core_enable_coprocessors
 .preinit_array.ZZZZZ.01000
                0x1000b9e0        0x4 CMakeFiles/fpga_msxtr_controller.dir/mnt/c/Users/hra/Documents/github/OTHERS/pico-sdk/src/rp2_common/hardware_sync_spin_lock/sync_spin_lock.c.o
                0x1000b9e0                __pre_init_spinlock_set_extexclall
 .preinit_array.ZZZZZ.01200
                0x1000b9e4        0x4 CMakeFiles/fpga_msxtr_controller.dir/mnt/c/Users/hra/Documents/github/OTHERS/pico-sdk/src/rp2_common/hardware_irq/irq.c.o
                0x1000b9e4                __pre_init_runtime_init_per_core_irq_priorities
 *(.preinit_array)
                0x1000b9e8                        PROVIDE (__preinit_array_end = .)
                0x1000b9e8                        . = ALIGN (0x4)
                0x1000b9e8                        PROVIDE (__init_array_start = .)
 *(SORT_BY_NAME(.init_array.*))
 .init_array.00000
                0x1000b9e8        0x4 /usr/lib/gcc/arm-none-eabi/13.2.1/../../../arm-none-eabi/lib/thumb/v8-m.main+fp/softfp/libg.a(libc_a-__call_atexit.o)
 .init_array.01000
                0x1000b9ec        0x4 CMakeFiles/fpga_msxtr_controller.dir/mnt/c/Users/hra/Documents/github/OTHERS/pico-sdk/src/rp2_common/pico_unique_id/unique_id.c.o
 *(.init_array)
 .init_array    0x1000b9f0        0x4 /usr/lib/gcc/arm-none-eabi/13.2.1/thumb/v8-m.main+fp/softfp/crtbegin.o
                0x1000b9f4                        PROVIDE (__init_array_end = .)
                0x1000b9f4                        . = ALIGN (0x4)
                0x1000b9f4                        PROVIDE (__fini_array_start = .)
 *(SORT_BY_NAME(.fini_array.*))
 *(.fini_array)
                0x1000b9f4                        PROVIDE (__fini_array_end = .)
 *(.eh_frame*)
 .eh_frame      0x1000b9f4        0x0 /usr/lib/gcc/arm-none-eabi/13.2.1/thumb/v8-m.main+fp/softfp/crtbegin.o
                0x1000b9f4                        . = ALIGN (0x4)

.glue_7         0x1000b9f4        0x0
 .glue_7        0x1000b9f4        0x0 linker stubs

.glue_7t        0x1000b9f4        0x0
 .glue_7t       0x1000b9f4        0x0 linker stubs

.vfp11_veneer   0x1000b9f4        0x0
 .vfp11_veneer  0x1000b9f4        0x0 linker stubs

.v4_bx          0x1000b9f4        0x0
 .v4_bx         0x1000b9f4        0x0 linker stubs

.iplt           0x1000b9f4        0x0
 .iplt          0x1000b9f4        0x0 /usr/lib/gcc/arm-none-eabi/13.2.1/thumb/v8-m.main+fp/softfp/crtbegin.o

.boot2          0x1000b9f4        0x0
                0x1000b9f4                        __boot2_start__ = .
 *(.boot2)
                0x1000b9f4                        __boot2_end__ = .
                0x00000001                        ASSERT (((__boot2_end__ - __boot2_start__) <= 0x100), ERROR: Pico second stage bootloader must be no more than 256 bytes in size)

.rodata         0x1000b9f8     0x1fd4
 *(EXCLUDE_FILE(*libm.a: *libc.a:*lib_a-mem*.o *libgcc.a:) .rodata*)
 .rodata.dir_sd_root.str1.4
                0x1000b9f8      0xcd6 CMakeFiles/fpga_msxtr_controller.dir/fpga_msxtr_controller.c.o
                                 0xe7 (size before relaxing)
 .rodata.main.str1.4
                0x1000c6ce       0x3a CMakeFiles/fpga_msxtr_controller.dir/fpga_msxtr_controller.c.o
 *fill*         0x1000c6ce        0x2 
 .rodata.vdp_screen1_font
                0x1000c6d0      0x800 CMakeFiles/fpga_msxtr_controller.dir/fpga_msxtr_controller.c.o
 .rodata.vdp_screen1
                0x1000ced0       0x30 CMakeFiles/fpga_msxtr_controller.dir/fpga_msxtr_controller.c.o
 .rodata.str1.4
                0x1000cf00        0x3 CMakeFiles/fpga_msxtr_controller.dir/hw_config.c.o
 .rodata.panic.str1.4
                0x1000cf00       0x12 CMakeFiles/fpga_msxtr_controller.dir/mnt/c/Users/hra/Documents/github/OTHERS/pico-sdk/src/rp2_common/pico_platform_panic/panic.c.o
 .rodata.spin_lock_claim_unused.str1.4
                0x1000cf00       0x1b CMakeFiles/fpga_msxtr_controller.dir/mnt/c/Users/hra/Documents/github/OTHERS/pico-sdk/src/rp2_common/hardware_sync/sync.c.o
 .rodata.user_irq_claim_unused.str1.4
                0x1000cf00       0x1b CMakeFiles/fpga_msxtr_controller.dir/mnt/c/Users/hra/Documents/github/OTHERS/pico-sdk/src/rp2_common/hardware_irq/irq.c.o
 .rodata.at_the_end_of_time
                0x1000cf00        0x8 CMakeFiles/fpga_msxtr_controller.dir/mnt/c/Users/hra/Documents/github/OTHERS/pico-sdk/src/common/pico_time/time.c.o
                0x1000cf00                at_the_end_of_time
 .rodata.timer_hardware_alarm_claim.str1.4
                0x1000cf08       0x22 CMakeFiles/fpga_msxtr_controller.dir/mnt/c/Users/hra/Documents/github/OTHERS/pico-sdk/src/rp2_common/hardware_timer/timer.c.o
 .rodata.hard_assertion_failure.str1.4
                0x1000cf08        0xc CMakeFiles/fpga_msxtr_controller.dir/mnt/c/Users/hra/Documents/github/OTHERS/pico-sdk/src/rp2_common/pico_runtime/runtime.c.o
 .rodata.__wrap_malloc.str1.4
                0x1000cf08        0xe CMakeFiles/fpga_msxtr_controller.dir/mnt/c/Users/hra/Documents/github/OTHERS/pico-sdk/src/rp2_common/pico_malloc/malloc.c.o
 .rodata.str1.4
                0x1000cf08       0x4c CMakeFiles/fpga_msxtr_controller.dir/mnt/c/Users/hra/Documents/github/OTHERS/pico-sdk/src/rp2_common/pico_standard_binary_info/standard_binary_info.c.o
 .rodata.__bi_84
                0x1000cf08        0xc CMakeFiles/fpga_msxtr_controller.dir/mnt/c/Users/hra/Documents/github/OTHERS/pico-sdk/src/rp2_common/pico_standard_binary_info/standard_binary_info.c.o
 .rodata.__bi_78
                0x1000cf14        0xc CMakeFiles/fpga_msxtr_controller.dir/mnt/c/Users/hra/Documents/github/OTHERS/pico-sdk/src/rp2_common/pico_standard_binary_info/standard_binary_info.c.o
 .rodata.__bi_54
                0x1000cf20        0xc CMakeFiles/fpga_msxtr_controller.dir/mnt/c/Users/hra/Documents/github/OTHERS/pico-sdk/src/rp2_common/pico_standard_binary_info/standard_binary_info.c.o
 .rodata.__bi_48
                0x1000cf2c        0xc CMakeFiles/fpga_msxtr_controller.dir/mnt/c/Users/hra/Documents/github/OTHERS/pico-sdk/src/rp2_common/pico_standard_binary_info/standard_binary_info.c.o
 .rodata.__bi_42
                0x1000cf38        0xc CMakeFiles/fpga_msxtr_controller.dir/mnt/c/Users/hra/Documents/github/OTHERS/pico-sdk/src/rp2_common/pico_standard_binary_info/standard_binary_info.c.o
 .rodata.__bi_34
                0x1000cf44        0xc CMakeFiles/fpga_msxtr_controller.dir/mnt/c/Users/hra/Documents/github/OTHERS/pico-sdk/src/rp2_common/pico_standard_binary_info/standard_binary_info.c.o
 .rodata.__bi_26
                0x1000cf50        0xc CMakeFiles/fpga_msxtr_controller.dir/mnt/c/Users/hra/Documents/github/OTHERS/pico-sdk/src/rp2_common/pico_standard_binary_info/standard_binary_info.c.o
 .rodata._ftoa.str1.4
                0x1000cf5c       0x15 CMakeFiles/fpga_msxtr_controller.dir/mnt/c/Users/hra/Documents/github/OTHERS/pico-sdk/src/rp2_common/pico_printf/printf.c.o
 *fill*         0x1000cf5c        0x4 
 .rodata.pow10.0
                0x1000cf60       0x50 CMakeFiles/fpga_msxtr_controller.dir/mnt/c/Users/hra/Documents/github/OTHERS/pico-sdk/src/rp2_common/pico_printf/printf.c.o
 .rodata.crlf_str.0
                0x1000cfb0        0x2 CMakeFiles/fpga_msxtr_controller.dir/mnt/c/Users/hra/Documents/github/OTHERS/pico-sdk/src/rp2_common/pico_stdio/stdio.c.o
 *fill*         0x1000cfb2        0x2 
 .rodata._resetd_driver
                0x1000cfb4       0x20 CMakeFiles/fpga_msxtr_controller.dir/mnt/c/Users/hra/Documents/github/OTHERS/pico-sdk/src/rp2_common/pico_stdio_usb/reset_interface.c.o
 .rodata.desc_ms_os_20
                0x1000cfd4       0xa6 CMakeFiles/fpga_msxtr_controller.dir/mnt/c/Users/hra/Documents/github/OTHERS/pico-sdk/src/rp2_common/pico_stdio_usb/reset_interface.c.o
 *fill*         0x1000d07a        0x2 
 .rodata.desc_bos
                0x1000d07c       0x21 CMakeFiles/fpga_msxtr_controller.dir/mnt/c/Users/hra/Documents/github/OTHERS/pico-sdk/src/rp2_common/pico_stdio_usb/reset_interface.c.o
                0x1000d07c                desc_bos
 .rodata.str1.4
                0x1000d09d       0x13 CMakeFiles/fpga_msxtr_controller.dir/mnt/c/Users/hra/Documents/github/OTHERS/pico-sdk/src/rp2_common/pico_stdio_usb/stdio_usb.c.o
 *fill*         0x1000d09d        0x3 
 .rodata.__bi_202.0
                0x1000d0a0        0xc CMakeFiles/fpga_msxtr_controller.dir/mnt/c/Users/hra/Documents/github/OTHERS/pico-sdk/src/rp2_common/pico_stdio_usb/stdio_usb.c.o
 .rodata.str1.4
                0x1000d0ac       0x2a CMakeFiles/fpga_msxtr_controller.dir/mnt/c/Users/hra/Documents/github/OTHERS/pico-sdk/src/rp2_common/pico_stdio_usb/stdio_usb_descriptors.c.o
 .rodata.usbd_desc_str
                0x1000d0ac       0x18 CMakeFiles/fpga_msxtr_controller.dir/mnt/c/Users/hra/Documents/github/OTHERS/pico-sdk/src/rp2_common/pico_stdio_usb/stdio_usb_descriptors.c.o
 .rodata.usbd_desc_cfg
                0x1000d0c4       0x54 CMakeFiles/fpga_msxtr_controller.dir/mnt/c/Users/hra/Documents/github/OTHERS/pico-sdk/src/rp2_common/pico_stdio_usb/stdio_usb_descriptors.c.o
 .rodata.usbd_desc_device
                0x1000d118       0x12 CMakeFiles/fpga_msxtr_controller.dir/mnt/c/Users/hra/Documents/github/OTHERS/pico-sdk/src/rp2_common/pico_stdio_usb/stdio_usb_descriptors.c.o
 .rodata.str1.4
                0x1000d12a       0x14 CMakeFiles/fpga_msxtr_controller.dir/mnt/c/Users/hra/Documents/github/OTHERS/pico-sdk/lib/tinyusb/src/portable/raspberrypi/rp2040/dcd_rp2040.c.o
 .rodata.str1.4
                0x1000d12a       0x48 CMakeFiles/fpga_msxtr_controller.dir/mnt/c/Users/hra/Documents/github/OTHERS/pico-sdk/lib/tinyusb/src/portable/raspberrypi/rp2040/rp2040_usb.c.o
 *fill*         0x1000d12a        0x2 
 .rodata._usbd_driver
                0x1000d12c       0x40 CMakeFiles/fpga_msxtr_controller.dir/mnt/c/Users/hra/Documents/github/OTHERS/pico-sdk/lib/tinyusb/src/device/usbd.c.o
 .rodata.cvt2.0
                0x1000d16c       0xbc CMakeFiles/fpga_msxtr_controller.dir/_deps/no_os_fatfs-src/FatFs_SPI/ff15/source/ffunicode.c.o
 .rodata.cvt1.1
                0x1000d228      0x1f2 CMakeFiles/fpga_msxtr_controller.dir/_deps/no_os_fatfs-src/FatFs_SPI/ff15/source/ffunicode.c.o
 *fill*         0x1000d41a        0x2 
 .rodata.uc437  0x1000d41c      0x100 CMakeFiles/fpga_msxtr_controller.dir/_deps/no_os_fatfs-src/FatFs_SPI/ff15/source/ffunicode.c.o
 .rodata.check_fs.str1.4
                0x1000d51c       0x15 CMakeFiles/fpga_msxtr_controller.dir/_deps/no_os_fatfs-src/FatFs_SPI/ff15/source/ff.c.o
 .rodata.follow_path.str1.4
                0x1000d51c       0x13 CMakeFiles/fpga_msxtr_controller.dir/_deps/no_os_fatfs-src/FatFs_SPI/ff15/source/ff.c.o
 .rodata.ExCvt  0x1000d51c       0x80 CMakeFiles/fpga_msxtr_controller.dir/_deps/no_os_fatfs-src/FatFs_SPI/ff15/source/ff.c.o
 .rodata.LfnOfs
                0x1000d59c        0xd CMakeFiles/fpga_msxtr_controller.dir/_deps/no_os_fatfs-src/FatFs_SPI/ff15/source/ff.c.o
 *fill*         0x1000d5a9        0x3 
 .rodata.GUID_MS_Basic
                0x1000d5ac       0x10 CMakeFiles/fpga_msxtr_controller.dir/_deps/no_os_fatfs-src/FatFs_SPI/ff15/source/ff.c.o
 .rodata        0x1000d5bc       0x2c CMakeFiles/fpga_msxtr_controller.dir/_deps/no_os_fatfs-src/FatFs_SPI/ff15/source/ff.c.o
 .rodata.sd_spi_go_high_frequency.str1.4
                0x1000d5e8       0x1b CMakeFiles/fpga_msxtr_controller.dir/_deps/no_os_fatfs-src/FatFs_SPI/sd_driver/sd_spi.c.o
 .rodata.sd_spi_write.str1.4
                0x1000d5e8       0x8c CMakeFiles/fpga_msxtr_controller.dir/_deps/no_os_fatfs-src/FatFs_SPI/sd_driver/sd_spi.c.o
 .rodata.__func__.0
                0x1000d5e8        0xd CMakeFiles/fpga_msxtr_controller.dir/_deps/no_os_fatfs-src/FatFs_SPI/sd_driver/sd_spi.c.o
 *fill*         0x1000d5f5        0x3 
 .rodata.__FUNCTION__.1
                0x1000d5f8       0x18 CMakeFiles/fpga_msxtr_controller.dir/_deps/no_os_fatfs-src/FatFs_SPI/sd_driver/sd_spi.c.o
 .rodata.__FUNCTION__.2
                0x1000d610       0x19 CMakeFiles/fpga_msxtr_controller.dir/_deps/no_os_fatfs-src/FatFs_SPI/sd_driver/sd_spi.c.o
 .rodata.str1.4
                0x1000d629      0x11f CMakeFiles/fpga_msxtr_controller.dir/_deps/no_os_fatfs-src/FatFs_SPI/sd_driver/spi.c.o
 .rodata.spi_lock.str1.4
                0x1000d629       0x23 CMakeFiles/fpga_msxtr_controller.dir/_deps/no_os_fatfs-src/FatFs_SPI/sd_driver/spi.c.o
 *fill*         0x1000d629        0x3 
 .rodata.__func__.0
                0x1000d62c       0x10 CMakeFiles/fpga_msxtr_controller.dir/_deps/no_os_fatfs-src/FatFs_SPI/sd_driver/spi.c.o
 .rodata.__func__.1
                0x1000d63c        0xb CMakeFiles/fpga_msxtr_controller.dir/_deps/no_os_fatfs-src/FatFs_SPI/sd_driver/spi.c.o
 *fill*         0x1000d647        0x1 
 .rodata.__func__.2
                0x1000d648        0x9 CMakeFiles/fpga_msxtr_controller.dir/_deps/no_os_fatfs-src/FatFs_SPI/sd_driver/spi.c.o
 *fill*         0x1000d651        0x3 
 .rodata.__FUNCTION__.3
                0x1000d654        0xd CMakeFiles/fpga_msxtr_controller.dir/_deps/no_os_fatfs-src/FatFs_SPI/sd_driver/spi.c.o
 .rodata.dummy.5
                0x1000d661        0x1 CMakeFiles/fpga_msxtr_controller.dir/_deps/no_os_fatfs-src/FatFs_SPI/sd_driver/spi.c.o
 *fill*         0x1000d662        0x2 
 .rodata.__func__.6
                0x1000d664        0xd CMakeFiles/fpga_msxtr_controller.dir/_deps/no_os_fatfs-src/FatFs_SPI/sd_driver/spi.c.o
 .rodata.sd_write_block.constprop.0.str1.4