Archive member included to satisfy reference by file (symbol)

/usr/lib/gcc/arm-none-eabi/13.2.1/thumb/v6-m/nofp/libgcc.a(_dvmd_tls.o)
                              CMakeFiles/fpga_msxtr_controller.dir/mnt/c/Users/hra/Documents/github/OTHERS/pico-sdk/src/rp2_common/pico_divider/divider_hardware.S.o (__aeabi_idiv0)
/usr/lib/gcc/arm-none-eabi/13.2.1/../../../arm-none-eabi/lib/thumb/v6-m/nofp/libg.a(libc_a-strncpy.o)
                              CMakeFiles/fpga_msxtr_controller.dir/_deps/no_os_fatfs-src/FatFs_SPI/src/ff_stdio.c.o (strncpy)
/usr/lib/gcc/arm-none-eabi/13.2.1/../../../arm-none-eabi/lib/thumb/v6-m/nofp/libg.a(libc_a-strchr.o)
                              CMakeFiles/fpga_msxtr_controller.dir/_deps/no_os_fatfs-src/FatFs_SPI/ff15/source/ff.c.o (strchr)
/usr/lib/gcc/arm-none-eabi/13.2.1/../../../arm-none-eabi/lib/thumb/v6-m/nofp/libg.a(libc_a-strcmp.o)
                              CMakeFiles/fpga_msxtr_controller.dir/_deps/no_os_fatfs-src/FatFs_SPI/src/ff_stdio.c.o (strcmp)
/usr/lib/gcc/arm-none-eabi/13.2.1/../../../arm-none-eabi/lib/thumb/v6-m/nofp/libg.a(libc_a-fflush.o)
                              CMakeFiles/fpga_msxtr_controller.dir/_deps/no_os_fatfs-src/FatFs_SPI/sd_driver/demo_logging.c.o (fflush)
/usr/lib/gcc/arm-none-eabi/13.2.1/../../../arm-none-eabi/lib/thumb/v6-m/nofp/libg.a(libc_a-calloc.o)
                              CMakeFiles/fpga_msxtr_controller.dir/mnt/c/Users/hra/Documents/github/OTHERS/pico-sdk/src/rp2_common/pico_malloc/malloc.c.o (calloc)
/usr/lib/gcc/arm-none-eabi/13.2.1/../../../arm-none-eabi/lib/thumb/v6-m/nofp/libg.a(libc_a-errno.o)
                              CMakeFiles/fpga_msxtr_controller.dir/_deps/no_os_fatfs-src/FatFs_SPI/src/ff_stdio.c.o (__errno)
/usr/lib/gcc/arm-none-eabi/13.2.1/../../../arm-none-eabi/lib/thumb/v6-m/nofp/libg.a(libc_a-impure.o)
                              CMakeFiles/fpga_msxtr_controller.dir/_deps/no_os_fatfs-src/FatFs_SPI/sd_driver/demo_logging.c.o (_impure_ptr)
/usr/lib/gcc/arm-none-eabi/13.2.1/../../../arm-none-eabi/lib/thumb/v6-m/nofp/libg.a(libc_a-callocr.o)
                              /usr/lib/gcc/arm-none-eabi/13.2.1/../../../arm-none-eabi/lib/thumb/v6-m/nofp/libg.a(libc_a-calloc.o) (_calloc_r)
/usr/lib/gcc/arm-none-eabi/13.2.1/../../../arm-none-eabi/lib/thumb/v6-m/nofp/libg.a(libc_a-realloc.o)
                              CMakeFiles/fpga_msxtr_controller.dir/mnt/c/Users/hra/Documents/github/OTHERS/pico-sdk/src/rp2_common/pico_malloc/malloc.c.o (realloc)
/usr/lib/gcc/arm-none-eabi/13.2.1/../../../arm-none-eabi/lib/thumb/v6-m/nofp/libg.a(libc_a-mallocr.o)
                              /usr/lib/gcc/arm-none-eabi/13.2.1/../../../arm-none-eabi/lib/thumb/v6-m/nofp/libg.a(libc_a-callocr.o) (_malloc_r)
/usr/lib/gcc/arm-none-eabi/13.2.1/../../../arm-none-eabi/lib/thumb/v6-m/nofp/libg.a(libc_a-freer.o)
                              /usr/lib/gcc/arm-none-eabi/13.2.1/../../../arm-none-eabi/lib/thumb/v6-m/nofp/libg.a(libc_a-fflush.o) (_free_r)
/usr/lib/gcc/arm-none-eabi/13.2.1/../../../arm-none-eabi/lib/thumb/v6-m/nofp/libg.a(libc_a-memcmp.o)
                              CMakeFiles/fpga_msxtr_controller.dir/mnt/c/Users/hra/Documents/github/OTHERS/pico-sdk/src/rp2_common/pico_atomic/atomic.c.o (memcmp)
/usr/lib/gcc/arm-none-eabi/13.2.1/../../../arm-none-eabi/lib/thumb/v6-m/nofp/libg.a(libc_a-malloc.o)
                              CMakeFiles/fpga_msxtr_controller.dir/mnt/c/Users/hra/Documents/github/OTHERS/pico-sdk/src/rp2_common/pico_malloc/malloc.c.o (malloc)
/usr/lib/gcc/arm-none-eabi/13.2.1/../../../arm-none-eabi/lib/thumb/v6-m/nofp/libg.a(libc_a-sysconf.o)
                              /usr/lib/gcc/arm-none-eabi/13.2.1/../../../arm-none-eabi/lib/thumb/v6-m/nofp/libg.a(libc_a-mallocr.o) (sysconf)
/usr/lib/gcc/arm-none-eabi/13.2.1/../../../arm-none-eabi/lib/thumb/v6-m/nofp/libg.a(libc_a-init.o)
                              /usr/lib/gcc/arm-none-eabi/13.2.1/../../../arm-none-eabi/lib/thumb/v6-m/nofp/crt0.o (__libc_init_array)
/usr/lib/gcc/arm-none-eabi/13.2.1/../../../arm-none-eabi/lib/thumb/v6-m/nofp/libg.a(libc_a-reallocr.o)
                              /usr/lib/gcc/arm-none-eabi/13.2.1/../../../arm-none-eabi/lib/thumb/v6-m/nofp/libg.a(libc_a-realloc.o) (_realloc_r)
/usr/lib/gcc/arm-none-eabi/13.2.1/../../../arm-none-eabi/lib/thumb/v6-m/nofp/libg.a(libc_a-mktime.o)
                              CMakeFiles/fpga_msxtr_controller.dir/mnt/c/Users/hra/Documents/github/OTHERS/pico-sdk/src/common/pico_util/datetime.c.o (mktime)
/usr/lib/gcc/arm-none-eabi/13.2.1/../../../arm-none-eabi/lib/thumb/v6-m/nofp/libg.a(libc_a-mlock.o)
                              /usr/lib/gcc/arm-none-eabi/13.2.1/../../../arm-none-eabi/lib/thumb/v6-m/nofp/libg.a(libc_a-mallocr.o) (__malloc_lock)
/usr/lib/gcc/arm-none-eabi/13.2.1/../../../arm-none-eabi/lib/thumb/v6-m/nofp/libg.a(libc_a-findfp.o)
                              /usr/lib/gcc/arm-none-eabi/13.2.1/../../../arm-none-eabi/lib/thumb/v6-m/nofp/libg.a(libc_a-impure.o) (__sf)
[...]
Memory Configuration

Name             Origin             Length             Attributes
FLASH            0x10000000         0x00200000         xr
RAM              0x20000000         0x00040000         xrw
SCRATCH_X        0x20040000         0x00001000         xrw
SCRATCH_Y        0x20041000         0x00001000         xrw
*default*        0x00000000         0xffffffff

Linker script and memory map

LOAD /usr/lib/gcc/arm-none-eabi/13.2.1/thumb/v6-m/nofp/crti.o
LOAD /usr/lib/gcc/arm-none-eabi/13.2.1/thumb/v6-m/nofp/crtbegin.o
LOAD /usr/lib/gcc/arm-none-eabi/13.2.1/../../../arm-none-eabi/lib/thumb/v6-m/nofp/crt0.o

.flash_begin    0x10000000        0x0
                0x10000000                        __flash_binary_start = .

.boot2          0x10000000      0x100
                0x10000000                        __boot2_start__ = .
 *(.boot2)
 .boot2         0x10000000      0x100 pico-sdk/src/rp2040/boot_stage2/CMakeFiles/bs2_default_library.dir/bs2_default_padded_checksummed.S.o
                0x10000100                        __boot2_end__ = .
                0x00000001                        ASSERT (((__boot2_end__ - __boot2_start__) == 0x100), ERROR: Pico second stage bootloader must be 256 bytes in size)

.text           0x10000100     0xd388
                0x10000100                        __logical_binary_start = .
 *(.vectors)
 .vectors       0x10000100       0xd4 CMakeFiles/fpga_msxtr_controller.dir/mnt/c/Users/hra/Documents/github/OTHERS/pico-sdk/src/rp2_common/pico_crt0/crt0.S.o
                0x10000100                __vectors
                0x10000100                __VECTOR_TABLE
                0x100001c0                isr_irq30
                0x100001c0                __unhandled_user_irq
                0x100001c0                isr_irq13
                0x100001c0                isr_irq27
                0x100001c0                isr_irq31
                0x100001c0                isr_irq5
                0x100001c0                isr_irq11
                0x100001c0                isr_irq23
                0x100001c0                isr_irq18
                0x100001c0                isr_irq28
                0x100001c0                isr_irq19
                0x100001c0                isr_irq0
                0x100001c0                isr_irq6
                0x100001c0                isr_irq22
                0x100001c0                isr_irq17
                0x100001c0                isr_irq14
                0x100001c0                __vectors_end
                0x100001c0                __default_isrs_start
                0x100001c0                isr_irq2
                0x100001c0                isr_irq10
                0x100001c0                isr_irq8
                0x100001c0                isr_irq24
                0x100001c0                isr_irq1
                0x100001c0                isr_irq7
                0x100001c0                isr_irq21
                0x100001c0                isr_irq20
                0x100001c0                isr_irq15
                0x100001c0                isr_irq25
                0x100001c0                isr_irq4
                0x100001c0                isr_irq16
                0x100001c0                isr_irq29
                0x100001c0                isr_irq26
                0x100001c0                isr_irq3
                0x100001c0                isr_irq12
                0x100001c0                isr_irq9
                0x100001c6                unhandled_user_irq_num_in_r0
                0x100001c8                isr_invalid
                0x100001ca                isr_nmi
                0x100001cc                isr_hardfault
                0x100001ce                isr_svcall
                0x100001d0                isr_pendsv
                0x100001d2                isr_systick
                0x100001d4                __default_isrs_end
 *(.binary_info_header)
 .binary_info_header
                0x100001d4       0x14 CMakeFiles/fpga_msxtr_controller.dir/mnt/c/Users/hra/Documents/github/OTHERS/pico-sdk/src/rp2_common/pico_crt0/crt0.S.o
                0x100001e8                        __binary_info_header_end = .
 *(.embedded_block)
                0x100001e8                        __embedded_block_end = .
 *(.reset)
 .reset         0x100001e8       0x9c CMakeFiles/fpga_msxtr_controller.dir/mnt/c/Users/hra/Documents/github/OTHERS/pico-sdk/src/rp2_common/pico_crt0/crt0.S.o
                0x100001e8                _entry_point
 *(.init)
 .init          0x10000284        0x4 /usr/lib/gcc/arm-none-eabi/13.2.1/thumb/v6-m/nofp/crti.o
                0x10000284                _init
 *(EXCLUDE_FILE(*libm.a: *libc.a:*lib_a-mem*.o *libgcc.a:) .text*)
 .text          0x10000288       0x98 /usr/lib/gcc/arm-none-eabi/13.2.1/thumb/v6-m/nofp/crtbegin.o
 .text.dir_sd_root
                0x10000320      0x344 CMakeFiles/fpga_msxtr_controller.dir/fpga_msxtr_controller.c.o
 .text.core1_entry
                0x10000664       0x40 CMakeFiles/fpga_msxtr_controller.dir/fpga_msxtr_controller.c.o
 .text.startup.main
                0x100006a4       0xa8 CMakeFiles/fpga_msxtr_controller.dir/fpga_msxtr_controller.c.o
                0x100006a4                main
 .text.vdp_write_register
                0x1000074c       0xa0 CMakeFiles/fpga_msxtr_controller.dir/vdp_control.c.o
                0x1000074c                vdp_write_register
 .text.vdp_set_screen1
                0x100007ec       0x1c CMakeFiles/fpga_msxtr_controller.dir/vdp_control.c.o
                0x100007ec                vdp_set_screen1
 .text.vdp_set_screen1_font
                0x10000808      0x144 CMakeFiles/fpga_msxtr_controller.dir/vdp_control.c.o
                0x10000808                vdp_set_screen1_font
 .text.vdp_set_screen1_message
                0x1000094c       0xc8 CMakeFiles/fpga_msxtr_controller.dir/vdp_control.c.o
                0x1000094c                vdp_set_screen1_message
 .text.fpga_uart_puts
                0x10000a14       0x70 CMakeFiles/fpga_msxtr_controller.dir/fpga_uart.c.o
                0x10000a14                fpga_uart_puts
 .text.keyboard_init
                0x10000a84       0x14 CMakeFiles/fpga_msxtr_controller.dir/keyboard.c.o
                0x10000a84                keyboard_init
 .text.keyboard_update
                0x10000a98       0x3c CMakeFiles/fpga_msxtr_controller.dir/keyboard.c.o
                0x10000a98                keyboard_update
 .text.keyboard_get_matrix
                0x10000ad4        0x8 CMakeFiles/fpga_msxtr_controller.dir/keyboard.c.o
                0x10000ad4                keyboard_get_matrix
 .text.sd_get_num
                0x10000adc        0x4 CMakeFiles/fpga_msxtr_controller.dir/hw_config.c.o
                0x10000adc                sd_get_num
 .text.sd_get_by_num
                0x10000ae0       0x10 CMakeFiles/fpga_msxtr_controller.dir/hw_config.c.o
                0x10000ae0                sd_get_by_num
 .text.spi_get_num
                0x10000af0        0x4 CMakeFiles/fpga_msxtr_controller.dir/hw_config.c.o
                0x10000af0                spi_get_num
 .text.spi_get_by_num
                0x10000af4       0x10 CMakeFiles/fpga_msxtr_controller.dir/hw_config.c.o
                0x10000af4                spi_get_by_num
 .text.gpio_set_function
                0x10000b04       0x34 CMakeFiles/fpga_msxtr_controller.dir/mnt/c/Users/hra/Documents/github/OTHERS/pico-sdk/src/rp2_common/hardware_gpio/gpio.c.o
                0x10000b04                gpio_set_function
 .text.gpio_set_pulls
                0x10000b38       0x28 CMakeFiles/fpga_msxtr_controller.dir/mnt/c/Users/hra/Documents/github/OTHERS/pico-sdk/src/rp2_common/hardware_gpio/gpio.c.o
                0x10000b38                gpio_set_pulls
 .text.gpio_set_drive_strength
                0x10000b60       0x24 CMakeFiles/fpga_msxtr_controller.dir/mnt/c/Users/hra/Documents/github/OTHERS/pico-sdk/src/rp2_common/hardware_gpio/gpio.c.o
                0x10000b60                gpio_set_drive_strength
 .text.gpio_init
                0x10000b84       0x40 CMakeFiles/fpga_msxtr_controller.dir/mnt/c/Users/hra/Documents/github/OTHERS/pico-sdk/src/rp2_common/hardware_gpio/gpio.c.o
                0x10000b84                gpio_init
 .text.rp2040_chip_version
                0x10000bc4        0xc CMakeFiles/fpga_msxtr_controller.dir/mnt/c/Users/hra/Documents/github/OTHERS/pico-sdk/src/rp2040/pico_platform/platform.c.o
                0x10000bc4                rp2040_chip_version
 .text.panic    0x10000bd0       0x30 CMakeFiles/fpga_msxtr_controller.dir/mnt/c/Users/hra/Documents/github/OTHERS/pico-sdk/src/rp2_common/pico_platform_panic/panic.c.o
                0x10000bd0                panic
 .text.hw_claim_or_assert
                0x10000c00       0x44 CMakeFiles/fpga_msxtr_controller.dir/mnt/c/Users/hra/Documents/github/OTHERS/pico-sdk/src/common/hardware_claim/claim.c.o
                0x10000c00                hw_claim_or_assert
 .text.hw_claim_unused_from_range
                0x10000c44       0x9c CMakeFiles/fpga_msxtr_controller.dir/mnt/c/Users/hra/Documents/github/OTHERS/pico-sdk/src/common/hardware_claim/claim.c.o
                0x10000c44                hw_claim_unused_from_range
 .text.next_striped_spin_lock_num
                0x10000ce0       0x18 CMakeFiles/fpga_msxtr_controller.dir/mnt/c/Users/hra/Documents/github/OTHERS/pico-sdk/src/rp2_common/hardware_sync/sync.c.o
                0x10000ce0                next_striped_spin_lock_num
 .text.spin_lock_claim_unused
                0x10000cf8       0x24 CMakeFiles/fpga_msxtr_controller.dir/mnt/c/Users/hra/Documents/github/OTHERS/pico-sdk/src/rp2_common/hardware_sync/sync.c.o
                0x10000cf8                spin_lock_claim_unused
 .text.spin_locks_reset
                0x10000d1c       0x1c CMakeFiles/fpga_msxtr_controller.dir/mnt/c/Users/hra/Documents/github/OTHERS/pico-sdk/src/rp2_common/hardware_sync_spin_lock/sync_spin_lock.c.o
                0x10000d1c                spin_locks_reset
 .text.runtime_init_per_core_irq_priorities
                0x10000d38       0x24 CMakeFiles/fpga_msxtr_controller.dir/mnt/c/Users/hra/Documents/github/OTHERS/pico-sdk/src/rp2_common/hardware_irq/irq.c.o
                0x10000d38                runtime_init_per_core_irq_priorities
 .text.irq_set_enabled
                0x10000d5c       0x24 CMakeFiles/fpga_msxtr_controller.dir/mnt/c/Users/hra/Documents/github/OTHERS/pico-sdk/src/rp2_common/hardware_irq/irq.c.o
                0x10000d5c                irq_set_enabled
 .text.irq_is_enabled
                0x10000d80       0x18 CMakeFiles/fpga_msxtr_controller.dir/mnt/c/Users/hra/Documents/github/OTHERS/pico-sdk/src/rp2_common/hardware_irq/irq.c.o
                0x10000d80                irq_is_enabled
 .text.irq_set_pending
                0x10000d98       0x10 CMakeFiles/fpga_msxtr_controller.dir/mnt/c/Users/hra/Documents/github/OTHERS/pico-sdk/src/rp2_common/hardware_irq/irq.c.o
                0x10000d98                irq_set_pending
 .text.irq_has_shared_handler
                0x10000da8       0x24 CMakeFiles/fpga_msxtr_controller.dir/mnt/c/Users/hra/Documents/github/OTHERS/pico-sdk/src/rp2_common/hardware_irq/irq.c.o
                0x10000da8                irq_has_shared_handler
 .text.irq_set_exclusive_handler
                0x10000dcc       0x54 CMakeFiles/fpga_msxtr_controller.dir/mnt/c/Users/hra/Documents/github/OTHERS/pico-sdk/src/rp2_common/hardware_irq/irq.c.o
                0x10000dcc                irq_set_exclusive_handler
 .text.irq_add_shared_handler
                0x10000e20      0x1f4 CMakeFiles/fpga_msxtr_controller.dir/mnt/c/Users/hra/Documents/github/OTHERS/pico-sdk/src/rp2_common/hardware_irq/irq.c.o
                0x10000e20                irq_add_shared_handler
 .text.irq_add_tail_to_free_list
                0x10001014       0xb4 CMakeFiles/fpga_msxtr_controller.dir/mnt/c/Users/hra/Documents/github/OTHERS/pico-sdk/src/rp2_common/hardware_irq/irq.c.o
                0x10001014                irq_add_tail_to_free_list
 .text.user_irq_claim_unused
                0x100010c8       0x2c CMakeFiles/fpga_msxtr_controller.dir/mnt/c/Users/hra/Documents/github/OTHERS/pico-sdk/src/rp2_common/hardware_irq/irq.c.o
                0x100010c8                user_irq_claim_unused
 .text.sem_init
                0x100010f4       0x20 CMakeFiles/fpga_msxtr_controller.dir/mnt/c/Users/hra/Documents/github/OTHERS/pico-sdk/src/common/pico_sync/sem.c.o
                0x100010f4                sem_init
 .text.lock_init
                0x10001114       0x10 CMakeFiles/fpga_msxtr_controller.dir/mnt/c/Users/hra/Documents/github/OTHERS/pico-sdk/src/common/pico_sync/lock_core.c.o
                0x10001114                lock_init
 .text.runtime_init_mutex
                0x10001124       0x50 CMakeFiles/fpga_msxtr_controller.dir/mnt/c/Users/hra/Documents/github/OTHERS/pico-sdk/src/common/pico_sync/mutex.c.o
                0x10001124                runtime_init_mutex
 .text.mutex_init
                0x10001174       0x1c CMakeFiles/fpga_msxtr_controller.dir/mnt/c/Users/hra/Documents/github/OTHERS/pico-sdk/src/common/pico_sync/mutex.c.o
                0x10001174                mutex_init
 .text.critical_section_init
                0x10001190       0x1c CMakeFiles/fpga_msxtr_controller.dir/mnt/c/Users/hra/Documents/github/OTHERS/pico-sdk/src/common/pico_sync/critical_section.c.o
                0x10001190                critical_section_init
 .text.critical_section_init_with_lock_num
                0x100011ac       0x14 CMakeFiles/fpga_msxtr_controller.dir/mnt/c/Users/hra/Documents/github/OTHERS/pico-sdk/src/common/pico_sync/critical_section.c.o
                0x100011ac                critical_section_init_with_lock_num
 .text.sleep_until_callback
                0x100011c0       0x30 CMakeFiles/fpga_msxtr_controller.dir/mnt/c/Users/hra/Documents/github/OTHERS/pico-sdk/src/common/pico_time/time.c.o
 .text.alarm_pool_irq_handler
                0x100011f0      0x2fc CMakeFiles/fpga_msxtr_controller.dir/mnt/c/Users/hra/Documents/github/OTHERS/pico-sdk/src/common/pico_time/time.c.o
 .text.runtime_init_default_alarm_pool
                0x100014ec       0xdc CMakeFiles/fpga_msxtr_controller.dir/mnt/c/Users/hra/Documents/github/OTHERS/pico-sdk/src/common/pico_time/time.c.o
                0x100014ec                runtime_init_default_alarm_pool
 .text.alarm_pool_get_default
                0x100015c8        0x8 CMakeFiles/fpga_msxtr_controller.dir/mnt/c/Users/hra/Documents/github/OTHERS/pico-sdk/src/common/pico_time/time.c.o
                0x100015c8                alarm_pool_get_default
 .text.alarm_pool_add_alarm_at
                0x100015d0       0xd4 CMakeFiles/fpga_msxtr_controller.dir/mnt/c/Users/hra/Documents/github/OTHERS/pico-sdk/src/common/pico_time/time.c.o
                0x100015d0                alarm_pool_add_alarm_at
 .text.alarm_pool_add_alarm_at_force_in_context
                0x100016a4       0xb0 CMakeFiles/fpga_msxtr_controller.dir/mnt/c/Users/hra/Documents/github/OTHERS/pico-sdk/src/common/pico_time/time.c.o
                0x100016a4                alarm_pool_add_alarm_at_force_in_context
 .text.alarm_pool_cancel_alarm
                0x10001754       0x74 CMakeFiles/fpga_msxtr_controller.dir/mnt/c/Users/hra/Documents/github/OTHERS/pico-sdk/src/common/pico_time/time.c.o
                0x10001754                alarm_pool_cancel_alarm
 .text.alarm_pool_core_num
                0x100017c8        0x4 CMakeFiles/fpga_msxtr_controller.dir/mnt/c/Users/hra/Documents/github/OTHERS/pico-sdk/src/common/pico_time/time.c.o
                0x100017c8                alarm_pool_core_num
 .text.sleep_until
                0x100017cc       0xd8 CMakeFiles/fpga_msxtr_controller.dir/mnt/c/Users/hra/Documents/github/OTHERS/pico-sdk/src/common/pico_time/time.c.o
                0x100017cc                sleep_until
 .text.sleep_us
                0x100018a4       0x28 CMakeFiles/fpga_msxtr_controller.dir/mnt/c/Users/hra/Documents/github/OTHERS/pico-sdk/src/common/pico_time/time.c.o
                0x100018a4                sleep_us
 .text.sleep_ms
                0x100018cc       0x38 CMakeFiles/fpga_msxtr_controller.dir/mnt/c/Users/hra/Documents/github/OTHERS/pico-sdk/src/common/pico_time/time.c.o
                0x100018cc                sleep_ms
 .text.best_effort_wfe_or_timeout
                0x10001904       0xf8 CMakeFiles/fpga_msxtr_controller.dir/mnt/c/Users/hra/Documents/github/OTHERS/pico-sdk/src/common/pico_time/time.c.o
                0x10001904                best_effort_wfe_or_timeout
 .text.timer_hardware_alarm_claim
                0x100019fc       0x14 CMakeFiles/fpga_msxtr_controller.dir/mnt/c/Users/hra/Documents/github/OTHERS/pico-sdk/src/rp2_common/hardware_timer/timer.c.o
                0x100019fc                timer_hardware_alarm_claim
 .text.timer_time_us_64
                0x10001a10       0x10 CMakeFiles/fpga_msxtr_controller.dir/mnt/c/Users/hra/Documents/github/OTHERS/pico-sdk/src/rp2_common/hardware_timer/timer.c.o
                0x10001a10                timer_time_us_64
 .text.time_us_64
                0x10001a20       0x14 CMakeFiles/fpga_msxtr_controller.dir/mnt/c/Users/hra/Documents/github/OTHERS/pico-sdk/src/rp2_common/hardware_timer/timer.c.o
                0x10001a20                time_us_64
 .text.busy_wait_us
                0x10001a34       0x68 CMakeFiles/fpga_msxtr_controller.dir/mnt/c/Users/hra/Documents/github/OTHERS/pico-sdk/src/rp2_common/hardware_timer/timer.c.o
                0x10001a34                busy_wait_us
 .text.busy_wait_until
                0x10001a9c       0x20 CMakeFiles/fpga_msxtr_controller.dir/mnt/c/Users/hra/Documents/github/OTHERS/pico-sdk/src/rp2_common/hardware_timer/timer.c.o
                0x10001a9c                busy_wait_until
 .text.clock_configure_int_divider
                0x10001abc       0xf4 CMakeFiles/fpga_msxtr_controller.dir/mnt/c/Users/hra/Documents/github/OTHERS/pico-sdk/src/rp2_common/hardware_clocks/clocks.c.o
                0x10001abc                clock_configure_int_divider
 .text.clock_configure_undivided
                0x10001bb0       0xe8 CMakeFiles/fpga_msxtr_controller.dir/mnt/c/Users/hra/Documents/github/OTHERS/pico-sdk/src/rp2_common/hardware_clocks/clocks.c.o
                0x10001bb0                clock_configure_undivided
 .text.clock_get_hz
                0x10001c98        0xc CMakeFiles/fpga_msxtr_controller.dir/mnt/c/Users/hra/Documents/github/OTHERS/pico-sdk/src/rp2_common/hardware_clocks/clocks.c.o
                0x10001c98                clock_get_hz
 .text.pll_init
                0x10001ca4       0xa4 CMakeFiles/fpga_msxtr_controller.dir/mnt/c/Users/hra/Documents/github/OTHERS/pico-sdk/src/rp2_common/hardware_pll/pll.c.o
                0x10001ca4                pll_init
 .text.watchdog_reboot
                0x10001d48       0x9c CMakeFiles/fpga_msxtr_controller.dir/mnt/c/Users/hra/Documents/github/OTHERS/pico-sdk/src/rp2_common/hardware_watchdog/watchdog.c.o
                0x10001d48                watchdog_reboot
 .text.tick_start
                0x10001de4       0x10 CMakeFiles/fpga_msxtr_controller.dir/mnt/c/Users/hra/Documents/github/OTHERS/pico-sdk/src/rp2_common/hardware_ticks/ticks.c.o
                0x10001de4                tick_start
 .text.rom_func_lookup
                0x10001df4       0x10 CMakeFiles/fpga_msxtr_controller.dir/mnt/c/Users/hra/Documents/github/OTHERS/pico-sdk/src/rp2_common/pico_bootrom/bootrom.c.o
                0x10001df4                rom_func_lookup
 .text.rom_data_lookup
                0x10001e04       0x10 CMakeFiles/fpga_msxtr_controller.dir/mnt/c/Users/hra/Documents/github/OTHERS/pico-sdk/src/rp2_common/pico_bootrom/bootrom.c.o
                0x10001e04                rom_data_lookup
 .text.rom_funcs_lookup
                0x10001e14       0x44 CMakeFiles/fpga_msxtr_controller.dir/mnt/c/Users/hra/Documents/github/OTHERS/pico-sdk/src/rp2_common/pico_bootrom/bootrom.c.o
                0x10001e14                rom_funcs_lookup
 .text.rom_reset_usb_boot_extra
                0x10001e58       0x28 CMakeFiles/fpga_msxtr_controller.dir/mnt/c/Users/hra/Documents/github/OTHERS/pico-sdk/src/rp2_common/pico_bootrom/bootrom.c.o
                0x10001e58                rom_reset_usb_boot_extra
 .text.xosc_init
                0x10001e80       0x28 CMakeFiles/fpga_msxtr_controller.dir/mnt/c/Users/hra/Documents/github/OTHERS/pico-sdk/src/rp2_common/hardware_xosc/xosc.c.o
                0x10001e80                xosc_init
 .text.first_per_core_initializer
                0x10001ea8        0x4 CMakeFiles/fpga_msxtr_controller.dir/mnt/c/Users/hra/Documents/github/OTHERS/pico-sdk/src/rp2_common/pico_runtime/runtime.c.o
 .text.hard_assertion_failure
                0x10001eac        0xc CMakeFiles/fpga_msxtr_controller.dir/mnt/c/Users/hra/Documents/github/OTHERS/pico-sdk/src/rp2_common/pico_runtime/runtime.c.o
                0x10001eac                hard_assertion_failure
 .text.runtime_run_initializers
                0x10001eb8       0x28 CMakeFiles/fpga_msxtr_controller.dir/mnt/c/Users/hra/Documents/github/OTHERS/pico-sdk/src/rp2_common/pico_runtime/runtime.c.o
                0x10001eb8                runtime_run_initializers
 .text.runtime_run_per_core_initializers
                0x10001ee0       0x28 CMakeFiles/fpga_msxtr_controller.dir/mnt/c/Users/hra/Documents/github/OTHERS/pico-sdk/src/rp2_common/pico_runtime/runtime.c.o
                0x10001ee0                runtime_run_per_core_initializers
 .text.runtime_init_early_resets
                0x10001f08       0x2c CMakeFiles/fpga_msxtr_controller.dir/mnt/c/Users/hra/Documents/github/OTHERS/pico-sdk/src/rp2_common/pico_runtime_init/runtime_init.c.o
                0x10001f08                runtime_init_early_resets
 .text.runtime_init_usb_power_down
                0x10001f34       0x1c CMakeFiles/fpga_msxtr_controller.dir/mnt/c/Users/hra/Documents/github/OTHERS/pico-sdk/src/rp2_common/pico_runtime_init/runtime_init.c.o
                0x10001f34                runtime_init_usb_power_down
 .text.runtime_init_post_clock_resets
                0x10001f50       0x20 CMakeFiles/fpga_msxtr_controller.dir/mnt/c/Users/hra/Documents/github/OTHERS/pico-sdk/src/rp2_common/pico_runtime_init/runtime_init.c.o
                0x10001f50                runtime_init_post_clock_resets
 .text.runtime_init_rp2040_gpio_ie_disable
                0x10001f70       0x14 CMakeFiles/fpga_msxtr_controller.dir/mnt/c/Users/hra/Documents/github/OTHERS/pico-sdk/src/rp2_common/pico_runtime_init/runtime_init.c.o
                0x10001f70                runtime_init_rp2040_gpio_ie_disable
 .text.runtime_init_spin_locks_reset
                0x10001f84        0x8 CMakeFiles/fpga_msxtr_controller.dir/mnt/c/Users/hra/Documents/github/OTHERS/pico-sdk/src/rp2_common/pico_runtime_init/runtime_init.c.o
                0x10001f84                runtime_init_spin_locks_reset
 .text.runtime_init_install_ram_vector_table
                0x10001f8c       0xb4 CMakeFiles/fpga_msxtr_controller.dir/mnt/c/Users/hra/Documents/github/OTHERS/pico-sdk/src/rp2_common/pico_runtime_init/runtime_init.c.o
                0x10001f8c                runtime_init_install_ram_vector_table
 .text.runtime_init_clocks
                0x10002040       0xd8 CMakeFiles/fpga_msxtr_controller.dir/mnt/c/Users/hra/Documents/github/OTHERS/pico-sdk/src/rp2_common/pico_runtime_init/runtime_init_clocks.c.o
                0x10002040                runtime_init_clocks
 .text          0x10002118       0x10 CMakeFiles/fpga_msxtr_controller.dir/mnt/c/Users/hra/Documents/github/OTHERS/pico-sdk/src/rp2_common/pico_bit_ops/bit_ops_aeabi.S.o
 .text.__wrap___aeabi_idiv
                0x10002128       0x50 CMakeFiles/fpga_msxtr_controller.dir/mnt/c/Users/hra/Documents/github/OTHERS/pico-sdk/src/rp2_common/pico_divider/divider_hardware.S.o
                0x10002128                __wrap___aeabi_idivmod
                0x10002128                divmod_s32s32
                0x10002128                div_s32s32
                0x10002128                __wrap___aeabi_idiv
                0x10002130                divmod_s32s32_unsafe
                0x1000215c                divmod_s32s32_savestate
 .text.__wrap___aeabi_uidiv
                0x10002178       0x4c CMakeFiles/fpga_msxtr_controller.dir/mnt/c/Users/hra/Documents/github/OTHERS/pico-sdk/src/rp2_common/pico_divider/divider_hardware.S.o
                0x10002178                __wrap___aeabi_uidiv
                0x10002178                __wrap___aeabi_uidivmod
                0x10002178                div_u32u32
                0x10002178                divmod_u32u32
                0x10002180                divmod_u32u32_unsafe
                0x100021a8                divmod_u32u32_savestate
 .text.__wrap___aeabi_ldiv
                0x100021c4      0x424 CMakeFiles/fpga_msxtr_controller.dir/mnt/c/Users/hra/Documents/github/OTHERS/pico-sdk/src/rp2_common/pico_divider/divider_hardware.S.o
                0x100021c4                div_s64s64
                0x100021c4                divmod_s64s64
                0x100021c4                __wrap___aeabi_ldivmod
                0x100021f4                div_u64u64
                0x100021f4                divmod_u64u64
                0x100021f4                __wrap___aeabi_uldivmod
                0x10002204                divmod_u64u64_savestate
                0x10002224                divmod_s64s64_unsafe
                0x100022ac                divmod_u64u64_unsafe
 .text.__wrap___aeabi_darithmetic
                0x100025e8       0x80 CMakeFiles/fpga_msxtr_controller.dir/mnt/c/Users/hra/Documents/github/OTHERS/pico-sdk/src/rp2_common/pico_double/double_aeabi_rp2040.S.o
                0x100025e8                __wrap___aeabi_drsub
                0x100025ee                __wrap___aeabi_dsub
                0x10002600                __wrap___aeabi_dadd
                0x10002612                __wrap___aeabi_ddiv
                0x1000264e                __wrap___aeabi_dmul
 .text.__wrap___aeabi_cdcmple
                0x10002668       0x6c CMakeFiles/fpga_msxtr_controller.dir/mnt/c/Users/hra/Documents/github/OTHERS/pico-sdk/src/rp2_common/pico_double/double_aeabi_rp2040.S.o
                0x10002668                __wrap___aeabi_cdrcmple
                0x10002678                __wrap___aeabi_cdcmple
                0x10002678                __wrap___aeabi_cdcmpeq
 .text.__wrap___aeabi_dcmplt
                0x100026d4        0xc CMakeFiles/fpga_msxtr_controller.dir/mnt/c/Users/hra/Documents/github/OTHERS/pico-sdk/src/rp2_common/pico_double/double_aeabi_rp2040.S.o
                0x100026d4                __wrap___aeabi_dcmplt
 .text.__wrap___aeabi_dcmpge
                0x100026e0       0x10 CMakeFiles/fpga_msxtr_controller.dir/mnt/c/Users/hra/Documents/github/OTHERS/pico-sdk/src/rp2_common/pico_double/double_aeabi_rp2040.S.o
                0x100026e0                __wrap___aeabi_dcmpge
 .text.__wrap___aeabi_dcmpgt
                0x100026f0        0xa CMakeFiles/fpga_msxtr_controller.dir/mnt/c/Users/hra/Documents/github/OTHERS/pico-sdk/src/rp2_common/pico_double/double_aeabi_rp2040.S.o
                0x100026f0                __wrap___aeabi_dcmpgt
 .text.__wrap___aeabi_dcmpun
                0x100026fa       0x18 CMakeFiles/fpga_msxtr_controller.dir/mnt/c/Users/hra/Documents/github/OTHERS/pico-sdk/src/rp2_common/pico_double/double_aeabi_rp2040.S.o
                0x100026fa                __wrap___aeabi_dcmpun
 *fill*         0x10002712        0x2 
 .text.__wrap___aeabi_i2d
                0x10002714       0x38 CMakeFiles/fpga_msxtr_controller.dir/mnt/c/Users/hra/Documents/github/OTHERS/pico-sdk/src/rp2_common/pico_double/double_aeabi_rp2040.S.o
                0x10002714                __wrap___aeabi_ui2d
                0x10002714                uint2double
                0x1000271c                __wrap___aeabi_i2d
                0x1000271c                int2double
 .text.__wrap___aeabi_d2iz
                0x1000274c       0x48 CMakeFiles/fpga_msxtr_controller.dir/mnt/c/Users/hra/Documents/github/OTHERS/pico-sdk/src/rp2_common/pico_double/double_aeabi_rp2040.S.o
                0x1000274c                __wrap___aeabi_d2iz
                0x1000274c                double2int_z
 .text.__wrap___aeabi_d2uiz
                0x10002794       0x18 CMakeFiles/fpga_msxtr_controller.dir/mnt/c/Users/hra/Documents/github/OTHERS/pico-sdk/src/rp2_common/pico_double/double_aeabi_rp2040.S.o
                0x10002794                double2uint_z
                0x10002794                double2uint
                0x10002794                __wrap___aeabi_d2uiz
 .text.__aeabi_double_init
                0x100027ac       0xa4 CMakeFiles/fpga_msxtr_controller.dir/mnt/c/Users/hra/Documents/github/OTHERS/pico-sdk/src/rp2_common/pico_double/double_init_rom_rp2040.c.o
                0x100027ac                __aeabi_double_init
 .text.double_table_shim_on_use_helper
                0x10002850       0x2c CMakeFiles/fpga_msxtr_controller.dir/mnt/c/Users/hra/Documents/github/OTHERS/pico-sdk/src/rp2_common/pico_double/double_v1_rom_shim_rp2040.S.o
                0x10002850                double_table_shim_on_use_helper
 .text.__wrap___aeabi_dsub
                0x1000287c       0x10 CMakeFiles/fpga_msxtr_controller.dir/mnt/c/Users/hra/Documents/github/OTHERS/pico-sdk/src/rp2_common/pico_double/double_v1_rom_shim_rp2040.S.o
                0x1000287c                drsub_shim
                0x10002882                dsub_shim
 .text.dadd_shim
                0x1000288c      0x15c CMakeFiles/fpga_msxtr_controller.dir/mnt/c/Users/hra/Documents/github/OTHERS/pico-sdk/src/rp2_common/pico_double/double_v1_rom_shim_rp2040.S.o
                0x1000288c                dadd_shim
 .text.dmul_shim
                0x100029e8      0x15c CMakeFiles/fpga_msxtr_controller.dir/mnt/c/Users/hra/Documents/github/OTHERS/pico-sdk/src/rp2_common/pico_double/double_v1_rom_shim_rp2040.S.o
                0x100029e8                dmul_shim
 .text.ddiv_shim
                0x10002b44      0x1b0 CMakeFiles/fpga_msxtr_controller.dir/mnt/c/Users/hra/Documents/github/OTHERS/pico-sdk/src/rp2_common/pico_double/double_v1_rom_shim_rp2040.S.o
                0x10002b44                ddiv_shim
 .text.double2uint_shim
                0x10002cf4        0xe CMakeFiles/fpga_msxtr_controller.dir/mnt/c/Users/hra/Documents/github/OTHERS/pico-sdk/src/rp2_common/pico_double/double_v1_rom_shim_rp2040.S.o
                0x10002cf4                double2uint_shim
                0x10002cf6                double2ufix_shim
 *fill*         0x10002d02        0x2 
 .text.double2uint64_shim
                0x10002d04       0x70 CMakeFiles/fpga_msxtr_controller.dir/mnt/c/Users/hra/Documents/github/OTHERS/pico-sdk/src/rp2_common/pico_double/double_v1_rom_shim_rp2040.S.o
                0x10002d04                double2uint64_shim
                0x10002d06                double2ufix64_shim
                0x10002d26                d2fix_a
 .text.dunpacks
                0x10002d74       0x3c CMakeFiles/fpga_msxtr_controller.dir/mnt/c/Users/hra/Documents/github/OTHERS/pico-sdk/src/rp2_common/pico_double/double_v1_rom_shim_rp2040.S.o
                0x10002d74                dunpacks
 .text.__aeabi_lmul
                0x10002db0       0x32 CMakeFiles/fpga_msxtr_controller.dir/mnt/c/Users/hra/Documents/github/OTHERS/pico-sdk/src/rp2_common/pico_int64_ops/pico_int64_ops_aeabi.S.o
                0x10002db0                __wrap___aeabi_lmul
 *fill*         0x10002de2        0x2 
 .text.__aeabi_float_init
                0x10002de4       0x64 CMakeFiles/fpga_msxtr_controller.dir/mnt/c/Users/hra/Documents/github/OTHERS/pico-sdk/src/rp2_common/pico_float/float_init_rom_rp2040.c.o
                0x10002de4                __aeabi_float_init
 .text.float_table_shim_on_use_helper
                0x10002e48       0x2c CMakeFiles/fpga_msxtr_controller.dir/mnt/c/Users/hra/Documents/github/OTHERS/pico-sdk/src/rp2_common/pico_float/float_v1_rom_shim_rp2040.S.o
                0x10002e48                float_table_shim_on_use_helper
 .text.__wrap_malloc
                0x10002e74       0x3c CMakeFiles/fpga_msxtr_controller.dir/mnt/c/Users/hra/Documents/github/OTHERS/pico-sdk/src/rp2_common/pico_malloc/malloc.c.o
                0x10002e74                __wrap_malloc
 .text.__wrap_free
                0x10002eb0       0x20 CMakeFiles/fpga_msxtr_controller.dir/mnt/c/Users/hra/Documents/github/OTHERS/pico-sdk/src/rp2_common/pico_malloc/malloc.c.o
                0x10002eb0                __wrap_free
 .text          0x10002ed0       0x10 CMakeFiles/fpga_msxtr_controller.dir/mnt/c/Users/hra/Documents/github/OTHERS/pico-sdk/src/rp2_common/pico_mem_ops/mem_ops_aeabi.S.o
                0x10002ed0                __aeabi_mem_init
 .text.memset   0x10002ee0        0xc CMakeFiles/fpga_msxtr_controller.dir/mnt/c/Users/hra/Documents/github/OTHERS/pico-sdk/src/rp2_common/pico_mem_ops/mem_ops_aeabi.S.o
                0x10002ee0                __wrap_memset
 .text.memcpy   0x10002eec        0xc CMakeFiles/fpga_msxtr_controller.dir/mnt/c/Users/hra/Documents/github/OTHERS/pico-sdk/src/rp2_common/pico_mem_ops/mem_ops_aeabi.S.o
                0x10002eec                __wrap___aeabi_memcpy
                0x10002eec                __wrap_memcpy
 .text._out_buffer
                0x10002ef8        0x8 CMakeFiles/fpga_msxtr_controller.dir/mnt/c/Users/hra/Documents/github/OTHERS/pico-sdk/src/rp2_common/pico_printf/printf.c.o
 .text._out_null
                0x10002f00        0x4 CMakeFiles/fpga_msxtr_controller.dir/mnt/c/Users/hra/Documents/github/OTHERS/pico-sdk/src/rp2_common/pico_printf/printf.c.o
 .text._out_rev
                0x10002f04       0xac CMakeFiles/fpga_msxtr_controller.dir/mnt/c/Users/hra/Documents/github/OTHERS/pico-sdk/src/rp2_common/pico_printf/printf.c.o
 .text._ntoa_format
                0x10002fb0      0x250 CMakeFiles/fpga_msxtr_controller.dir/mnt/c/Users/hra/Documents/github/OTHERS/pico-sdk/src/rp2_common/pico_printf/printf.c.o
 .text._out_char
                0x10003200       0x10 CMakeFiles/fpga_msxtr_controller.dir/mnt/c/Users/hra/Documents/github/OTHERS/pico-sdk/src/rp2_common/pico_printf/printf.c.o
 .text._out_fct
                0x10003210       0x10 CMakeFiles/fpga_msxtr_controller.dir/mnt/c/Users/hra/Documents/github/OTHERS/pico-sdk/src/rp2_common/pico_printf/printf.c.o
 .text._etoa    0x10003220      0x464 CMakeFiles/fpga_msxtr_controller.dir/mnt/c/Users/hra/Documents/github/OTHERS/pico-sdk/src/rp2_common/pico_printf/printf.c.o
 .text._ftoa    0x10003684      0x3c0 CMakeFiles/fpga_msxtr_controller.dir/mnt/c/Users/hra/Documents/github/OTHERS/pico-sdk/src/rp2_common/pico_printf/printf.c.o
 .text._vsnprintf
                0x10003a44      0xbc8 CMakeFiles/fpga_msxtr_controller.dir/mnt/c/Users/hra/Documents/github/OTHERS/pico-sdk/src/rp2_common/pico_printf/printf.c.o
 .text.__wrap_snprintf
                0x1000460c       0x28 CMakeFiles/fpga_msxtr_controller.dir/mnt/c/Users/hra/Documents/github/OTHERS/pico-sdk/src/rp2_common/pico_printf/printf.c.o
                0x1000460c                __wrap_snprintf
 .text.__wrap_vsnprintf
                0x10004634       0x1c CMakeFiles/fpga_msxtr_controller.dir/mnt/c/Users/hra/Documents/github/OTHERS/pico-sdk/src/rp2_common/pico_printf/printf.c.o
                0x10004634                __wrap_vsnprintf
 .text.vfctprintf
                0x10004650       0x20 CMakeFiles/fpga_msxtr_controller.dir/mnt/c/Users/hra/Documents/github/OTHERS/pico-sdk/src/rp2_common/pico_printf/printf.c.o
                0x10004650                vfctprintf
 .text.weak_raw_vprintf
                0x10004670       0x30 CMakeFiles/fpga_msxtr_controller.dir/mnt/c/Users/hra/Documents/github/OTHERS/pico-sdk/src/rp2_common/pico_printf/printf.c.o
                0x10004670                weak_raw_vprintf
 .text._exit    0x100046a0        0x4 CMakeFiles/fpga_msxtr_controller.dir/mnt/c/Users/hra/Documents/github/OTHERS/pico-sdk/src/rp2_common/pico_clib_interface/newlib_interface.c.o
                0x100046a0                _exit
 .text._sbrk    0x100046a4       0x34 CMakeFiles/fpga_msxtr_controller.dir/mnt/c/Users/hra/Documents/github/OTHERS/pico-sdk/src/rp2_common/pico_clib_interface/newlib_interface.c.o
                0x100046a4                _sbrk
 .text._read    0x100046d8       0x24 CMakeFiles/fpga_msxtr_controller.dir/mnt/c/Users/hra/Documents/github/OTHERS/pico-sdk/src/rp2_common/pico_clib_interface/newlib_interface.c.o
                0x100046d8                _read
 .text._write   0x100046fc       0x24 CMakeFiles/fpga_msxtr_controller.dir/mnt/c/Users/hra/Documents/github/OTHERS/pico-sdk/src/rp2_common/pico_clib_interface/newlib_interface.c.o
                0x100046fc                _write
 .text._close   0x10004720        0x8 CMakeFiles/fpga_msxtr_controller.dir/mnt/c/Users/hra/Documents/github/OTHERS/pico-sdk/src/rp2_common/pico_clib_interface/newlib_interface.c.o
                0x10004720                _close
 .text._lseek   0x10004728        0x8 CMakeFiles/fpga_msxtr_controller.dir/mnt/c/Users/hra/Documents/github/OTHERS/pico-sdk/src/rp2_common/pico_clib_interface/newlib_interface.c.o
                0x10004728                _lseek
 .text.exit     0x10004730        0x8 CMakeFiles/fpga_msxtr_controller.dir/mnt/c/Users/hra/Documents/github/OTHERS/pico-sdk/src/rp2_common/pico_clib_interface/newlib_interface.c.o
                0x10004730                exit
 .text.runtime_init
                0x10004738       0x2c CMakeFiles/fpga_msxtr_controller.dir/mnt/c/Users/hra/Documents/github/OTHERS/pico-sdk/src/rp2_common/pico_clib_interface/newlib_interface.c.o
                0x10004738                runtime_init
 .text.stdio_out_chars_no_crlf
                0x10004764       0x10 CMakeFiles/fpga_msxtr_controller.dir/mnt/c/Users/hra/Documents/github/OTHERS/pico-sdk/src/rp2_common/pico_stdio/stdio.c.o
 .text.stdio_out_chars_crlf
                0x10004774       0x94 CMakeFiles/fpga_msxtr_controller.dir/mnt/c/Users/hra/Documents/github/OTHERS/pico-sdk/src/rp2_common/pico_stdio/stdio.c.o
 .text.stdio_buffered_printer
                0x10004808       0x64 CMakeFiles/fpga_msxtr_controller.dir/mnt/c/Users/hra/Documents/github/OTHERS/pico-sdk/src/rp2_common/pico_stdio/stdio.c.o
 .text.stdio_put_string
                0x1000486c      0x100 CMakeFiles/fpga_msxtr_controller.dir/mnt/c/Users/hra/Documents/github/OTHERS/pico-sdk/src/rp2_common/pico_stdio/stdio.c.o
                0x1000486c                stdio_put_string
 .text.stdio_get_until
                0x1000496c       0x84 CMakeFiles/fpga_msxtr_controller.dir/mnt/c/Users/hra/Documents/github/OTHERS/pico-sdk/src/rp2_common/pico_stdio/stdio.c.o
                0x1000496c                stdio_get_until
 .text.stdio_set_driver_enabled
                0x100049f0       0x30 CMakeFiles/fpga_msxtr_controller.dir/mnt/c/Users/hra/Documents/github/OTHERS/pico-sdk/src/rp2_common/pico_stdio/stdio.c.o
                0x100049f0                stdio_set_driver_enabled
 .text.stdio_init_all
                0x10004a20        0x8 CMakeFiles/fpga_msxtr_controller.dir/mnt/c/Users/hra/Documents/github/OTHERS/pico-sdk/src/rp2_common/pico_stdio/stdio.c.o
                0x10004a20                stdio_init_all
 .text.__wrap_putchar
                0x10004a28       0x98 CMakeFiles/fpga_msxtr_controller.dir/mnt/c/Users/hra/Documents/github/OTHERS/pico-sdk/src/rp2_common/pico_stdio/stdio.c.o
                0x10004a28                stdio_putchar
                0x10004a28                __wrap_putchar
 .text.__wrap_puts
                0x10004ac0       0x3c CMakeFiles/fpga_msxtr_controller.dir/mnt/c/Users/hra/Documents/github/OTHERS/pico-sdk/src/rp2_common/pico_stdio/stdio.c.o
                0x10004ac0                __wrap_puts
                0x10004ac0                stdio_puts
 .text.__wrap_vprintf
                0x10004afc       0xd4 CMakeFiles/fpga_msxtr_controller.dir/mnt/c/Users/hra/Documents/github/OTHERS/pico-sdk/src/rp2_common/pico_stdio/stdio.c.o
                0x10004afc                __wrap_vprintf
                0x10004afc                stdio_vprintf
 .text.__wrap_printf
                0x10004bd0       0x18 CMakeFiles/fpga_msxtr_controller.dir/mnt/c/Users/hra/Documents/github/OTHERS/pico-sdk/src/rp2_common/pico_stdio/stdio.c.o
                0x10004bd0                stdio_printf
                0x10004bd0                __wrap_printf
 .text.resetd_init
                0x10004be8        0x4 CMakeFiles/fpga_msxtr_controller.dir/mnt/c/Users/hra/Documents/github/OTHERS/pico-sdk/src/rp2_common/pico_stdio_usb/reset_interface.c.o
 .text.resetd_reset
                0x10004bec        0xc CMakeFiles/fpga_msxtr_controller.dir/mnt/c/Users/hra/Documents/github/OTHERS/pico-sdk/src/rp2_common/pico_stdio_usb/reset_interface.c.o
 .text.resetd_open
                0x10004bf8       0x28 CMakeFiles/fpga_msxtr_controller.dir/mnt/c/Users/hra/Documents/github/OTHERS/pico-sdk/src/rp2_common/pico_stdio_usb/reset_interface.c.o
 .text.resetd_xfer_cb
                0x10004c20        0x4 CMakeFiles/fpga_msxtr_controller.dir/mnt/c/Users/hra/Documents/github/OTHERS/pico-sdk/src/rp2_common/pico_stdio_usb/reset_interface.c.o
 .text.resetd_control_xfer_cb
                0x10004c24       0x5c CMakeFiles/fpga_msxtr_controller.dir/mnt/c/Users/hra/Documents/github/OTHERS/pico-sdk/src/rp2_common/pico_stdio_usb/reset_interface.c.o
 .text.tud_descriptor_bos_cb
                0x10004c80        0x8 CMakeFiles/fpga_msxtr_controller.dir/mnt/c/Users/hra/Documents/github/OTHERS/pico-sdk/src/rp2_common/pico_stdio_usb/reset_interface.c.o
                0x10004c80                tud_descriptor_bos_cb
 .text.tud_vendor_control_xfer_cb
                0x10004c88       0x34 CMakeFiles/fpga_msxtr_controller.dir/mnt/c/Users/hra/Documents/github/OTHERS/pico-sdk/src/rp2_common/pico_stdio_usb/reset_interface.c.o
                0x10004c88                tud_vendor_control_xfer_cb
 .text.usbd_app_driver_get_cb
                0x10004cbc        0xc CMakeFiles/fpga_msxtr_controller.dir/mnt/c/Users/hra/Documents/github/OTHERS/pico-sdk/src/rp2_common/pico_stdio_usb/reset_interface.c.o
                0x10004cbc                usbd_app_driver_get_cb
 .text.tud_cdc_line_coding_cb
                0x10004cc8       0x2c CMakeFiles/fpga_msxtr_controller.dir/mnt/c/Users/hra/Documents/github/OTHERS/pico-sdk/src/rp2_common/pico_stdio_usb/reset_interface.c.o
                0x10004cc8                tud_cdc_line_coding_cb
 .text.stdio_usb_set_chars_available_callback
                0x10004cf4       0x14 CMakeFiles/fpga_msxtr_controller.dir/mnt/c/Users/hra/Documents/github/OTHERS/pico-sdk/src/rp2_common/pico_stdio_usb/stdio_usb.c.o
                0x10004cf4                stdio_usb_set_chars_available_callback
 .text.usb_irq  0x10004d08       0x10 CMakeFiles/fpga_msxtr_controller.dir/mnt/c/Users/hra/Documents/github/OTHERS/pico-sdk/src/rp2_common/pico_stdio_usb/stdio_usb.c.o
 .text.timer_task
                0x10004d18       0x64 CMakeFiles/fpga_msxtr_controller.dir/mnt/c/Users/hra/Documents/github/OTHERS/pico-sdk/src/rp2_common/pico_stdio_usb/stdio_usb.c.o
 .text.stdio_usb_in_chars
                0x10004d7c       0x90 CMakeFiles/fpga_msxtr_controller.dir/mnt/c/Users/hra/Documents/github/OTHERS/pico-sdk/src/rp2_common/pico_stdio_usb/stdio_usb.c.o
                0x10004d7c                stdio_usb_in_chars
 .text.stdio_usb_out_flush
                0x10004e0c       0x50 CMakeFiles/fpga_msxtr_controller.dir/mnt/c/Users/hra/Documents/github/OTHERS/pico-sdk/src/rp2_common/pico_stdio_usb/stdio_usb.c.o
 .text.stdio_usb_out_chars
                0x10004e5c      0x104 CMakeFiles/fpga_msxtr_controller.dir/mnt/c/Users/hra/Documents/github/OTHERS/pico-sdk/src/rp2_common/pico_stdio_usb/stdio_usb.c.o
 .text.low_priority_worker_irq
                0x10004f60       0xcc CMakeFiles/fpga_msxtr_controller.dir/mnt/c/Users/hra/Documents/github/OTHERS/pico-sdk/src/rp2_common/pico_stdio_usb/stdio_usb.c.o
 .text.stdio_usb_init
                0x1000502c       0xec CMakeFiles/fpga_msxtr_controller.dir/mnt/c/Users/hra/Documents/github/OTHERS/pico-sdk/src/rp2_common/pico_stdio_usb/stdio_usb.c.o
                0x1000502c                stdio_usb_init
 .text.tud_descriptor_device_cb
                0x10005118        0x8 CMakeFiles/fpga_msxtr_controller.dir/mnt/c/Users/hra/Documents/github/OTHERS/pico-sdk/src/rp2_common/pico_stdio_usb/stdio_usb_descriptors.c.o
                0x10005118                tud_descriptor_device_cb
 .text.tud_descriptor_configuration_cb
                0x10005120        0x8 CMakeFiles/fpga_msxtr_controller.dir/mnt/c/Users/hra/Documents/github/OTHERS/pico-sdk/src/rp2_common/pico_stdio_usb/stdio_usb_descriptors.c.o
                0x10005120                tud_descriptor_configuration_cb
 .text.tud_descriptor_string_cb
                0x10005128       0x78 CMakeFiles/fpga_msxtr_controller.dir/mnt/c/Users/hra/Documents/github/OTHERS/pico-sdk/src/rp2_common/pico_stdio_usb/stdio_usb_descriptors.c.o
                0x10005128                tud_descriptor_string_cb
 .text.startup._retrieve_unique_id_on_boot
                0x100051a0       0x10 CMakeFiles/fpga_msxtr_controller.dir/mnt/c/Users/hra/Documents/github/OTHERS/pico-sdk/src/rp2_common/pico_unique_id/unique_id.c.o
 .text.pico_get_unique_board_id_string
                0x100051b0      0x1a8 CMakeFiles/fpga_msxtr_controller.dir/mnt/c/Users/hra/Documents/github/OTHERS/pico-sdk/src/rp2_common/pico_unique_id/unique_id.c.o
                0x100051b0                pico_get_unique_board_id_string
 .text.flash_get_unique_id
                0x10005358       0x3c CMakeFiles/fpga_msxtr_controller.dir/mnt/c/Users/hra/Documents/github/OTHERS/pico-sdk/src/rp2_common/hardware_flash/flash.c.o
                0x10005358                flash_get_unique_id
 .text.dcd_init
                0x10005394       0x90 CMakeFiles/fpga_msxtr_controller.dir/mnt/c/Users/hra/Documents/github/OTHERS/pico-sdk/lib/tinyusb/src/portable/raspberrypi/rp2040/dcd_rp2040.c.o
                0x10005394                dcd_init
 .text.dcd_int_enable
                0x10005424        0xc CMakeFiles/fpga_msxtr_controller.dir/mnt/c/Users/hra/Documents/github/OTHERS/pico-sdk/lib/tinyusb/src/portable/raspberrypi/rp2040/dcd_rp2040.c.o
                0x10005424                dcd_int_enable
 .text.dcd_set_address
                0x10005430       0x14 CMakeFiles/fpga_msxtr_controller.dir/mnt/c/Users/hra/Documents/github/OTHERS/pico-sdk/lib/tinyusb/src/portable/raspberrypi/rp2040/dcd_rp2040.c.o
                0x10005430                dcd_set_address
 .text.dcd_sof_enable
                0x10005444       0x1c CMakeFiles/fpga_msxtr_controller.dir/mnt/c/Users/hra/Documents/github/OTHERS/pico-sdk/lib/tinyusb/src/portable/raspberrypi/rp2040/dcd_rp2040.c.o
                0x10005444                dcd_sof_enable
 .text.dcd_edpt0_status_complete
                0x10005460       0x1c CMakeFiles/fpga_msxtr_controller.dir/mnt/c/Users/hra/Documents/github/OTHERS/pico-sdk/lib/tinyusb/src/portable/raspberrypi/rp2040/dcd_rp2040.c.o
                0x10005460                dcd_edpt0_status_complete
 .text.dcd_edpt_open
                0x1000547c      0x114 CMakeFiles/fpga_msxtr_controller.dir/mnt/c/Users/hra/Documents/github/OTHERS/pico-sdk/lib/tinyusb/src/portable/raspberrypi/rp2040/dcd_rp2040.c.o
                0x1000547c                dcd_edpt_open
 .text.dcd_edpt_close_all
                0x10005590        0x8 CMakeFiles/fpga_msxtr_controller.dir/mnt/c/Users/hra/Documents/github/OTHERS/pico-sdk/lib/tinyusb/src/portable/raspberrypi/rp2040/dcd_rp2040.c.o
                0x10005590                dcd_edpt_close_all
 .text.dcd_edpt_xfer
                0x10005598       0x24 CMakeFiles/fpga_msxtr_controller.dir/mnt/c/Users/hra/Documents/github/OTHERS/pico-sdk/lib/tinyusb/src/portable/raspberrypi/rp2040/dcd_rp2040.c.o
                0x10005598                dcd_edpt_xfer
 .text.dcd_edpt_stall
                0x100055bc       0x34 CMakeFiles/fpga_msxtr_controller.dir/mnt/c/Users/hra/Documents/github/OTHERS/pico-sdk/lib/tinyusb/src/portable/raspberrypi/rp2040/dcd_rp2040.c.o
                0x100055bc                dcd_edpt_stall
 .text.dcd_edpt_clear_stall
                0x100055f0       0x30 CMakeFiles/fpga_msxtr_controller.dir/mnt/c/Users/hra/Documents/github/OTHERS/pico-sdk/lib/tinyusb/src/portable/raspberrypi/rp2040/dcd_rp2040.c.o
                0x100055f0                dcd_edpt_clear_stall
 .text.rp2040_usb_init
                0x10005620       0x40 CMakeFiles/fpga_msxtr_controller.dir/mnt/c/Users/hra/Documents/github/OTHERS/pico-sdk/lib/tinyusb/src/portable/raspberrypi/rp2040/rp2040_usb.c.o
                0x10005620                rp2040_usb_init
 .text.hw_endpoint_xfer_start
                0x10005660       0x40 CMakeFiles/fpga_msxtr_controller.dir/mnt/c/Users/hra/Documents/github/OTHERS/pico-sdk/lib/tinyusb/src/portable/raspberrypi/rp2040/rp2040_usb.c.o
                0x10005660                hw_endpoint_xfer_start
 .text.tud_event_hook_cb
                0x100056a0        0x4 CMakeFiles/fpga_msxtr_controller.dir/mnt/c/Users/hra/Documents/github/OTHERS/pico-sdk/lib/tinyusb/src/device/usbd.c.o
                0x100056a0                tud_event_hook_cb
 .text.tud_sof_cb
                0x100056a4        0x4 CMakeFiles/fpga_msxtr_controller.dir/mnt/c/Users/hra/Documents/github/OTHERS/pico-sdk/lib/tinyusb/src/device/usbd.c.o
                0x100056a4                tud_sof_cb
 .text.tud_descriptor_device_qualifier_cb
                0x100056a8        0x4 CMakeFiles/fpga_msxtr_controller.dir/mnt/c/Users/hra/Documents/github/OTHERS/pico-sdk/lib/tinyusb/src/device/usbd.c.o
                0x100056a8                tud_descriptor_device_qualifier_cb
 .text.tud_descriptor_other_speed_configuration_cb
                0x100056ac        0x4 CMakeFiles/fpga_msxtr_controller.dir/mnt/c/Users/hra/Documents/github/OTHERS/pico-sdk/lib/tinyusb/src/device/usbd.c.o
                0x100056ac                tud_descriptor_other_speed_configuration_cb
 .text.tud_mount_cb
                0x100056b0        0x4 CMakeFiles/fpga_msxtr_controller.dir/mnt/c/Users/hra/Documents/github/OTHERS/pico-sdk/lib/tinyusb/src/device/usbd.c.o
                0x100056b0                tud_mount_cb
 .text.tud_umount_cb
                0x100056b4        0x4 CMakeFiles/fpga_msxtr_controller.dir/mnt/c/Users/hra/Documents/github/OTHERS/pico-sdk/lib/tinyusb/src/device/usbd.c.o
                0x100056b4                tud_umount_cb
 .text.tud_suspend_cb
                0x100056b8        0x4 CMakeFiles/fpga_msxtr_controller.dir/mnt/c/Users/hra/Documents/github/OTHERS/pico-sdk/lib/tinyusb/src/device/usbd.c.o
                0x100056b8                tud_suspend_cb
 .text.tud_resume_cb
                0x100056bc        0x4 CMakeFiles/fpga_msxtr_controller.dir/mnt/c/Users/hra/Documents/github/OTHERS/pico-sdk/lib/tinyusb/src/device/usbd.c.o
                0x100056bc                tud_resume_cb
 .text.tud_mounted
                0x100056c0       0x10 CMakeFiles/fpga_msxtr_controller.dir/mnt/c/Users/hra/Documents/github/OTHERS/pico-sdk/lib/tinyusb/src/device/usbd.c.o
                0x100056c0                tud_mounted
 .text.tud_suspended
                0x100056d0       0x10 CMakeFiles/fpga_msxtr_controller.dir/mnt/c/Users/hra/Documents/github/OTHERS/pico-sdk/lib/tinyusb/src/device/usbd.c.o
                0x100056d0                tud_suspended
 .text.tud_rhport_init
                0x100056e0       0xfc CMakeFiles/fpga_msxtr_controller.dir/mnt/c/Users/hra/Documents/github/OTHERS/pico-sdk/lib/tinyusb/src/device/usbd.c.o
                0x100056e0                tud_rhport_init
 .text.tud_task_ext
                0x100057dc      0x800 CMakeFiles/fpga_msxtr_controller.dir/mnt/c/Users/hra/Documents/github/OTHERS/pico-sdk/lib/tinyusb/src/device/usbd.c.o
                0x100057dc                tud_task_ext
 .text.usbd_open_edpt_pair
                0x10005fdc       0x9c CMakeFiles/fpga_msxtr_controller.dir/mnt/c/Users/hra/Documents/github/OTHERS/pico-sdk/lib/tinyusb/src/device/usbd.c.o
                0x10005fdc                usbd_open_edpt_pair
 .text.usbd_edpt_open
                0x10006078       0x34 CMakeFiles/fpga_msxtr_controller.dir/mnt/c/Users/hra/Documents/github/OTHERS/pico-sdk/lib/tinyusb/src/device/usbd.c.o
                0x10006078                usbd_edpt_open
 .text.usbd_edpt_claim
                0x100060ac       0x28 CMakeFiles/fpga_msxtr_controller.dir/mnt/c/Users/hra/Documents/github/OTHERS/pico-sdk/lib/tinyusb/src/device/usbd.c.o
                0x100060ac                usbd_edpt_claim
 .text.usbd_edpt_release
                0x100060d4       0x28 CMakeFiles/fpga_msxtr_controller.dir/mnt/c/Users/hra/Documents/github/OTHERS/pico-sdk/lib/tinyusb/src/device/usbd.c.o
                0x100060d4                usbd_edpt_release
 .text.usbd_edpt_xfer
                0x100060fc       0x4c CMakeFiles/fpga_msxtr_controller.dir/mnt/c/Users/hra/Documents/github/OTHERS/pico-sdk/lib/tinyusb/src/device/usbd.c.o
                0x100060fc                usbd_edpt_xfer
 .text.tud_control_status
                0x10006148       0x2c CMakeFiles/fpga_msxtr_controller.dir/mnt/c/Users/hra/Documents/github/OTHERS/pico-sdk/lib/tinyusb/src/device/usbd_control.c.o
                0x10006148                tud_control_status
 .text.tud_control_xfer
                0x10006174       0xac CMakeFiles/fpga_msxtr_controller.dir/mnt/c/Users/hra/Documents/github/OTHERS/pico-sdk/lib/tinyusb/src/device/usbd_control.c.o
                0x10006174                tud_control_xfer
 .text.usbd_control_reset
                0x10006220       0x14 CMakeFiles/fpga_msxtr_controller.dir/mnt/c/Users/hra/Documents/github/OTHERS/pico-sdk/lib/tinyusb/src/device/usbd_control.c.o
                0x10006220                usbd_control_reset
 .text.usbd_control_set_complete_callback
                0x10006234        0xc CMakeFiles/fpga_msxtr_controller.dir/mnt/c/Users/hra/Documents/github/OTHERS/pico-sdk/lib/tinyusb/src/device/usbd_control.c.o
                0x10006234                usbd_control_set_complete_callback
 .text.usbd_control_set_request
                0x10006240       0x1c CMakeFiles/fpga_msxtr_controller.dir/mnt/c/Users/hra/Documents/github/OTHERS/pico-sdk/lib/tinyusb/src/device/usbd_control.c.o
                0x10006240                usbd_control_set_request
 .text.usbd_control_xfer_cb
                0x1000625c       0xec CMakeFiles/fpga_msxtr_controller.dir/mnt/c/Users/hra/Documents/github/OTHERS/pico-sdk/lib/tinyusb/src/device/usbd_control.c.o
                0x1000625c                usbd_control_xfer_cb
 .text._prep_out_transaction.isra.0
                0x10006348       0x6c CMakeFiles/fpga_msxtr_controller.dir/mnt/c/Users/hra/Documents/github/OTHERS/pico-sdk/lib/tinyusb/src/class/cdc/cdc_device.c.o
 .text.tud_cdc_n_connected
                0x100063b4       0x2c CMakeFiles/fpga_msxtr_controller.dir/mnt/c/Users/hra/Documents/github/OTHERS/pico-sdk/lib/tinyusb/src/class/cdc/cdc_device.c.o
                0x100063b4                tud_cdc_n_connected
 .text.tud_cdc_n_available
                0x100063e0       0x14 CMakeFiles/fpga_msxtr_controller.dir/mnt/c/Users/hra/Documents/github/OTHERS/pico-sdk/lib/tinyusb/src/class/cdc/cdc_device.c.o
                0x100063e0                tud_cdc_n_available
 .text.tud_cdc_n_read
                0x100063f4       0x94 CMakeFiles/fpga_msxtr_controller.dir/mnt/c/Users/hra/Documents/github/OTHERS/pico-sdk/lib/tinyusb/src/class/cdc/cdc_device.c.o
                0x100063f4                tud_cdc_n_read
 .text.tud_cdc_n_write_flush
                0x10006488       0x74 CMakeFiles/fpga_msxtr_controller.dir/mnt/c/Users/hra/Documents/github/OTHERS/pico-sdk/lib/tinyusb/src/class/cdc/cdc_device.c.o
                0x10006488                tud_cdc_n_write_flush
 .text.tud_cdc_n_write
                0x100064fc       0x40 CMakeFiles/fpga_msxtr_controller.dir/mnt/c/Users/hra/Documents/github/OTHERS/pico-sdk/lib/tinyusb/src/class/cdc/cdc_device.c.o
                0x100064fc                tud_cdc_n_write
 .text.tud_cdc_n_write_available
                0x1000653c       0x14 CMakeFiles/fpga_msxtr_controller.dir/mnt/c/Users/hra/Documents/github/OTHERS/pico-sdk/lib/tinyusb/src/class/cdc/cdc_device.c.o
                0x1000653c                tud_cdc_n_write_available
 .text.cdcd_init
                0x10006550       0x70 CMakeFiles/fpga_msxtr_controller.dir/mnt/c/Users/hra/Documents/github/OTHERS/pico-sdk/lib/tinyusb/src/class/cdc/cdc_device.c.o
                0x10006550                cdcd_init
 .text.cdcd_deinit
                0x100065c0       0x34 CMakeFiles/fpga_msxtr_controller.dir/mnt/c/Users/hra/Documents/github/OTHERS/pico-sdk/lib/tinyusb/src/class/cdc/cdc_device.c.o
                0x100065c0                cdcd_deinit
 .text.cdcd_reset
                0x100065f4       0x4c CMakeFiles/fpga_msxtr_controller.dir/mnt/c/Users/hra/Documents/github/OTHERS/pico-sdk/lib/tinyusb/src/class/cdc/cdc_device.c.o
                0x100065f4                cdcd_reset
 .text.cdcd_open
                0x10006640       0xa8 CMakeFiles/fpga_msxtr_controller.dir/mnt/c/Users/hra/Documents/github/OTHERS/pico-sdk/lib/tinyusb/src/class/cdc/cdc_device.c.o
                0x10006640                cdcd_open
 .text.cdcd_control_xfer_cb
                0x100066e8       0xe8 CMakeFiles/fpga_msxtr_controller.dir/mnt/c/Users/hra/Documents/github/OTHERS/pico-sdk/lib/tinyusb/src/class/cdc/cdc_device.c.o
                0x100066e8                cdcd_control_xfer_cb
 .text.cdcd_xfer_cb
                0x100067d0      0x100 CMakeFiles/fpga_msxtr_controller.dir/mnt/c/Users/hra/Documents/github/OTHERS/pico-sdk/lib/tinyusb/src/class/cdc/cdc_device.c.o
                0x100067d0                cdcd_xfer_cb
 .text.vendord_init
                0x100068d0       0x5c CMakeFiles/fpga_msxtr_controller.dir/mnt/c/Users/hra/Documents/github/OTHERS/pico-sdk/lib/tinyusb/src/class/vendor/vendor_device.c.o
                0x100068d0                vendord_init
 .text.vendord_deinit
                0x1000692c       0x1c CMakeFiles/fpga_msxtr_controller.dir/mnt/c/Users/hra/Documents/github/OTHERS/pico-sdk/lib/tinyusb/src/class/vendor/vendor_device.c.o
                0x1000692c                vendord_deinit
 .text.vendord_reset
                0x10006948       0x28 CMakeFiles/fpga_msxtr_controller.dir/mnt/c/Users/hra/Documents/github/OTHERS/pico-sdk/lib/tinyusb/src/class/vendor/vendor_device.c.o
                0x10006948                vendord_reset
 .text.vendord_open
                0x10006970      0x128 CMakeFiles/fpga_msxtr_controller.dir/mnt/c/Users/hra/Documents/github/OTHERS/pico-sdk/lib/tinyusb/src/class/vendor/vendor_device.c.o
                0x10006970                vendord_open
 .text.vendord_xfer_cb
                0x10006a98       0x9c CMakeFiles/fpga_msxtr_controller.dir/mnt/c/Users/hra/Documents/github/OTHERS/pico-sdk/lib/tinyusb/src/class/vendor/vendor_device.c.o
                0x10006a98                vendord_xfer_cb
 .text.tusb_rhport_init
                0x10006b34       0x48 CMakeFiles/fpga_msxtr_controller.dir/mnt/c/Users/hra/Documents/github/OTHERS/pico-sdk/lib/tinyusb/src/tusb.c.o
                0x10006b34                tusb_rhport_init
 .text.tu_edpt_claim
                0x10006b7c       0x50 CMakeFiles/fpga_msxtr_controller.dir/mnt/c/Users/hra/Documents/github/OTHERS/pico-sdk/lib/tinyusb/src/tusb.c.o
                0x10006b7c                tu_edpt_claim
 .text.tu_edpt_release
                0x10006bcc       0x38 CMakeFiles/fpga_msxtr_controller.dir/mnt/c/Users/hra/Documents/github/OTHERS/pico-sdk/lib/tinyusb/src/tusb.c.o
                0x10006bcc                tu_edpt_release
 .text.tu_edpt_validate
                0x10006c04       0x7c CMakeFiles/fpga_msxtr_controller.dir/mnt/c/Users/hra/Documents/github/OTHERS/pico-sdk/lib/tinyusb/src/tusb.c.o
                0x10006c04                tu_edpt_validate
 .text.tu_edpt_bind_driver
                0x10006c80       0x34 CMakeFiles/fpga_msxtr_controller.dir/mnt/c/Users/hra/Documents/github/OTHERS/pico-sdk/lib/tinyusb/src/tusb.c.o
                0x10006c80                tu_edpt_bind_driver
 .text.tu_edpt_stream_init
                0x10006cb4       0x6c CMakeFiles/fpga_msxtr_controller.dir/mnt/c/Users/hra/Documents/github/OTHERS/pico-sdk/lib/tinyusb/src/tusb.c.o
                0x10006cb4                tu_edpt_stream_init
 .text.tu_edpt_stream_deinit
                0x10006d20        0x4 CMakeFiles/fpga_msxtr_controller.dir/mnt/c/Users/hra/Documents/github/OTHERS/pico-sdk/lib/tinyusb/src/tusb.c.o
                0x10006d20                tu_edpt_stream_deinit
 .text.tu_edpt_stream_write_zlp_if_needed
                0x10006d24       0x68 CMakeFiles/fpga_msxtr_controller.dir/mnt/c/Users/hra/Documents/github/OTHERS/pico-sdk/lib/tinyusb/src/tusb.c.o
                0x10006d24                tu_edpt_stream_write_zlp_if_needed
 .text.tu_edpt_stream_write_xfer
                0x10006d8c       0x64 CMakeFiles/fpga_msxtr_controller.dir/mnt/c/Users/hra/Documents/github/OTHERS/pico-sdk/lib/tinyusb/src/tusb.c.o
                0x10006d8c                tu_edpt_stream_write_xfer
 .text.tu_edpt_stream_read_xfer
                0x10006df0       0xdc CMakeFiles/fpga_msxtr_controller.dir/mnt/c/Users/hra/Documents/github/OTHERS/pico-sdk/lib/tinyusb/src/tusb.c.o
                0x10006df0                tu_edpt_stream_read_xfer
 .text.tu_fifo_config
                0x10006ecc       0x6c CMakeFiles/fpga_msxtr_controller.dir/mnt/c/Users/hra/Documents/github/OTHERS/pico-sdk/lib/tinyusb/src/common/tusb_fifo.c.o
                0x10006ecc                tu_fifo_config
 .text.tu_fifo_count
                0x10006f38       0x2c CMakeFiles/fpga_msxtr_controller.dir/mnt/c/Users/hra/Documents/github/OTHERS/pico-sdk/lib/tinyusb/src/common/tusb_fifo.c.o
                0x10006f38                tu_fifo_count
 .text.tu_fifo_empty
                0x10006f64       0x10 CMakeFiles/fpga_msxtr_controller.dir/mnt/c/Users/hra/Documents/github/OTHERS/pico-sdk/lib/tinyusb/src/common/tusb_fifo.c.o
                0x10006f64                tu_fifo_empty
 .text.tu_fifo_remaining
                0x10006f74       0x2c CMakeFiles/fpga_msxtr_controller.dir/mnt/c/Users/hra/Documents/github/OTHERS/pico-sdk/lib/tinyusb/src/common/tusb_fifo.c.o
                0x10006f74                tu_fifo_remaining
 .text.tu_fifo_read
                0x10006fa0       0x9c CMakeFiles/fpga_msxtr_controller.dir/mnt/c/Users/hra/Documents/github/OTHERS/pico-sdk/lib/tinyusb/src/common/tusb_fifo.c.o
                0x10006fa0                tu_fifo_read
 .text.tu_fifo_read_n
                0x1000703c       0xe8 CMakeFiles/fpga_msxtr_controller.dir/mnt/c/Users/hra/Documents/github/OTHERS/pico-sdk/lib/tinyusb/src/common/tusb_fifo.c.o
                0x1000703c                tu_fifo_read_n
 .text.tu_fifo_write
                0x10007124       0xa8 CMakeFiles/fpga_msxtr_controller.dir/mnt/c/Users/hra/Documents/github/OTHERS/pico-sdk/lib/tinyusb/src/common/tusb_fifo.c.o
                0x10007124                tu_fifo_write
 .text.tu_fifo_write_n
                0x100071cc      0x178 CMakeFiles/fpga_msxtr_controller.dir/mnt/c/Users/hra/Documents/github/OTHERS/pico-sdk/lib/tinyusb/src/common/tusb_fifo.c.o
                0x100071cc                tu_fifo_write_n
 .text.tu_fifo_clear
                0x10007344       0x40 CMakeFiles/fpga_msxtr_controller.dir/mnt/c/Users/hra/Documents/github/OTHERS/pico-sdk/lib/tinyusb/src/common/tusb_fifo.c.o
                0x10007344                tu_fifo_clear
 .text.tu_fifo_set_overwritable
                0x10007384       0x48 CMakeFiles/fpga_msxtr_controller.dir/mnt/c/Users/hra/Documents/github/OTHERS/pico-sdk/lib/tinyusb/src/common/tusb_fifo.c.o
                0x10007384                tu_fifo_set_overwritable
 .text.i2c_read_blocking_internal.constprop.0
                0x100073cc       0x98 CMakeFiles/fpga_msxtr_controller.dir/mnt/c/Users/hra/Documents/github/OTHERS/pico-sdk/src/rp2_common/hardware_i2c/i2c.c.o
 .text.i2c_write_blocking_internal.constprop.0
                0x10007464       0xd0 CMakeFiles/fpga_msxtr_controller.dir/mnt/c/Users/hra/Documents/github/OTHERS/pico-sdk/src/rp2_common/hardware_i2c/i2c.c.o
 .text.i2c_set_baudrate
                0x10007534       0xc0 CMakeFiles/fpga_msxtr_controller.dir/mnt/c/Users/hra/Documents/github/OTHERS/pico-sdk/src/rp2_common/hardware_i2c/i2c.c.o
                0x10007534                i2c_set_baudrate
 .text.i2c_init
                0x100075f4       0x50 CMakeFiles/fpga_msxtr_controller.dir/mnt/c/Users/hra/Documents/github/OTHERS/pico-sdk/src/rp2_common/hardware_i2c/i2c.c.o
                0x100075f4                i2c_init
 .text.i2c_write_blocking
                0x10007644       0x14 CMakeFiles/fpga_msxtr_controller.dir/mnt/c/Users/hra/Documents/github/OTHERS/pico-sdk/src/rp2_common/hardware_i2c/i2c.c.o
                0x10007644                i2c_write_blocking
 .text.i2c_read_blocking
                0x10007658       0x14 CMakeFiles/fpga_msxtr_controller.dir/mnt/c/Users/hra/Documents/github/OTHERS/pico-sdk/src/rp2_common/hardware_i2c/i2c.c.o
                0x10007658                i2c_read_blocking
 .text.spi_init
                0x1000766c      0x13c CMakeFiles/fpga_msxtr_controller.dir/mnt/c/Users/hra/Documents/github/OTHERS/pico-sdk/src/rp2_common/hardware_spi/spi.c.o
                0x1000766c                spi_init
 .text.spi_set_baudrate
                0x100077a8       0xdc CMakeFiles/fpga_msxtr_controller.dir/mnt/c/Users/hra/Documents/github/OTHERS/pico-sdk/src/rp2_common/hardware_spi/spi.c.o
                0x100077a8                spi_set_baudrate
 .text.core1_trampoline
                0x10007884        0x4 CMakeFiles/fpga_msxtr_controller.dir/mnt/c/Users/hra/Documents/github/OTHERS/pico-sdk/src/rp2_common/pico_multicore/multicore.c.o
 .text.core1_wrapper
                0x10007888        0xc CMakeFiles/fpga_msxtr_controller.dir/mnt/c/Users/hra/Documents/github/OTHERS/pico-sdk/src/rp2_common/pico_multicore/multicore.c.o
                0x10007888                core1_wrapper
 .text.multicore_launch_core1_raw
                0x10007894       0x84 CMakeFiles/fpga_msxtr_controller.dir/mnt/c/Users/hra/Documents/github/OTHERS/pico-sdk/src/rp2_common/pico_multicore/multicore.c.o
                0x10007894                multicore_launch_core1_raw
 .text.multicore_launch_core1
                0x10007918       0x58 CMakeFiles/fpga_msxtr_controller.dir/mnt/c/Users/hra/Documents/github/OTHERS/pico-sdk/src/rp2_common/pico_multicore/multicore.c.o
                0x10007918                multicore_launch_core1
 .text.ff_memalloc
                0x10007970        0x8 CMakeFiles/fpga_msxtr_controller.dir/_deps/no_os_fatfs-src/FatFs_SPI/ff15/source/ffsystem.c.o
                0x10007970                ff_memalloc
 .text.ff_memfree
                0x10007978        0x8 CMakeFiles/fpga_msxtr_controller.dir/_deps/no_os_fatfs-src/FatFs_SPI/ff15/source/ffsystem.c.o
                0x10007978                ff_memfree
 .text.ff_uni2oem
                0x10007980       0x40 CMakeFiles/fpga_msxtr_controller.dir/_deps/no_os_fatfs-src/FatFs_SPI/ff15/source/ffunicode.c.o
                0x10007980                ff_uni2oem
 .text.ff_oem2uni
                0x100079c0       0x2c CMakeFiles/fpga_msxtr_controller.dir/_deps/no_os_fatfs-src/FatFs_SPI/ff15/source/ffunicode.c.o
                0x100079c0                ff_oem2uni
 .text.ff_wtoupper
                0x100079ec       0xb8 CMakeFiles/fpga_msxtr_controller.dir/_deps/no_os_fatfs-src/FatFs_SPI/ff15/source/ffunicode.c.o
                0x100079ec                ff_wtoupper
 .text.inc_share
                0x10007aa4      0x37c CMakeFiles/fpga_msxtr_controller.dir/_deps/no_os_fatfs-src/FatFs_SPI/ff15/source/ff.c.o
 .text.put_utf  0x10007e20       0xe4 CMakeFiles/fpga_msxtr_controller.dir/_deps/no_os_fatfs-src/FatFs_SPI/ff15/source/ff.c.o
 .text.init_alloc_info.isra.0
                0x10007f04       0x6c CMakeFiles/fpga_msxtr_controller.dir/_deps/no_os_fatfs-src/FatFs_SPI/ff15/source/ff.c.o
 .text.move_window
                0x10007f70       0xc8 CMakeFiles/fpga_msxtr_controller.dir/_deps/no_os_fatfs-src/FatFs_SPI/ff15/source/ff.c.o
 .text.get_fat  0x10008038      0x1b0 CMakeFiles/fpga_msxtr_controller.dir/_deps/no_os_fatfs-src/FatFs_SPI/ff15/source/ff.c.o
 .text.dir_next.constprop.0
                0x100081e8       0xc4 CMakeFiles/fpga_msxtr_controller.dir/_deps/no_os_fatfs-src/FatFs_SPI/ff15/source/ff.c.o
 .text.get_fileinfo
                0x100082ac      0x340 CMakeFiles/fpga_msxtr_controller.dir/_deps/no_os_fatfs-src/FatFs_SPI/ff15/source/ff.c.o
 .text.check_fs
                0x100085ec      0x188 CMakeFiles/fpga_msxtr_controller.dir/_deps/no_os_fatfs-src/FatFs_SPI/ff15/source/ff.c.o
 .text.mount_volume
                0x10008774      0xaac CMakeFiles/fpga_msxtr_controller.dir/_deps/no_os_fatfs-src/FatFs_SPI/ff15/source/ff.c.o
 .text.load_xdir
                0x10009220      0x1c0 CMakeFiles/fpga_msxtr_controller.dir/_deps/no_os_fatfs-src/FatFs_SPI/ff15/source/ff.c.o
 .text.dir_read.constprop.0
                0x100093e0      0x55c CMakeFiles/fpga_msxtr_controller.dir/_deps/no_os_fatfs-src/FatFs_SPI/ff15/source/ff.c.o
 .text.dir_sdi  0x1000993c      0x2e0 CMakeFiles/fpga_msxtr_controller.dir/_deps/no_os_fatfs-src/FatFs_SPI/ff15/source/ff.c.o
 .text.dir_find
                0x10009c1c      0x47c CMakeFiles/fpga_msxtr_controller.dir/_deps/no_os_fatfs-src/FatFs_SPI/ff15/source/ff.c.o
 .text.follow_path
                0x1000a098      0x5b8 CMakeFiles/fpga_msxtr_controller.dir/_deps/no_os_fatfs-src/FatFs_SPI/ff15/source/ff.c.o
 .text.f_mount  0x1000a650      0x1c8 CMakeFiles/fpga_msxtr_controller.dir/_deps/no_os_fatfs-src/FatFs_SPI/ff15/source/ff.c.o
                0x1000a650                f_mount
 .text.f_opendir
                0x1000a818       0xfc CMakeFiles/fpga_msxtr_controller.dir/_deps/no_os_fatfs-src/FatFs_SPI/ff15/source/ff.c.o
                0x1000a818                f_opendir
 .text.f_closedir
                0x1000a914       0x70 CMakeFiles/fpga_msxtr_controller.dir/_deps/no_os_fatfs-src/FatFs_SPI/ff15/source/ff.c.o
                0x1000a914                f_closedir
 .text.f_readdir
                0x1000a984       0x8c CMakeFiles/fpga_msxtr_controller.dir/_deps/no_os_fatfs-src/FatFs_SPI/ff15/source/ff.c.o
                0x1000a984                f_readdir
 .text.f_getfree
                0x1000aa10      0x1d4 CMakeFiles/fpga_msxtr_controller.dir/_deps/no_os_fatfs-src/FatFs_SPI/ff15/source/ff.c.o
                0x1000aa10                f_getfree
 .text.sd_spi_go_high_frequency
                0x1000abe4       0x24 CMakeFiles/fpga_msxtr_controller.dir/_deps/no_os_fatfs-src/FatFs_SPI/sd_driver/sd_spi.c.o
                0x1000abe4                sd_spi_go_high_frequency
 .text.sd_spi_go_low_frequency
                0x1000ac08       0x28 CMakeFiles/fpga_msxtr_controller.dir/_deps/no_os_fatfs-src/FatFs_SPI/sd_driver/sd_spi.c.o
                0x1000ac08                sd_spi_go_low_frequency
 .text.sd_spi_deselect_pulse
                0x1000ac30       0x5c CMakeFiles/fpga_msxtr_controller.dir/_deps/no_os_fatfs-src/FatFs_SPI/sd_driver/sd_spi.c.o
                0x1000ac30                sd_spi_deselect_pulse
 .text.sd_spi_acquire
                0x1000ac8c       0x34 CMakeFiles/fpga_msxtr_controller.dir/_deps/no_os_fatfs-src/FatFs_SPI/sd_driver/sd_spi.c.o
                0x1000ac8c                sd_spi_acquire
 .text.sd_spi_release
                0x1000acc0       0x34 CMakeFiles/fpga_msxtr_controller.dir/_deps/no_os_fatfs-src/FatFs_SPI/sd_driver/sd_spi.c.o
                0x1000acc0                sd_spi_release
 .text.sd_spi_transfer
                0x1000acf4        0xc CMakeFiles/fpga_msxtr_controller.dir/_deps/no_os_fatfs-src/FatFs_SPI/sd_driver/sd_spi.c.o
                0x1000acf4                sd_spi_transfer
 .text.sd_spi_write
                0x1000ad00       0x44 CMakeFiles/fpga_msxtr_controller.dir/_deps/no_os_fatfs-src/FatFs_SPI/sd_driver/sd_spi.c.o
                0x1000ad00                sd_spi_write
 .text.sd_spi_send_initializing_sequence
                0x1000ad44       0x7c CMakeFiles/fpga_msxtr_controller.dir/_deps/no_os_fatfs-src/FatFs_SPI/sd_driver/sd_spi.c.o
                0x1000ad44                sd_spi_send_initializing_sequence
 .text.spi_lock
                0x1000adc0       0x30 CMakeFiles/fpga_msxtr_controller.dir/_deps/no_os_fatfs-src/FatFs_SPI/sd_driver/spi.c.o
                0x1000adc0                spi_lock
 .text.spi_unlock
                0x1000adf0       0x30 CMakeFiles/fpga_msxtr_controller.dir/_deps/no_os_fatfs-src/FatFs_SPI/sd_driver/spi.c.o
                0x1000adf0                spi_unlock
 .text.my_spi_init
                0x1000ae20      0x1c8 CMakeFiles/fpga_msxtr_controller.dir/_deps/no_os_fatfs-src/FatFs_SPI/sd_driver/spi.c.o
                0x1000ae20                my_spi_init
 .text.sd_write_block.constprop.0
                0x1000afe8       0xd4 CMakeFiles/fpga_msxtr_controller.dir/_deps/no_os_fatfs-src/FatFs_SPI/sd_driver/sd_card.c.o
 .text.sd_cmd   0x1000b0bc      0x4c8 CMakeFiles/fpga_msxtr_controller.dir/_deps/no_os_fatfs-src/FatFs_SPI/sd_driver/sd_card.c.o
 .text.sd_sectors_nolock
                0x1000b584      0x260 CMakeFiles/fpga_msxtr_controller.dir/_deps/no_os_fatfs-src/FatFs_SPI/sd_driver/sd_card.c.o
 .text.sd_read_blocks
                0x1000b7e4      0x22c CMakeFiles/fpga_msxtr_controller.dir/_deps/no_os_fatfs-src/FatFs_SPI/sd_driver/sd_card.c.o
                0x1000b7e4                sd_read_blocks
 .text.sd_write_blocks
                0x1000ba10      0x164 CMakeFiles/fpga_msxtr_controller.dir/_deps/no_os_fatfs-src/FatFs_SPI/sd_driver/sd_card.c.o
                0x1000ba10                sd_write_blocks
 .text.sd_init  0x1000bb74      0x338 CMakeFiles/fpga_msxtr_controller.dir/_deps/no_os_fatfs-src/FatFs_SPI/sd_driver/sd_card.c.o
 .text.sd_card_detect
                0x1000beac       0x44 CMakeFiles/fpga_msxtr_controller.dir/_deps/no_os_fatfs-src/FatFs_SPI/sd_driver/sd_card.c.o
                0x1000beac                sd_card_detect
 .text.sd_init_driver
                0x1000bef0      0x104 CMakeFiles/fpga_msxtr_controller.dir/_deps/no_os_fatfs-src/FatFs_SPI/sd_driver/sd_card.c.o
                0x1000bef0                sd_init_driver
 .text.crc7     0x1000bff4       0x28 CMakeFiles/fpga_msxtr_controller.dir/_deps/no_os_fatfs-src/FatFs_SPI/sd_driver/crc.c.o
                0x1000bff4                crc7
 .text.crc16    0x1000c01c       0x30 CMakeFiles/fpga_msxtr_controller.dir/_deps/no_os_fatfs-src/FatFs_SPI/sd_driver/crc.c.o
                0x1000c01c                crc16
 .text.disk_status
                0x1000c04c       0x18 CMakeFiles/fpga_msxtr_controller.dir/_deps/no_os_fatfs-src/FatFs_SPI/src/glue.c.o
                0x1000c04c                disk_status
 .text.disk_initialize
                0x1000c064       0x2c CMakeFiles/fpga_msxtr_controller.dir/_deps/no_os_fatfs-src/FatFs_SPI/src/glue.c.o
                0x1000c064                disk_initialize
 .text.disk_read
                0x1000c090       0x74 CMakeFiles/fpga_msxtr_controller.dir/_deps/no_os_fatfs-src/FatFs_SPI/src/glue.c.o
                0x1000c090                disk_read
 .text.disk_write
                0x1000c104       0x74 CMakeFiles/fpga_msxtr_controller.dir/_deps/no_os_fatfs-src/FatFs_SPI/src/glue.c.o
                0x1000c104                disk_write
 .text.my_printf
                0x1000c178       0x4c CMakeFiles/fpga_msxtr_controller.dir/_deps/no_os_fatfs-src/FatFs_SPI/src/my_debug.c.o
                0x1000c178                my_printf
 .text.my_assert_func
                0x1000c1c4       0x30 CMakeFiles/fpga_msxtr_controller.dir/_deps/no_os_fatfs-src/FatFs_SPI/src/my_debug.c.o
                0x1000c1c4                my_assert_func
 .text.dma_claim_unused_channel
                0x1000c1f4       0x24 CMakeFiles/fpga_msxtr_controller.dir/mnt/c/Users/hra/Documents/github/OTHERS/pico-sdk/src/rp2_common/hardware_dma/dma.c.o
                0x1000c1f4                dma_claim_unused_channel
 .text          0x1000c218       0xc4 /usr/lib/gcc/arm-none-eabi/13.2.1/../../../arm-none-eabi/lib/thumb/v6-m/nofp/libg.a(libc_a-strchr.o)
                0x1000c218                strchr
 .text          0x1000c2dc      0x1c4 /usr/lib/gcc/arm-none-eabi/13.2.1/../../../arm-none-eabi/lib/thumb/v6-m/nofp/libg.a(libc_a-fflush.o)
                0x1000c2dc                __sflush_r
                0x1000c424                _fflush_r
                0x1000c450                fflush
 .text          0x1000c4a0        0xc /usr/lib/gcc/arm-none-eabi/13.2.1/../../../arm-none-eabi/lib/thumb/v6-m/nofp/libg.a(libc_a-errno.o)
                0x1000c4a0                __errno
 .text          0x1000c4ac      0x5b4 /usr/lib/gcc/arm-none-eabi/13.2.1/../../../arm-none-eabi/lib/thumb/v6-m/nofp/libg.a(libc_a-mallocr.o)
                0x1000c4ac                _malloc_r
 .text          0x1000ca60      0x288 /usr/lib/gcc/arm-none-eabi/13.2.1/../../../arm-none-eabi/lib/thumb/v6-m/nofp/libg.a(libc_a-freer.o)
                0x1000ca60                _malloc_trim_r
                0x1000cb14                _free_r
 .text          0x1000cce8       0x48 /usr/lib/gcc/arm-none-eabi/13.2.1/../../../arm-none-eabi/lib/thumb/v6-m/nofp/libg.a(libc_a-memcmp.o)
                0x1000cce8                memcmp
 .text          0x1000cd30       0x28 /usr/lib/gcc/arm-none-eabi/13.2.1/../../../arm-none-eabi/lib/thumb/v6-m/nofp/libg.a(libc_a-malloc.o)
                0x1000cd30                malloc
                0x1000cd44                free
 .text          0x1000cd58       0x1c /usr/lib/gcc/arm-none-eabi/13.2.1/../../../arm-none-eabi/lib/thumb/v6-m/nofp/libg.a(libc_a-sysconf.o)
                0x1000cd58                sysconf
 .text          0x1000cd74        0x8 /usr/lib/gcc/arm-none-eabi/13.2.1/../../../arm-none-eabi/lib/thumb/v6-m/nofp/libg.a(libc_a-mlock.o)
                0x1000cd74                __malloc_lock
                0x1000cd78                __malloc_unlock
 .text          0x1000cd7c      0x258 /usr/lib/gcc/arm-none-eabi/13.2.1/../../../arm-none-eabi/lib/thumb/v6-m/nofp/libg.a(libc_a-findfp.o)
                0x1000ced8                __sfp
                0x1000cf78                __sinit
                0x1000cf9c                __sfp_lock_acquire
                0x1000cfa0                __sfp_lock_release
                0x1000cfa4                __fp_lock_all
                0x1000cfbc                __fp_unlock_all
 .text          0x1000cfd4       0x10 /usr/lib/gcc/arm-none-eabi/13.2.1/../../../arm-none-eabi/lib/thumb/v6-m/nofp/libg.a(libc_a-atexit.o)
                0x1000cfd4                atexit
 .text          0x1000cfe4       0x5c /usr/lib/gcc/arm-none-eabi/13.2.1/../../../arm-none-eabi/lib/thumb/v6-m/nofp/libg.a(libc_a-strlen-stub.o)
                0x1000cfe4                strlen
 .text          0x1000d040       0x24 /usr/lib/gcc/arm-none-eabi/13.2.1/../../../arm-none-eabi/lib/thumb/v6-m/nofp/libg.a(libc_a-sbrkr.o)
                0x1000d040                _sbrk_r
 .text          0x1000d064       0x28 /usr/lib/gcc/arm-none-eabi/13.2.1/../../../arm-none-eabi/lib/thumb/v6-m/nofp/libg.a(libc_a-fini.o)
                0x1000d064                __libc_fini_array
 .text          0x1000d08c       0x44 /usr/lib/gcc/arm-none-eabi/13.2.1/../../../arm-none-eabi/lib/thumb/v6-m/nofp/libg.a(libc_a-fwalk.o)
                0x1000d08c                _fwalk_sglue
 .text          0x1000d0d0       0xa4 /usr/lib/gcc/arm-none-eabi/13.2.1/../../../arm-none-eabi/lib/thumb/v6-m/nofp/libg.a(libc_a-fclose.o)
                0x1000d0d0                _fclose_r
                0x1000d160                fclose
 .text          0x1000d174       0xa8 /usr/lib/gcc/arm-none-eabi/13.2.1/../../../arm-none-eabi/lib/thumb/v6-m/nofp/libg.a(libc_a-stdio.o)
                0x1000d174                __sread
                0x1000d19c                __seofread
                0x1000d1a0                __swrite
                0x1000d1e0                __sseek
                0x1000d210                __sclose
 .text          0x1000d21c       0x78 /usr/lib/gcc/arm-none-eabi/13.2.1/../../../arm-none-eabi/lib/thumb/v6-m/nofp/libg.a(libc_a-__atexit.o)
                0x1000d21c                __register_exitproc
 .text          0x1000d294       0x28 /usr/lib/gcc/arm-none-eabi/13.2.1/../../../arm-none-eabi/lib/thumb/v6-m/nofp/libg.a(libc_a-writer.o)
                0x1000d294                _write_r
 .text          0x1000d2bc       0x24 /usr/lib/gcc/arm-none-eabi/13.2.1/../../../arm-none-eabi/lib/thumb/v6-m/nofp/libg.a(libc_a-closer.o)
                0x1000d2bc                _close_r
 .text          0x1000d2e0       0x28 /usr/lib/gcc/arm-none-eabi/13.2.1/../../../arm-none-eabi/lib/thumb/v6-m/nofp/libg.a(libc_a-readr.o)
                0x1000d2e0                _read_r
 .text          0x1000d308       0x28 /usr/lib/gcc/arm-none-eabi/13.2.1/../../../arm-none-eabi/lib/thumb/v6-m/nofp/libg.a(libc_a-lseekr.o)
                0x1000d308                _lseek_r
 .text.startup  0x1000d330       0x18 /usr/lib/gcc/arm-none-eabi/13.2.1/../../../arm-none-eabi/lib/thumb/v6-m/nofp/libg.a(libc_a-__call_atexit.o)
 *(.fini)
 .fini          0x1000d348        0x4 /usr/lib/gcc/arm-none-eabi/13.2.1/thumb/v6-m/nofp/crti.o
                0x1000d348                _fini
 *fill*         0x1000d34c        0x4 
 .fini.__stub   0x1000d350       0xf0 linker stubs
 *crtbegin.o(.ctors)
 *crtbegin?.o(.ctors)
 *(EXCLUDE_FILE(*crtend.o *crtend?.o) .ctors)
 *(SORT_BY_NAME(.ctors.*))
 *(.ctors)
 *crtbegin.o(.dtors)
 *crtbegin?.o(.dtors)
 *(EXCLUDE_FILE(*crtend.o *crtend?.o) .dtors)
 *(SORT_BY_NAME(.dtors.*))
 *(.dtors)
                0x1000d440                        . = ALIGN (0x4)
                0x1000d440                        PROVIDE (__preinit_array_start = .)
 *(SORT_BY_NAME(.preinit_array.*))
 .preinit_array.00100
                0x1000d440        0x4 CMakeFiles/fpga_msxtr_controller.dir/mnt/c/Users/hra/Documents/github/OTHERS/pico-sdk/src/rp2_common/pico_runtime_init/runtime_init.c.o
                0x1000d440                __pre_init_runtime_init_early_resets
 .preinit_array.00101
                0x1000d444        0x4 CMakeFiles/fpga_msxtr_controller.dir/mnt/c/Users/hra/Documents/github/OTHERS/pico-sdk/src/rp2_common/pico_runtime_init/runtime_init.c.o
                0x1000d444                __pre_init_runtime_init_usb_power_down
 .preinit_array.00275
                0x1000d448        0x4 CMakeFiles/fpga_msxtr_controller.dir/mnt/c/Users/hra/Documents/github/OTHERS/pico-sdk/src/rp2_common/pico_bit_ops/bit_ops_aeabi.S.o
 .preinit_array.00300
                0x1000d44c        0x4 CMakeFiles/fpga_msxtr_controller.dir/mnt/c/Users/hra/Documents/github/OTHERS/pico-sdk/src/rp2_common/pico_mem_ops/mem_ops_aeabi.S.o
 .preinit_array.00350
                0x1000d450        0x4 CMakeFiles/fpga_msxtr_controller.dir/mnt/c/Users/hra/Documents/github/OTHERS/pico-sdk/src/rp2_common/pico_double/double_aeabi_rp2040.S.o
 .preinit_array.00350
                0x1000d454        0x4 CMakeFiles/fpga_msxtr_controller.dir/mnt/c/Users/hra/Documents/github/OTHERS/pico-sdk/src/rp2_common/pico_float/float_aeabi_rp2040.S.o
 .preinit_array.00500
                0x1000d458        0x4 CMakeFiles/fpga_msxtr_controller.dir/mnt/c/Users/hra/Documents/github/OTHERS/pico-sdk/src/rp2_common/pico_runtime_init/runtime_init.c.o
                0x1000d458                __pre_init_runtime_init_clocks
 .preinit_array.00600
                0x1000d45c        0x4 CMakeFiles/fpga_msxtr_controller.dir/mnt/c/Users/hra/Documents/github/OTHERS/pico-sdk/src/rp2_common/pico_runtime_init/runtime_init.c.o
                0x1000d45c                __pre_init_runtime_init_post_clock_resets
 .preinit_array.00700
                0x1000d460        0x4 CMakeFiles/fpga_msxtr_controller.dir/mnt/c/Users/hra/Documents/github/OTHERS/pico-sdk/src/rp2_common/pico_runtime_init/runtime_init.c.o
                0x1000d460                __pre_init_runtime_init_rp2040_gpio_ie_disable
 .preinit_array.01000
                0x1000d464        0x4 CMakeFiles/fpga_msxtr_controller.dir/mnt/c/Users/hra/Documents/github/OTHERS/pico-sdk/src/rp2_common/pico_runtime_init/runtime_init.c.o
                0x1000d464                __pre_init_runtime_init_spin_locks_reset
 .preinit_array.01100
                0x1000d468        0x4 CMakeFiles/fpga_msxtr_controller.dir/mnt/c/Users/hra/Documents/github/OTHERS/pico-sdk/src/common/pico_sync/mutex.c.o
                0x1000d468                __pre_init_runtime_init_mutex
 .preinit_array.10080
                0x1000d46c        0x4 CMakeFiles/fpga_msxtr_controller.dir/mnt/c/Users/hra/Documents/github/OTHERS/pico-sdk/src/rp2_common/pico_runtime_init/runtime_init.c.o
                0x1000d46c                __pre_init_runtime_init_install_ram_vector_table
 .preinit_array.11000
                0x1000d470        0x4 CMakeFiles/fpga_msxtr_controller.dir/mnt/c/Users/hra/Documents/github/OTHERS/pico-sdk/src/common/pico_time/time.c.o
                0x1000d470                __pre_init_runtime_init_default_alarm_pool
 .preinit_array.YYYYY
                0x1000d474        0x4 CMakeFiles/fpga_msxtr_controller.dir/mnt/c/Users/hra/Documents/github/OTHERS/pico-sdk/src/rp2_common/pico_runtime/runtime.c.o
                0x1000d474                __pre_init_first_per_core_initializer
 .preinit_array.ZZZZZ.01200
                0x1000d478        0x4 CMakeFiles/fpga_msxtr_controller.dir/mnt/c/Users/hra/Documents/github/OTHERS/pico-sdk/src/rp2_common/hardware_irq/irq.c.o
                0x1000d478                __pre_init_runtime_init_per_core_irq_priorities
 *(.preinit_array)
                0x1000d47c                        PROVIDE (__preinit_array_end = .)
                0x1000d47c                        . = ALIGN (0x4)
                0x1000d47c                        PROVIDE (__init_array_start = .)
 *(SORT_BY_NAME(.init_array.*))
 .init_array.00000
                0x1000d47c        0x4 /usr/lib/gcc/arm-none-eabi/13.2.1/../../../arm-none-eabi/lib/thumb/v6-m/nofp/libg.a(libc_a-__call_atexit.o)
 .init_array.01000
                0x1000d480        0x4 CMakeFiles/fpga_msxtr_controller.dir/mnt/c/Users/hra/Documents/github/OTHERS/pico-sdk/src/rp2_common/pico_unique_id/unique_id.c.o
 *(.init_array)
 .init_array    0x1000d484        0x4 /usr/lib/gcc/arm-none-eabi/13.2.1/thumb/v6-m/nofp/crtbegin.o
                0x1000d488                        PROVIDE (__init_array_end = .)
                0x1000d488                        . = ALIGN (0x4)
                0x1000d488                        PROVIDE (__fini_array_start = .)
 *(SORT_BY_NAME(.fini_array.*))
 *(.fini_array)
                0x1000d488                        PROVIDE (__fini_array_end = .)
 *(.eh_frame*)
 .eh_frame      0x1000d488        0x0 /usr/lib/gcc/arm-none-eabi/13.2.1/thumb/v6-m/nofp/crtbegin.o
                0x1000d488                        . = ALIGN (0x4)

.glue_7         0x1000d488        0x0
 .glue_7        0x1000d488        0x0 linker stubs

.glue_7t        0x1000d488        0x0
 .glue_7t       0x1000d488        0x0 linker stubs

.vfp11_veneer   0x1000d488        0x0
 .vfp11_veneer  0x1000d488        0x0 linker stubs

.v4_bx          0x1000d488        0x0
 .v4_bx         0x1000d488        0x0 linker stubs

.iplt           0x1000d488        0x0
 .iplt          0x1000d488        0x0 /usr/lib/gcc/arm-none-eabi/13.2.1/thumb/v6-m/nofp/crtbegin.o

.rodata         0x1000d488     0x2270
 *(EXCLUDE_FILE(*libm.a: *libc.a:*lib_a-mem*.o *libgcc.a:) .rodata*)
 .rodata.dir_sd_root.str1.4
                0x1000d488      0xcfa CMakeFiles/fpga_msxtr_controller.dir/fpga_msxtr_controller.c.o
                                 0xe7 (size before relaxing)
 .rodata.main.str1.4
                0x1000e182       0x2c CMakeFiles/fpga_msxtr_controller.dir/fpga_msxtr_controller.c.o
 .rodata.vdp_set_screen1_message.str1.4
                0x1000e182        0xe CMakeFiles/fpga_msxtr_controller.dir/vdp_control.c.o
 *fill*         0x1000e182        0x2 
 .rodata.vdp_screen1_font
                0x1000e184      0x810 CMakeFiles/fpga_msxtr_controller.dir/vdp_control.c.o
 .rodata.vdp_screen1
                0x1000e994       0x30 CMakeFiles/fpga_msxtr_controller.dir/vdp_control.c.o
 .rodata.str1.4
                0x1000e9c4        0x3 CMakeFiles/fpga_msxtr_controller.dir/hw_config.c.o
 .rodata.panic.str1.4
                0x1000e9c4       0x12 CMakeFiles/fpga_msxtr_controller.dir/mnt/c/Users/hra/Documents/github/OTHERS/pico-sdk/src/rp2_common/pico_platform_panic/panic.c.o
 .rodata.spin_lock_claim_unused.str1.4
                0x1000e9c4       0x1b CMakeFiles/fpga_msxtr_controller.dir/mnt/c/Users/hra/Documents/github/OTHERS/pico-sdk/src/rp2_common/hardware_sync/sync.c.o
 .rodata.user_irq_claim_unused.str1.4
                0x1000e9c4       0x1b CMakeFiles/fpga_msxtr_controller.dir/mnt/c/Users/hra/Documents/github/OTHERS/pico-sdk/src/rp2_common/hardware_irq/irq.c.o
 *fill*         0x1000e9c4        0x4 
 .rodata.at_the_end_of_time
                0x1000e9c8        0x8 CMakeFiles/fpga_msxtr_controller.dir/mnt/c/Users/hra/Documents/github/OTHERS/pico-sdk/src/common/pico_time/time.c.o
                0x1000e9c8                at_the_end_of_time
 .rodata.timer_hardware_alarm_claim.str1.4
                0x1000e9d0       0x22 CMakeFiles/fpga_msxtr_controller.dir/mnt/c/Users/hra/Documents/github/OTHERS/pico-sdk/src/rp2_common/hardware_timer/timer.c.o
 .rodata.hard_assertion_failure.str1.4
                0x1000e9d0        0xc CMakeFiles/fpga_msxtr_controller.dir/mnt/c/Users/hra/Documents/github/OTHERS/pico-sdk/src/rp2_common/pico_runtime/runtime.c.o
 .rodata.__wrap_malloc.str1.4
                0x1000e9d0        0xe CMakeFiles/fpga_msxtr_controller.dir/mnt/c/Users/hra/Documents/github/OTHERS/pico-sdk/src/rp2_common/pico_malloc/malloc.c.o
 .rodata.str1.4
                0x1000e9d0       0x4c CMakeFiles/fpga_msxtr_controller.dir/mnt/c/Users/hra/Documents/github/OTHERS/pico-sdk/src/rp2_common/pico_standard_binary_info/standard_binary_info.c.o
 .rodata.__bi_84
                0x1000e9d0        0xc CMakeFiles/fpga_msxtr_controller.dir/mnt/c/Users/hra/Documents/github/OTHERS/pico-sdk/src/rp2_common/pico_standard_binary_info/standard_binary_info.c.o
 .rodata.__bi_78
                0x1000e9dc        0xc CMakeFiles/fpga_msxtr_controller.dir/mnt/c/Users/hra/Documents/github/OTHERS/pico-sdk/src/rp2_common/pico_standard_binary_info/standard_binary_info.c.o
 .rodata.__bi_54
                0x1000e9e8        0xc CMakeFiles/fpga_msxtr_controller.dir/mnt/c/Users/hra/Documents/github/OTHERS/pico-sdk/src/rp2_common/pico_standard_binary_info/standard_binary_info.c.o
 .rodata.__bi_48
                0x1000e9f4        0xc CMakeFiles/fpga_msxtr_controller.dir/mnt/c/Users/hra/Documents/github/OTHERS/pico-sdk/src/rp2_common/pico_standard_binary_info/standard_binary_info.c.o
 .rodata.__bi_42
                0x1000ea00        0xc CMakeFiles/fpga_msxtr_controller.dir/mnt/c/Users/hra/Documents/github/OTHERS/pico-sdk/src/rp2_common/pico_standard_binary_info/standard_binary_info.c.o
 .rodata.__bi_34
                0x1000ea0c        0xc CMakeFiles/fpga_msxtr_controller.dir/mnt/c/Users/hra/Documents/github/OTHERS/pico-sdk/src/rp2_common/pico_standard_binary_info/standard_binary_info.c.o
 .rodata.__bi_26
                0x1000ea18        0xc CMakeFiles/fpga_msxtr_controller.dir/mnt/c/Users/hra/Documents/github/OTHERS/pico-sdk/src/rp2_common/pico_standard_binary_info/standard_binary_info.c.o
 .rodata._ftoa.str1.4
                0x1000ea24       0x15 CMakeFiles/fpga_msxtr_controller.dir/mnt/c/Users/hra/Documents/github/OTHERS/pico-sdk/src/rp2_common/pico_printf/printf.c.o
 .rodata._vsnprintf
                0x1000ea24      0x19c CMakeFiles/fpga_msxtr_controller.dir/mnt/c/Users/hra/Documents/github/OTHERS/pico-sdk/src/rp2_common/pico_printf/printf.c.o
 .rodata.pow10.0
                0x1000ebc0       0x50 CMakeFiles/fpga_msxtr_controller.dir/mnt/c/Users/hra/Documents/github/OTHERS/pico-sdk/src/rp2_common/pico_printf/printf.c.o
 .rodata.crlf_str.0
                0x1000ec10        0x2 CMakeFiles/fpga_msxtr_controller.dir/mnt/c/Users/hra/Documents/github/OTHERS/pico-sdk/src/rp2_common/pico_stdio/stdio.c.o
 *fill*         0x1000ec12        0x2 
 .rodata._resetd_driver
                0x1000ec14       0x20 CMakeFiles/fpga_msxtr_controller.dir/mnt/c/Users/hra/Documents/github/OTHERS/pico-sdk/src/rp2_common/pico_stdio_usb/reset_interface.c.o
 .rodata.desc_ms_os_20
                0x1000ec34       0xa6 CMakeFiles/fpga_msxtr_controller.dir/mnt/c/Users/hra/Documents/github/OTHERS/pico-sdk/src/rp2_common/pico_stdio_usb/reset_interface.c.o
 *fill*         0x1000ecda        0x2 
 .rodata.desc_bos
                0x1000ecdc       0x21 CMakeFiles/fpga_msxtr_controller.dir/mnt/c/Users/hra/Documents/github/OTHERS/pico-sdk/src/rp2_common/pico_stdio_usb/reset_interface.c.o
                0x1000ecdc                desc_bos
 .rodata.str1.4
                0x1000ecfd       0x13 CMakeFiles/fpga_msxtr_controller.dir/mnt/c/Users/hra/Documents/github/OTHERS/pico-sdk/src/rp2_common/pico_stdio_usb/stdio_usb.c.o
 *fill*         0x1000ecfd        0x3 
 .rodata.__bi_202.0
                0x1000ed00        0xc CMakeFiles/fpga_msxtr_controller.dir/mnt/c/Users/hra/Documents/github/OTHERS/pico-sdk/src/rp2_common/pico_stdio_usb/stdio_usb.c.o
 .rodata.str1.4
                0x1000ed0c       0x2a CMakeFiles/fpga_msxtr_controller.dir/mnt/c/Users/hra/Documents/github/OTHERS/pico-sdk/src/rp2_common/pico_stdio_usb/stdio_usb_descriptors.c.o
 .rodata.usbd_desc_str
                0x1000ed0c       0x18 CMakeFiles/fpga_msxtr_controller.dir/mnt/c/Users/hra/Documents/github/OTHERS/pico-sdk/src/rp2_common/pico_stdio_usb/stdio_usb_descriptors.c.o
 .rodata.usbd_desc_cfg
                0x1000ed24       0x54 CMakeFiles/fpga_msxtr_controller.dir/mnt/c/Users/hra/Documents/github/OTHERS/pico-sdk/src/rp2_common/pico_stdio_usb/stdio_usb_descriptors.c.o
 .rodata.usbd_desc_device
                0x1000ed78       0x12 CMakeFiles/fpga_msxtr_controller.dir/mnt/c/Users/hra/Documents/github/OTHERS/pico-sdk/src/rp2_common/pico_stdio_usb/stdio_usb_descriptors.c.o
 .rodata.str1.4
                0x1000ed8a       0x14 CMakeFiles/fpga_msxtr_controller.dir/mnt/c/Users/hra/Documents/github/OTHERS/pico-sdk/lib/tinyusb/src/portable/raspberrypi/rp2040/dcd_rp2040.c.o
 .rodata.str1.4
                0x1000ed8a       0x48 CMakeFiles/fpga_msxtr_controller.dir/mnt/c/Users/hra/Documents/github/OTHERS/pico-sdk/lib/tinyusb/src/portable/raspberrypi/rp2040/rp2040_usb.c.o
 *fill*         0x1000ed8a        0x2 
 .rodata.tud_task_ext