GowinSynthesis start
Running parser ...
Analyzing Verilog file 'C:\Users\hra\Documents\github\HRA_product\FPGA_MSXtR\labo\FPGA_MSXtR_CPU_Stack_000\src\FPGA_MSXtR_CPU_Stack.v'
Analyzing Verilog file 'C:\Users\hra\Documents\github\HRA_product\FPGA_MSXtR\labo\FPGA_MSXtR_CPU_Stack_000\src\cr800\cr800.v'
Analyzing Verilog file 'C:\Users\hra\Documents\github\HRA_product\FPGA_MSXtR\labo\FPGA_MSXtR_CPU_Stack_000\src\cr800\cr800_alu.v'
Analyzing Verilog file 'C:\Users\hra\Documents\github\HRA_product\FPGA_MSXtR\labo\FPGA_MSXtR_CPU_Stack_000\src\cr800\cr800_inst.v'
Analyzing Verilog file 'C:\Users\hra\Documents\github\HRA_product\FPGA_MSXtR\labo\FPGA_MSXtR_CPU_Stack_000\src\cr800\cr800_mcode.v'
Analyzing Verilog file 'C:\Users\hra\Documents\github\HRA_product\FPGA_MSXtR\labo\FPGA_MSXtR_CPU_Stack_000\src\cr800\cr800_reg.v'
Analyzing Verilog file 'C:\Users\hra\Documents\github\HRA_product\FPGA_MSXtR\labo\FPGA_MSXtR_CPU_Stack_000\src\cz80\cz80.v'
Analyzing Verilog file 'C:\Users\hra\Documents\github\HRA_product\FPGA_MSXtR\labo\FPGA_MSXtR_CPU_Stack_000\src\cz80\cz80_alu.v'
Analyzing Verilog file 'C:\Users\hra\Documents\github\HRA_product\FPGA_MSXtR\labo\FPGA_MSXtR_CPU_Stack_000\src\cz80\cz80_inst.v'
Analyzing Verilog file 'C:\Users\hra\Documents\github\HRA_product\FPGA_MSXtR\labo\FPGA_MSXtR_CPU_Stack_000\src\cz80\cz80_mcode.v'
Analyzing Verilog file 'C:\Users\hra\Documents\github\HRA_product\FPGA_MSXtR\labo\FPGA_MSXtR_CPU_Stack_000\src\cz80\cz80_reg.v'
Analyzing Verilog file 'C:\Users\hra\Documents\github\HRA_product\FPGA_MSXtR\labo\FPGA_MSXtR_CPU_Stack_000\src\extio\extio.v'
Analyzing Verilog file 'C:\Users\hra\Documents\github\HRA_product\FPGA_MSXtR\labo\FPGA_MSXtR_CPU_Stack_000\src\gowin_pll\gowin_pll.v'
Analyzing Verilog file 'C:\Users\hra\Documents\github\HRA_product\FPGA_MSXtR\labo\FPGA_MSXtR_CPU_Stack_000\src\gowin_pll\gowin_pll_mod.v'
Analyzing Verilog file 'C:\Users\hra\Documents\github\HRA_product\FPGA_MSXtR\labo\FPGA_MSXtR_CPU_Stack_000\src\msx_slot\msx_slot.v'
Analyzing Verilog file 'C:\Users\hra\Documents\github\HRA_product\FPGA_MSXtR\labo\FPGA_MSXtR_CPU_Stack_000\src\pll_init.v'
Analyzing Verilog file 'C:\Users\hra\Documents\github\HRA_product\FPGA_MSXtR\labo\FPGA_MSXtR_CPU_Stack_000\src\s2026\s2026.v'
Undeclared symbol 'kanji1_en', assumed default net type 'wire'("C:\Users\hra\Documents\github\HRA_product\FPGA_MSXtR\labo\FPGA_MSXtR_CPU_Stack_000\src\s2026\s2026.v":685)
Undeclared symbol 'kanji2_en', assumed default net type 'wire'("C:\Users\hra\Documents\github\HRA_product\FPGA_MSXtR\labo\FPGA_MSXtR_CPU_Stack_000\src\s2026\s2026.v":686)
Analyzing Verilog file 'C:\Users\hra\Documents\github\HRA_product\FPGA_MSXtR\labo\FPGA_MSXtR_CPU_Stack_000\src\s2026\s2026_cpu_select.v'
Analyzing Verilog file 'C:\Users\hra\Documents\github\HRA_product\FPGA_MSXtR\labo\FPGA_MSXtR_CPU_Stack_000\src\spi\ip_spi.v'
Analyzing Verilog file 'C:\Users\hra\Documents\github\HRA_product\FPGA_MSXtR\labo\FPGA_MSXtR_CPU_Stack_000\src\spi\spi.v'
Analyzing Verilog file 'C:\Users\hra\Documents\github\HRA_product\FPGA_MSXtR\labo\FPGA_MSXtR_CPU_Stack_000\src\spi_rom\ip_spi_rom.v'
Analyzing Verilog file 'C:\Users\hra\Documents\github\HRA_product\FPGA_MSXtR\labo\FPGA_MSXtR_CPU_Stack_000\src\ssram\ssram.v'
Analyzing Verilog file 'C:\Users\hra\Documents\github\HRA_product\FPGA_MSXtR\labo\FPGA_MSXtR_CPU_Stack_000\src\bootrom\bootrom.v'
Analyzing Verilog file 'C:\Users\hra\Documents\github\HRA_product\FPGA_MSXtR\labo\FPGA_MSXtR_CPU_Stack_000\src\bootrom\ram.v'
Analyzing Verilog file 'C:\Users\hra\Documents\github\HRA_product\FPGA_MSXtR\labo\FPGA_MSXtR_CPU_Stack_000\src\bootrom\rom.v'
Analyzing included file 'C:\Users\hra\Documents\github\HRA_product\FPGA_MSXtR\labo\FPGA_MSXtR_CPU_Stack_000\src\bootrom\bootrom.vh'("C:\Users\hra\Documents\github\HRA_product\FPGA_MSXtR\labo\FPGA_MSXtR_CPU_Stack_000\src\bootrom\rom.v":55)
Back to file 'C:\Users\hra\Documents\github\HRA_product\FPGA_MSXtR\labo\FPGA_MSXtR_CPU_Stack_000\src\bootrom\rom.v'("C:\Users\hra\Documents\github\HRA_product\FPGA_MSXtR\labo\FPGA_MSXtR_CPU_Stack_000\src\bootrom\rom.v":55)
Compiling module 'fpga_msxtr_cpu_stack'("C:\Users\hra\Documents\github\HRA_product\FPGA_MSXtR\labo\FPGA_MSXtR_CPU_Stack_000\src\FPGA_MSXtR_CPU_Stack.v":24)
Compiling module 'Gowin_PLL'("C:\Users\hra\Documents\github\HRA_product\FPGA_MSXtR\labo\FPGA_MSXtR_CPU_Stack_000\src\gowin_pll\gowin_pll.v":1)
Compiling module 'Gowin_PLL_MOD'("C:\Users\hra\Documents\github\HRA_product\FPGA_MSXtR\labo\FPGA_MSXtR_CPU_Stack_000\src\gowin_pll\gowin_pll_mod.v":11)
Compiling module 'PLL_INIT(MULTI_FAC=30)'("C:\Users\hra\Documents\github\HRA_product\FPGA_MSXtR\labo\FPGA_MSXtR_CPU_Stack_000\src\pll_init.v":4)
Compiling module 'ip_spi'("C:\Users\hra\Documents\github\HRA_product\FPGA_MSXtR\labo\FPGA_MSXtR_CPU_Stack_000\src\spi\ip_spi.v":34)
Compiling module 'spi'("C:\Users\hra\Documents\github\HRA_product\FPGA_MSXtR\labo\FPGA_MSXtR_CPU_Stack_000\src\spi\spi.v":38)
Compiling module 'bootrom'("C:\Users\hra\Documents\github\HRA_product\FPGA_MSXtR\labo\FPGA_MSXtR_CPU_Stack_000\src\bootrom\bootrom.v":34)
Compiling module 'rom'("C:\Users\hra\Documents\github\HRA_product\FPGA_MSXtR\labo\FPGA_MSXtR_CPU_Stack_000\src\bootrom\rom.v":34)
Compiling module 'ip_ram'("C:\Users\hra\Documents\github\HRA_product\FPGA_MSXtR\labo\FPGA_MSXtR_CPU_Stack_000\src\bootrom\ram.v":34)
NOTE  (EX0101) : Current top module is "fpga_msxtr_cpu_stack"
WARN  (EX0211) : The output port "sram_ce0_n" of module "fpga_msxtr_cpu_stack" has no driver, assigning undriven bits to Z, simulation mismatch possible("C:\Users\hra\Documents\github\HRA_product\FPGA_MSXtR\labo\FPGA_MSXtR_CPU_Stack_000\src\FPGA_MSXtR_CPU_Stack.v":34)
WARN  (EX0211) : The output port "sram_ce1_n" of module "fpga_msxtr_cpu_stack" has no driver, assigning undriven bits to Z, simulation mismatch possible("C:\Users\hra\Documents\github\HRA_product\FPGA_MSXtR\labo\FPGA_MSXtR_CPU_Stack_000\src\FPGA_MSXtR_CPU_Stack.v":35)
WARN  (EX0211) : The output port "sram_ce2_n" of module "fpga_msxtr_cpu_stack" has no driver, assigning undriven bits to Z, simulation mismatch possible("C:\Users\hra\Documents\github\HRA_product\FPGA_MSXtR\labo\FPGA_MSXtR_CPU_Stack_000\src\FPGA_MSXtR_CPU_Stack.v":36)
WARN  (EX0211) : The output port "sram_ce3_n" of module "fpga_msxtr_cpu_stack" has no driver, assigning undriven bits to Z, simulation mismatch possible("C:\Users\hra\Documents\github\HRA_product\FPGA_MSXtR\labo\FPGA_MSXtR_CPU_Stack_000\src\FPGA_MSXtR_CPU_Stack.v":37)
WARN  (EX0211) : The output port "sram_sclk" of module "fpga_msxtr_cpu_stack" has no driver, assigning undriven bits to Z, simulation mismatch possible("C:\Users\hra\Documents\github\HRA_product\FPGA_MSXtR\labo\FPGA_MSXtR_CPU_Stack_000\src\FPGA_MSXtR_CPU_Stack.v":38)
WARN  (EX0211) : The output port "slot_m1_n" of module "fpga_msxtr_cpu_stack" has no driver, assigning undriven bits to Z, simulation mismatch possible("C:\Users\hra\Documents\github\HRA_product\FPGA_MSXtR\labo\FPGA_MSXtR_CPU_Stack_000\src\FPGA_MSXtR_CPU_Stack.v":41)
WARN  (EX0211) : The output port "slot_oe_n" of module "fpga_msxtr_cpu_stack" has no driver, assigning undriven bits to Z, simulation mismatch possible("C:\Users\hra\Documents\github\HRA_product\FPGA_MSXtR\labo\FPGA_MSXtR_CPU_Stack_000\src\FPGA_MSXtR_CPU_Stack.v":42)
WARN  (EX0211) : The output port "slot_sltsl0_n" of module "fpga_msxtr_cpu_stack" has no driver, assigning undriven bits to Z, simulation mismatch possible("C:\Users\hra\Documents\github\HRA_product\FPGA_MSXtR\labo\FPGA_MSXtR_CPU_Stack_000\src\FPGA_MSXtR_CPU_Stack.v":43)
WARN  (EX0211) : The output port "slot_sltsl1_n" of module "fpga_msxtr_cpu_stack" has no driver, assigning undriven bits to Z, simulation mismatch possible("C:\Users\hra\Documents\github\HRA_product\FPGA_MSXtR\labo\FPGA_MSXtR_CPU_Stack_000\src\FPGA_MSXtR_CPU_Stack.v":44)
WARN  (EX0211) : The output port "slot_sltsl2_n" of module "fpga_msxtr_cpu_stack" has no driver, assigning undriven bits to Z, simulation mismatch possible("C:\Users\hra\Documents\github\HRA_product\FPGA_MSXtR\labo\FPGA_MSXtR_CPU_Stack_000\src\FPGA_MSXtR_CPU_Stack.v":45)
WARN  (EX0211) : The output port "slot_sltsl3_n" of module "fpga_msxtr_cpu_stack" has no driver, assigning undriven bits to Z, simulation mismatch possible("C:\Users\hra\Documents\github\HRA_product\FPGA_MSXtR\labo\FPGA_MSXtR_CPU_Stack_000\src\FPGA_MSXtR_CPU_Stack.v":46)
WARN  (EX0211) : The output port "slot_clock_n" of module "fpga_msxtr_cpu_stack" has no driver, assigning undriven bits to Z, simulation mismatch possible("C:\Users\hra\Documents\github\HRA_product\FPGA_MSXtR\labo\FPGA_MSXtR_CPU_Stack_000\src\FPGA_MSXtR_CPU_Stack.v":47)
WARN  (EX0211) : The output port "slot_cs1_n" of module "fpga_msxtr_cpu_stack" has no driver, assigning undriven bits to Z, simulation mismatch possible("C:\Users\hra\Documents\github\HRA_product\FPGA_MSXtR\labo\FPGA_MSXtR_CPU_Stack_000\src\FPGA_MSXtR_CPU_Stack.v":48)
WARN  (EX0211) : The output port "slot_cs2_n" of module "fpga_msxtr_cpu_stack" has no driver, assigning undriven bits to Z, simulation mismatch possible("C:\Users\hra\Documents\github\HRA_product\FPGA_MSXtR\labo\FPGA_MSXtR_CPU_Stack_000\src\FPGA_MSXtR_CPU_Stack.v":49)
WARN  (EX0211) : The output port "slot_cs12_n" of module "fpga_msxtr_cpu_stack" has no driver, assigning undriven bits to Z, simulation mismatch possible("C:\Users\hra\Documents\github\HRA_product\FPGA_MSXtR\labo\FPGA_MSXtR_CPU_Stack_000\src\FPGA_MSXtR_CPU_Stack.v":50)
WARN  (EX0211) : The output port "slot_a[18]" of module "fpga_msxtr_cpu_stack" has no driver, assigning undriven bits to Z, simulation mismatch possible("C:\Users\hra\Documents\github\HRA_product\FPGA_MSXtR\labo\FPGA_MSXtR_CPU_Stack_000\src\FPGA_MSXtR_CPU_Stack.v":51)
WARN  (EX0211) : The output port "slot_a[17]" of module "fpga_msxtr_cpu_stack" has no driver, assigning undriven bits to Z, simulation mismatch possible("C:\Users\hra\Documents\github\HRA_product\FPGA_MSXtR\labo\FPGA_MSXtR_CPU_Stack_000\src\FPGA_MSXtR_CPU_Stack.v":51)
WARN  (EX0211) : The output port "slot_a[16]" of module "fpga_msxtr_cpu_stack" has no driver, assigning undriven bits to Z, simulation mismatch possible("C:\Users\hra\Documents\github\HRA_product\FPGA_MSXtR\labo\FPGA_MSXtR_CPU_Stack_000\src\FPGA_MSXtR_CPU_Stack.v":51)
WARN  (EX0211) : The output port "slot_a[15]" of module "fpga_msxtr_cpu_stack" has no driver, assigning undriven bits to Z, simulation mismatch possible("C:\Users\hra\Documents\github\HRA_product\FPGA_MSXtR\labo\FPGA_MSXtR_CPU_Stack_000\src\FPGA_MSXtR_CPU_Stack.v":51)
WARN  (EX0211) : The output port "slot_a[14]" of module "fpga_msxtr_cpu_stack" has no driver, assigning undriven bits to Z, simulation mismatch possible("C:\Users\hra\Documents\github\HRA_product\FPGA_MSXtR\labo\FPGA_MSXtR_CPU_Stack_000\src\FPGA_MSXtR_CPU_Stack.v":51)
WARN  (EX0211) : The output port "slot_a[13]" of module "fpga_msxtr_cpu_stack" has no driver, assigning undriven bits to Z, simulation mismatch possible("C:\Users\hra\Documents\github\HRA_product\FPGA_MSXtR\labo\FPGA_MSXtR_CPU_Stack_000\src\FPGA_MSXtR_CPU_Stack.v":51)
WARN  (EX0211) : The output port "slot_a[12]" of module "fpga_msxtr_cpu_stack" has no driver, assigning undriven bits to Z, simulation mismatch possible("C:\Users\hra\Documents\github\HRA_product\FPGA_MSXtR\labo\FPGA_MSXtR_CPU_Stack_000\src\FPGA_MSXtR_CPU_Stack.v":51)
WARN  (EX0211) : The output port "slot_a[11]" of module "fpga_msxtr_cpu_stack" has no driver, assigning undriven bits to Z, simulation mismatch possible("C:\Users\hra\Documents\github\HRA_product\FPGA_MSXtR\labo\FPGA_MSXtR_CPU_Stack_000\src\FPGA_MSXtR_CPU_Stack.v":51)
WARN  (EX0211) : The output port "slot_a[10]" of module "fpga_msxtr_cpu_stack" has no driver, assigning undriven bits to Z, simulation mismatch possible("C:\Users\hra\Documents\github\HRA_product\FPGA_MSXtR\labo\FPGA_MSXtR_CPU_Stack_000\src\FPGA_MSXtR_CPU_Stack.v":51)
WARN  (EX0211) : The output port "slot_a[9]" of module "fpga_msxtr_cpu_stack" has no driver, assigning undriven bits to Z, simulation mismatch possible("C:\Users\hra\Documents\github\HRA_product\FPGA_MSXtR\labo\FPGA_MSXtR_CPU_Stack_000\src\FPGA_MSXtR_CPU_Stack.v":51)
WARN  (EX0211) : The output port "slot_a[8]" of module "fpga_msxtr_cpu_stack" has no driver, assigning undriven bits to Z, simulation mismatch possible("C:\Users\hra\Documents\github\HRA_product\FPGA_MSXtR\labo\FPGA_MSXtR_CPU_Stack_000\src\FPGA_MSXtR_CPU_Stack.v":51)
WARN  (EX0211) : The output port "slot_a[7]" of module "fpga_msxtr_cpu_stack" has no driver, assigning undriven bits to Z, simulation mismatch possible("C:\Users\hra\Documents\github\HRA_product\FPGA_MSXtR\labo\FPGA_MSXtR_CPU_Stack_000\src\FPGA_MSXtR_CPU_Stack.v":51)
WARN  (EX0211) : The output port "slot_a[6]" of module "fpga_msxtr_cpu_stack" has no driver, assigning undriven bits to Z, simulation mismatch possible("C:\Users\hra\Documents\github\HRA_product\FPGA_MSXtR\labo\FPGA_MSXtR_CPU_Stack_000\src\FPGA_MSXtR_CPU_Stack.v":51)
WARN  (EX0211) : The output port "slot_a[5]" of module "fpga_msxtr_cpu_stack" has no driver, assigning undriven bits to Z, simulation mismatch possible("C:\Users\hra\Documents\github\HRA_product\FPGA_MSXtR\labo\FPGA_MSXtR_CPU_Stack_000\src\FPGA_MSXtR_CPU_Stack.v":51)
WARN  (EX0211) : The output port "slot_a[4]" of module "fpga_msxtr_cpu_stack" has no driver, assigning undriven bits to Z, simulation mismatch possible("C:\Users\hra\Documents\github\HRA_product\FPGA_MSXtR\labo\FPGA_MSXtR_CPU_Stack_000\src\FPGA_MSXtR_CPU_Stack.v":51)
WARN  (EX0211) : The output port "slot_a[3]" of module "fpga_msxtr_cpu_stack" has no driver, assigning undriven bits to Z, simulation mismatch possible("C:\Users\hra\Documents\github\HRA_product\FPGA_MSXtR\labo\FPGA_MSXtR_CPU_Stack_000\src\FPGA_MSXtR_CPU_Stack.v":51)
WARN  (EX0211) : The output port "slot_a[2]" of module "fpga_msxtr_cpu_stack" has no driver, assigning undriven bits to Z, simulation mismatch possible("C:\Users\hra\Documents\github\HRA_product\FPGA_MSXtR\labo\FPGA_MSXtR_CPU_Stack_000\src\FPGA_MSXtR_CPU_Stack.v":51)
WARN  (EX0211) : The output port "slot_a[1]" of module "fpga_msxtr_cpu_stack" has no driver, assigning undriven bits to Z, simulation mismatch possible("C:\Users\hra\Documents\github\HRA_product\FPGA_MSXtR\labo\FPGA_MSXtR_CPU_Stack_000\src\FPGA_MSXtR_CPU_Stack.v":51)
WARN  (EX0211) : The output port "slot_a[0]" of module "fpga_msxtr_cpu_stack" has no driver, assigning undriven bits to Z, simulation mismatch possible("C:\Users\hra\Documents\github\HRA_product\FPGA_MSXtR\labo\FPGA_MSXtR_CPU_Stack_000\src\FPGA_MSXtR_CPU_Stack.v":51)
WARN  (EX0211) : The output port "slot_reset_n" of module "fpga_msxtr_cpu_stack" has no driver, assigning undriven bits to Z, simulation mismatch possible("C:\Users\hra\Documents\github\HRA_product\FPGA_MSXtR\labo\FPGA_MSXtR_CPU_Stack_000\src\FPGA_MSXtR_CPU_Stack.v":56)
WARN  (EX0211) : The output port "slot_data_dir" of module "fpga_msxtr_cpu_stack" has no driver, assigning undriven bits to Z, simulation mismatch possible("C:\Users\hra\Documents\github\HRA_product\FPGA_MSXtR\labo\FPGA_MSXtR_CPU_Stack_000\src\FPGA_MSXtR_CPU_Stack.v":58)
WARN  (EX0211) : The output port "slot_wr_n" of module "fpga_msxtr_cpu_stack" has no driver, assigning undriven bits to Z, simulation mismatch possible("C:\Users\hra\Documents\github\HRA_product\FPGA_MSXtR\labo\FPGA_MSXtR_CPU_Stack_000\src\FPGA_MSXtR_CPU_Stack.v":59)
WARN  (EX0211) : The output port "slot_rd_n" of module "fpga_msxtr_cpu_stack" has no driver, assigning undriven bits to Z, simulation mismatch possible("C:\Users\hra\Documents\github\HRA_product\FPGA_MSXtR\labo\FPGA_MSXtR_CPU_Stack_000\src\FPGA_MSXtR_CPU_Stack.v":60)
WARN  (EX0211) : The output port "slot_rom0_ce_n" of module "fpga_msxtr_cpu_stack" has no driver, assigning undriven bits to Z, simulation mismatch possible("C:\Users\hra\Documents\github\HRA_product\FPGA_MSXtR\labo\FPGA_MSXtR_CPU_Stack_000\src\FPGA_MSXtR_CPU_Stack.v":61)
WARN  (EX0211) : The output port "slot_rom1_ce_n" of module "fpga_msxtr_cpu_stack" has no driver, assigning undriven bits to Z, simulation mismatch possible("C:\Users\hra\Documents\github\HRA_product\FPGA_MSXtR\labo\FPGA_MSXtR_CPU_Stack_000\src\FPGA_MSXtR_CPU_Stack.v":62)
WARN  (EX0211) : The output port "slot_rfsh_n" of module "fpga_msxtr_cpu_stack" has no driver, assigning undriven bits to Z, simulation mismatch possible("C:\Users\hra\Documents\github\HRA_product\FPGA_MSXtR\labo\FPGA_MSXtR_CPU_Stack_000\src\FPGA_MSXtR_CPU_Stack.v":63)
WARN  (EX0211) : The output port "slot_iorq_n" of module "fpga_msxtr_cpu_stack" has no driver, assigning undriven bits to Z, simulation mismatch possible("C:\Users\hra\Documents\github\HRA_product\FPGA_MSXtR\labo\FPGA_MSXtR_CPU_Stack_000\src\FPGA_MSXtR_CPU_Stack.v":64)
WARN  (EX0211) : The output port "slot_merq_n" of module "fpga_msxtr_cpu_stack" has no driver, assigning undriven bits to Z, simulation mismatch possible("C:\Users\hra\Documents\github\HRA_product\FPGA_MSXtR\labo\FPGA_MSXtR_CPU_Stack_000\src\FPGA_MSXtR_CPU_Stack.v":65)
WARN  (EX0211) : The output port "srom_sclk" of module "fpga_msxtr_cpu_stack" has no driver, assigning undriven bits to Z, simulation mismatch possible("C:\Users\hra\Documents\github\HRA_product\FPGA_MSXtR\labo\FPGA_MSXtR_CPU_Stack_000\src\FPGA_MSXtR_CPU_Stack.v":68)
WARN  (EX0211) : The output port "srom_cs_n" of module "fpga_msxtr_cpu_stack" has no driver, assigning undriven bits to Z, simulation mismatch possible("C:\Users\hra\Documents\github\HRA_product\FPGA_MSXtR\labo\FPGA_MSXtR_CPU_Stack_000\src\FPGA_MSXtR_CPU_Stack.v":69)
WARN  (EX0211) : The output port "srom_mosi" of module "fpga_msxtr_cpu_stack" has no driver, assigning undriven bits to Z, simulation mismatch possible("C:\Users\hra\Documents\github\HRA_product\FPGA_MSXtR\labo\FPGA_MSXtR_CPU_Stack_000\src\FPGA_MSXtR_CPU_Stack.v":70)
WARN  (EX0211) : The output port "flash_spi_clk" of module "fpga_msxtr_cpu_stack" has no driver, assigning undriven bits to Z, simulation mismatch possible("C:\Users\hra\Documents\github\HRA_product\FPGA_MSXtR\labo\FPGA_MSXtR_CPU_Stack_000\src\FPGA_MSXtR_CPU_Stack.v":73)
WARN  (EX0211) : The output port "flash_spi_cs_n" of module "fpga_msxtr_cpu_stack" has no driver, assigning undriven bits to Z, simulation mismatch possible("C:\Users\hra\Documents\github\HRA_product\FPGA_MSXtR\labo\FPGA_MSXtR_CPU_Stack_000\src\FPGA_MSXtR_CPU_Stack.v":74)
WARN  (EX0211) : The output port "uart_tx" of module "fpga_msxtr_cpu_stack" has no driver, assigning undriven bits to Z, simulation mismatch possible("C:\Users\hra\Documents\github\HRA_product\FPGA_MSXtR\labo\FPGA_MSXtR_CPU_Stack_000\src\FPGA_MSXtR_CPU_Stack.v":77)
[5%] Running netlist conversion ...
WARN  (CV0016) : Input slot_int_n is unused("C:\Users\hra\Documents\github\HRA_product\FPGA_MSXtR\labo\FPGA_MSXtR_CPU_Stack_000\src\FPGA_MSXtR_CPU_Stack.v":54)
WARN  (CV0016) : Input slot_wait_n is unused("C:\Users\hra\Documents\github\HRA_product\FPGA_MSXtR\labo\FPGA_MSXtR_CPU_Stack_000\src\FPGA_MSXtR_CPU_Stack.v":55)
WARN  (CV0016) : Input slot_busdir is unused("C:\Users\hra\Documents\github\HRA_product\FPGA_MSXtR\labo\FPGA_MSXtR_CPU_Stack_000\src\FPGA_MSXtR_CPU_Stack.v":57)
WARN  (CV0016) : Input srom_miso is unused("C:\Users\hra\Documents\github\HRA_product\FPGA_MSXtR\labo\FPGA_MSXtR_CPU_Stack_000\src\FPGA_MSXtR_CPU_Stack.v":71)
WARN  (CV0016) : Input uart_rx is unused("C:\Users\hra\Documents\github\HRA_product\FPGA_MSXtR\labo\FPGA_MSXtR_CPU_Stack_000\src\FPGA_MSXtR_CPU_Stack.v":78)
WARN  (CV0017) : Inout sram_sio is unused("C:\Users\hra\Documents\github\HRA_product\FPGA_MSXtR\labo\FPGA_MSXtR_CPU_Stack_000\src\FPGA_MSXtR_CPU_Stack.v":39)
WARN  (CV0017) : Inout slot_d is unused("C:\Users\hra\Documents\github\HRA_product\FPGA_MSXtR\labo\FPGA_MSXtR_CPU_Stack_000\src\FPGA_MSXtR_CPU_Stack.v":66)
WARN  (CV0017) : Inout flash_spi_io is unused("C:\Users\hra\Documents\github\HRA_product\FPGA_MSXtR\labo\FPGA_MSXtR_CPU_Stack_000\src\FPGA_MSXtR_CPU_Stack.v":75)
Running device independent optimization ...
[10%] Optimizing Phase 0 completed
[15%] Optimizing Phase 1 completed
[25%] Optimizing Phase 2 completed
Running inference ...
[30%] Inferring Phase 0 completed
[40%] Inferring Phase 1 completed
[50%] Inferring Phase 2 completed
[55%] Inferring Phase 3 completed
Running technical mapping ...
[60%] Tech-Mapping Phase 0 completed
[65%] Tech-Mapping Phase 1 completed
[75%] Tech-Mapping Phase 2 completed
[80%] Tech-Mapping Phase 3 completed
[90%] Tech-Mapping Phase 4 completed
[95%] Generate netlist file "C:\Users\hra\Documents\github\HRA_product\FPGA_MSXtR\labo\FPGA_MSXtR_CPU_Stack_000\impl\gwsynthesis\FPGA_MSXtR_CPU_Stack.vg" completed
[100%] Generate report file "C:\Users\hra\Documents\github\HRA_product\FPGA_MSXtR\labo\FPGA_MSXtR_CPU_Stack_000\impl\gwsynthesis\FPGA_MSXtR_CPU_Stack_syn.rpt.html" completed
GowinSynthesis finish
