C:/Users/hra/STM32Cube/Repository/STM32Cube_FW_G0_V1.6.3/Drivers/STM32G0xx_HAL_Driver/Inc/stm32g0xx_ll_gpio.h:747:26:LL_GPIO_ReadInputPort	16	static
../Core/Src/main.c:89:5:main	16	static
../Core/Src/main.c:141:6:SystemClock_Config	88	static
../Core/Src/main.c:188:13:MX_I2C2_Init	8	static
../Core/Src/main.c:236:13:MX_GPIO_Init	56	static
../Core/Src/main.c:296:6:HAL_I2C_AddrCallback	16	static
../Core/Src/main.c:313:6:HAL_I2C_SlaveRxCpltCallback	32	static
../Core/Src/main.c:326:6:HAL_I2C_SlaveTxCpltCallback	16	static
../Core/Src/main.c:331:6:HAL_I2C_ListenCpltCallback	16	static
../Core/Src/main.c:340:6:Error_Handler	8	static,ignoring_inline_asm
../Core/Src/main.c:351:6:SysTick_Handler	8	static
