21:45:49 **** Build of configuration Release for project MSXtR_Portable_Keyboard ****
make -j16 all 
arm-none-eabi-gcc "C:/Users/hra/STM32Cube/Repository/STM32Cube_FW_G0_V1.6.3/Drivers/STM32G0xx_HAL_Driver/Src/stm32g0xx_hal.c" -mcpu=cortex-m0plus -std=gnu11 -DUSE_HAL_DRIVER -DSTM32G0B0xx -c -I../Core/Inc -I../Drivers/STM32G0xx_HAL_Driver/Inc -I../Drivers/STM32G0xx_HAL_Driver/Inc/Legacy -I../Drivers/CMSIS/Device/ST/STM32G0xx/Include -I../Drivers/CMSIS/Include -IC:/Users/hra/STM32Cube/Repository/STM32Cube_FW_G0_V1.6.3/Drivers/STM32G0xx_HAL_Driver/Inc -IC:/Users/hra/STM32Cube/Repository/STM32Cube_FW_G0_V1.6.3/Drivers/STM32G0xx_HAL_Driver/Inc/Legacy -IC:/Users/hra/STM32Cube/Repository/STM32Cube_FW_G0_V1.6.3/Drivers/CMSIS/Device/ST/STM32G0xx/Include -IC:/Users/hra/STM32Cube/Repository/STM32Cube_FW_G0_V1.6.3/Drivers/CMSIS/Include -Os -ffunction-sections -fdata-sections -Wall -fstack-usage -fcyclomatic-complexity -MMD -MP -MF"Drivers/STM32G0xx_HAL_Driver/stm32g0xx_hal.d" -MT"Drivers/STM32G0xx_HAL_Driver/stm32g0xx_hal.o" --specs=nano.specs -mfloat-abi=soft -mthumb -o "Drivers/STM32G0xx_HAL_Driver/stm32g0xx_hal.o"
arm-none-eabi-gcc "C:/Users/hra/STM32Cube/Repository/STM32Cube_FW_G0_V1.6.3/Drivers/STM32G0xx_HAL_Driver/Src/stm32g0xx_hal_cortex.c" -mcpu=cortex-m0plus -std=gnu11 -DUSE_HAL_DRIVER -DSTM32G0B0xx -c -I../Core/Inc -I../Drivers/STM32G0xx_HAL_Driver/Inc -I../Drivers/STM32G0xx_HAL_Driver/Inc/Legacy -I../Drivers/CMSIS/Device/ST/STM32G0xx/Include -I../Drivers/CMSIS/Include -IC:/Users/hra/STM32Cube/Repository/STM32Cube_FW_G0_V1.6.3/Drivers/STM32G0xx_HAL_Driver/Inc -IC:/Users/hra/STM32Cube/Repository/STM32Cube_FW_G0_V1.6.3/Drivers/STM32G0xx_HAL_Driver/Inc/Legacy -IC:/Users/hra/STM32Cube/Repository/STM32Cube_FW_G0_V1.6.3/Drivers/CMSIS/Device/ST/STM32G0xx/Include -IC:/Users/hra/STM32Cube/Repository/STM32Cube_FW_G0_V1.6.3/Drivers/CMSIS/Include -Os -ffunction-sections -fdata-sections -Wall -fstack-usage -fcyclomatic-complexity -MMD -MP -MF"Drivers/STM32G0xx_HAL_Driver/stm32g0xx_hal_cortex.d" -MT"Drivers/STM32G0xx_HAL_Driver/stm32g0xx_hal_cortex.o" --specs=nano.specs -mfloat-abi=soft -mthumb -o "Drivers/STM32G0xx_HAL_Driver/stm32g0xx_hal_cortex.o"
arm-none-eabi-gcc "C:/Users/hra/STM32Cube/Repository/STM32Cube_FW_G0_V1.6.3/Drivers/STM32G0xx_HAL_Driver/Src/stm32g0xx_hal_dma.c" -mcpu=cortex-m0plus -std=gnu11 -DUSE_HAL_DRIVER -DSTM32G0B0xx -c -I../Core/Inc -I../Drivers/STM32G0xx_HAL_Driver/Inc -I../Drivers/STM32G0xx_HAL_Driver/Inc/Legacy -I../Drivers/CMSIS/Device/ST/STM32G0xx/Include -I../Drivers/CMSIS/Include -IC:/Users/hra/STM32Cube/Repository/STM32Cube_FW_G0_V1.6.3/Drivers/STM32G0xx_HAL_Driver/Inc -IC:/Users/hra/STM32Cube/Repository/STM32Cube_FW_G0_V1.6.3/Drivers/STM32G0xx_HAL_Driver/Inc/Legacy -IC:/Users/hra/STM32Cube/Repository/STM32Cube_FW_G0_V1.6.3/Drivers/CMSIS/Device/ST/STM32G0xx/Include -IC:/Users/hra/STM32Cube/Repository/STM32Cube_FW_G0_V1.6.3/Drivers/CMSIS/Include -Os -ffunction-sections -fdata-sections -Wall -fstack-usage -fcyclomatic-complexity -MMD -MP -MF"Drivers/STM32G0xx_HAL_Driver/stm32g0xx_hal_dma.d" -MT"Drivers/STM32G0xx_HAL_Driver/stm32g0xx_hal_dma.o" --specs=nano.specs -mfloat-abi=soft -mthumb -o "Drivers/STM32G0xx_HAL_Driver/stm32g0xx_hal_dma.o"
arm-none-eabi-gcc "C:/Users/hra/STM32Cube/Repository/STM32Cube_FW_G0_V1.6.3/Drivers/STM32G0xx_HAL_Driver/Src/stm32g0xx_hal_dma_ex.c" -mcpu=cortex-m0plus -std=gnu11 -DUSE_HAL_DRIVER -DSTM32G0B0xx -c -I../Core/Inc -I../Drivers/STM32G0xx_HAL_Driver/Inc -I../Drivers/STM32G0xx_HAL_Driver/Inc/Legacy -I../Drivers/CMSIS/Device/ST/STM32G0xx/Include -I../Drivers/CMSIS/Include -IC:/Users/hra/STM32Cube/Repository/STM32Cube_FW_G0_V1.6.3/Drivers/STM32G0xx_HAL_Driver/Inc -IC:/Users/hra/STM32Cube/Repository/STM32Cube_FW_G0_V1.6.3/Drivers/STM32G0xx_HAL_Driver/Inc/Legacy -IC:/Users/hra/STM32Cube/Repository/STM32Cube_FW_G0_V1.6.3/Drivers/CMSIS/Device/ST/STM32G0xx/Include -IC:/Users/hra/STM32Cube/Repository/STM32Cube_FW_G0_V1.6.3/Drivers/CMSIS/Include -Os -ffunction-sections -fdata-sections -Wall -fstack-usage -fcyclomatic-complexity -MMD -MP -MF"Drivers/STM32G0xx_HAL_Driver/stm32g0xx_hal_dma_ex.d" -MT"Drivers/STM32G0xx_HAL_Driver/stm32g0xx_hal_dma_ex.o" --specs=nano.specs -mfloat-abi=soft -mthumb -o "Drivers/STM32G0xx_HAL_Driver/stm32g0xx_hal_dma_ex.o"
arm-none-eabi-gcc "C:/Users/hra/STM32Cube/Repository/STM32Cube_FW_G0_V1.6.3/Drivers/STM32G0xx_HAL_Driver/Src/stm32g0xx_hal_exti.c" -mcpu=cortex-m0plus -std=gnu11 -DUSE_HAL_DRIVER -DSTM32G0B0xx -c -I../Core/Inc -I../Drivers/STM32G0xx_HAL_Driver/Inc -I../Drivers/STM32G0xx_HAL_Driver/Inc/Legacy -I../Drivers/CMSIS/Device/ST/STM32G0xx/Include -I../Drivers/CMSIS/Include -IC:/Users/hra/STM32Cube/Repository/STM32Cube_FW_G0_V1.6.3/Drivers/STM32G0xx_HAL_Driver/Inc -IC:/Users/hra/STM32Cube/Repository/STM32Cube_FW_G0_V1.6.3/Drivers/STM32G0xx_HAL_Driver/Inc/Legacy -IC:/Users/hra/STM32Cube/Repository/STM32Cube_FW_G0_V1.6.3/Drivers/CMSIS/Device/ST/STM32G0xx/Include -IC:/Users/hra/STM32Cube/Repository/STM32Cube_FW_G0_V1.6.3/Drivers/CMSIS/Include -Os -ffunction-sections -fdata-sections -Wall -fstack-usage -fcyclomatic-complexity -MMD -MP -MF"Drivers/STM32G0xx_HAL_Driver/stm32g0xx_hal_exti.d" -MT"Drivers/STM32G0xx_HAL_Driver/stm32g0xx_hal_exti.o" --specs=nano.specs -mfloat-abi=soft -mthumb -o "Drivers/STM32G0xx_HAL_Driver/stm32g0xx_hal_exti.o"
arm-none-eabi-gcc "C:/Users/hra/STM32Cube/Repository/STM32Cube_FW_G0_V1.6.3/Drivers/STM32G0xx_HAL_Driver/Src/stm32g0xx_hal_flash.c" -mcpu=cortex-m0plus -std=gnu11 -DUSE_HAL_DRIVER -DSTM32G0B0xx -c -I../Core/Inc -I../Drivers/STM32G0xx_HAL_Driver/Inc -I../Drivers/STM32G0xx_HAL_Driver/Inc/Legacy -I../Drivers/CMSIS/Device/ST/STM32G0xx/Include -I../Drivers/CMSIS/Include -IC:/Users/hra/STM32Cube/Repository/STM32Cube_FW_G0_V1.6.3/Drivers/STM32G0xx_HAL_Driver/Inc -IC:/Users/hra/STM32Cube/Repository/STM32Cube_FW_G0_V1.6.3/Drivers/STM32G0xx_HAL_Driver/Inc/Legacy -IC:/Users/hra/STM32Cube/Repository/STM32Cube_FW_G0_V1.6.3/Drivers/CMSIS/Device/ST/STM32G0xx/Include -IC:/Users/hra/STM32Cube/Repository/STM32Cube_FW_G0_V1.6.3/Drivers/CMSIS/Include -Os -ffunction-sections -fdata-sections -Wall -fstack-usage -fcyclomatic-complexity -MMD -MP -MF"Drivers/STM32G0xx_HAL_Driver/stm32g0xx_hal_flash.d" -MT"Drivers/STM32G0xx_HAL_Driver/stm32g0xx_hal_flash.o" --specs=nano.specs -mfloat-abi=soft -mthumb -o "Drivers/STM32G0xx_HAL_Driver/stm32g0xx_hal_flash.o"
arm-none-eabi-gcc "C:/Users/hra/STM32Cube/Repository/STM32Cube_FW_G0_V1.6.3/Drivers/STM32G0xx_HAL_Driver/Src/stm32g0xx_hal_flash_ex.c" -mcpu=cortex-m0plus -std=gnu11 -DUSE_HAL_DRIVER -DSTM32G0B0xx -c -I../Core/Inc -I../Drivers/STM32G0xx_HAL_Driver/Inc -I../Drivers/STM32G0xx_HAL_Driver/Inc/Legacy -I../Drivers/CMSIS/Device/ST/STM32G0xx/Include -I../Drivers/CMSIS/Include -IC:/Users/hra/STM32Cube/Repository/STM32Cube_FW_G0_V1.6.3/Drivers/STM32G0xx_HAL_Driver/Inc -IC:/Users/hra/STM32Cube/Repository/STM32Cube_FW_G0_V1.6.3/Drivers/STM32G0xx_HAL_Driver/Inc/Legacy -IC:/Users/hra/STM32Cube/Repository/STM32Cube_FW_G0_V1.6.3/Drivers/CMSIS/Device/ST/STM32G0xx/Include -IC:/Users/hra/STM32Cube/Repository/STM32Cube_FW_G0_V1.6.3/Drivers/CMSIS/Include -Os -ffunction-sections -fdata-sections -Wall -fstack-usage -fcyclomatic-complexity -MMD -MP -MF"Drivers/STM32G0xx_HAL_Driver/stm32g0xx_hal_flash_ex.d" -MT"Drivers/STM32G0xx_HAL_Driver/stm32g0xx_hal_flash_ex.o" --specs=nano.specs -mfloat-abi=soft -mthumb -o "Drivers/STM32G0xx_HAL_Driver/stm32g0xx_hal_flash_ex.o"
arm-none-eabi-gcc "C:/Users/hra/STM32Cube/Repository/STM32Cube_FW_G0_V1.6.3/Drivers/STM32G0xx_HAL_Driver/Src/stm32g0xx_hal_gpio.c" -mcpu=cortex-m0plus -std=gnu11 -DUSE_HAL_DRIVER -DSTM32G0B0xx -c -I../Core/Inc -I../Drivers/STM32G0xx_HAL_Driver/Inc -I../Drivers/STM32G0xx_HAL_Driver/Inc/Legacy -I../Drivers/CMSIS/Device/ST/STM32G0xx/Include -I../Drivers/CMSIS/Include -IC:/Users/hra/STM32Cube/Repository/STM32Cube_FW_G0_V1.6.3/Drivers/STM32G0xx_HAL_Driver/Inc -IC:/Users/hra/STM32Cube/Repository/STM32Cube_FW_G0_V1.6.3/Drivers/STM32G0xx_HAL_Driver/Inc/Legacy -IC:/Users/hra/STM32Cube/Repository/STM32Cube_FW_G0_V1.6.3/Drivers/CMSIS/Device/ST/STM32G0xx/Include -IC:/Users/hra/STM32Cube/Repository/STM32Cube_FW_G0_V1.6.3/Drivers/CMSIS/Include -Os -ffunction-sections -fdata-sections -Wall -fstack-usage -fcyclomatic-complexity -MMD -MP -MF"Drivers/STM32G0xx_HAL_Driver/stm32g0xx_hal_gpio.d" -MT"Drivers/STM32G0xx_HAL_Driver/stm32g0xx_hal_gpio.o" --specs=nano.specs -mfloat-abi=soft -mthumb -o "Drivers/STM32G0xx_HAL_Driver/stm32g0xx_hal_gpio.o"
arm-none-eabi-gcc "C:/Users/hra/STM32Cube/Repository/STM32Cube_FW_G0_V1.6.3/Drivers/STM32G0xx_HAL_Driver/Src/stm32g0xx_hal_i2c.c" -mcpu=cortex-m0plus -std=gnu11 -DUSE_HAL_DRIVER -DSTM32G0B0xx -c -I../Core/Inc -I../Drivers/STM32G0xx_HAL_Driver/Inc -I../Drivers/STM32G0xx_HAL_Driver/Inc/Legacy -I../Drivers/CMSIS/Device/ST/STM32G0xx/Include -I../Drivers/CMSIS/Include -IC:/Users/hra/STM32Cube/Repository/STM32Cube_FW_G0_V1.6.3/Drivers/STM32G0xx_HAL_Driver/Inc -IC:/Users/hra/STM32Cube/Repository/STM32Cube_FW_G0_V1.6.3/Drivers/STM32G0xx_HAL_Driver/Inc/Legacy -IC:/Users/hra/STM32Cube/Repository/STM32Cube_FW_G0_V1.6.3/Drivers/CMSIS/Device/ST/STM32G0xx/Include -IC:/Users/hra/STM32Cube/Repository/STM32Cube_FW_G0_V1.6.3/Drivers/CMSIS/Include -Os -ffunction-sections -fdata-sections -Wall -fstack-usage -fcyclomatic-complexity -MMD -MP -MF"Drivers/STM32G0xx_HAL_Driver/stm32g0xx_hal_i2c.d" -MT"Drivers/STM32G0xx_HAL_Driver/stm32g0xx_hal_i2c.o" --specs=nano.specs -mfloat-abi=soft -mthumb -o "Drivers/STM32G0xx_HAL_Driver/stm32g0xx_hal_i2c.o"
arm-none-eabi-gcc "C:/Users/hra/STM32Cube/Repository/STM32Cube_FW_G0_V1.6.3/Drivers/STM32G0xx_HAL_Driver/Src/stm32g0xx_hal_i2c_ex.c" -mcpu=cortex-m0plus -std=gnu11 -DUSE_HAL_DRIVER -DSTM32G0B0xx -c -I../Core/Inc -I../Drivers/STM32G0xx_HAL_Driver/Inc -I../Drivers/STM32G0xx_HAL_Driver/Inc/Legacy -I../Drivers/CMSIS/Device/ST/STM32G0xx/Include -I../Drivers/CMSIS/Include -IC:/Users/hra/STM32Cube/Repository/STM32Cube_FW_G0_V1.6.3/Drivers/STM32G0xx_HAL_Driver/Inc -IC:/Users/hra/STM32Cube/Repository/STM32Cube_FW_G0_V1.6.3/Drivers/STM32G0xx_HAL_Driver/Inc/Legacy -IC:/Users/hra/STM32Cube/Repository/STM32Cube_FW_G0_V1.6.3/Drivers/CMSIS/Device/ST/STM32G0xx/Include -IC:/Users/hra/STM32Cube/Repository/STM32Cube_FW_G0_V1.6.3/Drivers/CMSIS/Include -Os -ffunction-sections -fdata-sections -Wall -fstack-usage -fcyclomatic-complexity -MMD -MP -MF"Drivers/STM32G0xx_HAL_Driver/stm32g0xx_hal_i2c_ex.d" -MT"Drivers/STM32G0xx_HAL_Driver/stm32g0xx_hal_i2c_ex.o" --specs=nano.specs -mfloat-abi=soft -mthumb -o "Drivers/STM32G0xx_HAL_Driver/stm32g0xx_hal_i2c_ex.o"
arm-none-eabi-gcc "C:/Users/hra/STM32Cube/Repository/STM32Cube_FW_G0_V1.6.3/Drivers/STM32G0xx_HAL_Driver/Src/stm32g0xx_hal_pwr.c" -mcpu=cortex-m0plus -std=gnu11 -DUSE_HAL_DRIVER -DSTM32G0B0xx -c -I../Core/Inc -I../Drivers/STM32G0xx_HAL_Driver/Inc -I../Drivers/STM32G0xx_HAL_Driver/Inc/Legacy -I../Drivers/CMSIS/Device/ST/STM32G0xx/Include -I../Drivers/CMSIS/Include -IC:/Users/hra/STM32Cube/Repository/STM32Cube_FW_G0_V1.6.3/Drivers/STM32G0xx_HAL_Driver/Inc -IC:/Users/hra/STM32Cube/Repository/STM32Cube_FW_G0_V1.6.3/Drivers/STM32G0xx_HAL_Driver/Inc/Legacy -IC:/Users/hra/STM32Cube/Repository/STM32Cube_FW_G0_V1.6.3/Drivers/CMSIS/Device/ST/STM32G0xx/Include -IC:/Users/hra/STM32Cube/Repository/STM32Cube_FW_G0_V1.6.3/Drivers/CMSIS/Include -Os -ffunction-sections -fdata-sections -Wall -fstack-usage -fcyclomatic-complexity -MMD -MP -MF"Drivers/STM32G0xx_HAL_Driver/stm32g0xx_hal_pwr.d" -MT"Drivers/STM32G0xx_HAL_Driver/stm32g0xx_hal_pwr.o" --specs=nano.specs -mfloat-abi=soft -mthumb -o "Drivers/STM32G0xx_HAL_Driver/stm32g0xx_hal_pwr.o"
arm-none-eabi-gcc "C:/Users/hra/STM32Cube/Repository/STM32Cube_FW_G0_V1.6.3/Drivers/STM32G0xx_HAL_Driver/Src/stm32g0xx_hal_pwr_ex.c" -mcpu=cortex-m0plus -std=gnu11 -DUSE_HAL_DRIVER -DSTM32G0B0xx -c -I../Core/Inc -I../Drivers/STM32G0xx_HAL_Driver/Inc -I../Drivers/STM32G0xx_HAL_Driver/Inc/Legacy -I../Drivers/CMSIS/Device/ST/STM32G0xx/Include -I../Drivers/CMSIS/Include -IC:/Users/hra/STM32Cube/Repository/STM32Cube_FW_G0_V1.6.3/Drivers/STM32G0xx_HAL_Driver/Inc -IC:/Users/hra/STM32Cube/Repository/STM32Cube_FW_G0_V1.6.3/Drivers/STM32G0xx_HAL_Driver/Inc/Legacy -IC:/Users/hra/STM32Cube/Repository/STM32Cube_FW_G0_V1.6.3/Drivers/CMSIS/Device/ST/STM32G0xx/Include -IC:/Users/hra/STM32Cube/Repository/STM32Cube_FW_G0_V1.6.3/Drivers/CMSIS/Include -Os -ffunction-sections -fdata-sections -Wall -fstack-usage -fcyclomatic-complexity -MMD -MP -MF"Drivers/STM32G0xx_HAL_Driver/stm32g0xx_hal_pwr_ex.d" -MT"Drivers/STM32G0xx_HAL_Driver/stm32g0xx_hal_pwr_ex.o" --specs=nano.specs -mfloat-abi=soft -mthumb -o "Drivers/STM32G0xx_HAL_Driver/stm32g0xx_hal_pwr_ex.o"
arm-none-eabi-gcc "C:/Users/hra/STM32Cube/Repository/STM32Cube_FW_G0_V1.6.3/Drivers/STM32G0xx_HAL_Driver/Src/stm32g0xx_hal_rcc.c" -mcpu=cortex-m0plus -std=gnu11 -DUSE_HAL_DRIVER -DSTM32G0B0xx -c -I../Core/Inc -I../Drivers/STM32G0xx_HAL_Driver/Inc -I../Drivers/STM32G0xx_HAL_Driver/Inc/Legacy -I../Drivers/CMSIS/Device/ST/STM32G0xx/Include -I../Drivers/CMSIS/Include -IC:/Users/hra/STM32Cube/Repository/STM32Cube_FW_G0_V1.6.3/Drivers/STM32G0xx_HAL_Driver/Inc -IC:/Users/hra/STM32Cube/Repository/STM32Cube_FW_G0_V1.6.3/Drivers/STM32G0xx_HAL_Driver/Inc/Legacy -IC:/Users/hra/STM32Cube/Repository/STM32Cube_FW_G0_V1.6.3/Drivers/CMSIS/Device/ST/STM32G0xx/Include -IC:/Users/hra/STM32Cube/Repository/STM32Cube_FW_G0_V1.6.3/Drivers/CMSIS/Include -Os -ffunction-sections -fdata-sections -Wall -fstack-usage -fcyclomatic-complexity -MMD -MP -MF"Drivers/STM32G0xx_HAL_Driver/stm32g0xx_hal_rcc.d" -MT"Drivers/STM32G0xx_HAL_Driver/stm32g0xx_hal_rcc.o" --specs=nano.specs -mfloat-abi=soft -mthumb -o "Drivers/STM32G0xx_HAL_Driver/stm32g0xx_hal_rcc.o"
arm-none-eabi-gcc "C:/Users/hra/STM32Cube/Repository/STM32Cube_FW_G0_V1.6.3/Drivers/STM32G0xx_HAL_Driver/Src/stm32g0xx_hal_rcc_ex.c" -mcpu=cortex-m0plus -std=gnu11 -DUSE_HAL_DRIVER -DSTM32G0B0xx -c -I../Core/Inc -I../Drivers/STM32G0xx_HAL_Driver/Inc -I../Drivers/STM32G0xx_HAL_Driver/Inc/Legacy -I../Drivers/CMSIS/Device/ST/STM32G0xx/Include -I../Drivers/CMSIS/Include -IC:/Users/hra/STM32Cube/Repository/STM32Cube_FW_G0_V1.6.3/Drivers/STM32G0xx_HAL_Driver/Inc -IC:/Users/hra/STM32Cube/Repository/STM32Cube_FW_G0_V1.6.3/Drivers/STM32G0xx_HAL_Driver/Inc/Legacy -IC:/Users/hra/STM32Cube/Repository/STM32Cube_FW_G0_V1.6.3/Drivers/CMSIS/Device/ST/STM32G0xx/Include -IC:/Users/hra/STM32Cube/Repository/STM32Cube_FW_G0_V1.6.3/Drivers/CMSIS/Include -Os -ffunction-sections -fdata-sections -Wall -fstack-usage -fcyclomatic-complexity -MMD -MP -MF"Drivers/STM32G0xx_HAL_Driver/stm32g0xx_hal_rcc_ex.d" -MT"Drivers/STM32G0xx_HAL_Driver/stm32g0xx_hal_rcc_ex.o" --specs=nano.specs -mfloat-abi=soft -mthumb -o "Drivers/STM32G0xx_HAL_Driver/stm32g0xx_hal_rcc_ex.o"
arm-none-eabi-gcc "C:/Users/hra/STM32Cube/Repository/STM32Cube_FW_G0_V1.6.3/Drivers/STM32G0xx_HAL_Driver/Src/stm32g0xx_ll_rcc.c" -mcpu=cortex-m0plus -std=gnu11 -DUSE_HAL_DRIVER -DSTM32G0B0xx -c -I../Core/Inc -I../Drivers/STM32G0xx_HAL_Driver/Inc -I../Drivers/STM32G0xx_HAL_Driver/Inc/Legacy -I../Drivers/CMSIS/Device/ST/STM32G0xx/Include -I../Drivers/CMSIS/Include -IC:/Users/hra/STM32Cube/Repository/STM32Cube_FW_G0_V1.6.3/Drivers/STM32G0xx_HAL_Driver/Inc -IC:/Users/hra/STM32Cube/Repository/STM32Cube_FW_G0_V1.6.3/Drivers/STM32G0xx_HAL_Driver/Inc/Legacy -IC:/Users/hra/STM32Cube/Repository/STM32Cube_FW_G0_V1.6.3/Drivers/CMSIS/Device/ST/STM32G0xx/Include -IC:/Users/hra/STM32Cube/Repository/STM32Cube_FW_G0_V1.6.3/Drivers/CMSIS/Include -Os -ffunction-sections -fdata-sections -Wall -fstack-usage -fcyclomatic-complexity -MMD -MP -MF"Drivers/STM32G0xx_HAL_Driver/stm32g0xx_ll_rcc.d" -MT"Drivers/STM32G0xx_HAL_Driver/stm32g0xx_ll_rcc.o" --specs=nano.specs -mfloat-abi=soft -mthumb -o "Drivers/STM32G0xx_HAL_Driver/stm32g0xx_ll_rcc.o"
arm-none-eabi-gcc -mcpu=cortex-m0plus -c -I../Core/Inc -IC:/Users/hra/STM32Cube/Repository/STM32Cube_FW_G0_V1.6.3/Drivers/STM32G0xx_HAL_Driver/Inc -IC:/Users/hra/STM32Cube/Repository/STM32Cube_FW_G0_V1.6.3/Drivers/STM32G0xx_HAL_Driver/Inc/Legacy -IC:/Users/hra/STM32Cube/Repository/STM32Cube_FW_G0_V1.6.3/Middlewares/Third_Party/FreeRTOS/Source/include -IC:/Users/hra/STM32Cube/Repository/STM32Cube_FW_G0_V1.6.3/Middlewares/Third_Party/FreeRTOS/Source/CMSIS_RTOS_V2 -IC:/Users/hra/STM32Cube/Repository/STM32Cube_FW_G0_V1.6.3/Middlewares/Third_Party/FreeRTOS/Source/portable/GCC/ARM_CM0 -IC:/Users/hra/STM32Cube/Repository/STM32Cube_FW_G0_V1.6.3/Drivers/CMSIS/Device/ST/STM32G0xx/Include -IC:/Users/hra/STM32Cube/Repository/STM32Cube_FW_G0_V1.6.3/Drivers/CMSIS/Include -x assembler-with-cpp -MMD -MP -MF"Core/Startup/startup_stm32g0b0cetx.d" -MT"Core/Startup/startup_stm32g0b0cetx.o" --specs=nano.specs -mfloat-abi=soft -mthumb -o "Core/Startup/startup_stm32g0b0cetx.o" "../Core/Startup/startup_stm32g0b0cetx.s"
arm-none-eabi-gcc "../Core/Src/main.c" -mcpu=cortex-m0plus -std=gnu11 -DUSE_HAL_DRIVER -DSTM32G0B0xx -c -I../Core/Inc -I../Drivers/STM32G0xx_HAL_Driver/Inc -I../Drivers/STM32G0xx_HAL_Driver/Inc/Legacy -I../Drivers/CMSIS/Device/ST/STM32G0xx/Include -I../Drivers/CMSIS/Include -IC:/Users/hra/STM32Cube/Repository/STM32Cube_FW_G0_V1.6.3/Drivers/STM32G0xx_HAL_Driver/Inc -IC:/Users/hra/STM32Cube/Repository/STM32Cube_FW_G0_V1.6.3/Drivers/STM32G0xx_HAL_Driver/Inc/Legacy -IC:/Users/hra/STM32Cube/Repository/STM32Cube_FW_G0_V1.6.3/Drivers/CMSIS/Device/ST/STM32G0xx/Include -IC:/Users/hra/STM32Cube/Repository/STM32Cube_FW_G0_V1.6.3/Drivers/CMSIS/Include -Os -ffunction-sections -fdata-sections -Wall -fstack-usage -fcyclomatic-complexity -MMD -MP -MF"Core/Src/main.d" -MT"Core/Src/main.o" --specs=nano.specs -mfloat-abi=soft -mthumb -o "Core/Src/main.o"
arm-none-eabi-gcc "../Core/Src/stm32g0xx_hal_msp.c" -mcpu=cortex-m0plus -std=gnu11 -DUSE_HAL_DRIVER -DSTM32G0B0xx -c -I../Core/Inc -I../Drivers/STM32G0xx_HAL_Driver/Inc -I../Drivers/STM32G0xx_HAL_Driver/Inc/Legacy -I../Drivers/CMSIS/Device/ST/STM32G0xx/Include -I../Drivers/CMSIS/Include -IC:/Users/hra/STM32Cube/Repository/STM32Cube_FW_G0_V1.6.3/Drivers/STM32G0xx_HAL_Driver/Inc -IC:/Users/hra/STM32Cube/Repository/STM32Cube_FW_G0_V1.6.3/Drivers/STM32G0xx_HAL_Driver/Inc/Legacy -IC:/Users/hra/STM32Cube/Repository/STM32Cube_FW_G0_V1.6.3/Drivers/CMSIS/Device/ST/STM32G0xx/Include -IC:/Users/hra/STM32Cube/Repository/STM32Cube_FW_G0_V1.6.3/Drivers/CMSIS/Include -Os -ffunction-sections -fdata-sections -Wall -fstack-usage -fcyclomatic-complexity -MMD -MP -MF"Core/Src/stm32g0xx_hal_msp.d" -MT"Core/Src/stm32g0xx_hal_msp.o" --specs=nano.specs -mfloat-abi=soft -mthumb -o "Core/Src/stm32g0xx_hal_msp.o"
arm-none-eabi-gcc "../Core/Src/stm32g0xx_it.c" -mcpu=cortex-m0plus -std=gnu11 -DUSE_HAL_DRIVER -DSTM32G0B0xx -c -I../Core/Inc -I../Drivers/STM32G0xx_HAL_Driver/Inc -I../Drivers/STM32G0xx_HAL_Driver/Inc/Legacy -I../Drivers/CMSIS/Device/ST/STM32G0xx/Include -I../Drivers/CMSIS/Include -IC:/Users/hra/STM32Cube/Repository/STM32Cube_FW_G0_V1.6.3/Drivers/STM32G0xx_HAL_Driver/Inc -IC:/Users/hra/STM32Cube/Repository/STM32Cube_FW_G0_V1.6.3/Drivers/STM32G0xx_HAL_Driver/Inc/Legacy -IC:/Users/hra/STM32Cube/Repository/STM32Cube_FW_G0_V1.6.3/Drivers/CMSIS/Device/ST/STM32G0xx/Include -IC:/Users/hra/STM32Cube/Repository/STM32Cube_FW_G0_V1.6.3/Drivers/CMSIS/Include -Os -ffunction-sections -fdata-sections -Wall -fstack-usage -fcyclomatic-complexity -MMD -MP -MF"Core/Src/stm32g0xx_it.d" -MT"Core/Src/stm32g0xx_it.o" --specs=nano.specs -mfloat-abi=soft -mthumb -o "Core/Src/stm32g0xx_it.o"
arm-none-eabi-gcc "../Core/Src/syscalls.c" -mcpu=cortex-m0plus -std=gnu11 -DUSE_HAL_DRIVER -DSTM32G0B0xx -c -I../Core/Inc -I../Drivers/STM32G0xx_HAL_Driver/Inc -I../Drivers/STM32G0xx_HAL_Driver/Inc/Legacy -I../Drivers/CMSIS/Device/ST/STM32G0xx/Include -I../Drivers/CMSIS/Include -IC:/Users/hra/STM32Cube/Repository/STM32Cube_FW_G0_V1.6.3/Drivers/STM32G0xx_HAL_Driver/Inc -IC:/Users/hra/STM32Cube/Repository/STM32Cube_FW_G0_V1.6.3/Drivers/STM32G0xx_HAL_Driver/Inc/Legacy -IC:/Users/hra/STM32Cube/Repository/STM32Cube_FW_G0_V1.6.3/Drivers/CMSIS/Device/ST/STM32G0xx/Include -IC:/Users/hra/STM32Cube/Repository/STM32Cube_FW_G0_V1.6.3/Drivers/CMSIS/Include -Os -ffunction-sections -fdata-sections -Wall -fstack-usage -fcyclomatic-complexity -MMD -MP -MF"Core/Src/syscalls.d" -MT"Core/Src/syscalls.o" --specs=nano.specs -mfloat-abi=soft -mthumb -o "Core/Src/syscalls.o"
arm-none-eabi-gcc "../Core/Src/sysmem.c" -mcpu=cortex-m0plus -std=gnu11 -DUSE_HAL_DRIVER -DSTM32G0B0xx -c -I../Core/Inc -I../Drivers/STM32G0xx_HAL_Driver/Inc -I../Drivers/STM32G0xx_HAL_Driver/Inc/Legacy -I../Drivers/CMSIS/Device/ST/STM32G0xx/Include -I../Drivers/CMSIS/Include -IC:/Users/hra/STM32Cube/Repository/STM32Cube_FW_G0_V1.6.3/Drivers/STM32G0xx_HAL_Driver/Inc -IC:/Users/hra/STM32Cube/Repository/STM32Cube_FW_G0_V1.6.3/Drivers/STM32G0xx_HAL_Driver/Inc/Legacy -IC:/Users/hra/STM32Cube/Repository/STM32Cube_FW_G0_V1.6.3/Drivers/CMSIS/Device/ST/STM32G0xx/Include -IC:/Users/hra/STM32Cube/Repository/STM32Cube_FW_G0_V1.6.3/Drivers/CMSIS/Include -Os -ffunction-sections -fdata-sections -Wall -fstack-usage -fcyclomatic-complexity -MMD -MP -MF"Core/Src/sysmem.d" -MT"Core/Src/sysmem.o" --specs=nano.specs -mfloat-abi=soft -mthumb -o "Core/Src/sysmem.o"
arm-none-eabi-gcc "../Core/Src/system_stm32g0xx.c" -mcpu=cortex-m0plus -std=gnu11 -DUSE_HAL_DRIVER -DSTM32G0B0xx -c -I../Core/Inc -I../Drivers/STM32G0xx_HAL_Driver/Inc -I../Drivers/STM32G0xx_HAL_Driver/Inc/Legacy -I../Drivers/CMSIS/Device/ST/STM32G0xx/Include -I../Drivers/CMSIS/Include -IC:/Users/hra/STM32Cube/Repository/STM32Cube_FW_G0_V1.6.3/Drivers/STM32G0xx_HAL_Driver/Inc -IC:/Users/hra/STM32Cube/Repository/STM32Cube_FW_G0_V1.6.3/Drivers/STM32G0xx_HAL_Driver/Inc/Legacy -IC:/Users/hra/STM32Cube/Repository/STM32Cube_FW_G0_V1.6.3/Drivers/CMSIS/Device/ST/STM32G0xx/Include -IC:/Users/hra/STM32Cube/Repository/STM32Cube_FW_G0_V1.6.3/Drivers/CMSIS/Include -Os -ffunction-sections -fdata-sections -Wall -fstack-usage -fcyclomatic-complexity -MMD -MP -MF"Core/Src/system_stm32g0xx.d" -MT"Core/Src/system_stm32g0xx.o" --specs=nano.specs -mfloat-abi=soft -mthumb -o "Core/Src/system_stm32g0xx.o"
../Core/Src/main.c:69:12: warning: 'rx_length' defined but not used [-Wunused-variable]
   69 | static int rx_length = 0;
      |            ^~~~~~~~~
arm-none-eabi-gcc -o "MSXtR_Portable_Keyboard.elf" @"objects.list"   -mcpu=cortex-m0plus -T"C:\Users\hra\Documents\github\HRA_product\FPGA_MSXtR\keyboard\MSXtR_Portable_Keyboard\STM32G0B0CETX_FLASH.ld" --specs=nosys.specs -Wl,-Map="MSXtR_Portable_Keyboard.map" -Wl,--gc-sections -static --specs=nano.specs -mfloat-abi=soft -mthumb -Wl,--start-group -lc -lm -Wl,--end-group
Finished building target: MSXtR_Portable_Keyboard.elf
 
arm-none-eabi-size  MSXtR_Portable_Keyboard.elf 
arm-none-eabi-objdump -h -S MSXtR_Portable_Keyboard.elf  > "MSXtR_Portable_Keyboard.list"
   text	   data	    bss	    dec	    hex	filename
   8432	     60	   1716	  10208	   27e0	MSXtR_Portable_Keyboard.elf
Finished building: default.size.stdout
 
Finished building: MSXtR_Portable_Keyboard.list
 
21:46:17 **** Clean-only build of configuration Debug for project MSXtR_Portable_Keyboard ****
make -j16 clean 
rm -rf ./Drivers/STM32G0xx_HAL_Driver/stm32g0xx_hal.cyclo ./Drivers/STM32G0xx_HAL_Driver/stm32g0xx_hal.d ./Drivers/STM32G0xx_HAL_Driver/stm32g0xx_hal.o ./Drivers/STM32G0xx_HAL_Driver/stm32g0xx_hal.su ./Drivers/STM32G0xx_HAL_Driver/stm32g0xx_hal_cortex.cyclo ./Drivers/STM32G0xx_HAL_Driver/stm32g0xx_hal_cortex.d ./Drivers/STM32G0xx_HAL_Driver/stm32g0xx_hal_cortex.o ./Drivers/STM32G0xx_HAL_Driver/stm32g0xx_hal_cortex.su ./Drivers/STM32G0xx_HAL_Driver/stm32g0xx_hal_dma.cyclo ./Drivers/STM32G0xx_HAL_Driver/stm32g0xx_hal_dma.d ./Drivers/STM32G0xx_HAL_Driver/stm32g0xx_hal_dma.o ./Drivers/STM32G0xx_HAL_Driver/stm32g0xx_hal_dma.su ./Drivers/STM32G0xx_HAL_Driver/stm32g0xx_hal_dma_ex.cyclo ./Drivers/STM32G0xx_HAL_Driver/stm32g0xx_hal_dma_ex.d ./Drivers/STM32G0xx_HAL_Driver/stm32g0xx_hal_dma_ex.o ./Drivers/STM32G0xx_HAL_Driver/stm32g0xx_hal_dma_ex.su ./Drivers/STM32G0xx_HAL_Driver/stm32g0xx_hal_exti.cyclo ./Drivers/STM32G0xx_HAL_Driver/stm32g0xx_hal_exti.d ./Drivers/STM32G0xx_HAL_Driver/stm32g0xx_hal_exti.o ./Drivers/STM32G0xx_HAL_Driver/stm32g0xx_hal_exti.su ./Drivers/STM32G0xx_HAL_Driver/stm32g0xx_hal_flash.cyclo ./Drivers/STM32G0xx_HAL_Driver/stm32g0xx_hal_flash.d ./Drivers/STM32G0xx_HAL_Driver/stm32g0xx_hal_flash.o ./Drivers/STM32G0xx_HAL_Driver/stm32g0xx_hal_flash.su ./Drivers/STM32G0xx_HAL_Driver/stm32g0xx_hal_flash_ex.cyclo ./Drivers/STM32G0xx_HAL_Driver/stm32g0xx_hal_flash_ex.d ./Drivers/STM32G0xx_HAL_Driver/stm32g0xx_hal_flash_ex.o ./Drivers/STM32G0xx_HAL_Driver/stm32g0xx_hal_flash_ex.su ./Drivers/STM32G0xx_HAL_Driver/stm32g0xx_hal_gpio.cyclo ./Drivers/STM32G0xx_HAL_Driver/stm32g0xx_hal_gpio.d ./Drivers/STM32G0xx_HAL_Driver/stm32g0xx_hal_gpio.o ./Drivers/STM32G0xx_HAL_Driver/stm32g0xx_hal_gpio.su ./Drivers/STM32G0xx_HAL_Driver/stm32g0xx_hal_i2c.cyclo ./Drivers/STM32G0xx_HAL_Driver/stm32g0xx_hal_i2c.d ./Drivers/STM32G0xx_HAL_Driver/stm32g0xx_hal_i2c.o ./Drivers/STM32G0xx_HAL_Driver/stm32g0xx_hal_i2c.su ./Drivers/STM32G0xx_HAL_Driver/stm32g0xx_hal_i2c_ex.cyclo ./Drivers/STM32G0xx_HAL_Driver/stm32g0xx_hal_i2c_ex.d ./Drivers/STM32G0xx_HAL_Driver/stm32g0xx_hal_i2c_ex.o ./Drivers/STM32G0xx_HAL_Driver/stm32g0xx_hal_i2c_ex.su ./Drivers/STM32G0xx_HAL_Driver/stm32g0xx_hal_pwr.cyclo ./Drivers/STM32G0xx_HAL_Driver/stm32g0xx_hal_pwr.d ./Drivers/STM32G0xx_HAL_Driver/stm32g0xx_hal_pwr.o ./Drivers/STM32G0xx_HAL_Driver/stm32g0xx_hal_pwr.su ./Drivers/STM32G0xx_HAL_Driver/stm32g0xx_hal_pwr_ex.cyclo ./Drivers/STM32G0xx_HAL_Driver/stm32g0xx_hal_pwr_ex.d ./Drivers/STM32G0xx_HAL_Driver/stm32g0xx_hal_pwr_ex.o ./Drivers/STM32G0xx_HAL_Driver/stm32g0xx_hal_pwr_ex.su ./Drivers/STM32G0xx_HAL_Driver/stm32g0xx_hal_rcc.cyclo ./Drivers/STM32G0xx_HAL_Driver/stm32g0xx_hal_rcc.d ./Drivers/STM32G0xx_HAL_Driver/stm32g0xx_hal_rcc.o ./Drivers/STM32G0xx_HAL_Driver/stm32g0xx_hal_rcc.su ./Drivers/STM32G0xx_HAL_Driver/stm32g0xx_hal_rcc_ex.cyclo ./Drivers/STM32G0xx_HAL_Driver/stm32g0xx_hal_rcc_ex.d ./Drivers/STM32G0xx_HAL_Driver/stm32g0xx_hal_rcc_ex.o ./Drivers/STM32G0xx_HAL_Driver/stm32g0xx_hal_rcc_ex.su ./Drivers/STM32G0xx_HAL_Driver/stm32g0xx_ll_rcc.cyclo ./Drivers/STM32G0xx_HAL_Driver/stm32g0xx_ll_rcc.d ./Drivers/STM32G0xx_HAL_Driver/stm32g0xx_ll_rcc.o ./Drivers/STM32G0xx_HAL_Driver/stm32g0xx_ll_rcc.su
rm -rf ./Core/Startup/startup_stm32g0b0cetx.d ./Core/Startup/startup_stm32g0b0cetx.o
rm -rf ./Core/Src/main.cyclo ./Core/Src/main.d ./Core/Src/main.o ./Core/Src/main.su ./Core/Src/stm32g0xx_hal_msp.cyclo ./Core/Src/stm32g0xx_hal_msp.d ./Core/Src/stm32g0xx_hal_msp.o ./Core/Src/stm32g0xx_hal_msp.su ./Core/Src/stm32g0xx_it.cyclo ./Core/Src/stm32g0xx_it.d ./Core/Src/stm32g0xx_it.o ./Core/Src/stm32g0xx_it.su ./Core/Src/syscalls.cyclo ./Core/Src/syscalls.d ./Core/Src/syscalls.o ./Core/Src/syscalls.su ./Core/Src/sysmem.cyclo ./Core/Src/sysmem.d ./Core/Src/sysmem.o ./Core/Src/sysmem.su ./Core/Src/system_stm32g0xx.cyclo ./Core/Src/system_stm32g0xx.d ./Core/Src/system_stm32g0xx.o ./Core/Src/system_stm32g0xx.su
rm -rf MSXtR_Portable_Keyboard.elf MSXtR_Portable_Keyboard.list MSXtR_Portable_Keyboard.map default.size.stdout
 
21:46:18 **** Incremental Build of configuration Debug for project MSXtR_Portable_Keyboard ****
make -j16 all 
arm-none-eabi-gcc "C:/Users/hra/STM32Cube/Repository/STM32Cube_FW_G0_V1.6.3/Drivers/STM32G0xx_HAL_Driver/Src/stm32g0xx_hal.c" -mcpu=cortex-m0plus -std=gnu11 -g3 -DDEBUG -DUSE_HAL_DRIVER -DSTM32G0B0xx -c -I../Core/Inc -IC:/Users/hra/STM32Cube/Repository/STM32Cube_FW_G0_V1.6.3/Drivers/STM32G0xx_HAL_Driver/Inc -IC:/Users/hra/STM32Cube/Repository/STM32Cube_FW_G0_V1.6.3/Drivers/STM32G0xx_HAL_Driver/Inc/Legacy -IC:/Users/hra/STM32Cube/Repository/STM32Cube_FW_G0_V1.6.3/Drivers/CMSIS/Device/ST/STM32G0xx/Include -IC:/Users/hra/STM32Cube/Repository/STM32Cube_FW_G0_V1.6.3/Drivers/CMSIS/Include -O0 -ffunction-sections -fdata-sections -Wall -fstack-usage -fcyclomatic-complexity -MMD -MP -MF"Drivers/STM32G0xx_HAL_Driver/stm32g0xx_hal.d" -MT"Drivers/STM32G0xx_HAL_Driver/stm32g0xx_hal.o" --specs=nano.specs -mfloat-abi=soft -mthumb -o "Drivers/STM32G0xx_HAL_Driver/stm32g0xx_hal.o"
arm-none-eabi-gcc "C:/Users/hra/STM32Cube/Repository/STM32Cube_FW_G0_V1.6.3/Drivers/STM32G0xx_HAL_Driver/Src/stm32g0xx_hal_cortex.c" -mcpu=cortex-m0plus -std=gnu11 -g3 -DDEBUG -DUSE_HAL_DRIVER -DSTM32G0B0xx -c -I../Core/Inc -IC:/Users/hra/STM32Cube/Repository/STM32Cube_FW_G0_V1.6.3/Drivers/STM32G0xx_HAL_Driver/Inc -IC:/Users/hra/STM32Cube/Repository/STM32Cube_FW_G0_V1.6.3/Drivers/STM32G0xx_HAL_Driver/Inc/Legacy -IC:/Users/hra/STM32Cube/Repository/STM32Cube_FW_G0_V1.6.3/Drivers/CMSIS/Device/ST/STM32G0xx/Include -IC:/Users/hra/STM32Cube/Repository/STM32Cube_FW_G0_V1.6.3/Drivers/CMSIS/Include -O0 -ffunction-sections -fdata-sections -Wall -fstack-usage -fcyclomatic-complexity -MMD -MP -MF"Drivers/STM32G0xx_HAL_Driver/stm32g0xx_hal_cortex.d" -MT"Drivers/STM32G0xx_HAL_Driver/stm32g0xx_hal_cortex.o" --specs=nano.specs -mfloat-abi=soft -mthumb -o "Drivers/STM32G0xx_HAL_Driver/stm32g0xx_hal_cortex.o"
arm-none-eabi-gcc "C:/Users/hra/STM32Cube/Repository/STM32Cube_FW_G0_V1.6.3/Drivers/STM32G0xx_HAL_Driver/Src/stm32g0xx_hal_dma.c" -mcpu=cortex-m0plus -std=gnu11 -g3 -DDEBUG -DUSE_HAL_DRIVER -DSTM32G0B0xx -c -I../Core/Inc -IC:/Users/hra/STM32Cube/Repository/STM32Cube_FW_G0_V1.6.3/Drivers/STM32G0xx_HAL_Driver/Inc -IC:/Users/hra/STM32Cube/Repository/STM32Cube_FW_G0_V1.6.3/Drivers/STM32G0xx_HAL_Driver/Inc/Legacy -IC:/Users/hra/STM32Cube/Repository/STM32Cube_FW_G0_V1.6.3/Drivers/CMSIS/Device/ST/STM32G0xx/Include -IC:/Users/hra/STM32Cube/Repository/STM32Cube_FW_G0_V1.6.3/Drivers/CMSIS/Include -O0 -ffunction-sections -fdata-sections -Wall -fstack-usage -fcyclomatic-complexity -MMD -MP -MF"Drivers/STM32G0xx_HAL_Driver/stm32g0xx_hal_dma.d" -MT"Drivers/STM32G0xx_HAL_Driver/stm32g0xx_hal_dma.o" --specs=nano.specs -mfloat-abi=soft -mthumb -o "Drivers/STM32G0xx_HAL_Driver/stm32g0xx_hal_dma.o"
arm-none-eabi-gcc "C:/Users/hra/STM32Cube/Repository/STM32Cube_FW_G0_V1.6.3/Drivers/STM32G0xx_HAL_Driver/Src/stm32g0xx_hal_dma_ex.c" -mcpu=cortex-m0plus -std=gnu11 -g3 -DDEBUG -DUSE_HAL_DRIVER -DSTM32G0B0xx -c -I../Core/Inc -IC:/Users/hra/STM32Cube/Repository/STM32Cube_FW_G0_V1.6.3/Drivers/STM32G0xx_HAL_Driver/Inc -IC:/Users/hra/STM32Cube/Repository/STM32Cube_FW_G0_V1.6.3/Drivers/STM32G0xx_HAL_Driver/Inc/Legacy -IC:/Users/hra/STM32Cube/Repository/STM32Cube_FW_G0_V1.6.3/Drivers/CMSIS/Device/ST/STM32G0xx/Include -IC:/Users/hra/STM32Cube/Repository/STM32Cube_FW_G0_V1.6.3/Drivers/CMSIS/Include -O0 -ffunction-sections -fdata-sections -Wall -fstack-usage -fcyclomatic-complexity -MMD -MP -MF"Drivers/STM32G0xx_HAL_Driver/stm32g0xx_hal_dma_ex.d" -MT"Drivers/STM32G0xx_HAL_Driver/stm32g0xx_hal_dma_ex.o" --specs=nano.specs -mfloat-abi=soft -mthumb -o "Drivers/STM32G0xx_HAL_Driver/stm32g0xx_hal_dma_ex.o"
arm-none-eabi-gcc "C:/Users/hra/STM32Cube/Repository/STM32Cube_FW_G0_V1.6.3/Drivers/STM32G0xx_HAL_Driver/Src/stm32g0xx_hal_exti.c" -mcpu=cortex-m0plus -std=gnu11 -g3 -DDEBUG -DUSE_HAL_DRIVER -DSTM32G0B0xx -c -I../Core/Inc -IC:/Users/hra/STM32Cube/Repository/STM32Cube_FW_G0_V1.6.3/Drivers/STM32G0xx_HAL_Driver/Inc -IC:/Users/hra/STM32Cube/Repository/STM32Cube_FW_G0_V1.6.3/Drivers/STM32G0xx_HAL_Driver/Inc/Legacy -IC:/Users/hra/STM32Cube/Repository/STM32Cube_FW_G0_V1.6.3/Drivers/CMSIS/Device/ST/STM32G0xx/Include -IC:/Users/hra/STM32Cube/Repository/STM32Cube_FW_G0_V1.6.3/Drivers/CMSIS/Include -O0 -ffunction-sections -fdata-sections -Wall -fstack-usage -fcyclomatic-complexity -MMD -MP -MF"Drivers/STM32G0xx_HAL_Driver/stm32g0xx_hal_exti.d" -MT"Drivers/STM32G0xx_HAL_Driver/stm32g0xx_hal_exti.o" --specs=nano.specs -mfloat-abi=soft -mthumb -o "Drivers/STM32G0xx_HAL_Driver/stm32g0xx_hal_exti.o"
arm-none-eabi-gcc "C:/Users/hra/STM32Cube/Repository/STM32Cube_FW_G0_V1.6.3/Drivers/STM32G0xx_HAL_Driver/Src/stm32g0xx_hal_flash.c" -mcpu=cortex-m0plus -std=gnu11 -g3 -DDEBUG -DUSE_HAL_DRIVER -DSTM32G0B0xx -c -I../Core/Inc -IC:/Users/hra/STM32Cube/Repository/STM32Cube_FW_G0_V1.6.3/Drivers/STM32G0xx_HAL_Driver/Inc -IC:/Users/hra/STM32Cube/Repository/STM32Cube_FW_G0_V1.6.3/Drivers/STM32G0xx_HAL_Driver/Inc/Legacy -IC:/Users/hra/STM32Cube/Repository/STM32Cube_FW_G0_V1.6.3/Drivers/CMSIS/Device/ST/STM32G0xx/Include -IC:/Users/hra/STM32Cube/Repository/STM32Cube_FW_G0_V1.6.3/Drivers/CMSIS/Include -O0 -ffunction-sections -fdata-sections -Wall -fstack-usage -fcyclomatic-complexity -MMD -MP -MF"Drivers/STM32G0xx_HAL_Driver/stm32g0xx_hal_flash.d" -MT"Drivers/STM32G0xx_HAL_Driver/stm32g0xx_hal_flash.o" --specs=nano.specs -mfloat-abi=soft -mthumb -o "Drivers/STM32G0xx_HAL_Driver/stm32g0xx_hal_flash.o"
arm-none-eabi-gcc "C:/Users/hra/STM32Cube/Repository/STM32Cube_FW_G0_V1.6.3/Drivers/STM32G0xx_HAL_Driver/Src/stm32g0xx_hal_flash_ex.c" -mcpu=cortex-m0plus -std=gnu11 -g3 -DDEBUG -DUSE_HAL_DRIVER -DSTM32G0B0xx -c -I../Core/Inc -IC:/Users/hra/STM32Cube/Repository/STM32Cube_FW_G0_V1.6.3/Drivers/STM32G0xx_HAL_Driver/Inc -IC:/Users/hra/STM32Cube/Repository/STM32Cube_FW_G0_V1.6.3/Drivers/STM32G0xx_HAL_Driver/Inc/Legacy -IC:/Users/hra/STM32Cube/Repository/STM32Cube_FW_G0_V1.6.3/Drivers/CMSIS/Device/ST/STM32G0xx/Include -IC:/Users/hra/STM32Cube/Repository/STM32Cube_FW_G0_V1.6.3/Drivers/CMSIS/Include -O0 -ffunction-sections -fdata-sections -Wall -fstack-usage -fcyclomatic-complexity -MMD -MP -MF"Drivers/STM32G0xx_HAL_Driver/stm32g0xx_hal_flash_ex.d" -MT"Drivers/STM32G0xx_HAL_Driver/stm32g0xx_hal_flash_ex.o" --specs=nano.specs -mfloat-abi=soft -mthumb -o "Drivers/STM32G0xx_HAL_Driver/stm32g0xx_hal_flash_ex.o"
arm-none-eabi-gcc "C:/Users/hra/STM32Cube/Repository/STM32Cube_FW_G0_V1.6.3/Drivers/STM32G0xx_HAL_Driver/Src/stm32g0xx_hal_gpio.c" -mcpu=cortex-m0plus -std=gnu11 -g3 -DDEBUG -DUSE_HAL_DRIVER -DSTM32G0B0xx -c -I../Core/Inc -IC:/Users/hra/STM32Cube/Repository/STM32Cube_FW_G0_V1.6.3/Drivers/STM32G0xx_HAL_Driver/Inc -IC:/Users/hra/STM32Cube/Repository/STM32Cube_FW_G0_V1.6.3/Drivers/STM32G0xx_HAL_Driver/Inc/Legacy -IC:/Users/hra/STM32Cube/Repository/STM32Cube_FW_G0_V1.6.3/Drivers/CMSIS/Device/ST/STM32G0xx/Include -IC:/Users/hra/STM32Cube/Repository/STM32Cube_FW_G0_V1.6.3/Drivers/CMSIS/Include -O0 -ffunction-sections -fdata-sections -Wall -fstack-usage -fcyclomatic-complexity -MMD -MP -MF"Drivers/STM32G0xx_HAL_Driver/stm32g0xx_hal_gpio.d" -MT"Drivers/STM32G0xx_HAL_Driver/stm32g0xx_hal_gpio.o" --specs=nano.specs -mfloat-abi=soft -mthumb -o "Drivers/STM32G0xx_HAL_Driver/stm32g0xx_hal_gpio.o"
arm-none-eabi-gcc "C:/Users/hra/STM32Cube/Repository/STM32Cube_FW_G0_V1.6.3/Drivers/STM32G0xx_HAL_Driver/Src/stm32g0xx_hal_i2c.c" -mcpu=cortex-m0plus -std=gnu11 -g3 -DDEBUG -DUSE_HAL_DRIVER -DSTM32G0B0xx -c -I../Core/Inc -IC:/Users/hra/STM32Cube/Repository/STM32Cube_FW_G0_V1.6.3/Drivers/STM32G0xx_HAL_Driver/Inc -IC:/Users/hra/STM32Cube/Repository/STM32Cube_FW_G0_V1.6.3/Drivers/STM32G0xx_HAL_Driver/Inc/Legacy -IC:/Users/hra/STM32Cube/Repository/STM32Cube_FW_G0_V1.6.3/Drivers/CMSIS/Device/ST/STM32G0xx/Include -IC:/Users/hra/STM32Cube/Repository/STM32Cube_FW_G0_V1.6.3/Drivers/CMSIS/Include -O0 -ffunction-sections -fdata-sections -Wall -fstack-usage -fcyclomatic-complexity -MMD -MP -MF"Drivers/STM32G0xx_HAL_Driver/stm32g0xx_hal_i2c.d" -MT"Drivers/STM32G0xx_HAL_Driver/stm32g0xx_hal_i2c.o" --specs=nano.specs -mfloat-abi=soft -mthumb -o "Drivers/STM32G0xx_HAL_Driver/stm32g0xx_hal_i2c.o"
arm-none-eabi-gcc "C:/Users/hra/STM32Cube/Repository/STM32Cube_FW_G0_V1.6.3/Drivers/STM32G0xx_HAL_Driver/Src/stm32g0xx_hal_i2c_ex.c" -mcpu=cortex-m0plus -std=gnu11 -g3 -DDEBUG -DUSE_HAL_DRIVER -DSTM32G0B0xx -c -I../Core/Inc -IC:/Users/hra/STM32Cube/Repository/STM32Cube_FW_G0_V1.6.3/Drivers/STM32G0xx_HAL_Driver/Inc -IC:/Users/hra/STM32Cube/Repository/STM32Cube_FW_G0_V1.6.3/Drivers/STM32G0xx_HAL_Driver/Inc/Legacy -IC:/Users/hra/STM32Cube/Repository/STM32Cube_FW_G0_V1.6.3/Drivers/CMSIS/Device/ST/STM32G0xx/Include -IC:/Users/hra/STM32Cube/Repository/STM32Cube_FW_G0_V1.6.3/Drivers/CMSIS/Include -O0 -ffunction-sections -fdata-sections -Wall -fstack-usage -fcyclomatic-complexity -MMD -MP -MF"Drivers/STM32G0xx_HAL_Driver/stm32g0xx_hal_i2c_ex.d" -MT"Drivers/STM32G0xx_HAL_Driver/stm32g0xx_hal_i2c_ex.o" --specs=nano.specs -mfloat-abi=soft -mthumb -o "Drivers/STM32G0xx_HAL_Driver/stm32g0xx_hal_i2c_ex.o"
arm-none-eabi-gcc "C:/Users/hra/STM32Cube/Repository/STM32Cube_FW_G0_V1.6.3/Drivers/STM32G0xx_HAL_Driver/Src/stm32g0xx_hal_pwr.c" -mcpu=cortex-m0plus -std=gnu11 -g3 -DDEBUG -DUSE_HAL_DRIVER -DSTM32G0B0xx -c -I../Core/Inc -IC:/Users/hra/STM32Cube/Repository/STM32Cube_FW_G0_V1.6.3/Drivers/STM32G0xx_HAL_Driver/Inc -IC:/Users/hra/STM32Cube/Repository/STM32Cube_FW_G0_V1.6.3/Drivers/STM32G0xx_HAL_Driver/Inc/Legacy -IC:/Users/hra/STM32Cube/Repository/STM32Cube_FW_G0_V1.6.3/Drivers/CMSIS/Device/ST/STM32G0xx/Include -IC:/Users/hra/STM32Cube/Repository/STM32Cube_FW_G0_V1.6.3/Drivers/CMSIS/Include -O0 -ffunction-sections -fdata-sections -Wall -fstack-usage -fcyclomatic-complexity -MMD -MP -MF"Drivers/STM32G0xx_HAL_Driver/stm32g0xx_hal_pwr.d" -MT"Drivers/STM32G0xx_HAL_Driver/stm32g0xx_hal_pwr.o" --specs=nano.specs -mfloat-abi=soft -mthumb -o "Drivers/STM32G0xx_HAL_Driver/stm32g0xx_hal_pwr.o"
arm-none-eabi-gcc "C:/Users/hra/STM32Cube/Repository/STM32Cube_FW_G0_V1.6.3/Drivers/STM32G0xx_HAL_Driver/Src/stm32g0xx_hal_pwr_ex.c" -mcpu=cortex-m0plus -std=gnu11 -g3 -DDEBUG -DUSE_HAL_DRIVER -DSTM32G0B0xx -c -I../Core/Inc -IC:/Users/hra/STM32Cube/Repository/STM32Cube_FW_G0_V1.6.3/Drivers/STM32G0xx_HAL_Driver/Inc -IC:/Users/hra/STM32Cube/Repository/STM32Cube_FW_G0_V1.6.3/Drivers/STM32G0xx_HAL_Driver/Inc/Legacy -IC:/Users/hra/STM32Cube/Repository/STM32Cube_FW_G0_V1.6.3/Drivers/CMSIS/Device/ST/STM32G0xx/Include -IC:/Users/hra/STM32Cube/Repository/STM32Cube_FW_G0_V1.6.3/Drivers/CMSIS/Include -O0 -ffunction-sections -fdata-sections -Wall -fstack-usage -fcyclomatic-complexity -MMD -MP -MF"Drivers/STM32G0xx_HAL_Driver/stm32g0xx_hal_pwr_ex.d" -MT"Drivers/STM32G0xx_HAL_Driver/stm32g0xx_hal_pwr_ex.o" --specs=nano.specs -mfloat-abi=soft -mthumb -o "Drivers/STM32G0xx_HAL_Driver/stm32g0xx_hal_pwr_ex.o"
arm-none-eabi-gcc "C:/Users/hra/STM32Cube/Repository/STM32Cube_FW_G0_V1.6.3/Drivers/STM32G0xx_HAL_Driver/Src/stm32g0xx_hal_rcc.c" -mcpu=cortex-m0plus -std=gnu11 -g3 -DDEBUG -DUSE_HAL_DRIVER -DSTM32G0B0xx -c -I../Core/Inc -IC:/Users/hra/STM32Cube/Repository/STM32Cube_FW_G0_V1.6.3/Drivers/STM32G0xx_HAL_Driver/Inc -IC:/Users/hra/STM32Cube/Repository/STM32Cube_FW_G0_V1.6.3/Drivers/STM32G0xx_HAL_Driver/Inc/Legacy -IC:/Users/hra/STM32Cube/Repository/STM32Cube_FW_G0_V1.6.3/Drivers/CMSIS/Device/ST/STM32G0xx/Include -IC:/Users/hra/STM32Cube/Repository/STM32Cube_FW_G0_V1.6.3/Drivers/CMSIS/Include -O0 -ffunction-sections -fdata-sections -Wall -fstack-usage -fcyclomatic-complexity -MMD -MP -MF"Drivers/STM32G0xx_HAL_Driver/stm32g0xx_hal_rcc.d" -MT"Drivers/STM32G0xx_HAL_Driver/stm32g0xx_hal_rcc.o" --specs=nano.specs -mfloat-abi=soft -mthumb -o "Drivers/STM32G0xx_HAL_Driver/stm32g0xx_hal_rcc.o"
arm-none-eabi-gcc "C:/Users/hra/STM32Cube/Repository/STM32Cube_FW_G0_V1.6.3/Drivers/STM32G0xx_HAL_Driver/Src/stm32g0xx_hal_rcc_ex.c" -mcpu=cortex-m0plus -std=gnu11 -g3 -DDEBUG -DUSE_HAL_DRIVER -DSTM32G0B0xx -c -I../Core/Inc -IC:/Users/hra/STM32Cube/Repository/STM32Cube_FW_G0_V1.6.3/Drivers/STM32G0xx_HAL_Driver/Inc -IC:/Users/hra/STM32Cube/Repository/STM32Cube_FW_G0_V1.6.3/Drivers/STM32G0xx_HAL_Driver/Inc/Legacy -IC:/Users/hra/STM32Cube/Repository/STM32Cube_FW_G0_V1.6.3/Drivers/CMSIS/Device/ST/STM32G0xx/Include -IC:/Users/hra/STM32Cube/Repository/STM32Cube_FW_G0_V1.6.3/Drivers/CMSIS/Include -O0 -ffunction-sections -fdata-sections -Wall -fstack-usage -fcyclomatic-complexity -MMD -MP -MF"Drivers/STM32G0xx_HAL_Driver/stm32g0xx_hal_rcc_ex.d" -MT"Drivers/STM32G0xx_HAL_Driver/stm32g0xx_hal_rcc_ex.o" --specs=nano.specs -mfloat-abi=soft -mthumb -o "Drivers/STM32G0xx_HAL_Driver/stm32g0xx_hal_rcc_ex.o"
arm-none-eabi-gcc "C:/Users/hra/STM32Cube/Repository/STM32Cube_FW_G0_V1.6.3/Drivers/STM32G0xx_HAL_Driver/Src/stm32g0xx_ll_rcc.c" -mcpu=cortex-m0plus -std=gnu11 -g3 -DDEBUG -DUSE_HAL_DRIVER -DSTM32G0B0xx -c -I../Core/Inc -IC:/Users/hra/STM32Cube/Repository/STM32Cube_FW_G0_V1.6.3/Drivers/STM32G0xx_HAL_Driver/Inc -IC:/Users/hra/STM32Cube/Repository/STM32Cube_FW_G0_V1.6.3/Drivers/STM32G0xx_HAL_Driver/Inc/Legacy -IC:/Users/hra/STM32Cube/Repository/STM32Cube_FW_G0_V1.6.3/Drivers/CMSIS/Device/ST/STM32G0xx/Include -IC:/Users/hra/STM32Cube/Repository/STM32Cube_FW_G0_V1.6.3/Drivers/CMSIS/Include -O0 -ffunction-sections -fdata-sections -Wall -fstack-usage -fcyclomatic-complexity -MMD -MP -MF"Drivers/STM32G0xx_HAL_Driver/stm32g0xx_ll_rcc.d" -MT"Drivers/STM32G0xx_HAL_Driver/stm32g0xx_ll_rcc.o" --specs=nano.specs -mfloat-abi=soft -mthumb -o "Drivers/STM32G0xx_HAL_Driver/stm32g0xx_ll_rcc.o"
arm-none-eabi-gcc -mcpu=cortex-m0plus -g3 -DDEBUG -c -I../Core/Inc -IC:/Users/hra/STM32Cube/Repository/STM32Cube_FW_G0_V1.6.3/Drivers/STM32G0xx_HAL_Driver/Inc -IC:/Users/hra/STM32Cube/Repository/STM32Cube_FW_G0_V1.6.3/Drivers/STM32G0xx_HAL_Driver/Inc/Legacy -IC:/Users/hra/STM32Cube/Repository/STM32Cube_FW_G0_V1.6.3/Middlewares/Third_Party/FreeRTOS/Source/include -IC:/Users/hra/STM32Cube/Repository/STM32Cube_FW_G0_V1.6.3/Middlewares/Third_Party/FreeRTOS/Source/CMSIS_RTOS_V2 -IC:/Users/hra/STM32Cube/Repository/STM32Cube_FW_G0_V1.6.3/Middlewares/Third_Party/FreeRTOS/Source/portable/GCC/ARM_CM0 -IC:/Users/hra/STM32Cube/Repository/STM32Cube_FW_G0_V1.6.3/Drivers/CMSIS/Device/ST/STM32G0xx/Include -IC:/Users/hra/STM32Cube/Repository/STM32Cube_FW_G0_V1.6.3/Drivers/CMSIS/Include -x assembler-with-cpp -MMD -MP -MF"Core/Startup/startup_stm32g0b0cetx.d" -MT"Core/Startup/startup_stm32g0b0cetx.o" --specs=nano.specs -mfloat-abi=soft -mthumb -o "Core/Startup/startup_stm32g0b0cetx.o" "../Core/Startup/startup_stm32g0b0cetx.s"
arm-none-eabi-gcc "../Core/Src/main.c" -mcpu=cortex-m0plus -std=gnu11 -g3 -DDEBUG -DUSE_HAL_DRIVER -DSTM32G0B0xx -c -I../Core/Inc -IC:/Users/hra/STM32Cube/Repository/STM32Cube_FW_G0_V1.6.3/Drivers/STM32G0xx_HAL_Driver/Inc -IC:/Users/hra/STM32Cube/Repository/STM32Cube_FW_G0_V1.6.3/Drivers/STM32G0xx_HAL_Driver/Inc/Legacy -IC:/Users/hra/STM32Cube/Repository/STM32Cube_FW_G0_V1.6.3/Drivers/CMSIS/Device/ST/STM32G0xx/Include -IC:/Users/hra/STM32Cube/Repository/STM32Cube_FW_G0_V1.6.3/Drivers/CMSIS/Include -O0 -ffunction-sections -fdata-sections -Wall -fstack-usage -fcyclomatic-complexity -MMD -MP -MF"Core/Src/main.d" -MT"Core/Src/main.o" --specs=nano.specs -mfloat-abi=soft -mthumb -o "Core/Src/main.o"
arm-none-eabi-gcc "../Core/Src/stm32g0xx_hal_msp.c" -mcpu=cortex-m0plus -std=gnu11 -g3 -DDEBUG -DUSE_HAL_DRIVER -DSTM32G0B0xx -c -I../Core/Inc -IC:/Users/hra/STM32Cube/Repository/STM32Cube_FW_G0_V1.6.3/Drivers/STM32G0xx_HAL_Driver/Inc -IC:/Users/hra/STM32Cube/Repository/STM32Cube_FW_G0_V1.6.3/Drivers/STM32G0xx_HAL_Driver/Inc/Legacy -IC:/Users/hra/STM32Cube/Repository/STM32Cube_FW_G0_V1.6.3/Drivers/CMSIS/Device/ST/STM32G0xx/Include -IC:/Users/hra/STM32Cube/Repository/STM32Cube_FW_G0_V1.6.3/Drivers/CMSIS/Include -O0 -ffunction-sections -fdata-sections -Wall -fstack-usage -fcyclomatic-complexity -MMD -MP -MF"Core/Src/stm32g0xx_hal_msp.d" -MT"Core/Src/stm32g0xx_hal_msp.o" --specs=nano.specs -mfloat-abi=soft -mthumb -o "Core/Src/stm32g0xx_hal_msp.o"
arm-none-eabi-gcc "../Core/Src/stm32g0xx_it.c" -mcpu=cortex-m0plus -std=gnu11 -g3 -DDEBUG -DUSE_HAL_DRIVER -DSTM32G0B0xx -c -I../Core/Inc -IC:/Users/hra/STM32Cube/Repository/STM32Cube_FW_G0_V1.6.3/Drivers/STM32G0xx_HAL_Driver/Inc -IC:/Users/hra/STM32Cube/Repository/STM32Cube_FW_G0_V1.6.3/Drivers/STM32G0xx_HAL_Driver/Inc/Legacy -IC:/Users/hra/STM32Cube/Repository/STM32Cube_FW_G0_V1.6.3/Drivers/CMSIS/Device/ST/STM32G0xx/Include -IC:/Users/hra/STM32Cube/Repository/STM32Cube_FW_G0_V1.6.3/Drivers/CMSIS/Include -O0 -ffunction-sections -fdata-sections -Wall -fstack-usage -fcyclomatic-complexity -MMD -MP -MF"Core/Src/stm32g0xx_it.d" -MT"Core/Src/stm32g0xx_it.o" --specs=nano.specs -mfloat-abi=soft -mthumb -o "Core/Src/stm32g0xx_it.o"
arm-none-eabi-gcc "../Core/Src/syscalls.c" -mcpu=cortex-m0plus -std=gnu11 -g3 -DDEBUG -DUSE_HAL_DRIVER -DSTM32G0B0xx -c -I../Core/Inc -IC:/Users/hra/STM32Cube/Repository/STM32Cube_FW_G0_V1.6.3/Drivers/STM32G0xx_HAL_Driver/Inc -IC:/Users/hra/STM32Cube/Repository/STM32Cube_FW_G0_V1.6.3/Drivers/STM32G0xx_HAL_Driver/Inc/Legacy -IC:/Users/hra/STM32Cube/Repository/STM32Cube_FW_G0_V1.6.3/Drivers/CMSIS/Device/ST/STM32G0xx/Include -IC:/Users/hra/STM32Cube/Repository/STM32Cube_FW_G0_V1.6.3/Drivers/CMSIS/Include -O0 -ffunction-sections -fdata-sections -Wall -fstack-usage -fcyclomatic-complexity -MMD -MP -MF"Core/Src/syscalls.d" -MT"Core/Src/syscalls.o" --specs=nano.specs -mfloat-abi=soft -mthumb -o "Core/Src/syscalls.o"
arm-none-eabi-gcc "../Core/Src/sysmem.c" -mcpu=cortex-m0plus -std=gnu11 -g3 -DDEBUG -DUSE_HAL_DRIVER -DSTM32G0B0xx -c -I../Core/Inc -IC:/Users/hra/STM32Cube/Repository/STM32Cube_FW_G0_V1.6.3/Drivers/STM32G0xx_HAL_Driver/Inc -IC:/Users/hra/STM32Cube/Repository/STM32Cube_FW_G0_V1.6.3/Drivers/STM32G0xx_HAL_Driver/Inc/Legacy -IC:/Users/hra/STM32Cube/Repository/STM32Cube_FW_G0_V1.6.3/Drivers/CMSIS/Device/ST/STM32G0xx/Include -IC:/Users/hra/STM32Cube/Repository/STM32Cube_FW_G0_V1.6.3/Drivers/CMSIS/Include -O0 -ffunction-sections -fdata-sections -Wall -fstack-usage -fcyclomatic-complexity -MMD -MP -MF"Core/Src/sysmem.d" -MT"Core/Src/sysmem.o" --specs=nano.specs -mfloat-abi=soft -mthumb -o "Core/Src/sysmem.o"
arm-none-eabi-gcc "../Core/Src/system_stm32g0xx.c" -mcpu=cortex-m0plus -std=gnu11 -g3 -DDEBUG -DUSE_HAL_DRIVER -DSTM32G0B0xx -c -I../Core/Inc -IC:/Users/hra/STM32Cube/Repository/STM32Cube_FW_G0_V1.6.3/Drivers/STM32G0xx_HAL_Driver/Inc -IC:/Users/hra/STM32Cube/Repository/STM32Cube_FW_G0_V1.6.3/Drivers/STM32G0xx_HAL_Driver/Inc/Legacy -IC:/Users/hra/STM32Cube/Repository/STM32Cube_FW_G0_V1.6.3/Drivers/CMSIS/Device/ST/STM32G0xx/Include -IC:/Users/hra/STM32Cube/Repository/STM32Cube_FW_G0_V1.6.3/Drivers/CMSIS/Include -O0 -ffunction-sections -fdata-sections -Wall -fstack-usage -fcyclomatic-complexity -MMD -MP -MF"Core/Src/system_stm32g0xx.d" -MT"Core/Src/system_stm32g0xx.o" --specs=nano.specs -mfloat-abi=soft -mthumb -o "Core/Src/system_stm32g0xx.o"
../Core/Src/main.c:69:12: warning: 'rx_length' defined but not used [-Wunused-variable]
   69 | static int rx_length = 0;
      |            ^~~~~~~~~
arm-none-eabi-gcc -o "MSXtR_Portable_Keyboard.elf" @"objects.list"   -mcpu=cortex-m0plus -T"C:\Users\hra\Documents\github\HRA_product\FPGA_MSXtR\keyboard\MSXtR_Portable_Keyboard\STM32G0B0CETX_FLASH.ld" --specs=nosys.specs -Wl,-Map="MSXtR_Portable_Keyboard.map" -Wl,--gc-sections -static --specs=nano.specs -mfloat-abi=soft -mthumb -Wl,--start-group -lc -lm -Wl,--end-group
Finished building target: MSXtR_Portable_Keyboard.elf
 
arm-none-eabi-size  MSXtR_Portable_Keyboard.elf 
arm-none-eabi-objdump -h -S MSXtR_Portable_Keyboard.elf  > "MSXtR_Portable_Keyboard.list"
   text	   data	    bss	    dec	    hex	filename
  14456	    104	   1720	  16280	   3f98	MSXtR_Portable_Keyboard.elf
Finished building: default.size.stdout
 
Finished building: MSXtR_Portable_Keyboard.list
 
07:31:56 **** Clean-only build of configuration Debug for project MSXtR_Portable_Keyboard ****
make -j16 clean 
rm -rf ./Drivers/STM32G0xx_HAL_Driver/stm32g0xx_hal.cyclo ./Drivers/STM32G0xx_HAL_Driver/stm32g0xx_hal.d ./Drivers/STM32G0xx_HAL_Driver/stm32g0xx_hal.o ./Drivers/STM32G0xx_HAL_Driver/stm32g0xx_hal.su ./Drivers/STM32G0xx_HAL_Driver/stm32g0xx_hal_cortex.cyclo ./Drivers/STM32G0xx_HAL_Driver/stm32g0xx_hal_cortex.d ./Drivers/STM32G0xx_HAL_Driver/stm32g0xx_hal_cortex.o ./Drivers/STM32G0xx_HAL_Driver/stm32g0xx_hal_cortex.su ./Drivers/STM32G0xx_HAL_Driver/stm32g0xx_hal_dma.cyclo ./Drivers/STM32G0xx_HAL_Driver/stm32g0xx_hal_dma.d ./Drivers/STM32G0xx_HAL_Driver/stm32g0xx_hal_dma.o ./Drivers/STM32G0xx_HAL_Driver/stm32g0xx_hal_dma.su ./Drivers/STM32G0xx_HAL_Driver/stm32g0xx_hal_dma_ex.cyclo ./Drivers/STM32G0xx_HAL_Driver/stm32g0xx_hal_dma_ex.d ./Drivers/STM32G0xx_HAL_Driver/stm32g0xx_hal_dma_ex.o ./Drivers/STM32G0xx_HAL_Driver/stm32g0xx_hal_dma_ex.su ./Drivers/STM32G0xx_HAL_Driver/stm32g0xx_hal_exti.cyclo ./Drivers/STM32G0xx_HAL_Driver/stm32g0xx_hal_exti.d ./Drivers/STM32G0xx_HAL_Driver/stm32g0xx_hal_exti.o ./Drivers/STM32G0xx_HAL_Driver/stm32g0xx_hal_exti.su ./Drivers/STM32G0xx_HAL_Driver/stm32g0xx_hal_flash.cyclo ./Drivers/STM32G0xx_HAL_Driver/stm32g0xx_hal_flash.d ./Drivers/STM32G0xx_HAL_Driver/stm32g0xx_hal_flash.o ./Drivers/STM32G0xx_HAL_Driver/stm32g0xx_hal_flash.su ./Drivers/STM32G0xx_HAL_Driver/stm32g0xx_hal_flash_ex.cyclo ./Drivers/STM32G0xx_HAL_Driver/stm32g0xx_hal_flash_ex.d ./Drivers/STM32G0xx_HAL_Driver/stm32g0xx_hal_flash_ex.o ./Drivers/STM32G0xx_HAL_Driver/stm32g0xx_hal_flash_ex.su ./Drivers/STM32G0xx_HAL_Driver/stm32g0xx_hal_gpio.cyclo ./Drivers/STM32G0xx_HAL_Driver/stm32g0xx_hal_gpio.d ./Drivers/STM32G0xx_HAL_Driver/stm32g0xx_hal_gpio.o ./Drivers/STM32G0xx_HAL_Driver/stm32g0xx_hal_gpio.su ./Drivers/STM32G0xx_HAL_Driver/stm32g0xx_hal_i2c.cyclo ./Drivers/STM32G0xx_HAL_Driver/stm32g0xx_hal_i2c.d ./Drivers/STM32G0xx_HAL_Driver/stm32g0xx_hal_i2c.o ./Drivers/STM32G0xx_HAL_Driver/stm32g0xx_hal_i2c.su ./Drivers/STM32G0xx_HAL_Driver/stm32g0xx_hal_i2c_ex.cyclo ./Drivers/STM32G0xx_HAL_Driver/stm32g0xx_hal_i2c_ex.d ./Drivers/STM32G0xx_HAL_Driver/stm32g0xx_hal_i2c_ex.o ./Drivers/STM32G0xx_HAL_Driver/stm32g0xx_hal_i2c_ex.su ./Drivers/STM32G0xx_HAL_Driver/stm32g0xx_hal_pwr.cyclo ./Drivers/STM32G0xx_HAL_Driver/stm32g0xx_hal_pwr.d ./Drivers/STM32G0xx_HAL_Driver/stm32g0xx_hal_pwr.o ./Drivers/STM32G0xx_HAL_Driver/stm32g0xx_hal_pwr.su ./Drivers/STM32G0xx_HAL_Driver/stm32g0xx_hal_pwr_ex.cyclo ./Drivers/STM32G0xx_HAL_Driver/stm32g0xx_hal_pwr_ex.d ./Drivers/STM32G0xx_HAL_Driver/stm32g0xx_hal_pwr_ex.o ./Drivers/STM32G0xx_HAL_Driver/stm32g0xx_hal_pwr_ex.su ./Drivers/STM32G0xx_HAL_Driver/stm32g0xx_hal_rcc.cyclo ./Drivers/STM32G0xx_HAL_Driver/stm32g0xx_hal_rcc.d ./Drivers/STM32G0xx_HAL_Driver/stm32g0xx_hal_rcc.o ./Drivers/STM32G0xx_HAL_Driver/stm32g0xx_hal_rcc.su ./Drivers/STM32G0xx_HAL_Driver/stm32g0xx_hal_rcc_ex.cyclo ./Drivers/STM32G0xx_HAL_Driver/stm32g0xx_hal_rcc_ex.d ./Drivers/STM32G0xx_HAL_Driver/stm32g0xx_hal_rcc_ex.o ./Drivers/STM32G0xx_HAL_Driver/stm32g0xx_hal_rcc_ex.su ./Drivers/STM32G0xx_HAL_Driver/stm32g0xx_ll_rcc.cyclo ./Drivers/STM32G0xx_HAL_Driver/stm32g0xx_ll_rcc.d ./Drivers/STM32G0xx_HAL_Driver/stm32g0xx_ll_rcc.o ./Drivers/STM32G0xx_HAL_Driver/stm32g0xx_ll_rcc.su
rm -rf ./Core/Startup/startup_stm32g0b0cetx.d ./Core/Startup/startup_stm32g0b0cetx.o
rm -rf ./Core/Src/main.cyclo ./Core/Src/main.d ./Core/Src/main.o ./Core/Src/main.su ./Core/Src/stm32g0xx_hal_msp.cyclo ./Core/Src/stm32g0xx_hal_msp.d ./Core/Src/stm32g0xx_hal_msp.o ./Core/Src/stm32g0xx_hal_msp.su ./Core/Src/stm32g0xx_it.cyclo ./Core/Src/stm32g0xx_it.d ./Core/Src/stm32g0xx_it.o ./Core/Src/stm32g0xx_it.su ./Core/Src/syscalls.cyclo ./Core/Src/syscalls.d ./Core/Src/syscalls.o ./Core/Src/syscalls.su ./Core/Src/sysmem.cyclo ./Core/Src/sysmem.d ./Core/Src/sysmem.o ./Core/Src/sysmem.su ./Core/Src/system_stm32g0xx.cyclo ./Core/Src/system_stm32g0xx.d ./Core/Src/system_stm32g0xx.o ./Core/Src/system_stm32g0xx.su
rm -rf MSXtR_Portable_Keyboard.elf MSXtR_Portable_Keyboard.list MSXtR_Portable_Keyboard.map default.size.stdout
 
07:31:57 **** Incremental Build of configuration Debug for project MSXtR_Portable_Keyboard ****
make -j16 all 
arm-none-eabi-gcc -mcpu=cortex-m0plus -g3 -DDEBUG -c -I../Core/Inc -IC:/Users/hra/STM32Cube/Repository/STM32Cube_FW_G0_V1.6.3/Drivers/STM32G0xx_HAL_Driver/Inc -IC:/Users/hra/STM32Cube/Repository/STM32Cube_FW_G0_V1.6.3/Drivers/STM32G0xx_HAL_Driver/Inc/Legacy -IC:/Users/hra/STM32Cube/Repository/STM32Cube_FW_G0_V1.6.3/Middlewares/Third_Party/FreeRTOS/Source/include -IC:/Users/hra/STM32Cube/Repository/STM32Cube_FW_G0_V1.6.3/Middlewares/Third_Party/FreeRTOS/Source/CMSIS_RTOS_V2 -IC:/Users/hra/STM32Cube/Repository/STM32Cube_FW_G0_V1.6.3/Middlewares/Third_Party/FreeRTOS/Source/portable/GCC/ARM_CM0 -IC:/Users/hra/STM32Cube/Repository/STM32Cube_FW_G0_V1.6.3/Drivers/CMSIS/Device/ST/STM32G0xx/Include -IC:/Users/hra/STM32Cube/Repository/STM32Cube_FW_G0_V1.6.3/Drivers/CMSIS/Include -x assembler-with-cpp -MMD -MP -MF"Core/Startup/startup_stm32g0b0cetx.d" -MT"Core/Startup/startup_stm32g0b0cetx.o" --specs=nano.specs -mfloat-abi=soft -mthumb -o "Core/Startup/startup_stm32g0b0cetx.o" "../Core/Startup/startup_stm32g0b0cetx.s"
arm-none-eabi-gcc "../Core/Src/main.c" -mcpu=cortex-m0plus -std=gnu11 -g3 -DDEBUG -DUSE_HAL_DRIVER -DSTM32G0B0xx -c -I../Core/Inc -IC:/Users/hra/STM32Cube/Repository/STM32Cube_FW_G0_V1.6.3/Drivers/STM32G0xx_HAL_Driver/Inc -IC:/Users/hra/STM32Cube/Repository/STM32Cube_FW_G0_V1.6.3/Drivers/STM32G0xx_HAL_Driver/Inc/Legacy -IC:/Users/hra/STM32Cube/Repository/STM32Cube_FW_G0_V1.6.3/Drivers/CMSIS/Device/ST/STM32G0xx/Include -IC:/Users/hra/STM32Cube/Repository/STM32Cube_FW_G0_V1.6.3/Drivers/CMSIS/Include -O0 -ffunction-sections -fdata-sections -Wall -fstack-usage -fcyclomatic-complexity -MMD -MP -MF"Core/Src/main.d" -MT"Core/Src/main.o" --specs=nano.specs -mfloat-abi=soft -mthumb -o "Core/Src/main.o"
arm-none-eabi-gcc "../Core/Src/stm32g0xx_hal_msp.c" -mcpu=cortex-m0plus -std=gnu11 -g3 -DDEBUG -DUSE_HAL_DRIVER -DSTM32G0B0xx -c -I../Core/Inc -IC:/Users/hra/STM32Cube/Repository/STM32Cube_FW_G0_V1.6.3/Drivers/STM32G0xx_HAL_Driver/Inc -IC:/Users/hra/STM32Cube/Repository/STM32Cube_FW_G0_V1.6.3/Drivers/STM32G0xx_HAL_Driver/Inc/Legacy -IC:/Users/hra/STM32Cube/Repository/STM32Cube_FW_G0_V1.6.3/Drivers/CMSIS/Device/ST/STM32G0xx/Include -IC:/Users/hra/STM32Cube/Repository/STM32Cube_FW_G0_V1.6.3/Drivers/CMSIS/Include -O0 -ffunction-sections -fdata-sections -Wall -fstack-usage -fcyclomatic-complexity -MMD -MP -MF"Core/Src/stm32g0xx_hal_msp.d" -MT"Core/Src/stm32g0xx_hal_msp.o" --specs=nano.specs -mfloat-abi=soft -mthumb -o "Core/Src/stm32g0xx_hal_msp.o"
arm-none-eabi-gcc "../Core/Src/stm32g0xx_it.c" -mcpu=cortex-m0plus -std=gnu11 -g3 -DDEBUG -DUSE_HAL_DRIVER -DSTM32G0B0xx -c -I../Core/Inc -IC:/Users/hra/STM32Cube/Repository/STM32Cube_FW_G0_V1.6.3/Drivers/STM32G0xx_HAL_Driver/Inc -IC:/Users/hra/STM32Cube/Repository/STM32Cube_FW_G0_V1.6.3/Drivers/STM32G0xx_HAL_Driver/Inc/Legacy -IC:/Users/hra/STM32Cube/Repository/STM32Cube_FW_G0_V1.6.3/Drivers/CMSIS/Device/ST/STM32G0xx/Include -IC:/Users/hra/STM32Cube/Repository/STM32Cube_FW_G0_V1.6.3/Drivers/CMSIS/Include -O0 -ffunction-sections -fdata-sections -Wall -fstack-usage -fcyclomatic-complexity -MMD -MP -MF"Core/Src/stm32g0xx_it.d" -MT"Core/Src/stm32g0xx_it.o" --specs=nano.specs -mfloat-abi=soft -mthumb -o "Core/Src/stm32g0xx_it.o"
arm-none-eabi-gcc "../Core/Src/syscalls.c" -mcpu=cortex-m0plus -std=gnu11 -g3 -DDEBUG -DUSE_HAL_DRIVER -DSTM32G0B0xx -c -I../Core/Inc -IC:/Users/hra/STM32Cube/Repository/STM32Cube_FW_G0_V1.6.3/Drivers/STM32G0xx_HAL_Driver/Inc -IC:/Users/hra/STM32Cube/Repository/STM32Cube_FW_G0_V1.6.3/Drivers/STM32G0xx_HAL_Driver/Inc/Legacy -IC:/Users/hra/STM32Cube/Repository/STM32Cube_FW_G0_V1.6.3/Drivers/CMSIS/Device/ST/STM32G0xx/Include -IC:/Users/hra/STM32Cube/Repository/STM32Cube_FW_G0_V1.6.3/Drivers/CMSIS/Include -O0 -ffunction-sections -fdata-sections -Wall -fstack-usage -fcyclomatic-complexity -MMD -MP -MF"Core/Src/syscalls.d" -MT"Core/Src/syscalls.o" --specs=nano.specs -mfloat-abi=soft -mthumb -o "Core/Src/syscalls.o"
arm-none-eabi-gcc "../Core/Src/sysmem.c" -mcpu=cortex-m0plus -std=gnu11 -g3 -DDEBUG -DUSE_HAL_DRIVER -DSTM32G0B0xx -c -I../Core/Inc -IC:/Users/hra/STM32Cube/Repository/STM32Cube_FW_G0_V1.6.3/Drivers/STM32G0xx_HAL_Driver/Inc -IC:/Users/hra/STM32Cube/Repository/STM32Cube_FW_G0_V1.6.3/Drivers/STM32G0xx_HAL_Driver/Inc/Legacy -IC:/Users/hra/STM32Cube/Repository/STM32Cube_FW_G0_V1.6.3/Drivers/CMSIS/Device/ST/STM32G0xx/Include -IC:/Users/hra/STM32Cube/Repository/STM32Cube_FW_G0_V1.6.3/Drivers/CMSIS/Include -O0 -ffunction-sections -fdata-sections -Wall -fstack-usage -fcyclomatic-complexity -MMD -MP -MF"Core/Src/sysmem.d" -MT"Core/Src/sysmem.o" --specs=nano.specs -mfloat-abi=soft -mthumb -o "Core/Src/sysmem.o"
arm-none-eabi-gcc "../Core/Src/system_stm32g0xx.c" -mcpu=cortex-m0plus -std=gnu11 -g3 -DDEBUG -DUSE_HAL_DRIVER -DSTM32G0B0xx -c -I../Core/Inc -IC:/Users/hra/STM32Cube/Repository/STM32Cube_FW_G0_V1.6.3/Drivers/STM32G0xx_HAL_Driver/Inc -IC:/Users/hra/STM32Cube/Repository/STM32Cube_FW_G0_V1.6.3/Drivers/STM32G0xx_HAL_Driver/Inc/Legacy -IC:/Users/hra/STM32Cube/Repository/STM32Cube_FW_G0_V1.6.3/Drivers/CMSIS/Device/ST/STM32G0xx/Include -IC:/Users/hra/STM32Cube/Repository/STM32Cube_FW_G0_V1.6.3/Drivers/CMSIS/Include -O0 -ffunction-sections -fdata-sections -Wall -fstack-usage -fcyclomatic-complexity -MMD -MP -MF"Core/Src/system_stm32g0xx.d" -MT"Core/Src/system_stm32g0xx.o" --specs=nano.specs -mfloat-abi=soft -mthumb -o "Core/Src/system_stm32g0xx.o"
../Core/Src/main.c: In function 'HAL_I2C_SlaveRxCpltCallback':
../Core/Src/main.c:316:17: warning: unused variable 'data' [-Wunused-variable]
  316 |         uint8_t data = rx_buffer[0];
      |                 ^~~~
../Core/Src/main.c: At top level:
../Core/Src/main.c:69:12: warning: 'rx_length' defined but not used [-Wunused-variable]
   69 | static int rx_length = 0;
      |            ^~~~~~~~~
arm-none-eabi-gcc -o "MSXtR_Portable_Keyboard.elf" @"objects.list"   -mcpu=cortex-m0plus -T"C:\Users\hra\Documents\github\HRA_product\FPGA_MSXtR\keyboard\MSXtR_Portable_Keyboard\STM32G0B0CETX_FLASH.ld" --specs=nosys.specs -Wl,-Map="MSXtR_Portable_Keyboard.map" -Wl,--gc-sections -static --specs=nano.specs -mfloat-abi=soft -mthumb -Wl,--start-group -lc -lm -Wl,--end-group
C:/ST/STM32CubeIDE_2.1.1/STM32CubeIDE/plugins/com.st.stm32cube.ide.mcu.externaltools.gnu-tools-for-stm32.14.3.rel1.win32_1.0.100.202602081740/tools/bin/../lib/gcc/arm-none-eabi/14.3.1/../../../../arm-none-eabi/bin/ld.exe: ./Core/Src/main.o: in function `main':
C:/Users/hra/Documents/github/HRA_product/FPGA_MSXtR/keyboard/MSXtR_Portable_Keyboard/Debug/../Core/Src/main.c:100:(.text.main+0x6): undefined reference to `HAL_Init'
C:/ST/STM32CubeIDE_2.1.1/STM32CubeIDE/plugins/com.st.stm32cube.ide.mcu.externaltools.gnu-tools-for-stm32.14.3.rel1.win32_1.0.100.202602081740/tools/bin/../lib/gcc/arm-none-eabi/14.3.1/../../../../arm-none-eabi/bin/ld.exe: (HAL_Init): Unknown destination type (ARM/Thumb) in ./Core/Src/main.o
C:/Users/hra/Documents/github/HRA_product/FPGA_MSXtR/keyboard/MSXtR_Portable_Keyboard/Debug/../Core/Src/main.c:100:(.text.main+0x6): dangerous relocation: unsupported relocation
C:/ST/STM32CubeIDE_2.1.1/STM32CubeIDE/plugins/com.st.stm32cube.ide.mcu.externaltools.gnu-tools-for-stm32.14.3.rel1.win32_1.0.100.202602081740/tools/bin/../lib/gcc/arm-none-eabi/14.3.1/../../../../arm-none-eabi/bin/ld.exe: C:/Users/hra/Documents/github/HRA_product/FPGA_MSXtR/keyboard/MSXtR_Portable_Keyboard/Debug/../Core/Src/main.c:117:(.text.main+0x1a): undefined reference to `HAL_I2C_EnableListen_IT'
C:/ST/STM32CubeIDE_2.1.1/STM32CubeIDE/plugins/com.st.stm32cube.ide.mcu.externaltools.gnu-tools-for-stm32.14.3.rel1.win32_1.0.100.202602081740/tools/bin/../lib/gcc/arm-none-eabi/14.3.1/../../../../arm-none-eabi/bin/ld.exe: (HAL_I2C_EnableListen_IT): Unknown destination type (ARM/Thumb) in ./Core/Src/main.o
C:/Users/hra/Documents/github/HRA_product/FPGA_MSXtR/keyboard/MSXtR_Portable_Keyboard/Debug/../Core/Src/main.c:117:(.text.main+0x1a): dangerous relocation: unsupported relocation
C:/ST/STM32CubeIDE_2.1.1/STM32CubeIDE/plugins/com.st.stm32cube.ide.mcu.externaltools.gnu-tools-for-stm32.14.3.rel1.win32_1.0.100.202602081740/tools/bin/../lib/gcc/arm-none-eabi/14.3.1/../../../../arm-none-eabi/bin/ld.exe: C:/Users/hra/Documents/github/HRA_product/FPGA_MSXtR/keyboard/MSXtR_Portable_Keyboard/Debug/../Core/Src/main.c:128:(.text.main+0x34): undefined reference to `HAL_GPIO_WritePin'
C:/ST/STM32CubeIDE_2.1.1/STM32CubeIDE/plugins/com.st.stm32cube.ide.mcu.externaltools.gnu-tools-for-stm32.14.3.rel1.win32_1.0.100.202602081740/tools/bin/../lib/gcc/arm-none-eabi/14.3.1/../../../../arm-none-eabi/bin/ld.exe: (HAL_GPIO_WritePin): Unknown destination type (ARM/Thumb) in ./Core/Src/main.o
C:/Users/hra/Documents/github/HRA_product/FPGA_MSXtR/keyboard/MSXtR_Portable_Keyboard/Debug/../Core/Src/main.c:128:(.text.main+0x34): dangerous relocation: unsupported relocation
C:/ST/STM32CubeIDE_2.1.1/STM32CubeIDE/plugins/com.st.stm32cube.ide.mcu.externaltools.gnu-tools-for-stm32.14.3.rel1.win32_1.0.100.202602081740/tools/bin/../lib/gcc/arm-none-eabi/14.3.1/../../../../arm-none-eabi/bin/ld.exe: C:/Users/hra/Documents/github/HRA_product/FPGA_MSXtR/keyboard/MSXtR_Portable_Keyboard/Debug/../Core/Src/main.c:130:(.text.main+0x64): undefined reference to `HAL_GPIO_WritePin'
C:/ST/STM32CubeIDE_2.1.1/STM32CubeIDE/plugins/com.st.stm32cube.ide.mcu.externaltools.gnu-tools-for-stm32.14.3.rel1.win32_1.0.100.202602081740/tools/bin/../lib/gcc/arm-none-eabi/14.3.1/../../../../arm-none-eabi/bin/ld.exe: (HAL_GPIO_WritePin): Unknown destination type (ARM/Thumb) in ./Core/Src/main.o
C:/Users/hra/Documents/github/HRA_product/FPGA_MSXtR/keyboard/MSXtR_Portable_Keyboard/Debug/../Core/Src/main.c:130:(.text.main+0x64): dangerous relocation: unsupported relocation
C:/ST/STM32CubeIDE_2.1.1/STM32CubeIDE/plugins/com.st.stm32cube.ide.mcu.externaltools.gnu-tools-for-stm32.14.3.rel1.win32_1.0.100.202602081740/tools/bin/../lib/gcc/arm-none-eabi/14.3.1/../../../../arm-none-eabi/bin/ld.exe: C:/Users/hra/Documents/github/HRA_product/FPGA_MSXtR/keyboard/MSXtR_Portable_Keyboard/Debug/../Core/Src/main.c:132:(.text.main+0x76): undefined reference to `HAL_Delay'
C:/ST/STM32CubeIDE_2.1.1/STM32CubeIDE/plugins/com.st.stm32cube.ide.mcu.externaltools.gnu-tools-for-stm32.14.3.rel1.win32_1.0.100.202602081740/tools/bin/../lib/gcc/arm-none-eabi/14.3.1/../../../../arm-none-eabi/bin/ld.exe: (HAL_Delay): Unknown destination type (ARM/Thumb) in ./Core/Src/main.o
C:/Users/hra/Documents/github/HRA_product/FPGA_MSXtR/keyboard/MSXtR_Portable_Keyboard/Debug/../Core/Src/main.c:132:(.text.main+0x76): dangerous relocation: unsupported relocation
C:/ST/STM32CubeIDE_2.1.1/STM32CubeIDE/plugins/com.st.stm32cube.ide.mcu.externaltools.gnu-tools-for-stm32.14.3.rel1.win32_1.0.100.202602081740/tools/bin/../lib/gcc/arm-none-eabi/14.3.1/../../../../arm-none-eabi/bin/ld.exe: ./Core/Src/main.o: in function `SystemClock_Config':
C:/Users/hra/Documents/github/HRA_product/FPGA_MSXtR/keyboard/MSXtR_Portable_Keyboard/Debug/../Core/Src/main.c:148:(.text.SystemClock_Config+0x2a): undefined reference to `HAL_PWREx_ControlVoltageScaling'
C:/ST/STM32CubeIDE_2.1.1/STM32CubeIDE/plugins/com.st.stm32cube.ide.mcu.externaltools.gnu-tools-for-stm32.14.3.rel1.win32_1.0.100.202602081740/tools/bin/../lib/gcc/arm-none-eabi/14.3.1/../../../../arm-none-eabi/bin/ld.exe: (HAL_PWREx_ControlVoltageScaling): Unknown destination type (ARM/Thumb) in ./Core/Src/main.o
C:/Users/hra/Documents/github/HRA_product/FPGA_MSXtR/keyboard/MSXtR_Portable_Keyboard/Debug/../Core/Src/main.c:148:(.text.SystemClock_Config+0x2a): dangerous relocation: unsupported relocation
C:/ST/STM32CubeIDE_2.1.1/STM32CubeIDE/plugins/com.st.stm32cube.ide.mcu.externaltools.gnu-tools-for-stm32.14.3.rel1.win32_1.0.100.202602081740/tools/bin/../lib/gcc/arm-none-eabi/14.3.1/../../../../arm-none-eabi/bin/ld.exe: C:/Users/hra/Documents/github/HRA_product/FPGA_MSXtR/keyboard/MSXtR_Portable_Keyboard/Debug/../Core/Src/main.c:164:(.text.SystemClock_Config+0x7e): undefined reference to `HAL_RCC_OscConfig'
C:/ST/STM32CubeIDE_2.1.1/STM32CubeIDE/plugins/com.st.stm32cube.ide.mcu.externaltools.gnu-tools-for-stm32.14.3.rel1.win32_1.0.100.202602081740/tools/bin/../lib/gcc/arm-none-eabi/14.3.1/../../../../arm-none-eabi/bin/ld.exe: (HAL_RCC_OscConfig): Unknown destination type (ARM/Thumb) in ./Core/Src/main.o
C:/Users/hra/Documents/github/HRA_product/FPGA_MSXtR/keyboard/MSXtR_Portable_Keyboard/Debug/../Core/Src/main.c:164:(.text.SystemClock_Config+0x7e): dangerous relocation: unsupported relocation
C:/ST/STM32CubeIDE_2.1.1/STM32CubeIDE/plugins/com.st.stm32cube.ide.mcu.externaltools.gnu-tools-for-stm32.14.3.rel1.win32_1.0.100.202602081740/tools/bin/../lib/gcc/arm-none-eabi/14.3.1/../../../../arm-none-eabi/bin/ld.exe: C:/Users/hra/Documents/github/HRA_product/FPGA_MSXtR/keyboard/MSXtR_Portable_Keyboard/Debug/../Core/Src/main.c:177:(.text.SystemClock_Config+0xa8): undefined reference to `HAL_RCC_ClockConfig'
C:/ST/STM32CubeIDE_2.1.1/STM32CubeIDE/plugins/com.st.stm32cube.ide.mcu.externaltools.gnu-tools-for-stm32.14.3.rel1.win32_1.0.100.202602081740/tools/bin/../lib/gcc/arm-none-eabi/14.3.1/../../../../arm-none-eabi/bin/ld.exe: (HAL_RCC_ClockConfig): Unknown destination type (ARM/Thumb) in ./Core/Src/main.o
C:/Users/hra/Documents/github/HRA_product/FPGA_MSXtR/keyboard/MSXtR_Portable_Keyboard/Debug/../Core/Src/main.c:177:(.text.SystemClock_Config+0xa8): dangerous relocation: unsupported relocation
C:/ST/STM32CubeIDE_2.1.1/STM32CubeIDE/plugins/com.st.stm32cube.ide.mcu.externaltools.gnu-tools-for-stm32.14.3.rel1.win32_1.0.100.202602081740/tools/bin/../lib/gcc/arm-none-eabi/14.3.1/../../../../arm-none-eabi/bin/ld.exe: ./Core/Src/main.o: in function `MX_I2C2_Init':
C:/Users/hra/Documents/github/HRA_product/FPGA_MSXtR/keyboard/MSXtR_Portable_Keyboard/Debug/../Core/Src/main.c:207:(.text.MX_I2C2_Init+0x3e): undefined reference to `HAL_I2C_Init'
C:/ST/STM32CubeIDE_2.1.1/STM32CubeIDE/plugins/com.st.stm32cube.ide.mcu.externaltools.gnu-tools-for-stm32.14.3.rel1.win32_1.0.100.202602081740/tools/bin/../lib/gcc/arm-none-eabi/14.3.1/../../../../arm-none-eabi/bin/ld.exe: (HAL_I2C_Init): Unknown destination type (ARM/Thumb) in ./Core/Src/main.o
C:/Users/hra/Documents/github/HRA_product/FPGA_MSXtR/keyboard/MSXtR_Portable_Keyboard/Debug/../Core/Src/main.c:207:(.text.MX_I2C2_Init+0x3e): dangerous relocation: unsupported relocation
C:/ST/STM32CubeIDE_2.1.1/STM32CubeIDE/plugins/com.st.stm32cube.ide.mcu.externaltools.gnu-tools-for-stm32.14.3.rel1.win32_1.0.100.202602081740/tools/bin/../lib/gcc/arm-none-eabi/14.3.1/../../../../arm-none-eabi/bin/ld.exe: C:/Users/hra/Documents/github/HRA_product/FPGA_MSXtR/keyboard/MSXtR_Portable_Keyboard/Debug/../Core/Src/main.c:214:(.text.MX_I2C2_Init+0x50): undefined reference to `HAL_I2CEx_ConfigAnalogFilter'
C:/ST/STM32CubeIDE_2.1.1/STM32CubeIDE/plugins/com.st.stm32cube.ide.mcu.externaltools.gnu-tools-for-stm32.14.3.rel1.win32_1.0.100.202602081740/tools/bin/../lib/gcc/arm-none-eabi/14.3.1/../../../../arm-none-eabi/bin/ld.exe: (HAL_I2CEx_ConfigAnalogFilter): Unknown destination type (ARM/Thumb) in ./Core/Src/main.o
C:/Users/hra/Documents/github/HRA_product/FPGA_MSXtR/keyboard/MSXtR_Portable_Keyboard/Debug/../Core/Src/main.c:214:(.text.MX_I2C2_Init+0x50): dangerous relocation: unsupported relocation
C:/ST/STM32CubeIDE_2.1.1/STM32CubeIDE/plugins/com.st.stm32cube.ide.mcu.externaltools.gnu-tools-for-stm32.14.3.rel1.win32_1.0.100.202602081740/tools/bin/../lib/gcc/arm-none-eabi/14.3.1/../../../../arm-none-eabi/bin/ld.exe: C:/Users/hra/Documents/github/HRA_product/FPGA_MSXtR/keyboard/MSXtR_Portable_Keyboard/Debug/../Core/Src/main.c:221:(.text.MX_I2C2_Init+0x62): undefined reference to `HAL_I2CEx_ConfigDigitalFilter'
C:/ST/STM32CubeIDE_2.1.1/STM32CubeIDE/plugins/com.st.stm32cube.ide.mcu.externaltools.gnu-tools-for-stm32.14.3.rel1.win32_1.0.100.202602081740/tools/bin/../lib/gcc/arm-none-eabi/14.3.1/../../../../arm-none-eabi/bin/ld.exe: (HAL_I2CEx_ConfigDigitalFilter): Unknown destination type (ARM/Thumb) in ./Core/Src/main.o
C:/Users/hra/Documents/github/HRA_product/FPGA_MSXtR/keyboard/MSXtR_Portable_Keyboard/Debug/../Core/Src/main.c:221:(.text.MX_I2C2_Init+0x62): dangerous relocation: unsupported relocation
C:/ST/STM32CubeIDE_2.1.1/STM32CubeIDE/plugins/com.st.stm32cube.ide.mcu.externaltools.gnu-tools-for-stm32.14.3.rel1.win32_1.0.100.202602081740/tools/bin/../lib/gcc/arm-none-eabi/14.3.1/../../../../arm-none-eabi/bin/ld.exe: ./Core/Src/main.o: in function `MX_GPIO_Init':
C:/Users/hra/Documents/github/HRA_product/FPGA_MSXtR/keyboard/MSXtR_Portable_Keyboard/Debug/../Core/Src/main.c:250:(.text.MX_GPIO_Init+0x80): undefined reference to `HAL_GPIO_WritePin'
C:/ST/STM32CubeIDE_2.1.1/STM32CubeIDE/plugins/com.st.stm32cube.ide.mcu.externaltools.gnu-tools-for-stm32.14.3.rel1.win32_1.0.100.202602081740/tools/bin/../lib/gcc/arm-none-eabi/14.3.1/../../../../arm-none-eabi/bin/ld.exe: (HAL_GPIO_WritePin): Unknown destination type (ARM/Thumb) in ./Core/Src/main.o
C:/Users/hra/Documents/github/HRA_product/FPGA_MSXtR/keyboard/MSXtR_Portable_Keyboard/Debug/../Core/Src/main.c:250:(.text.MX_GPIO_Init+0x80): dangerous relocation: unsupported relocation
C:/ST/STM32CubeIDE_2.1.1/STM32CubeIDE/plugins/com.st.stm32cube.ide.mcu.externaltools.gnu-tools-for-stm32.14.3.rel1.win32_1.0.100.202602081740/tools/bin/../lib/gcc/arm-none-eabi/14.3.1/../../../../arm-none-eabi/bin/ld.exe: C:/Users/hra/Documents/github/HRA_product/FPGA_MSXtR/keyboard/MSXtR_Portable_Keyboard/Debug/../Core/Src/main.c:253:(.text.MX_GPIO_Init+0x8c): undefined reference to `HAL_GPIO_WritePin'
C:/ST/STM32CubeIDE_2.1.1/STM32CubeIDE/plugins/com.st.stm32cube.ide.mcu.externaltools.gnu-tools-for-stm32.14.3.rel1.win32_1.0.100.202602081740/tools/bin/../lib/gcc/arm-none-eabi/14.3.1/../../../../arm-none-eabi/bin/ld.exe: (HAL_GPIO_WritePin): Unknown destination type (ARM/Thumb) in ./Core/Src/main.o
C:/Users/hra/Documents/github/HRA_product/FPGA_MSXtR/keyboard/MSXtR_Portable_Keyboard/Debug/../Core/Src/main.c:253:(.text.MX_GPIO_Init+0x8c): dangerous relocation: unsupported relocation
C:/ST/STM32CubeIDE_2.1.1/STM32CubeIDE/plugins/com.st.stm32cube.ide.mcu.externaltools.gnu-tools-for-stm32.14.3.rel1.win32_1.0.100.202602081740/tools/bin/../lib/gcc/arm-none-eabi/14.3.1/../../../../arm-none-eabi/bin/ld.exe: C:/Users/hra/Documents/github/HRA_product/FPGA_MSXtR/keyboard/MSXtR_Portable_Keyboard/Debug/../Core/Src/main.c:262:(.text.MX_GPIO_Init+0xb2): undefined reference to `HAL_GPIO_Init'
C:/ST/STM32CubeIDE_2.1.1/STM32CubeIDE/plugins/com.st.stm32cube.ide.mcu.externaltools.gnu-tools-for-stm32.14.3.rel1.win32_1.0.100.202602081740/tools/bin/../lib/gcc/arm-none-eabi/14.3.1/../../../../arm-none-eabi/bin/ld.exe: (HAL_GPIO_Init): Unknown destination type (ARM/Thumb) in ./Core/Src/main.o
C:/Users/hra/Documents/github/HRA_product/FPGA_MSXtR/keyboard/MSXtR_Portable_Keyboard/Debug/../Core/Src/main.c:262:(.text.MX_GPIO_Init+0xb2): dangerous relocation: unsupported relocation
C:/ST/STM32CubeIDE_2.1.1/STM32CubeIDE/plugins/com.st.stm32cube.ide.mcu.externaltools.gnu-tools-for-stm32.14.3.rel1.win32_1.0.100.202602081740/tools/bin/../lib/gcc/arm-none-eabi/14.3.1/../../../../arm-none-eabi/bin/ld.exe: C:/Users/hra/Documents/github/HRA_product/FPGA_MSXtR/keyboard/MSXtR_Portable_Keyboard/Debug/../Core/Src/main.c:270:(.text.MX_GPIO_Init+0xd2): undefined reference to `HAL_GPIO_Init'
C:/ST/STM32CubeIDE_2.1.1/STM32CubeIDE/plugins/com.st.stm32cube.ide.mcu.externaltools.gnu-tools-for-stm32.14.3.rel1.win32_1.0.100.202602081740/tools/bin/../lib/gcc/arm-none-eabi/14.3.1/../../../../arm-none-eabi/bin/ld.exe: (HAL_GPIO_Init): Unknown destination type (ARM/Thumb) in ./Core/Src/main.o
C:/Users/hra/Documents/github/HRA_product/FPGA_MSXtR/keyboard/MSXtR_Portable_Keyboard/Debug/../Core/Src/main.c:270:(.text.MX_GPIO_Init+0xd2): dangerous relocation: unsupported relocation
C:/ST/STM32CubeIDE_2.1.1/STM32CubeIDE/plugins/com.st.stm32cube.ide.mcu.externaltools.gnu-tools-for-stm32.14.3.rel1.win32_1.0.100.202602081740/tools/bin/../lib/gcc/arm-none-eabi/14.3.1/../../../../arm-none-eabi/bin/ld.exe: C:/Users/hra/Documents/github/HRA_product/FPGA_MSXtR/keyboard/MSXtR_Portable_Keyboard/Debug/../Core/Src/main.c:281:(.text.MX_GPIO_Init+0xf6): undefined reference to `HAL_GPIO_Init'
C:/ST/STM32CubeIDE_2.1.1/STM32CubeIDE/plugins/com.st.stm32cube.ide.mcu.externaltools.gnu-tools-for-stm32.14.3.rel1.win32_1.0.100.202602081740/tools/bin/../lib/gcc/arm-none-eabi/14.3.1/../../../../arm-none-eabi/bin/ld.exe: (HAL_GPIO_Init): Unknown destination type (ARM/Thumb) in ./Core/Src/main.o
C:/Users/hra/Documents/github/HRA_product/FPGA_MSXtR/keyboard/MSXtR_Portable_Keyboard/Debug/../Core/Src/main.c:281:(.text.MX_GPIO_Init+0xf6): dangerous relocation: unsupported relocation
C:/ST/STM32CubeIDE_2.1.1/STM32CubeIDE/plugins/com.st.stm32cube.ide.mcu.externaltools.gnu-tools-for-stm32.14.3.rel1.win32_1.0.100.202602081740/tools/bin/../lib/gcc/arm-none-eabi/14.3.1/../../../../arm-none-eabi/bin/ld.exe: C:/Users/hra/Documents/github/HRA_product/FPGA_MSXtR/keyboard/MSXtR_Portable_Keyboard/Debug/../Core/Src/main.c:287:(.text.MX_GPIO_Init+0x116): undefined reference to `HAL_GPIO_Init'
C:/ST/STM32CubeIDE_2.1.1/STM32CubeIDE/plugins/com.st.stm32cube.ide.mcu.externaltools.gnu-tools-for-stm32.14.3.rel1.win32_1.0.100.202602081740/tools/bin/../lib/gcc/arm-none-eabi/14.3.1/../../../../arm-none-eabi/bin/ld.exe: (HAL_GPIO_Init): Unknown destination type (ARM/Thumb) in ./Core/Src/main.o
C:/Users/hra/Documents/github/HRA_product/FPGA_MSXtR/keyboard/MSXtR_Portable_Keyboard/Debug/../Core/Src/main.c:287:(.text.MX_GPIO_Init+0x116): dangerous relocation: unsupported relocation
C:/ST/STM32CubeIDE_2.1.1/STM32CubeIDE/plugins/com.st.stm32cube.ide.mcu.externaltools.gnu-tools-for-stm32.14.3.rel1.win32_1.0.100.202602081740/tools/bin/../lib/gcc/arm-none-eabi/14.3.1/../../../../arm-none-eabi/bin/ld.exe: C:/Users/hra/Documents/github/HRA_product/FPGA_MSXtR/keyboard/MSXtR_Portable_Keyboard/Debug/../Core/Src/main.c:290:(.text.MX_GPIO_Init+0x124): undefined reference to `HAL_GPIO_WritePin'
C:/ST/STM32CubeIDE_2.1.1/STM32CubeIDE/plugins/com.st.stm32cube.ide.mcu.externaltools.gnu-tools-for-stm32.14.3.rel1.win32_1.0.100.202602081740/tools/bin/../lib/gcc/arm-none-eabi/14.3.1/../../../../arm-none-eabi/bin/ld.exe: (HAL_GPIO_WritePin): Unknown destination type (ARM/Thumb) in ./Core/Src/main.o
C:/Users/hra/Documents/github/HRA_product/FPGA_MSXtR/keyboard/MSXtR_Portable_Keyboard/Debug/../Core/Src/main.c:290:(.text.MX_GPIO_Init+0x124): dangerous relocation: unsupported relocation
C:/ST/STM32CubeIDE_2.1.1/STM32CubeIDE/plugins/com.st.stm32cube.ide.mcu.externaltools.gnu-tools-for-stm32.14.3.rel1.win32_1.0.100.202602081740/tools/bin/../lib/gcc/arm-none-eabi/14.3.1/../../../../arm-none-eabi/bin/ld.exe: C:/Users/hra/Documents/github/HRA_product/FPGA_MSXtR/keyboard/MSXtR_Portable_Keyboard/Debug/../Core/Src/main.c:291:(.text.MX_GPIO_Init+0x132): undefined reference to `HAL_GPIO_WritePin'
C:/ST/STM32CubeIDE_2.1.1/STM32CubeIDE/plugins/com.st.stm32cube.ide.mcu.externaltools.gnu-tools-for-stm32.14.3.rel1.win32_1.0.100.202602081740/tools/bin/../lib/gcc/arm-none-eabi/14.3.1/../../../../arm-none-eabi/bin/ld.exe: (HAL_GPIO_WritePin): Unknown destination type (ARM/Thumb) in ./Core/Src/main.o
C:/Users/hra/Documents/github/HRA_product/FPGA_MSXtR/keyboard/MSXtR_Portable_Keyboard/Debug/../Core/Src/main.c:291:(.text.MX_GPIO_Init+0x132): dangerous relocation: unsupported relocation
C:/ST/STM32CubeIDE_2.1.1/STM32CubeIDE/plugins/com.st.stm32cube.ide.mcu.externaltools.gnu-tools-for-stm32.14.3.rel1.win32_1.0.100.202602081740/tools/bin/../lib/gcc/arm-none-eabi/14.3.1/../../../../arm-none-eabi/bin/ld.exe: C:/Users/hra/Documents/github/HRA_product/FPGA_MSXtR/keyboard/MSXtR_Portable_Keyboard/Debug/../Core/Src/main.c:292:(.text.MX_GPIO_Init+0x140): undefined reference to `HAL_GPIO_WritePin'
C:/ST/STM32CubeIDE_2.1.1/STM32CubeIDE/plugins/com.st.stm32cube.ide.mcu.externaltools.gnu-tools-for-stm32.14.3.rel1.win32_1.0.100.202602081740/tools/bin/../lib/gcc/arm-none-eabi/14.3.1/../../../../arm-none-eabi/bin/ld.exe: (HAL_GPIO_WritePin): Unknown destination type (ARM/Thumb) in ./Core/Src/main.o
C:/Users/hra/Documents/github/HRA_product/FPGA_MSXtR/keyboard/MSXtR_Portable_Keyboard/Debug/../Core/Src/main.c:292:(.text.MX_GPIO_Init+0x140): dangerous relocation: unsupported relocation
C:/ST/STM32CubeIDE_2.1.1/STM32CubeIDE/plugins/com.st.stm32cube.ide.mcu.externaltools.gnu-tools-for-stm32.14.3.rel1.win32_1.0.100.202602081740/tools/bin/../lib/gcc/arm-none-eabi/14.3.1/../../../../arm-none-eabi/bin/ld.exe: ./Core/Src/main.o: in function `SysTick_Handler':
C:/Users/hra/Documents/github/HRA_product/FPGA_MSXtR/keyboard/MSXtR_Portable_Keyboard/Debug/../Core/Src/main.c:360:(.text.SysTick_Handler+0x4): undefined reference to `HAL_IncTick'
C:/ST/STM32CubeIDE_2.1.1/STM32CubeIDE/plugins/com.st.stm32cube.ide.mcu.externaltools.gnu-tools-for-stm32.14.3.rel1.win32_1.0.100.202602081740/tools/bin/../lib/gcc/arm-none-eabi/14.3.1/../../../../arm-none-eabi/bin/ld.exe: (HAL_IncTick): Unknown destination type (ARM/Thumb) in ./Core/Src/main.o
C:/Users/hra/Documents/github/HRA_product/FPGA_MSXtR/keyboard/MSXtR_Portable_Keyboard/Debug/../Core/Src/main.c:360:(.text.SysTick_Handler+0x4): dangerous relocation: unsupported relocation
C:/ST/STM32CubeIDE_2.1.1/STM32CubeIDE/plugins/com.st.stm32cube.ide.mcu.externaltools.gnu-tools-for-stm32.14.3.rel1.win32_1.0.100.202602081740/tools/bin/../lib/gcc/arm-none-eabi/14.3.1/../../../../arm-none-eabi/bin/ld.exe: C:/Users/hra/Documents/github/HRA_product/FPGA_MSXtR/keyboard/MSXtR_Portable_Keyboard/Debug/../Core/Src/main.c:361:(.text.SysTick_Handler+0x8): undefined reference to `HAL_SYSTICK_IRQHandler'
C:/ST/STM32CubeIDE_2.1.1/STM32CubeIDE/plugins/com.st.stm32cube.ide.mcu.externaltools.gnu-tools-for-stm32.14.3.rel1.win32_1.0.100.202602081740/tools/bin/../lib/gcc/arm-none-eabi/14.3.1/../../../../arm-none-eabi/bin/ld.exe: (HAL_SYSTICK_IRQHandler): Unknown destination type (ARM/Thumb) in ./Core/Src/main.o
C:/Users/hra/Documents/github/HRA_product/FPGA_MSXtR/keyboard/MSXtR_Portable_Keyboard/Debug/../Core/Src/main.c:361:(.text.SysTick_Handler+0x8): dangerous relocation: unsupported relocation
collect2.exe: error: ld returned 1 exit status
make: *** [makefile:63: MSXtR_Portable_Keyboard.elf] Error 1
"make -j16 all" terminated with exit code 2. Build might be incomplete.
07:41:14 **** Incremental Build of configuration Debug for project MSXtR_Portable_Keyboard ****
make -j16 all 
arm-none-eabi-gcc "../Core/Src/main.c" -mcpu=cortex-m0plus -std=gnu11 -g3 -DDEBUG -DUSE_HAL_DRIVER -DSTM32G0B0xx -c -I../Core/Inc -IC:/Users/hra/STM32Cube/Repository/STM32Cube_FW_G0_V1.6.3/Drivers/STM32G0xx_HAL_Driver/Inc -IC:/Users/hra/STM32Cube/Repository/STM32Cube_FW_G0_V1.6.3/Drivers/STM32G0xx_HAL_Driver/Inc/Legacy -IC:/Users/hra/STM32Cube/Repository/STM32Cube_FW_G0_V1.6.3/Drivers/CMSIS/Device/ST/STM32G0xx/Include -IC:/Users/hra/STM32Cube/Repository/STM32Cube_FW_G0_V1.6.3/Drivers/CMSIS/Include -O0 -ffunction-sections -fdata-sections -Wall -fstack-usage -fcyclomatic-complexity -MMD -MP -MF"Core/Src/main.d" -MT"Core/Src/main.o" --specs=nano.specs -mfloat-abi=soft -mthumb -o "Core/Src/main.o"
../Core/Src/main.c: In function 'HAL_I2C_SlaveRxCpltCallback':
../Core/Src/main.c:315:17: warning: unused variable 'data' [-Wunused-variable]
  315 |         uint8_t data = rx_buffer[0];
      |                 ^~~~
../Core/Src/main.c: At top level:
../Core/Src/main.c:69:12: warning: 'rx_length' defined but not used [-Wunused-variable]
   69 | static int rx_length = 0;
      |            ^~~~~~~~~
arm-none-eabi-gcc -o "MSXtR_Portable_Keyboard.elf" @"objects.list"   -mcpu=cortex-m0plus -T"C:\Users\hra\Documents\github\HRA_product\FPGA_MSXtR\keyboard\MSXtR_Portable_Keyboard\STM32G0B0CETX_FLASH.ld" --specs=nosys.specs -Wl,-Map="MSXtR_Portable_Keyboard.map" -Wl,--gc-sections -static --specs=nano.specs -mfloat-abi=soft -mthumb -Wl,--start-group -lc -lm -Wl,--end-group
C:/ST/STM32CubeIDE_2.1.1/STM32CubeIDE/plugins/com.st.stm32cube.ide.mcu.externaltools.gnu-tools-for-stm32.14.3.rel1.win32_1.0.100.202602081740/tools/bin/../lib/gcc/arm-none-eabi/14.3.1/../../../../arm-none-eabi/bin/ld.exe: ./Core/Src/main.o: in function `main':
C:/Users/hra/Documents/github/HRA_product/FPGA_MSXtR/keyboard/MSXtR_Portable_Keyboard/Debug/../Core/Src/main.c:99:(.text.main+0x6): undefined reference to `HAL_Init'
C:/ST/STM32CubeIDE_2.1.1/STM32CubeIDE/plugins/com.st.stm32cube.ide.mcu.externaltools.gnu-tools-for-stm32.14.3.rel1.win32_1.0.100.202602081740/tools/bin/../lib/gcc/arm-none-eabi/14.3.1/../../../../arm-none-eabi/bin/ld.exe: (HAL_Init): Unknown destination type (ARM/Thumb) in ./Core/Src/main.o
C:/Users/hra/Documents/github/HRA_product/FPGA_MSXtR/keyboard/MSXtR_Portable_Keyboard/Debug/../Core/Src/main.c:99:(.text.main+0x6): dangerous relocation: unsupported relocation
[...]
arm-none-eabi-gcc "C:/Users/hra/STM32Cube/Repository/STM32Cube_FW_G0_V1.6.3/Drivers/STM32G0xx_HAL_Driver/Src/stm32g0xx_hal_gpio.c" -mcpu=cortex-m0plus -std=gnu11 -g3 -DDEBUG -DUSE_HAL_DRIVER -DSTM32G0B0xx -c -I../Core/Inc -IC:/Users/hra/STM32Cube/Repository/STM32Cube_FW_G0_V1.6.3/Drivers/STM32G0xx_HAL_Driver/Inc -IC:/Users/hra/STM32Cube/Repository/STM32Cube_FW_G0_V1.6.3/Drivers/STM32G0xx_HAL_Driver/Inc/Legacy -IC:/Users/hra/STM32Cube/Repository/STM32Cube_FW_G0_V1.6.3/Drivers/CMSIS/Device/ST/STM32G0xx/Include -IC:/Users/hra/STM32Cube/Repository/STM32Cube_FW_G0_V1.6.3/Drivers/CMSIS/Include -O0 -ffunction-sections -fdata-sections -Wall -fstack-usage -fcyclomatic-complexity -MMD -MP -MF"Drivers/STM32G0xx_HAL_Driver/stm32g0xx_hal_gpio.d" -MT"Drivers/STM32G0xx_HAL_Driver/stm32g0xx_hal_gpio.o" --specs=nano.specs -mfloat-abi=soft -mthumb -o "Drivers/STM32G0xx_HAL_Driver/stm32g0xx_hal_gpio.o"
arm-none-eabi-gcc "C:/Users/hra/STM32Cube/Repository/STM32Cube_FW_G0_V1.6.3/Drivers/STM32G0xx_HAL_Driver/Src/stm32g0xx_hal_i2c.c" -mcpu=cortex-m0plus -std=gnu11 -g3 -DDEBUG -DUSE_HAL_DRIVER -DSTM32G0B0xx -c -I../Core/Inc -IC:/Users/hra/STM32Cube/Repository/STM32Cube_FW_G0_V1.6.3/Drivers/STM32G0xx_HAL_Driver/Inc -IC:/Users/hra/STM32Cube/Repository/STM32Cube_FW_G0_V1.6.3/Drivers/STM32G0xx_HAL_Driver/Inc/Legacy -IC:/Users/hra/STM32Cube/Repository/STM32Cube_FW_G0_V1.6.3/Drivers/CMSIS/Device/ST/STM32G0xx/Include -IC:/Users/hra/STM32Cube/Repository/STM32Cube_FW_G0_V1.6.3/Drivers/CMSIS/Include -O0 -ffunction-sections -fdata-sections -Wall -fstack-usage -fcyclomatic-complexity -MMD -MP -MF"Drivers/STM32G0xx_HAL_Driver/stm32g0xx_hal_i2c.d" -MT"Drivers/STM32G0xx_HAL_Driver/stm32g0xx_hal_i2c.o" --specs=nano.specs -mfloat-abi=soft -mthumb -o "Drivers/STM32G0xx_HAL_Driver/stm32g0xx_hal_i2c.o"
arm-none-eabi-gcc "C:/Users/hra/STM32Cube/Repository/STM32Cube_FW_G0_V1.6.3/Drivers/STM32G0xx_HAL_Driver/Src/stm32g0xx_hal_i2c_ex.c" -mcpu=cortex-m0plus -std=gnu11 -g3 -DDEBUG -DUSE_HAL_DRIVER -DSTM32G0B0xx -c -I../Core/Inc -IC:/Users/hra/STM32Cube/Repository/STM32Cube_FW_G0_V1.6.3/Drivers/STM32G0xx_HAL_Driver/Inc -IC:/Users/hra/STM32Cube/Repository/STM32Cube_FW_G0_V1.6.3/Drivers/STM32G0xx_HAL_Driver/Inc/Legacy -IC:/Users/hra/STM32Cube/Repository/STM32Cube_FW_G0_V1.6.3/Drivers/CMSIS/Device/ST/STM32G0xx/Include -IC:/Users/hra/STM32Cube/Repository/STM32Cube_FW_G0_V1.6.3/Drivers/CMSIS/Include -O0 -ffunction-sections -fdata-sections -Wall -fstack-usage -fcyclomatic-complexity -MMD -MP -MF"Drivers/STM32G0xx_HAL_Driver/stm32g0xx_hal_i2c_ex.d" -MT"Drivers/STM32G0xx_HAL_Driver/stm32g0xx_hal_i2c_ex.o" --specs=nano.specs -mfloat-abi=soft -mthumb -o "Drivers/STM32G0xx_HAL_Driver/stm32g0xx_hal_i2c_ex.o"
arm-none-eabi-gcc "C:/Users/hra/STM32Cube/Repository/STM32Cube_FW_G0_V1.6.3/Drivers/STM32G0xx_HAL_Driver/Src/stm32g0xx_hal_pwr.c" -mcpu=cortex-m0plus -std=gnu11 -g3 -DDEBUG -DUSE_HAL_DRIVER -DSTM32G0B0xx -c -I../Core/Inc -IC:/Users/hra/STM32Cube/Repository/STM32Cube_FW_G0_V1.6.3/Drivers/STM32G0xx_HAL_Driver/Inc -IC:/Users/hra/STM32Cube/Repository/STM32Cube_FW_G0_V1.6.3/Drivers/STM32G0xx_HAL_Driver/Inc/Legacy -IC:/Users/hra/STM32Cube/Repository/STM32Cube_FW_G0_V1.6.3/Drivers/CMSIS/Device/ST/STM32G0xx/Include -IC:/Users/hra/STM32Cube/Repository/STM32Cube_FW_G0_V1.6.3/Drivers/CMSIS/Include -O0 -ffunction-sections -fdata-sections -Wall -fstack-usage -fcyclomatic-complexity -MMD -MP -MF"Drivers/STM32G0xx_HAL_Driver/stm32g0xx_hal_pwr.d" -MT"Drivers/STM32G0xx_HAL_Driver/stm32g0xx_hal_pwr.o" --specs=nano.specs -mfloat-abi=soft -mthumb -o "Drivers/STM32G0xx_HAL_Driver/stm32g0xx_hal_pwr.o"
arm-none-eabi-gcc "C:/Users/hra/STM32Cube/Repository/STM32Cube_FW_G0_V1.6.3/Drivers/STM32G0xx_HAL_Driver/Src/stm32g0xx_hal_pwr_ex.c" -mcpu=cortex-m0plus -std=gnu11 -g3 -DDEBUG -DUSE_HAL_DRIVER -DSTM32G0B0xx -c -I../Core/Inc -IC:/Users/hra/STM32Cube/Repository/STM32Cube_FW_G0_V1.6.3/Drivers/STM32G0xx_HAL_Driver/Inc -IC:/Users/hra/STM32Cube/Repository/STM32Cube_FW_G0_V1.6.3/Drivers/STM32G0xx_HAL_Driver/Inc/Legacy -IC:/Users/hra/STM32Cube/Repository/STM32Cube_FW_G0_V1.6.3/Drivers/CMSIS/Device/ST/STM32G0xx/Include -IC:/Users/hra/STM32Cube/Repository/STM32Cube_FW_G0_V1.6.3/Drivers/CMSIS/Include -O0 -ffunction-sections -fdata-sections -Wall -fstack-usage -fcyclomatic-complexity -MMD -MP -MF"Drivers/STM32G0xx_HAL_Driver/stm32g0xx_hal_pwr_ex.d" -MT"Drivers/STM32G0xx_HAL_Driver/stm32g0xx_hal_pwr_ex.o" --specs=nano.specs -mfloat-abi=soft -mthumb -o "Drivers/STM32G0xx_HAL_Driver/stm32g0xx_hal_pwr_ex.o"
arm-none-eabi-gcc "C:/Users/hra/STM32Cube/Repository/STM32Cube_FW_G0_V1.6.3/Drivers/STM32G0xx_HAL_Driver/Src/stm32g0xx_hal_rcc.c" -mcpu=cortex-m0plus -std=gnu11 -g3 -DDEBUG -DUSE_HAL_DRIVER -DSTM32G0B0xx -c -I../Core/Inc -IC:/Users/hra/STM32Cube/Repository/STM32Cube_FW_G0_V1.6.3/Drivers/STM32G0xx_HAL_Driver/Inc -IC:/Users/hra/STM32Cube/Repository/STM32Cube_FW_G0_V1.6.3/Drivers/STM32G0xx_HAL_Driver/Inc/Legacy -IC:/Users/hra/STM32Cube/Repository/STM32Cube_FW_G0_V1.6.3/Drivers/CMSIS/Device/ST/STM32G0xx/Include -IC:/Users/hra/STM32Cube/Repository/STM32Cube_FW_G0_V1.6.3/Drivers/CMSIS/Include -O0 -ffunction-sections -fdata-sections -Wall -fstack-usage -fcyclomatic-complexity -MMD -MP -MF"Drivers/STM32G0xx_HAL_Driver/stm32g0xx_hal_rcc.d" -MT"Drivers/STM32G0xx_HAL_Driver/stm32g0xx_hal_rcc.o" --specs=nano.specs -mfloat-abi=soft -mthumb -o "Drivers/STM32G0xx_HAL_Driver/stm32g0xx_hal_rcc.o"
arm-none-eabi-gcc "C:/Users/hra/STM32Cube/Repository/STM32Cube_FW_G0_V1.6.3/Drivers/STM32G0xx_HAL_Driver/Src/stm32g0xx_hal_rcc_ex.c" -mcpu=cortex-m0plus -std=gnu11 -g3 -DDEBUG -DUSE_HAL_DRIVER -DSTM32G0B0xx -c -I../Core/Inc -IC:/Users/hra/STM32Cube/Repository/STM32Cube_FW_G0_V1.6.3/Drivers/STM32G0xx_HAL_Driver/Inc -IC:/Users/hra/STM32Cube/Repository/STM32Cube_FW_G0_V1.6.3/Drivers/STM32G0xx_HAL_Driver/Inc/Legacy -IC:/Users/hra/STM32Cube/Repository/STM32Cube_FW_G0_V1.6.3/Drivers/CMSIS/Device/ST/STM32G0xx/Include -IC:/Users/hra/STM32Cube/Repository/STM32Cube_FW_G0_V1.6.3/Drivers/CMSIS/Include -O0 -ffunction-sections -fdata-sections -Wall -fstack-usage -fcyclomatic-complexity -MMD -MP -MF"Drivers/STM32G0xx_HAL_Driver/stm32g0xx_hal_rcc_ex.d" -MT"Drivers/STM32G0xx_HAL_Driver/stm32g0xx_hal_rcc_ex.o" --specs=nano.specs -mfloat-abi=soft -mthumb -o "Drivers/STM32G0xx_HAL_Driver/stm32g0xx_hal_rcc_ex.o"
arm-none-eabi-gcc "C:/Users/hra/STM32Cube/Repository/STM32Cube_FW_G0_V1.6.3/Drivers/STM32G0xx_HAL_Driver/Src/stm32g0xx_ll_rcc.c" -mcpu=cortex-m0plus -std=gnu11 -g3 -DDEBUG -DUSE_HAL_DRIVER -DSTM32G0B0xx -c -I../Core/Inc -IC:/Users/hra/STM32Cube/Repository/STM32Cube_FW_G0_V1.6.3/Drivers/STM32G0xx_HAL_Driver/Inc -IC:/Users/hra/STM32Cube/Repository/STM32Cube_FW_G0_V1.6.3/Drivers/STM32G0xx_HAL_Driver/Inc/Legacy -IC:/Users/hra/STM32Cube/Repository/STM32Cube_FW_G0_V1.6.3/Drivers/CMSIS/Device/ST/STM32G0xx/Include -IC:/Users/hra/STM32Cube/Repository/STM32Cube_FW_G0_V1.6.3/Drivers/CMSIS/Include -O0 -ffunction-sections -fdata-sections -Wall -fstack-usage -fcyclomatic-complexity -MMD -MP -MF"Drivers/STM32G0xx_HAL_Driver/stm32g0xx_ll_rcc.d" -MT"Drivers/STM32G0xx_HAL_Driver/stm32g0xx_ll_rcc.o" --specs=nano.specs -mfloat-abi=soft -mthumb -o "Drivers/STM32G0xx_HAL_Driver/stm32g0xx_ll_rcc.o"
arm-none-eabi-gcc "../Core/Src/main.c" -mcpu=cortex-m0plus -std=gnu11 -g3 -DDEBUG -DUSE_HAL_DRIVER -DSTM32G0B0xx -c -I../Core/Inc -IC:/Users/hra/STM32Cube/Repository/STM32Cube_FW_G0_V1.6.3/Drivers/STM32G0xx_HAL_Driver/Inc -IC:/Users/hra/STM32Cube/Repository/STM32Cube_FW_G0_V1.6.3/Drivers/STM32G0xx_HAL_Driver/Inc/Legacy -IC:/Users/hra/STM32Cube/Repository/STM32Cube_FW_G0_V1.6.3/Drivers/CMSIS/Device/ST/STM32G0xx/Include -IC:/Users/hra/STM32Cube/Repository/STM32Cube_FW_G0_V1.6.3/Drivers/CMSIS/Include -O0 -ffunction-sections -fdata-sections -Wall -fstack-usage -fcyclomatic-complexity -MMD -MP -MF"Core/Src/main.d" -MT"Core/Src/main.o" --specs=nano.specs -mfloat-abi=soft -mthumb -o "Core/Src/main.o"
../Core/Src/main.c: In function 'HAL_I2C_SlaveRxCpltCallback':
../Core/Src/main.c:315:17: warning: unused variable 'data' [-Wunused-variable]
  315 |         uint8_t data = rx_buffer[0];
      |                 ^~~~
../Core/Src/main.c: At top level:
../Core/Src/main.c:69:12: warning: 'rx_length' defined but not used [-Wunused-variable]
   69 | static int rx_length = 0;
      |            ^~~~~~~~~
arm-none-eabi-gcc -o "MSXtR_Portable_Keyboard.elf" @"objects.list"   -mcpu=cortex-m0plus -T"C:\Users\hra\Documents\github\HRA_product\FPGA_MSXtR\keyboard\MSXtR_Portable_Keyboard\STM32G0B0CETX_FLASH.ld" --specs=nosys.specs -Wl,-Map="MSXtR_Portable_Keyboard.map" -Wl,--gc-sections -static --specs=nano.specs -mfloat-abi=soft -mthumb -Wl,--start-group -lc -lm -Wl,--end-group
Finished building target: MSXtR_Portable_Keyboard.elf
 
arm-none-eabi-size  MSXtR_Portable_Keyboard.elf 
arm-none-eabi-objdump -h -S MSXtR_Portable_Keyboard.elf  > "MSXtR_Portable_Keyboard.list"
   text	   data	    bss	    dec	    hex	filename
  14452	    104	   1720	  16276	   3f94	MSXtR_Portable_Keyboard.elf
Finished building: default.size.stdout
 
Finished building: MSXtR_Portable_Keyboard.list
 
07:49:48 **** Incremental Build of configuration Debug for project MSXtR_Portable_Keyboard ****
make -j16 all 
arm-none-eabi-gcc "../Core/Src/main.c" -mcpu=cortex-m0plus -std=gnu11 -g3 -DDEBUG -DUSE_HAL_DRIVER -DSTM32G0B0xx -c -I../Core/Inc -IC:/Users/hra/STM32Cube/Repository/STM32Cube_FW_G0_V1.6.3/Drivers/STM32G0xx_HAL_Driver/Inc -IC:/Users/hra/STM32Cube/Repository/STM32Cube_FW_G0_V1.6.3/Drivers/STM32G0xx_HAL_Driver/Inc/Legacy -IC:/Users/hra/STM32Cube/Repository/STM32Cube_FW_G0_V1.6.3/Drivers/CMSIS/Device/ST/STM32G0xx/Include -IC:/Users/hra/STM32Cube/Repository/STM32Cube_FW_G0_V1.6.3/Drivers/CMSIS/Include -O0 -ffunction-sections -fdata-sections -Wall -fstack-usage -fcyclomatic-complexity -MMD -MP -MF"Core/Src/main.d" -MT"Core/Src/main.o" --specs=nano.specs -mfloat-abi=soft -mthumb -o "Core/Src/main.o"
../Core/Src/main.c: In function 'HAL_I2C_SlaveRxCpltCallback':
../Core/Src/main.c:315:17: warning: unused variable 'data' [-Wunused-variable]
  315 |         uint8_t data = rx_buffer[0];
      |                 ^~~~
../Core/Src/main.c: At top level:
../Core/Src/main.c:69:12: warning: 'rx_length' defined but not used [-Wunused-variable]
   69 | static int rx_length = 0;
      |            ^~~~~~~~~
arm-none-eabi-gcc -o "MSXtR_Portable_Keyboard.elf" @"objects.list"   -mcpu=cortex-m0plus -T"C:\Users\hra\Documents\github\HRA_product\FPGA_MSXtR\keyboard\MSXtR_Portable_Keyboard\STM32G0B0CETX_FLASH.ld" --specs=nosys.specs -Wl,-Map="MSXtR_Portable_Keyboard.map" -Wl,--gc-sections -static --specs=nano.specs -mfloat-abi=soft -mthumb -Wl,--start-group -lc -lm -Wl,--end-group
Finished building target: MSXtR_Portable_Keyboard.elf
 
arm-none-eabi-size  MSXtR_Portable_Keyboard.elf 
arm-none-eabi-objdump -h -S MSXtR_Portable_Keyboard.elf  > "MSXtR_Portable_Keyboard.list"
   text	   data	    bss	    dec	    hex	filename
  14452	    104	   1720	  16276	   3f94	MSXtR_Portable_Keyboard.elf
Finished building: default.size.stdout
 
Finished building: MSXtR_Portable_Keyboard.list
 
07:51:44 **** Incremental Build of configuration Debug for project MSXtR_Portable_Keyboard ****
make -j16 all 
arm-none-eabi-gcc "../Core/Src/main.c" -mcpu=cortex-m0plus -std=gnu11 -g3 -DDEBUG -DUSE_HAL_DRIVER -DSTM32G0B0xx -c -I../Core/Inc -IC:/Users/hra/STM32Cube/Repository/STM32Cube_FW_G0_V1.6.3/Drivers/STM32G0xx_HAL_Driver/Inc -IC:/Users/hra/STM32Cube/Repository/STM32Cube_FW_G0_V1.6.3/Drivers/STM32G0xx_HAL_Driver/Inc/Legacy -IC:/Users/hra/STM32Cube/Repository/STM32Cube_FW_G0_V1.6.3/Drivers/CMSIS/Device/ST/STM32G0xx/Include -IC:/Users/hra/STM32Cube/Repository/STM32Cube_FW_G0_V1.6.3/Drivers/CMSIS/Include -O0 -ffunction-sections -fdata-sections -Wall -fstack-usage -fcyclomatic-complexity -MMD -MP -MF"Core/Src/main.d" -MT"Core/Src/main.o" --specs=nano.specs -mfloat-abi=soft -mthumb -o "Core/Src/main.o"
../Core/Src/main.c: In function 'HAL_I2C_SlaveRxCpltCallback':
../Core/Src/main.c:315:17: warning: unused variable 'data' [-Wunused-variable]
  315 |         uint8_t data = rx_buffer[0];
      |                 ^~~~
../Core/Src/main.c: At top level:
../Core/Src/main.c:69:12: warning: 'rx_length' defined but not used [-Wunused-variable]
   69 | static int rx_length = 0;
      |            ^~~~~~~~~
arm-none-eabi-gcc -o "MSXtR_Portable_Keyboard.elf" @"objects.list"   -mcpu=cortex-m0plus -T"C:\Users\hra\Documents\github\HRA_product\FPGA_MSXtR\keyboard\MSXtR_Portable_Keyboard\STM32G0B0CETX_FLASH.ld" --specs=nosys.specs -Wl,-Map="MSXtR_Portable_Keyboard.map" -Wl,--gc-sections -static --specs=nano.specs -mfloat-abi=soft -mthumb -Wl,--start-group -lc -lm -Wl,--end-group
Finished building target: MSXtR_Portable_Keyboard.elf
 
arm-none-eabi-size  MSXtR_Portable_Keyboard.elf 
arm-none-eabi-objdump -h -S MSXtR_Portable_Keyboard.elf  > "MSXtR_Portable_Keyboard.list"
   text	   data	    bss	    dec	    hex	filename
  14452	    104	   1720	  16276	   3f94	MSXtR_Portable_Keyboard.elf
Finished building: default.size.stdout
 
Finished building: MSXtR_Portable_Keyboard.list
 
08:05:02 **** Incremental Build of configuration Debug for project MSXtR_Portable_Keyboard ****
make -j16 all 
arm-none-eabi-gcc "../Core/Src/stm32g0xx_hal_msp.c" -mcpu=cortex-m0plus -std=gnu11 -g3 -DDEBUG -DUSE_HAL_DRIVER -DSTM32G0B0xx -c -I../Core/Inc -IC:/Users/hra/STM32Cube/Repository/STM32Cube_FW_G0_V1.6.3/Drivers/STM32G0xx_HAL_Driver/Inc -IC:/Users/hra/STM32Cube/Repository/STM32Cube_FW_G0_V1.6.3/Drivers/STM32G0xx_HAL_Driver/Inc/Legacy -IC:/Users/hra/STM32Cube/Repository/STM32Cube_FW_G0_V1.6.3/Drivers/CMSIS/Device/ST/STM32G0xx/Include -IC:/Users/hra/STM32Cube/Repository/STM32Cube_FW_G0_V1.6.3/Drivers/CMSIS/Include -O0 -ffunction-sections -fdata-sections -Wall -fstack-usage -fcyclomatic-complexity -MMD -MP -MF"Core/Src/stm32g0xx_hal_msp.d" -MT"Core/Src/stm32g0xx_hal_msp.o" --specs=nano.specs -mfloat-abi=soft -mthumb -o "Core/Src/stm32g0xx_hal_msp.o"
arm-none-eabi-gcc "../Core/Src/stm32g0xx_it.c" -mcpu=cortex-m0plus -std=gnu11 -g3 -DDEBUG -DUSE_HAL_DRIVER -DSTM32G0B0xx -c -I../Core/Inc -IC:/Users/hra/STM32Cube/Repository/STM32Cube_FW_G0_V1.6.3/Drivers/STM32G0xx_HAL_Driver/Inc -IC:/Users/hra/STM32Cube/Repository/STM32Cube_FW_G0_V1.6.3/Drivers/STM32G0xx_HAL_Driver/Inc/Legacy -IC:/Users/hra/STM32Cube/Repository/STM32Cube_FW_G0_V1.6.3/Drivers/CMSIS/Device/ST/STM32G0xx/Include -IC:/Users/hra/STM32Cube/Repository/STM32Cube_FW_G0_V1.6.3/Drivers/CMSIS/Include -O0 -ffunction-sections -fdata-sections -Wall -fstack-usage -fcyclomatic-complexity -MMD -MP -MF"Core/Src/stm32g0xx_it.d" -MT"Core/Src/stm32g0xx_it.o" --specs=nano.specs -mfloat-abi=soft -mthumb -o "Core/Src/stm32g0xx_it.o"
../Core/Src/stm32g0xx_hal_msp.c: In function 'HAL_I2C_MspInit':
../Core/Src/stm32g0xx_hal_msp.c:123:26: error: 'I2C2_IRQn' undeclared (first use in this function); did you mean 'I2C1_IRQn'?
  123 |     HAL_NVIC_SetPriority(I2C2_IRQn, 0, 0);
      |                          ^~~~~~~~~
      |                          I2C1_IRQn
../Core/Src/stm32g0xx_hal_msp.c:123:26: note: each undeclared identifier is reported only once for each function it appears in
make: *** [Core/Src/subdir.mk:34: Core/Src/stm32g0xx_hal_msp.o] Error 1
make: *** Waiting for unfinished jobs....
"make -j16 all" terminated with exit code 2. Build might be incomplete.
08:07:32 **** Incremental Build of configuration Debug for project MSXtR_Portable_Keyboard ****
make -j16 all 
arm-none-eabi-gcc "../Core/Src/stm32g0xx_hal_msp.c" -mcpu=cortex-m0plus -std=gnu11 -g3 -DDEBUG -DUSE_HAL_DRIVER -DSTM32G0B0xx -c -I../Core/Inc -IC:/Users/hra/STM32Cube/Repository/STM32Cube_FW_G0_V1.6.3/Drivers/STM32G0xx_HAL_Driver/Inc -IC:/Users/hra/STM32Cube/Repository/STM32Cube_FW_G0_V1.6.3/Drivers/STM32G0xx_HAL_Driver/Inc/Legacy -IC:/Users/hra/STM32Cube/Repository/STM32Cube_FW_G0_V1.6.3/Drivers/CMSIS/Device/ST/STM32G0xx/Include -IC:/Users/hra/STM32Cube/Repository/STM32Cube_FW_G0_V1.6.3/Drivers/CMSIS/Include -O0 -ffunction-sections -fdata-sections -Wall -fstack-usage -fcyclomatic-complexity -MMD -MP -MF"Core/Src/stm32g0xx_hal_msp.d" -MT"Core/Src/stm32g0xx_hal_msp.o" --specs=nano.specs -mfloat-abi=soft -mthumb -o "Core/Src/stm32g0xx_hal_msp.o"
arm-none-eabi-gcc "../Core/Src/stm32g0xx_it.c" -mcpu=cortex-m0plus -std=gnu11 -g3 -DDEBUG -DUSE_HAL_DRIVER -DSTM32G0B0xx -c -I../Core/Inc -IC:/Users/hra/STM32Cube/Repository/STM32Cube_FW_G0_V1.6.3/Drivers/STM32G0xx_HAL_Driver/Inc -IC:/Users/hra/STM32Cube/Repository/STM32Cube_FW_G0_V1.6.3/Drivers/STM32G0xx_HAL_Driver/Inc/Legacy -IC:/Users/hra/STM32Cube/Repository/STM32Cube_FW_G0_V1.6.3/Drivers/CMSIS/Device/ST/STM32G0xx/Include -IC:/Users/hra/STM32Cube/Repository/STM32Cube_FW_G0_V1.6.3/Drivers/CMSIS/Include -O0 -ffunction-sections -fdata-sections -Wall -fstack-usage -fcyclomatic-complexity -MMD -MP -MF"Core/Src/stm32g0xx_it.d" -MT"Core/Src/stm32g0xx_it.o" --specs=nano.specs -mfloat-abi=soft -mthumb -o "Core/Src/stm32g0xx_it.o"
arm-none-eabi-gcc -o "MSXtR_Portable_Keyboard.elf" @"objects.list"   -mcpu=cortex-m0plus -T"C:\Users\hra\Documents\github\HRA_product\FPGA_MSXtR\keyboard\MSXtR_Portable_Keyboard\STM32G0B0CETX_FLASH.ld" --specs=nosys.specs -Wl,-Map="MSXtR_Portable_Keyboard.map" -Wl,--gc-sections -static --specs=nano.specs -mfloat-abi=soft -mthumb -Wl,--start-group -lc -lm -Wl,--end-group
Finished building target: MSXtR_Portable_Keyboard.elf
 
arm-none-eabi-size  MSXtR_Portable_Keyboard.elf 
arm-none-eabi-objdump -h -S MSXtR_Portable_Keyboard.elf  > "MSXtR_Portable_Keyboard.list"
   text	   data	    bss	    dec	    hex	filename
  14832	    104	   1720	  16656	   4110	MSXtR_Portable_Keyboard.elf
Finished building: default.size.stdout
 
Finished building: MSXtR_Portable_Keyboard.list
 
08:10:10 **** Incremental Build of configuration Debug for project MSXtR_Portable_Keyboard ****
make -j16 all 
arm-none-eabi-gcc "../Core/Src/main.c" -mcpu=cortex-m0plus -std=gnu11 -g3 -DDEBUG -DUSE_HAL_DRIVER -DSTM32G0B0xx -c -I../Core/Inc -IC:/Users/hra/STM32Cube/Repository/STM32Cube_FW_G0_V1.6.3/Drivers/STM32G0xx_HAL_Driver/Inc -IC:/Users/hra/STM32Cube/Repository/STM32Cube_FW_G0_V1.6.3/Drivers/STM32G0xx_HAL_Driver/Inc/Legacy -IC:/Users/hra/STM32Cube/Repository/STM32Cube_FW_G0_V1.6.3/Drivers/CMSIS/Device/ST/STM32G0xx/Include -IC:/Users/hra/STM32Cube/Repository/STM32Cube_FW_G0_V1.6.3/Drivers/CMSIS/Include -O0 -ffunction-sections -fdata-sections -Wall -fstack-usage -fcyclomatic-complexity -MMD -MP -MF"Core/Src/main.d" -MT"Core/Src/main.o" --specs=nano.specs -mfloat-abi=soft -mthumb -o "Core/Src/main.o"
../Core/Src/main.c:69:12: warning: 'rx_length' defined but not used [-Wunused-variable]
   69 | static int rx_length = 0;
      |            ^~~~~~~~~
arm-none-eabi-gcc -o "MSXtR_Portable_Keyboard.elf" @"objects.list"   -mcpu=cortex-m0plus -T"C:\Users\hra\Documents\github\HRA_product\FPGA_MSXtR\keyboard\MSXtR_Portable_Keyboard\STM32G0B0CETX_FLASH.ld" --specs=nosys.specs -Wl,-Map="MSXtR_Portable_Keyboard.map" -Wl,--gc-sections -static --specs=nano.specs -mfloat-abi=soft -mthumb -Wl,--start-group -lc -lm -Wl,--end-group
Finished building target: MSXtR_Portable_Keyboard.elf
 
arm-none-eabi-size  MSXtR_Portable_Keyboard.elf 
arm-none-eabi-objdump -h -S MSXtR_Portable_Keyboard.elf  > "MSXtR_Portable_Keyboard.list"
   text	   data	    bss	    dec	    hex	filename
  14876	    104	   1720	  16700	   413c	MSXtR_Portable_Keyboard.elf
Finished building: default.size.stdout
 
Finished building: MSXtR_Portable_Keyboard.list
 
