21:46:18 **** Incremental Build of configuration Debug for project MSXtR_Portable_Keyboard ****
make -j16 all 
arm-none-eabi-gcc "C:/Users/hra/STM32Cube/Repository/STM32Cube_FW_G0_V1.6.3/Drivers/STM32G0xx_HAL_Driver/Src/stm32g0xx_hal.c" -mcpu=cortex-m0plus -std=gnu11 -g3 -DDEBUG -DUSE_HAL_DRIVER -DSTM32G0B0xx -c -I../Core/Inc -IC:/Users/hra/STM32Cube/Repository/STM32Cube_FW_G0_V1.6.3/Drivers/STM32G0xx_HAL_Driver/Inc -IC:/Users/hra/STM32Cube/Repository/STM32Cube_FW_G0_V1.6.3/Drivers/STM32G0xx_HAL_Driver/Inc/Legacy -IC:/Users/hra/STM32Cube/Repository/STM32Cube_FW_G0_V1.6.3/Drivers/CMSIS/Device/ST/STM32G0xx/Include -IC:/Users/hra/STM32Cube/Repository/STM32Cube_FW_G0_V1.6.3/Drivers/CMSIS/Include -O0 -ffunction-sections -fdata-sections -Wall -fstack-usage -fcyclomatic-complexity -MMD -MP -MF"Drivers/STM32G0xx_HAL_Driver/stm32g0xx_hal.d" -MT"Drivers/STM32G0xx_HAL_Driver/stm32g0xx_hal.o" --specs=nano.specs -mfloat-abi=soft -mthumb -o "Drivers/STM32G0xx_HAL_Driver/stm32g0xx_hal.o"
arm-none-eabi-gcc "C:/Users/hra/STM32Cube/Repository/STM32Cube_FW_G0_V1.6.3/Drivers/STM32G0xx_HAL_Driver/Src/stm32g0xx_hal_cortex.c" -mcpu=cortex-m0plus -std=gnu11 -g3 -DDEBUG -DUSE_HAL_DRIVER -DSTM32G0B0xx -c -I../Core/Inc -IC:/Users/hra/STM32Cube/Repository/STM32Cube_FW_G0_V1.6.3/Drivers/STM32G0xx_HAL_Driver/Inc -IC:/Users/hra/STM32Cube/Repository/STM32Cube_FW_G0_V1.6.3/Drivers/STM32G0xx_HAL_Driver/Inc/Legacy -IC:/Users/hra/STM32Cube/Repository/STM32Cube_FW_G0_V1.6.3/Drivers/CMSIS/Device/ST/STM32G0xx/Include -IC:/Users/hra/STM32Cube/Repository/STM32Cube_FW_G0_V1.6.3/Drivers/CMSIS/Include -O0 -ffunction-sections -fdata-sections -Wall -fstack-usage -fcyclomatic-complexity -MMD -MP -MF"Drivers/STM32G0xx_HAL_Driver/stm32g0xx_hal_cortex.d" -MT"Drivers/STM32G0xx_HAL_Driver/stm32g0xx_hal_cortex.o" --specs=nano.specs -mfloat-abi=soft -mthumb -o "Drivers/STM32G0xx_HAL_Driver/stm32g0xx_hal_cortex.o"
arm-none-eabi-gcc "C:/Users/hra/STM32Cube/Repository/STM32Cube_FW_G0_V1.6.3/Drivers/STM32G0xx_HAL_Driver/Src/stm32g0xx_hal_dma.c" -mcpu=cortex-m0plus -std=gnu11 -g3 -DDEBUG -DUSE_HAL_DRIVER -DSTM32G0B0xx -c -I../Core/Inc -IC:/Users/hra/STM32Cube/Repository/STM32Cube_FW_G0_V1.6.3/Drivers/STM32G0xx_HAL_Driver/Inc -IC:/Users/hra/STM32Cube/Repository/STM32Cube_FW_G0_V1.6.3/Drivers/STM32G0xx_HAL_Driver/Inc/Legacy -IC:/Users/hra/STM32Cube/Repository/STM32Cube_FW_G0_V1.6.3/Drivers/CMSIS/Device/ST/STM32G0xx/Include -IC:/Users/hra/STM32Cube/Repository/STM32Cube_FW_G0_V1.6.3/Drivers/CMSIS/Include -O0 -ffunction-sections -fdata-sections -Wall -fstack-usage -fcyclomatic-complexity -MMD -MP -MF"Drivers/STM32G0xx_HAL_Driver/stm32g0xx_hal_dma.d" -MT"Drivers/STM32G0xx_HAL_Driver/stm32g0xx_hal_dma.o" --specs=nano.specs -mfloat-abi=soft -mthumb -o "Drivers/STM32G0xx_HAL_Driver/stm32g0xx_hal_dma.o"
arm-none-eabi-gcc "C:/Users/hra/STM32Cube/Repository/STM32Cube_FW_G0_V1.6.3/Drivers/STM32G0xx_HAL_Driver/Src/stm32g0xx_hal_dma_ex.c" -mcpu=cortex-m0plus -std=gnu11 -g3 -DDEBUG -DUSE_HAL_DRIVER -DSTM32G0B0xx -c -I../Core/Inc -IC:/Users/hra/STM32Cube/Repository/STM32Cube_FW_G0_V1.6.3/Drivers/STM32G0xx_HAL_Driver/Inc -IC:/Users/hra/STM32Cube/Repository/STM32Cube_FW_G0_V1.6.3/Drivers/STM32G0xx_HAL_Driver/Inc/Legacy -IC:/Users/hra/STM32Cube/Repository/STM32Cube_FW_G0_V1.6.3/Drivers/CMSIS/Device/ST/STM32G0xx/Include -IC:/Users/hra/STM32Cube/Repository/STM32Cube_FW_G0_V1.6.3/Drivers/CMSIS/Include -O0 -ffunction-sections -fdata-sections -Wall -fstack-usage -fcyclomatic-complexity -MMD -MP -MF"Drivers/STM32G0xx_HAL_Driver/stm32g0xx_hal_dma_ex.d" -MT"Drivers/STM32G0xx_HAL_Driver/stm32g0xx_hal_dma_ex.o" --specs=nano.specs -mfloat-abi=soft -mthumb -o "Drivers/STM32G0xx_HAL_Driver/stm32g0xx_hal_dma_ex.o"
arm-none-eabi-gcc "C:/Users/hra/STM32Cube/Repository/STM32Cube_FW_G0_V1.6.3/Drivers/STM32G0xx_HAL_Driver/Src/stm32g0xx_hal_exti.c" -mcpu=cortex-m0plus -std=gnu11 -g3 -DDEBUG -DUSE_HAL_DRIVER -DSTM32G0B0xx -c -I../Core/Inc -IC:/Users/hra/STM32Cube/Repository/STM32Cube_FW_G0_V1.6.3/Drivers/STM32G0xx_HAL_Driver/Inc -IC:/Users/hra/STM32Cube/Repository/STM32Cube_FW_G0_V1.6.3/Drivers/STM32G0xx_HAL_Driver/Inc/Legacy -IC:/Users/hra/STM32Cube/Repository/STM32Cube_FW_G0_V1.6.3/Drivers/CMSIS/Device/ST/STM32G0xx/Include -IC:/Users/hra/STM32Cube/Repository/STM32Cube_FW_G0_V1.6.3/Drivers/CMSIS/Include -O0 -ffunction-sections -fdata-sections -Wall -fstack-usage -fcyclomatic-complexity -MMD -MP -MF"Drivers/STM32G0xx_HAL_Driver/stm32g0xx_hal_exti.d" -MT"Drivers/STM32G0xx_HAL_Driver/stm32g0xx_hal_exti.o" --specs=nano.specs -mfloat-abi=soft -mthumb -o "Drivers/STM32G0xx_HAL_Driver/stm32g0xx_hal_exti.o"
arm-none-eabi-gcc "C:/Users/hra/STM32Cube/Repository/STM32Cube_FW_G0_V1.6.3/Drivers/STM32G0xx_HAL_Driver/Src/stm32g0xx_hal_flash.c" -mcpu=cortex-m0plus -std=gnu11 -g3 -DDEBUG -DUSE_HAL_DRIVER -DSTM32G0B0xx -c -I../Core/Inc -IC:/Users/hra/STM32Cube/Repository/STM32Cube_FW_G0_V1.6.3/Drivers/STM32G0xx_HAL_Driver/Inc -IC:/Users/hra/STM32Cube/Repository/STM32Cube_FW_G0_V1.6.3/Drivers/STM32G0xx_HAL_Driver/Inc/Legacy -IC:/Users/hra/STM32Cube/Repository/STM32Cube_FW_G0_V1.6.3/Drivers/CMSIS/Device/ST/STM32G0xx/Include -IC:/Users/hra/STM32Cube/Repository/STM32Cube_FW_G0_V1.6.3/Drivers/CMSIS/Include -O0 -ffunction-sections -fdata-sections -Wall -fstack-usage -fcyclomatic-complexity -MMD -MP -MF"Drivers/STM32G0xx_HAL_Driver/stm32g0xx_hal_flash.d" -MT"Drivers/STM32G0xx_HAL_Driver/stm32g0xx_hal_flash.o" --specs=nano.specs -mfloat-abi=soft -mthumb -o "Drivers/STM32G0xx_HAL_Driver/stm32g0xx_hal_flash.o"
arm-none-eabi-gcc "C:/Users/hra/STM32Cube/Repository/STM32Cube_FW_G0_V1.6.3/Drivers/STM32G0xx_HAL_Driver/Src/stm32g0xx_hal_flash_ex.c" -mcpu=cortex-m0plus -std=gnu11 -g3 -DDEBUG -DUSE_HAL_DRIVER -DSTM32G0B0xx -c -I../Core/Inc -IC:/Users/hra/STM32Cube/Repository/STM32Cube_FW_G0_V1.6.3/Drivers/STM32G0xx_HAL_Driver/Inc -IC:/Users/hra/STM32Cube/Repository/STM32Cube_FW_G0_V1.6.3/Drivers/STM32G0xx_HAL_Driver/Inc/Legacy -IC:/Users/hra/STM32Cube/Repository/STM32Cube_FW_G0_V1.6.3/Drivers/CMSIS/Device/ST/STM32G0xx/Include -IC:/Users/hra/STM32Cube/Repository/STM32Cube_FW_G0_V1.6.3/Drivers/CMSIS/Include -O0 -ffunction-sections -fdata-sections -Wall -fstack-usage -fcyclomatic-complexity -MMD -MP -MF"Drivers/STM32G0xx_HAL_Driver/stm32g0xx_hal_flash_ex.d" -MT"Drivers/STM32G0xx_HAL_Driver/stm32g0xx_hal_flash_ex.o" --specs=nano.specs -mfloat-abi=soft -mthumb -o "Drivers/STM32G0xx_HAL_Driver/stm32g0xx_hal_flash_ex.o"
arm-none-eabi-gcc "C:/Users/hra/STM32Cube/Repository/STM32Cube_FW_G0_V1.6.3/Drivers/STM32G0xx_HAL_Driver/Src/stm32g0xx_hal_gpio.c" -mcpu=cortex-m0plus -std=gnu11 -g3 -DDEBUG -DUSE_HAL_DRIVER -DSTM32G0B0xx -c -I../Core/Inc -IC:/Users/hra/STM32Cube/Repository/STM32Cube_FW_G0_V1.6.3/Drivers/STM32G0xx_HAL_Driver/Inc -IC:/Users/hra/STM32Cube/Repository/STM32Cube_FW_G0_V1.6.3/Drivers/STM32G0xx_HAL_Driver/Inc/Legacy -IC:/Users/hra/STM32Cube/Repository/STM32Cube_FW_G0_V1.6.3/Drivers/CMSIS/Device/ST/STM32G0xx/Include -IC:/Users/hra/STM32Cube/Repository/STM32Cube_FW_G0_V1.6.3/Drivers/CMSIS/Include -O0 -ffunction-sections -fdata-sections -Wall -fstack-usage -fcyclomatic-complexity -MMD -MP -MF"Drivers/STM32G0xx_HAL_Driver/stm32g0xx_hal_gpio.d" -MT"Drivers/STM32G0xx_HAL_Driver/stm32g0xx_hal_gpio.o" --specs=nano.specs -mfloat-abi=soft -mthumb -o "Drivers/STM32G0xx_HAL_Driver/stm32g0xx_hal_gpio.o"
arm-none-eabi-gcc "C:/Users/hra/STM32Cube/Repository/STM32Cube_FW_G0_V1.6.3/Drivers/STM32G0xx_HAL_Driver/Src/stm32g0xx_hal_i2c.c" -mcpu=cortex-m0plus -std=gnu11 -g3 -DDEBUG -DUSE_HAL_DRIVER -DSTM32G0B0xx -c -I../Core/Inc -IC:/Users/hra/STM32Cube/Repository/STM32Cube_FW_G0_V1.6.3/Drivers/STM32G0xx_HAL_Driver/Inc -IC:/Users/hra/STM32Cube/Repository/STM32Cube_FW_G0_V1.6.3/Drivers/STM32G0xx_HAL_Driver/Inc/Legacy -IC:/Users/hra/STM32Cube/Repository/STM32Cube_FW_G0_V1.6.3/Drivers/CMSIS/Device/ST/STM32G0xx/Include -IC:/Users/hra/STM32Cube/Repository/STM32Cube_FW_G0_V1.6.3/Drivers/CMSIS/Include -O0 -ffunction-sections -fdata-sections -Wall -fstack-usage -fcyclomatic-complexity -MMD -MP -MF"Drivers/STM32G0xx_HAL_Driver/stm32g0xx_hal_i2c.d" -MT"Drivers/STM32G0xx_HAL_Driver/stm32g0xx_hal_i2c.o" --specs=nano.specs -mfloat-abi=soft -mthumb -o "Drivers/STM32G0xx_HAL_Driver/stm32g0xx_hal_i2c.o"
arm-none-eabi-gcc "C:/Users/hra/STM32Cube/Repository/STM32Cube_FW_G0_V1.6.3/Drivers/STM32G0xx_HAL_Driver/Src/stm32g0xx_hal_i2c_ex.c" -mcpu=cortex-m0plus -std=gnu11 -g3 -DDEBUG -DUSE_HAL_DRIVER -DSTM32G0B0xx -c -I../Core/Inc -IC:/Users/hra/STM32Cube/Repository/STM32Cube_FW_G0_V1.6.3/Drivers/STM32G0xx_HAL_Driver/Inc -IC:/Users/hra/STM32Cube/Repository/STM32Cube_FW_G0_V1.6.3/Drivers/STM32G0xx_HAL_Driver/Inc/Legacy -IC:/Users/hra/STM32Cube/Repository/STM32Cube_FW_G0_V1.6.3/Drivers/CMSIS/Device/ST/STM32G0xx/Include -IC:/Users/hra/STM32Cube/Repository/STM32Cube_FW_G0_V1.6.3/Drivers/CMSIS/Include -O0 -ffunction-sections -fdata-sections -Wall -fstack-usage -fcyclomatic-complexity -MMD -MP -MF"Drivers/STM32G0xx_HAL_Driver/stm32g0xx_hal_i2c_ex.d" -MT"Drivers/STM32G0xx_HAL_Driver/stm32g0xx_hal_i2c_ex.o" --specs=nano.specs -mfloat-abi=soft -mthumb -o "Drivers/STM32G0xx_HAL_Driver/stm32g0xx_hal_i2c_ex.o"
arm-none-eabi-gcc "C:/Users/hra/STM32Cube/Repository/STM32Cube_FW_G0_V1.6.3/Drivers/STM32G0xx_HAL_Driver/Src/stm32g0xx_hal_pwr.c" -mcpu=cortex-m0plus -std=gnu11 -g3 -DDEBUG -DUSE_HAL_DRIVER -DSTM32G0B0xx -c -I../Core/Inc -IC:/Users/hra/STM32Cube/Repository/STM32Cube_FW_G0_V1.6.3/Drivers/STM32G0xx_HAL_Driver/Inc -IC:/Users/hra/STM32Cube/Repository/STM32Cube_FW_G0_V1.6.3/Drivers/STM32G0xx_HAL_Driver/Inc/Legacy -IC:/Users/hra/STM32Cube/Repository/STM32Cube_FW_G0_V1.6.3/Drivers/CMSIS/Device/ST/STM32G0xx/Include -IC:/Users/hra/STM32Cube/Repository/STM32Cube_FW_G0_V1.6.3/Drivers/CMSIS/Include -O0 -ffunction-sections -fdata-sections -Wall -fstack-usage -fcyclomatic-complexity -MMD -MP -MF"Drivers/STM32G0xx_HAL_Driver/stm32g0xx_hal_pwr.d" -MT"Drivers/STM32G0xx_HAL_Driver/stm32g0xx_hal_pwr.o" --specs=nano.specs -mfloat-abi=soft -mthumb -o "Drivers/STM32G0xx_HAL_Driver/stm32g0xx_hal_pwr.o"
arm-none-eabi-gcc "C:/Users/hra/STM32Cube/Repository/STM32Cube_FW_G0_V1.6.3/Drivers/STM32G0xx_HAL_Driver/Src/stm32g0xx_hal_pwr_ex.c" -mcpu=cortex-m0plus -std=gnu11 -g3 -DDEBUG -DUSE_HAL_DRIVER -DSTM32G0B0xx -c -I../Core/Inc -IC:/Users/hra/STM32Cube/Repository/STM32Cube_FW_G0_V1.6.3/Drivers/STM32G0xx_HAL_Driver/Inc -IC:/Users/hra/STM32Cube/Repository/STM32Cube_FW_G0_V1.6.3/Drivers/STM32G0xx_HAL_Driver/Inc/Legacy -IC:/Users/hra/STM32Cube/Repository/STM32Cube_FW_G0_V1.6.3/Drivers/CMSIS/Device/ST/STM32G0xx/Include -IC:/Users/hra/STM32Cube/Repository/STM32Cube_FW_G0_V1.6.3/Drivers/CMSIS/Include -O0 -ffunction-sections -fdata-sections -Wall -fstack-usage -fcyclomatic-complexity -MMD -MP -MF"Drivers/STM32G0xx_HAL_Driver/stm32g0xx_hal_pwr_ex.d" -MT"Drivers/STM32G0xx_HAL_Driver/stm32g0xx_hal_pwr_ex.o" --specs=nano.specs -mfloat-abi=soft -mthumb -o "Drivers/STM32G0xx_HAL_Driver/stm32g0xx_hal_pwr_ex.o"
arm-none-eabi-gcc "C:/Users/hra/STM32Cube/Repository/STM32Cube_FW_G0_V1.6.3/Drivers/STM32G0xx_HAL_Driver/Src/stm32g0xx_hal_rcc.c" -mcpu=cortex-m0plus -std=gnu11 -g3 -DDEBUG -DUSE_HAL_DRIVER -DSTM32G0B0xx -c -I../Core/Inc -IC:/Users/hra/STM32Cube/Repository/STM32Cube_FW_G0_V1.6.3/Drivers/STM32G0xx_HAL_Driver/Inc -IC:/Users/hra/STM32Cube/Repository/STM32Cube_FW_G0_V1.6.3/Drivers/STM32G0xx_HAL_Driver/Inc/Legacy -IC:/Users/hra/STM32Cube/Repository/STM32Cube_FW_G0_V1.6.3/Drivers/CMSIS/Device/ST/STM32G0xx/Include -IC:/Users/hra/STM32Cube/Repository/STM32Cube_FW_G0_V1.6.3/Drivers/CMSIS/Include -O0 -ffunction-sections -fdata-sections -Wall -fstack-usage -fcyclomatic-complexity -MMD -MP -MF"Drivers/STM32G0xx_HAL_Driver/stm32g0xx_hal_rcc.d" -MT"Drivers/STM32G0xx_HAL_Driver/stm32g0xx_hal_rcc.o" --specs=nano.specs -mfloat-abi=soft -mthumb -o "Drivers/STM32G0xx_HAL_Driver/stm32g0xx_hal_rcc.o"
arm-none-eabi-gcc "C:/Users/hra/STM32Cube/Repository/STM32Cube_FW_G0_V1.6.3/Drivers/STM32G0xx_HAL_Driver/Src/stm32g0xx_hal_rcc_ex.c" -mcpu=cortex-m0plus -std=gnu11 -g3 -DDEBUG -DUSE_HAL_DRIVER -DSTM32G0B0xx -c -I../Core/Inc -IC:/Users/hra/STM32Cube/Repository/STM32Cube_FW_G0_V1.6.3/Drivers/STM32G0xx_HAL_Driver/Inc -IC:/Users/hra/STM32Cube/Repository/STM32Cube_FW_G0_V1.6.3/Drivers/STM32G0xx_HAL_Driver/Inc/Legacy -IC:/Users/hra/STM32Cube/Repository/STM32Cube_FW_G0_V1.6.3/Drivers/CMSIS/Device/ST/STM32G0xx/Include -IC:/Users/hra/STM32Cube/Repository/STM32Cube_FW_G0_V1.6.3/Drivers/CMSIS/Include -O0 -ffunction-sections -fdata-sections -Wall -fstack-usage -fcyclomatic-complexity -MMD -MP -MF"Drivers/STM32G0xx_HAL_Driver/stm32g0xx_hal_rcc_ex.d" -MT"Drivers/STM32G0xx_HAL_Driver/stm32g0xx_hal_rcc_ex.o" --specs=nano.specs -mfloat-abi=soft -mthumb -o "Drivers/STM32G0xx_HAL_Driver/stm32g0xx_hal_rcc_ex.o"
arm-none-eabi-gcc "C:/Users/hra/STM32Cube/Repository/STM32Cube_FW_G0_V1.6.3/Drivers/STM32G0xx_HAL_Driver/Src/stm32g0xx_ll_rcc.c" -mcpu=cortex-m0plus -std=gnu11 -g3 -DDEBUG -DUSE_HAL_DRIVER -DSTM32G0B0xx -c -I../Core/Inc -IC:/Users/hra/STM32Cube/Repository/STM32Cube_FW_G0_V1.6.3/Drivers/STM32G0xx_HAL_Driver/Inc -IC:/Users/hra/STM32Cube/Repository/STM32Cube_FW_G0_V1.6.3/Drivers/STM32G0xx_HAL_Driver/Inc/Legacy -IC:/Users/hra/STM32Cube/Repository/STM32Cube_FW_G0_V1.6.3/Drivers/CMSIS/Device/ST/STM32G0xx/Include -IC:/Users/hra/STM32Cube/Repository/STM32Cube_FW_G0_V1.6.3/Drivers/CMSIS/Include -O0 -ffunction-sections -fdata-sections -Wall -fstack-usage -fcyclomatic-complexity -MMD -MP -MF"Drivers/STM32G0xx_HAL_Driver/stm32g0xx_ll_rcc.d" -MT"Drivers/STM32G0xx_HAL_Driver/stm32g0xx_ll_rcc.o" --specs=nano.specs -mfloat-abi=soft -mthumb -o "Drivers/STM32G0xx_HAL_Driver/stm32g0xx_ll_rcc.o"
arm-none-eabi-gcc -mcpu=cortex-m0plus -g3 -DDEBUG -c -I../Core/Inc -IC:/Users/hra/STM32Cube/Repository/STM32Cube_FW_G0_V1.6.3/Drivers/STM32G0xx_HAL_Driver/Inc -IC:/Users/hra/STM32Cube/Repository/STM32Cube_FW_G0_V1.6.3/Drivers/STM32G0xx_HAL_Driver/Inc/Legacy -IC:/Users/hra/STM32Cube/Repository/STM32Cube_FW_G0_V1.6.3/Middlewares/Third_Party/FreeRTOS/Source/include -IC:/Users/hra/STM32Cube/Repository/STM32Cube_FW_G0_V1.6.3/Middlewares/Third_Party/FreeRTOS/Source/CMSIS_RTOS_V2 -IC:/Users/hra/STM32Cube/Repository/STM32Cube_FW_G0_V1.6.3/Middlewares/Third_Party/FreeRTOS/Source/portable/GCC/ARM_CM0 -IC:/Users/hra/STM32Cube/Repository/STM32Cube_FW_G0_V1.6.3/Drivers/CMSIS/Device/ST/STM32G0xx/Include -IC:/Users/hra/STM32Cube/Repository/STM32Cube_FW_G0_V1.6.3/Drivers/CMSIS/Include -x assembler-with-cpp -MMD -MP -MF"Core/Startup/startup_stm32g0b0cetx.d" -MT"Core/Startup/startup_stm32g0b0cetx.o" --specs=nano.specs -mfloat-abi=soft -mthumb -o "Core/Startup/startup_stm32g0b0cetx.o" "../Core/Startup/startup_stm32g0b0cetx.s"
arm-none-eabi-gcc "../Core/Src/main.c" -mcpu=cortex-m0plus -std=gnu11 -g3 -DDEBUG -DUSE_HAL_DRIVER -DSTM32G0B0xx -c -I../Core/Inc -IC:/Users/hra/STM32Cube/Repository/STM32Cube_FW_G0_V1.6.3/Drivers/STM32G0xx_HAL_Driver/Inc -IC:/Users/hra/STM32Cube/Repository/STM32Cube_FW_G0_V1.6.3/Drivers/STM32G0xx_HAL_Driver/Inc/Legacy -IC:/Users/hra/STM32Cube/Repository/STM32Cube_FW_G0_V1.6.3/Drivers/CMSIS/Device/ST/STM32G0xx/Include -IC:/Users/hra/STM32Cube/Repository/STM32Cube_FW_G0_V1.6.3/Drivers/CMSIS/Include -O0 -ffunction-sections -fdata-sections -Wall -fstack-usage -fcyclomatic-complexity -MMD -MP -MF"Core/Src/main.d" -MT"Core/Src/main.o" --specs=nano.specs -mfloat-abi=soft -mthumb -o "Core/Src/main.o"
arm-none-eabi-gcc "../Core/Src/stm32g0xx_hal_msp.c" -mcpu=cortex-m0plus -std=gnu11 -g3 -DDEBUG -DUSE_HAL_DRIVER -DSTM32G0B0xx -c -I../Core/Inc -IC:/Users/hra/STM32Cube/Repository/STM32Cube_FW_G0_V1.6.3/Drivers/STM32G0xx_HAL_Driver/Inc -IC:/Users/hra/STM32Cube/Repository/STM32Cube_FW_G0_V1.6.3/Drivers/STM32G0xx_HAL_Driver/Inc/Legacy -IC:/Users/hra/STM32Cube/Repository/STM32Cube_FW_G0_V1.6.3/Drivers/CMSIS/Device/ST/STM32G0xx/Include -IC:/Users/hra/STM32Cube/Repository/STM32Cube_FW_G0_V1.6.3/Drivers/CMSIS/Include -O0 -ffunction-sections -fdata-sections -Wall -fstack-usage -fcyclomatic-complexity -MMD -MP -MF"Core/Src/stm32g0xx_hal_msp.d" -MT"Core/Src/stm32g0xx_hal_msp.o" --specs=nano.specs -mfloat-abi=soft -mthumb -o "Core/Src/stm32g0xx_hal_msp.o"
arm-none-eabi-gcc "../Core/Src/stm32g0xx_it.c" -mcpu=cortex-m0plus -std=gnu11 -g3 -DDEBUG -DUSE_HAL_DRIVER -DSTM32G0B0xx -c -I../Core/Inc -IC:/Users/hra/STM32Cube/Repository/STM32Cube_FW_G0_V1.6.3/Drivers/STM32G0xx_HAL_Driver/Inc -IC:/Users/hra/STM32Cube/Repository/STM32Cube_FW_G0_V1.6.3/Drivers/STM32G0xx_HAL_Driver/Inc/Legacy -IC:/Users/hra/STM32Cube/Repository/STM32Cube_FW_G0_V1.6.3/Drivers/CMSIS/Device/ST/STM32G0xx/Include -IC:/Users/hra/STM32Cube/Repository/STM32Cube_FW_G0_V1.6.3/Drivers/CMSIS/Include -O0 -ffunction-sections -fdata-sections -Wall -fstack-usage -fcyclomatic-complexity -MMD -MP -MF"Core/Src/stm32g0xx_it.d" -MT"Core/Src/stm32g0xx_it.o" --specs=nano.specs -mfloat-abi=soft -mthumb -o "Core/Src/stm32g0xx_it.o"
arm-none-eabi-gcc "../Core/Src/syscalls.c" -mcpu=cortex-m0plus -std=gnu11 -g3 -DDEBUG -DUSE_HAL_DRIVER -DSTM32G0B0xx -c -I../Core/Inc -IC:/Users/hra/STM32Cube/Repository/STM32Cube_FW_G0_V1.6.3/Drivers/STM32G0xx_HAL_Driver/Inc -IC:/Users/hra/STM32Cube/Repository/STM32Cube_FW_G0_V1.6.3/Drivers/STM32G0xx_HAL_Driver/Inc/Legacy -IC:/Users/hra/STM32Cube/Repository/STM32Cube_FW_G0_V1.6.3/Drivers/CMSIS/Device/ST/STM32G0xx/Include -IC:/Users/hra/STM32Cube/Repository/STM32Cube_FW_G0_V1.6.3/Drivers/CMSIS/Include -O0 -ffunction-sections -fdata-sections -Wall -fstack-usage -fcyclomatic-complexity -MMD -MP -MF"Core/Src/syscalls.d" -MT"Core/Src/syscalls.o" --specs=nano.specs -mfloat-abi=soft -mthumb -o "Core/Src/syscalls.o"
arm-none-eabi-gcc "../Core/Src/sysmem.c" -mcpu=cortex-m0plus -std=gnu11 -g3 -DDEBUG -DUSE_HAL_DRIVER -DSTM32G0B0xx -c -I../Core/Inc -IC:/Users/hra/STM32Cube/Repository/STM32Cube_FW_G0_V1.6.3/Drivers/STM32G0xx_HAL_Driver/Inc -IC:/Users/hra/STM32Cube/Repository/STM32Cube_FW_G0_V1.6.3/Drivers/STM32G0xx_HAL_Driver/Inc/Legacy -IC:/Users/hra/STM32Cube/Repository/STM32Cube_FW_G0_V1.6.3/Drivers/CMSIS/Device/ST/STM32G0xx/Include -IC:/Users/hra/STM32Cube/Repository/STM32Cube_FW_G0_V1.6.3/Drivers/CMSIS/Include -O0 -ffunction-sections -fdata-sections -Wall -fstack-usage -fcyclomatic-complexity -MMD -MP -MF"Core/Src/sysmem.d" -MT"Core/Src/sysmem.o" --specs=nano.specs -mfloat-abi=soft -mthumb -o "Core/Src/sysmem.o"
arm-none-eabi-gcc "../Core/Src/system_stm32g0xx.c" -mcpu=cortex-m0plus -std=gnu11 -g3 -DDEBUG -DUSE_HAL_DRIVER -DSTM32G0B0xx -c -I../Core/Inc -IC:/Users/hra/STM32Cube/Repository/STM32Cube_FW_G0_V1.6.3/Drivers/STM32G0xx_HAL_Driver/Inc -IC:/Users/hra/STM32Cube/Repository/STM32Cube_FW_G0_V1.6.3/Drivers/STM32G0xx_HAL_Driver/Inc/Legacy -IC:/Users/hra/STM32Cube/Repository/STM32Cube_FW_G0_V1.6.3/Drivers/CMSIS/Device/ST/STM32G0xx/Include -IC:/Users/hra/STM32Cube/Repository/STM32Cube_FW_G0_V1.6.3/Drivers/CMSIS/Include -O0 -ffunction-sections -fdata-sections -Wall -fstack-usage -fcyclomatic-complexity -MMD -MP -MF"Core/Src/system_stm32g0xx.d" -MT"Core/Src/system_stm32g0xx.o" --specs=nano.specs -mfloat-abi=soft -mthumb -o "Core/Src/system_stm32g0xx.o"
../Core/Src/main.c:69:12: warning: 'rx_length' defined but not used [-Wunused-variable]
   69 | static int rx_length = 0;
      |            ^~~~~~~~~
arm-none-eabi-gcc -o "MSXtR_Portable_Keyboard.elf" @"objects.list"   -mcpu=cortex-m0plus -T"C:\Users\hra\Documents\github\HRA_product\FPGA_MSXtR\keyboard\MSXtR_Portable_Keyboard\STM32G0B0CETX_FLASH.ld" --specs=nosys.specs -Wl,-Map="MSXtR_Portable_Keyboard.map" -Wl,--gc-sections -static --specs=nano.specs -mfloat-abi=soft -mthumb -Wl,--start-group -lc -lm -Wl,--end-group
Finished building target: MSXtR_Portable_Keyboard.elf
 
arm-none-eabi-size  MSXtR_Portable_Keyboard.elf 
arm-none-eabi-objdump -h -S MSXtR_Portable_Keyboard.elf  > "MSXtR_Portable_Keyboard.list"
   text	   data	    bss	    dec	    hex	filename
  14456	    104	   1720	  16280	   3f98	MSXtR_Portable_Keyboard.elf
Finished building: default.size.stdout
 
Finished building: MSXtR_Portable_Keyboard.list
 

21:46:19 Build Finished. 0 errors, 1 warnings. (took 1s.114ms)

