Z80 Macro Assembler ZMA v1.0.19
=====================================================
Programmed by t.hara

  DEFS is DEFINE STRING (default).
  OUTPUT TYPE: BINARY

<< code >>
LINE# |OFFSET|ADDR|MNEMONIC
======+======+====+==================================
    36|      |    |UART := 0x10
      |      |    |  Global integer symbol [UART] = 16 (0x10)
------+------+----+----------------------------------
    37|      |    |BUTTON := 0x10
      |      |    |  Global integer symbol [BUTTON] = 16 (0x10)
------+------+----+----------------------------------
    39|      |    |EXTIO_MANUFACTURE := 0x40
      |      |    |  Global integer symbol [EXTIO_MANUFACTURE] = 64 (0x40)
------+------+----+----------------------------------
    40|      |    |EXTIO_DEVICE := 0x41
      |      |    |  Global integer symbol [EXTIO_DEVICE] = 65 (0x41)
------+------+----+----------------------------------
    41|      |    |SROM_COMMAND := 0x42
      |      |    |  Global integer symbol [SROM_COMMAND] = 66 (0x42)
------+------+----+----------------------------------
    42|      |    |SROM_DATA := 0x43
      |      |    |  Global integer symbol [SROM_DATA] = 67 (0x43)
------+------+----+----------------------------------
    44|      |    |MANUFACTURE_ID := 64
      |      |    |  Global integer symbol [MANUFACTURE_ID] = 64 (0x40)
------+------+----+----------------------------------
    46|      |    |DEVICE_CONFIG_ROM_VDP := 1
      |      |    |  Global integer symbol [DEVICE_CONFIG_ROM_VDP] = 1 (0x1)
------+------+----+----------------------------------
    47|      |    |DEVICE_CONFIG_ROM_CPU := 2
      |      |    |  Global integer symbol [DEVICE_CONFIG_ROM_CPU] = 2 (0x2)
------+------+----+----------------------------------
    48|      |    |DEVICE_SERIAL_ROM := 3
      |      |    |  Global integer symbol [DEVICE_SERIAL_ROM] = 3 (0x3)
------+------+----+----------------------------------
    50|      |    |S2026_REG_IDX := 0xE4
      |      |    |  Global integer symbol [S2026_REG_IDX] = 228 (0xe4)
------+------+----+----------------------------------
    51|      |    |S2026_REG_VAL := 0xE5
      |      |    |  Global integer symbol [S2026_REG_VAL] = 229 (0xe5)
------+------+----+----------------------------------
    52|      |    |S2026_FR_TIMER_L := 0xE6
      |      |    |  Global integer symbol [S2026_FR_TIMER_L] = 230 (0xe6)
------+------+----+----------------------------------
    53|      |    |S2026_FR_TIMER_H := 0xE7
      |      |    |  Global integer symbol [S2026_FR_TIMER_H] = 231 (0xe7)
------+------+----+----------------------------------
    56|      |    |FPGA_CONFIG_ROM_SET_ADDRESS := 0x00
      |      |    |  Global integer symbol [FPGA_CONFIG_ROM_SET_ADDRESS] = 0 (0x0)
------+------+----+----------------------------------
    57|      |    |FPGA_CONFIG_ROM_SINGLE_READ := 0x01
      |      |    |  Global integer symbol [FPGA_CONFIG_ROM_SINGLE_READ] = 1 (0x1)
------+------+----+----------------------------------
    58|      |    |FPGA_CONFIG_ROM_BURST_READ := 0x02
      |      |    |  Global integer symbol [FPGA_CONFIG_ROM_BURST_READ] = 2 (0x2)
------+------+----+----------------------------------
    59|      |    |FPGA_CONFIG_ROM_BURST_WRITE := 0x03
      |      |    |  Global integer symbol [FPGA_CONFIG_ROM_BURST_WRITE] = 3 (0x3)
------+------+----+----------------------------------
    60|      |    |FPGA_CONFIG_ROM_CHIP_ERASE := 0x04
      |      |    |  Global integer symbol [FPGA_CONFIG_ROM_CHIP_ERASE] = 4 (0x4)
------+------+----+----------------------------------
    61|      |    |FPGA_CONFIG_ROM_READ_STATUS := 0x05
      |      |    |  Global integer symbol [FPGA_CONFIG_ROM_READ_STATUS] = 5 (0x5)
------+------+----+----------------------------------
    62|      |    |FPGA_CONFIG_ROM_SELECT_SROM := 0x06
      |      |    |  Global integer symbol [FPGA_CONFIG_ROM_SELECT_SROM] = 6 (0x6)
------+------+----+----------------------------------
    63|      |    |FPGA_CONFIG_ROM_ACCESS_END := 0x07
      |      |    |  Global integer symbol [FPGA_CONFIG_ROM_ACCESS_END] = 7 (0x7)
------+------+----+----------------------------------
    64|      |    |FPGA_CONFIG_ROM_WRITE_ENABLE := 0x08
      |      |    |  Global integer symbol [FPGA_CONFIG_ROM_WRITE_ENABLE] = 8 (0x8)
------+------+----+----------------------------------
    65|      |    |FPGA_CONFIG_ROM_BLOCK_ERASE := 0x09
      |      |    |  Global integer symbol [FPGA_CONFIG_ROM_BLOCK_ERASE] = 9 (0x9)
------+------+----+----------------------------------
    66|      |    |FPGA_CONFIG_ROM_READ_STATUS2 := 0x0A
      |      |    |  Global integer symbol [FPGA_CONFIG_ROM_READ_STATUS2] = 10 (0xa)
------+------+----+----------------------------------
    68|      |    |ORG 0x0000
------+------+----+----------------------------------
    72|      |    |DI
      |      |    |  Z80:5cyc R800:2cyc
      |000000|0000|  F3
------+------+----+----------------------------------
    73|      |    |LD SP, 8192 - 2
      |      |    |  Z80:11cyc R800:3cyc
      |000001|0001|  31 FE 1F
------+------+----+----------------------------------
    78|      |    |WAIT_PRESS_BUTTON :
      |      |    |  label [WAIT_PRESS_BUTTON] address: 0x000004
------+------+----+----------------------------------
    79|      |    |IN A, [ BUTTON ]
      |      |    |  Z80:12cyc R800:10cyc/9cyc
      |000004|0004|  DB 10
------+------+----+----------------------------------
    80|      |    |AND A, 1
      |      |    |  Z80:8cyc R800:2cyc
      |000006|0006|  E6 01
------+------+----+----------------------------------
    81|      |    |JR Z, WAIT_PRESS_BUTTON
      |      |    |  Z80:13cyc/8cyc R800:3cyc/2cyc
      |000008|0008|  28 FA
------+------+----+----------------------------------
    82|      |    |WAIT_RELEASE_BUTTON :
      |      |    |  label [WAIT_RELEASE_BUTTON] address: 0x00000a
------+------+----+----------------------------------
    83|      |    |IN A, [ BUTTON ]
      |      |    |  Z80:12cyc R800:10cyc/9cyc
      |00000A|000A|  DB 10
------+------+----+----------------------------------
    84|      |    |AND A, 1
      |      |    |  Z80:8cyc R800:2cyc
      |00000C|000C|  E6 01
------+------+----+----------------------------------
    85|      |    |JR NZ, WAIT_RELEASE_BUTTON
      |      |    |  Z80:13cyc/8cyc R800:3cyc/2cyc
      |00000E|000E|  20 FA
------+------+----+----------------------------------
    91|      |    |LD A, 6
      |      |    |  Z80:8cyc R800:2cyc
      |000010|0010|  3E 06
------+------+----+----------------------------------
    92|      |    |OUT [ S2026_REG_IDX ], A
      |      |    |  Z80:12cyc R800:10cyc/9cyc
      |000012|0012|  D3 E4
------+------+----+----------------------------------
    93|      |    |IN A, [ S2026_REG_VAL ]
      |      |    |  Z80:12cyc R800:10cyc/9cyc
      |000014|0014|  DB E5
------+------+----+----------------------------------
    94|      |    |AND A, 0b0010_0000
      |      |    |  Z80:8cyc R800:2cyc
      |000016|0016|  E6 20
------+------+----+----------------------------------
    95|      |    |JR Z, R800_MESSAGE
      |      |    |  Z80:13cyc/8cyc R800:3cyc/2cyc
      |000018|0018|  28 05
------+------+----+----------------------------------
    96|      |    |LD DE, S_Z80_MESSAGE
      |      |    |  Z80:11cyc R800:3cyc
      |00001A|001A|  11 ED 01
------+------+----+----------------------------------
    97|      |    |JR SKIP
      |      |    |  Z80:13cyc R800:3cyc
      |00001D|001D|  18 03
------+------+----+----------------------------------
    98|      |    |R800_MESSAGE :
      |      |    |  label [R800_MESSAGE] address: 0x00001f
------+------+----+----------------------------------
    99|      |    |LD DE, S_R800_MESSAGE
      |      |    |  Z80:11cyc R800:3cyc
      |00001F|001F|  11 F5 01
------+------+----+----------------------------------
   100|      |    |SKIP :
      |      |    |  label [SKIP] address: 0x000022
------+------+----+----------------------------------
   101|      |    |CALL PUTS
      |      |    |  Z80:18cyc R800:5cyc
      |000022|0022|  CD CA 01
------+------+----+----------------------------------
   104|      |    |LD A, MANUFACTURE_ID
      |      |    |  Z80:8cyc R800:2cyc
      |000025|0025|  3E 40
------+------+----+----------------------------------
   105|      |    |OUT [ EXTIO_MANUFACTURE ], A
      |      |    |  Z80:12cyc R800:10cyc/9cyc
      |000027|0027|  D3 40
------+------+----+----------------------------------
   108|      |    |LD DE, S_CONFIG_ROM
      |      |    |  Z80:11cyc R800:3cyc
      |000029|0029|  11 FE 01
------+------+----+----------------------------------
   109|      |    |CALL PUTS
      |      |    |  Z80:18cyc R800:5cyc
      |00002C|002C|  CD CA 01
------+------+----+----------------------------------
   110|      |    |LD A, DEVICE_CONFIG_ROM_CPU
      |      |    |  Z80:8cyc R800:2cyc
      |00002F|002F|  3E 02
------+------+----+----------------------------------
   111|      |    |OUT [ EXTIO_DEVICE ], A
      |      |    |  Z80:12cyc R800:10cyc/9cyc
      |000031|0031|  D3 41
------+------+----+----------------------------------
   112|      |    |LD A, FPGA_CONFIG_ROM_SELECT_SROM
      |      |    |  Z80:8cyc R800:2cyc
      |000033|0033|  3E 06
------+------+----+----------------------------------
   113|      |    |OUT [ SROM_COMMAND ], A
      |      |    |  Z80:12cyc R800:10cyc/9cyc
      |000035|0035|  D3 42
------+------+----+----------------------------------
   114|      |    |LD A, 1
      |      |    |  Z80:8cyc R800:2cyc
      |000037|0037|  3E 01
------+------+----+----------------------------------
   115|      |    |OUT [ SROM_DATA ], A
      |      |    |  Z80:12cyc R800:10cyc/9cyc
      |000039|0039|  D3 43
------+------+----+----------------------------------
   116|      |    |LD E, 0x40
      |      |    |  Z80:8cyc R800:2cyc
      |00003B|003B|  1E 40
------+------+----+----------------------------------
   117|      |    |EXX
      |      |    |  Z80:5cyc R800:1cyc
[	EXX] Z80:5cyc, R800:1cyc
      |00003D|003D|  D9
------+------+----+----------------------------------
   118|      |    |CALL SERIAL_ROM_TEST
      |      |    |  Z80:18cyc R800:5cyc
      |00003E|003E|  CD 74 00
------+------+----+----------------------------------
   121|      |    |LD DE, S_SERIAL_ROM0
      |      |    |  Z80:11cyc R800:3cyc
      |000041|0041|  11 15 02
------+------+----+----------------------------------
   122|      |    |CALL PUTS
      |      |    |  Z80:18cyc R800:5cyc
      |000044|0044|  CD CA 01
------+------+----+----------------------------------
   123|      |    |LD A, DEVICE_SERIAL_ROM
      |      |    |  Z80:8cyc R800:2cyc
      |000047|0047|  3E 03
------+------+----+----------------------------------
   124|      |    |OUT [ EXTIO_DEVICE ], A
      |      |    |  Z80:12cyc R800:10cyc/9cyc
      |000049|0049|  D3 41
------+------+----+----------------------------------
   125|      |    |LD A, FPGA_CONFIG_ROM_SELECT_SROM
      |      |    |  Z80:8cyc R800:2cyc
      |00004B|004B|  3E 06
------+------+----+----------------------------------
   126|      |    |OUT [ SROM_COMMAND ], A
      |      |    |  Z80:12cyc R800:10cyc/9cyc
      |00004D|004D|  D3 42
------+------+----+----------------------------------
   127|      |    |LD A, 0
      |      |    |  Z80:8cyc R800:2cyc
      |00004F|004F|  3E 00
------+------+----+----------------------------------
   128|      |    |OUT [ SROM_DATA ], A
      |      |    |  Z80:12cyc R800:10cyc/9cyc
      |000051|0051|  D3 43
------+------+----+----------------------------------
   129|      |    |LD E, 0x00
      |      |    |  Z80:8cyc R800:2cyc
      |000053|0053|  1E 00
------+------+----+----------------------------------
   130|      |    |EXX
      |      |    |  Z80:5cyc R800:1cyc
[	EXX] Z80:5cyc, R800:1cyc
      |000055|0055|  D9
------+------+----+----------------------------------
   131|      |    |CALL SERIAL_ROM_TEST
      |      |    |  Z80:18cyc R800:5cyc
      |000056|0056|  CD 74 00
------+------+----+----------------------------------
   134|      |    |LD DE, S_SERIAL_ROM1
      |      |    |  Z80:11cyc R800:3cyc
      |000059|0059|  11 29 02
------+------+----+----------------------------------
   135|      |    |CALL PUTS
      |      |    |  Z80:18cyc R800:5cyc
      |00005C|005C|  CD CA 01
------+------+----+----------------------------------
   136|      |    |LD A, DEVICE_SERIAL_ROM
      |      |    |  Z80:8cyc R800:2cyc
      |00005F|005F|  3E 03
------+------+----+----------------------------------
   137|      |    |OUT [ EXTIO_DEVICE ], A
      |      |    |  Z80:12cyc R800:10cyc/9cyc
      |000061|0061|  D3 41
------+------+----+----------------------------------
   138|      |    |LD A, FPGA_CONFIG_ROM_SELECT_SROM
      |      |    |  Z80:8cyc R800:2cyc
      |000063|0063|  3E 06
------+------+----+----------------------------------
   139|      |    |OUT [ SROM_COMMAND ], A
      |      |    |  Z80:12cyc R800:10cyc/9cyc
      |000065|0065|  D3 42
------+------+----+----------------------------------
   140|      |    |LD A, 1
      |      |    |  Z80:8cyc R800:2cyc
      |000067|0067|  3E 01
------+------+----+----------------------------------
   141|      |    |OUT [ SROM_DATA ], A
      |      |    |  Z80:12cyc R800:10cyc/9cyc
      |000069|0069|  D3 43
------+------+----+----------------------------------
   142|      |    |LD E, 0x00
      |      |    |  Z80:8cyc R800:2cyc
      |00006B|006B|  1E 00
------+------+----+----------------------------------
   143|      |    |EXX
      |      |    |  Z80:5cyc R800:1cyc
[	EXX] Z80:5cyc, R800:1cyc
      |00006D|006D|  D9
------+------+----+----------------------------------
   144|      |    |CALL SERIAL_ROM_TEST
      |      |    |  Z80:18cyc R800:5cyc
      |00006E|006E|  CD 74 00
------+------+----+----------------------------------
   146|      |    |JP CHANGE_CPU
      |      |    |  Z80:11cyc R800:5cyc
      |000071|0071|  C3 BB 01
------+------+----+----------------------------------
   148|      |    |SCOPE SERIAL_ROM_TEST
      |      |    |  Enter scope: SERIAL_ROM_TEST:
------+------+----+----------------------------------
   149|      |    |SERIAL_ROM_TEST ::
      |      |    |  global label [SERIAL_ROM_TEST] address: 0x000074
------+------+----+----------------------------------
   151|      |    |LD DE, S_DUMP_PROCESS
      |      |    |  Z80:11cyc R800:3cyc
      |000074|0074|  11 3F 02
------+------+----+----------------------------------
   152|      |    |CALL PUTS
      |      |    |  Z80:18cyc R800:5cyc
      |000077|0077|  CD CA 01
------+------+----+----------------------------------
   154|      |    |LD HL, 0x0000
      |      |    |  Z80:11cyc R800:3cyc
      |00007A|007A|  21 00 00
------+------+----+----------------------------------
   155|      |    |LD E, 0x00
      |      |    |  Z80:8cyc R800:2cyc
      |00007D|007D|  1E 00
------+------+----+----------------------------------
   156|      |    |CALL SET_SERIAL_ROM_ADDRESS
      |      |    |  Z80:18cyc R800:5cyc
      |00007F|007F|  CD 57 01
------+------+----+----------------------------------
   157|      |    |LD L, 0
      |      |    |  Z80:8cyc R800:2cyc
      |000082|0082|  2E 00
------+------+----+----------------------------------
   158|      |    |DUMP_LOOP :
      |      |    |  label [SERIAL_ROM_TEST:DUMP_LOOP] address: 0x000084
------+------+----+----------------------------------
   159|      |    |LD A, FPGA_CONFIG_ROM_SINGLE_READ
      |      |    |  Z80:8cyc R800:2cyc
      |000084|0084|  3E 01
------+------+----+----------------------------------
   160|      |    |OUT [ SROM_COMMAND ], A
      |      |    |  Z80:12cyc R800:10cyc/9cyc
      |000086|0086|  D3 42
------+------+----+----------------------------------
   161|      |    |IN A, [ SROM_DATA ]
      |      |    |  Z80:12cyc R800:10cyc/9cyc
      |000088|0088|  DB 43
------+------+----+----------------------------------
   162|      |    |CALL PUT_HEX8
      |      |    |  Z80:18cyc R800:5cyc
      |00008A|008A|  CD D7 01
------+------+----+----------------------------------
   163|      |    |LD A, ' '
      |      |    |  Z80:8cyc R800:2cyc
      |00008D|008D|  3E 20
------+------+----+----------------------------------
   164|      |    |OUT [ UART ], A
      |      |    |  Z80:12cyc R800:10cyc/9cyc
      |00008F|008F|  D3 10
------+------+----+----------------------------------
   165|      |    |INC L
      |      |    |  Z80:5cyc R800:1cyc
      |000091|0091|  2C
------+------+----+----------------------------------
   166|      |    |LD A, L
      |      |    |  Z80:5cyc R800:2cyc
      |000092|0092|  7D
------+------+----+----------------------------------
   167|      |    |AND A, 0x0F
      |      |    |  Z80:8cyc R800:2cyc
      |000093|0093|  E6 0F
------+------+----+----------------------------------
   168|      |    |JR NZ, DUMP_LOOP
      |      |    |  Z80:13cyc/8cyc R800:3cyc/2cyc
      |000095|0095|  20 ED
------+------+----+----------------------------------
   169|      |    |LD DE, CRLF
      |      |    |  Z80:11cyc R800:3cyc
      |000097|0097|  11 96 02
------+------+----+----------------------------------
   170|      |    |CALL PUTS
      |      |    |  Z80:18cyc R800:5cyc
      |00009A|009A|  CD CA 01
------+------+----+----------------------------------
   171|      |    |LD A, L
      |      |    |  Z80:5cyc R800:2cyc
      |00009D|009D|  7D
------+------+----+----------------------------------
   172|      |    |OR A, A
      |      |    |  Z80:5cyc R800:1cyc
      |00009E|009E|  B7
------+------+----+----------------------------------
   173|      |    |JR NZ, DUMP_LOOP
      |      |    |  Z80:13cyc/8cyc R800:3cyc/2cyc
      |00009F|009F|  20 E3
------+------+----+----------------------------------
   174|      |    |LD A, FPGA_CONFIG_ROM_ACCESS_END
      |      |    |  Z80:8cyc R800:2cyc
      |0000A1|00A1|  3E 07
------+------+----+----------------------------------
   175|      |    |OUT [ SROM_COMMAND ], A
      |      |    |  Z80:12cyc R800:10cyc/9cyc
      |0000A3|00A3|  D3 42
------+------+----+----------------------------------
   178|      |    |LD DE, S_ERASE_PROCESS
      |      |    |  Z80:11cyc R800:3cyc
      |0000A5|00A5|  11 47 02
------+------+----+----------------------------------
   179|      |    |CALL PUTS
      |      |    |  Z80:18cyc R800:5cyc
      |0000A8|00A8|  CD CA 01
------+------+----+----------------------------------
   181|      |    |EXX
      |      |    |  Z80:5cyc R800:1cyc
[	EXX] Z80:5cyc, R800:1cyc
      |0000AB|00AB|  D9
------+------+----+----------------------------------
   182|      |    |PUSH DE
      |      |    |  Z80:12cyc R800:6cyc
      |0000AC|00AC|  D5
------+------+----+----------------------------------
   183|      |    |EXX
      |      |    |  Z80:5cyc R800:1cyc
[	EXX] Z80:5cyc, R800:1cyc
      |0000AD|00AD|  D9
------+------+----+----------------------------------
   184|      |    |POP DE
      |      |    |  Z80:11cyc R800:5cyc
      |0000AE|00AE|  D1
------+------+----+----------------------------------
   185|      |    |LD HL, 0x0000
      |      |    |  Z80:11cyc R800:3cyc
      |0000AF|00AF|  21 00 00
------+------+----+----------------------------------
   186|      |    |CALL SET_SERIAL_ROM_ADDRESS
      |      |    |  Z80:18cyc R800:5cyc
      |0000B2|00B2|  CD 57 01
------+------+----+----------------------------------
   187|      |    |ERASE_CHECK_LOOP :
      |      |    |  label [SERIAL_ROM_TEST:ERASE_CHECK_LOOP] address: 0x0000b5
------+------+----+----------------------------------
   188|      |    |LD A, FPGA_CONFIG_ROM_SINGLE_READ
      |      |    |  Z80:8cyc R800:2cyc
      |0000B5|00B5|  3E 01
------+------+----+----------------------------------
   189|      |    |OUT [ SROM_COMMAND ], A
      |      |    |  Z80:12cyc R800:10cyc/9cyc
      |0000B7|00B7|  D3 42
------+------+----+----------------------------------
   190|      |    |IN A, [ SROM_DATA ]
      |      |    |  Z80:12cyc R800:10cyc/9cyc
      |0000B9|00B9|  DB 43
------+------+----+----------------------------------
   191|      |    |INC A
      |      |    |  Z80:5cyc R800:1cyc
      |0000BB|00BB|  3C
------+------+----+----------------------------------
   192|      |    |CALL NZ, SERIAL_ROM_BLOCK_ERASE
      |      |    |  Z80:18cyc/11cyc R800:5cyc/3cyc
      |0000BC|00BC|  C4 7E 01
------+------+----+----------------------------------
   193|      |    |INC HL
      |      |    |  Z80:7cyc R800:1cyc
      |0000BF|00BF|  23
------+------+----+----------------------------------
   194|      |    |LD A, H
      |      |    |  Z80:5cyc R800:2cyc
      |0000C0|00C0|  7C
------+------+----+----------------------------------
   195|      |    |OR A, L
      |      |    |  Z80:5cyc R800:1cyc
      |0000C1|00C1|  B5
------+------+----+----------------------------------
   196|      |    |JR NZ, ERASE_CHECK_LOOP
      |      |    |  Z80:13cyc/8cyc R800:3cyc/2cyc
      |0000C2|00C2|  20 F1
------+------+----+----------------------------------
   199|      |    |LD DE, S_WRITE_PROCESS
      |      |    |  Z80:11cyc R800:3cyc
      |0000C4|00C4|  11 6E 02
------+------+----+----------------------------------
   200|      |    |CALL PUTS
      |      |    |  Z80:18cyc R800:5cyc
      |0000C7|00C7|  CD CA 01
------+------+----+----------------------------------
   202|      |    |LD HL, 0x0000
      |      |    |  Z80:11cyc R800:3cyc
      |0000CA|00CA|  21 00 00
------+------+----+----------------------------------
   203|      |    |LD C, SROM_DATA
      |      |    |  Z80:8cyc R800:2cyc
      |0000CD|00CD|  0E 43
------+------+----+----------------------------------
   204|      |    |WRITE_LOOP :
      |      |    |  label [SERIAL_ROM_TEST:WRITE_LOOP] address: 0x0000cf
------+------+----+----------------------------------
   205|      |    |LD DE, S_WRITE_BLOCK
      |      |    |  Z80:11cyc R800:3cyc
      |0000CF|00CF|  11 77 02
------+------+----+----------------------------------
   206|      |    |CALL PUTS
      |      |    |  Z80:18cyc R800:5cyc
      |0000D2|00D2|  CD CA 01
------+------+----+----------------------------------
   207|      |    |EXX
      |      |    |  Z80:5cyc R800:1cyc
[	EXX] Z80:5cyc, R800:1cyc
      |0000D5|00D5|  D9
------+------+----+----------------------------------
   208|      |    |LD A, E
      |      |    |  Z80:5cyc R800:2cyc
      |0000D6|00D6|  7B
------+------+----+----------------------------------
   209|      |    |EXX
      |      |    |  Z80:5cyc R800:1cyc
[	EXX] Z80:5cyc, R800:1cyc
      |0000D7|00D7|  D9
------+------+----+----------------------------------
   210|      |    |CALL PUT_HEX8
      |      |    |  Z80:18cyc R800:5cyc
      |0000D8|00D8|  CD D7 01
------+------+----+----------------------------------
   211|      |    |CALL PUT_HEX
      |      |    |  Z80:18cyc R800:5cyc
      |0000DB|00DB|  CD D2 01
------+------+----+----------------------------------
   212|      |    |EXX
      |      |    |  Z80:5cyc R800:1cyc
[	EXX] Z80:5cyc, R800:1cyc
      |0000DE|00DE|  D9
------+------+----+----------------------------------
   213|      |    |PUSH DE
      |      |    |  Z80:12cyc R800:6cyc
      |0000DF|00DF|  D5
------+------+----+----------------------------------
   214|      |    |EXX
      |      |    |  Z80:5cyc R800:1cyc
[	EXX] Z80:5cyc, R800:1cyc
      |0000E0|00E0|  D9
------+------+----+----------------------------------
   215|      |    |POP DE
      |      |    |  Z80:11cyc R800:5cyc
      |0000E1|00E1|  D1
------+------+----+----------------------------------
   216|      |    |CALL SET_SERIAL_ROM_ADDRESS
      |      |    |  Z80:18cyc R800:5cyc
      |0000E2|00E2|  CD 57 01
------+------+----+----------------------------------
   217|      |    |CALL SET_SERIAL_ROM_WRITE_ENABLE
      |      |    |  Z80:18cyc R800:5cyc
      |0000E5|00E5|  CD 65 01
------+------+----+----------------------------------
   218|      |    |LD A, FPGA_CONFIG_ROM_BURST_WRITE
      |      |    |  Z80:8cyc R800:2cyc
      |0000E8|00E8|  3E 03
------+------+----+----------------------------------
   219|      |    |OUT [ SROM_COMMAND ], A
      |      |    |  Z80:12cyc R800:10cyc/9cyc
      |0000EA|00EA|  D3 42
------+------+----+----------------------------------
   220|      |    |BYTE_WRITE_LOOP :
      |      |    |  label [SERIAL_ROM_TEST:BYTE_WRITE_LOOP] address: 0x0000ec
------+------+----+----------------------------------
   221|      |    |OUT [ C ], L
      |      |    |  Z80:14cyc R800:10cyc/9cyc
      |0000EC|00EC|  ED 69
------+------+----+----------------------------------
   222|      |    |INC L
      |      |    |  Z80:5cyc R800:1cyc
      |0000EE|00EE|  2C
------+------+----+----------------------------------
   223|      |    |JR NZ, BYTE_WRITE_LOOP
      |      |    |  Z80:13cyc/8cyc R800:3cyc/2cyc
      |0000EF|00EF|  20 FB
------+------+----+----------------------------------
   225|      |    |LD A, FPGA_CONFIG_ROM_ACCESS_END
      |      |    |  Z80:8cyc R800:2cyc
      |0000F1|00F1|  3E 07
------+------+----+----------------------------------
   226|      |    |OUT [ SROM_COMMAND ], A
      |      |    |  Z80:12cyc R800:10cyc/9cyc
      |0000F3|00F3|  D3 42
------+------+----+----------------------------------
   227|      |    |LD DE, S_OK
      |      |    |  Z80:11cyc R800:3cyc
      |0000F5|00F5|  11 99 02
------+------+----+----------------------------------
   228|      |    |CALL PUTS
      |      |    |  Z80:18cyc R800:5cyc
      |0000F8|00F8|  CD CA 01
------+------+----+----------------------------------
   230|      |    |LD A, FPGA_CONFIG_ROM_READ_STATUS
      |      |    |  Z80:8cyc R800:2cyc
      |0000FB|00FB|  3E 05
------+------+----+----------------------------------
   231|      |    |OUT [ SROM_COMMAND ], A
      |      |    |  Z80:12cyc R800:10cyc/9cyc
      |0000FD|00FD|  D3 42
------+------+----+----------------------------------
   232|      |    |STATUS_CHECK_LOOP1 :
      |      |    |  label [SERIAL_ROM_TEST:STATUS_CHECK_LOOP1] address: 0x0000ff
------+------+----+----------------------------------
   233|      |    |IN A, [ SROM_DATA ]
      |      |    |  Z80:12cyc R800:10cyc/9cyc
      |0000FF|00FF|  DB 43
------+------+----+----------------------------------
   234|      |    |AND A, 1
      |      |    |  Z80:8cyc R800:2cyc
      |000101|0101|  E6 01
------+------+----+----------------------------------
   235|      |    |JP NZ, STATUS_CHECK_LOOP1
      |      |    |  Z80:11cyc R800:5cyc/3cyc
      |000103|0103|  C2 FF 00
------+------+----+----------------------------------
   236|      |    |LD A, FPGA_CONFIG_ROM_ACCESS_END
      |      |    |  Z80:8cyc R800:2cyc
      |000106|0106|  3E 07
------+------+----+----------------------------------
   237|      |    |OUT [ SROM_COMMAND ], A
      |      |    |  Z80:12cyc R800:10cyc/9cyc
      |000108|0108|  D3 42
------+------+----+----------------------------------
   239|      |    |INC H
      |      |    |  Z80:5cyc R800:1cyc
      |00010A|010A|  24
------+------+----+----------------------------------
   240|      |    |JR NZ, WRITE_LOOP
      |      |    |  Z80:13cyc/8cyc R800:3cyc/2cyc
      |00010B|010B|  20 C2
------+------+----+----------------------------------
   243|      |    |LD DE, S_VERIFY_PROCESS
      |      |    |  Z80:11cyc R800:3cyc
      |00010D|010D|  11 81 02
------+------+----+----------------------------------
   244|      |    |CALL PUTS
      |      |    |  Z80:18cyc R800:5cyc
      |000110|0110|  CD CA 01
------+------+----+----------------------------------
   246|      |    |LD HL, 0x0000
      |      |    |  Z80:11cyc R800:3cyc
      |000113|0113|  21 00 00
------+------+----+----------------------------------
   247|      |    |LD C, SROM_DATA
      |      |    |  Z80:8cyc R800:2cyc
      |000116|0116|  0E 43
------+------+----+----------------------------------
   248|      |    |VERIFY_LOOP :
      |      |    |  label [SERIAL_ROM_TEST:VERIFY_LOOP] address: 0x000118
------+------+----+----------------------------------
   249|      |    |LD DE, S_VERIFY_BLOCK
      |      |    |  Z80:11cyc R800:3cyc
      |000118|0118|  11 8B 02
------+------+----+----------------------------------
   250|      |    |CALL PUTS
      |      |    |  Z80:18cyc R800:5cyc
      |00011B|011B|  CD CA 01
------+------+----+----------------------------------
   251|      |    |EXX
      |      |    |  Z80:5cyc R800:1cyc
[	EXX] Z80:5cyc, R800:1cyc
      |00011E|011E|  D9
------+------+----+----------------------------------
   252|      |    |LD A, E
      |      |    |  Z80:5cyc R800:2cyc
      |00011F|011F|  7B
------+------+----+----------------------------------
   253|      |    |EXX
      |      |    |  Z80:5cyc R800:1cyc
[	EXX] Z80:5cyc, R800:1cyc
      |000120|0120|  D9
------+------+----+----------------------------------
   254|      |    |CALL PUT_HEX8
      |      |    |  Z80:18cyc R800:5cyc
      |000121|0121|  CD D7 01
------+------+----+----------------------------------
   255|      |    |CALL PUT_HEX
      |      |    |  Z80:18cyc R800:5cyc
      |000124|0124|  CD D2 01
------+------+----+----------------------------------
   256|      |    |EXX
      |      |    |  Z80:5cyc R800:1cyc
[	EXX] Z80:5cyc, R800:1cyc
      |000127|0127|  D9
------+------+----+----------------------------------
   257|      |    |PUSH DE
      |      |    |  Z80:12cyc R800:6cyc
      |000128|0128|  D5
------+------+----+----------------------------------
   258|      |    |EXX
      |      |    |  Z80:5cyc R800:1cyc
[	EXX] Z80:5cyc, R800:1cyc
      |000129|0129|  D9
------+------+----+----------------------------------
   259|      |    |POP DE
      |      |    |  Z80:11cyc R800:5cyc
      |00012A|012A|  D1
------+------+----+----------------------------------
   260|      |    |CALL SET_SERIAL_ROM_ADDRESS
      |      |    |  Z80:18cyc R800:5cyc
      |00012B|012B|  CD 57 01
------+------+----+----------------------------------
   261|      |    |LD A, FPGA_CONFIG_ROM_BURST_READ
      |      |    |  Z80:8cyc R800:2cyc
      |00012E|012E|  3E 02
------+------+----+----------------------------------
   262|      |    |OUT [ SROM_COMMAND ], A
      |      |    |  Z80:12cyc R800:10cyc/9cyc
      |000130|0130|  D3 42
------+------+----+----------------------------------
   263|      |    |BYTE_VERIFY_LOOP :
      |      |    |  label [SERIAL_ROM_TEST:BYTE_VERIFY_LOOP] address: 0x000132
------+------+----+----------------------------------
   264|      |    |IN A, [ C ]
      |      |    |  Z80:14cyc R800:10cyc/9cyc
      |000132|0132|  ED 78
------+------+----+----------------------------------
   265|      |    |CP L
      |      |    |  Z80:5cyc R800:1cyc
      |000134|0134|  BD
------+------+----+----------------------------------
   266|      |    |JR NZ, VERIFY_FAIL
      |      |    |  Z80:13cyc/8cyc R800:3cyc/2cyc
      |000135|0135|  20 13
------+------+----+----------------------------------
   267|      |    |INC L
      |      |    |  Z80:5cyc R800:1cyc
      |000137|0137|  2C
------+------+----+----------------------------------
   268|      |    |JR NZ, BYTE_VERIFY_LOOP
      |      |    |  Z80:13cyc/8cyc R800:3cyc/2cyc
      |000138|0138|  20 F8
------+------+----+----------------------------------
   270|      |    |LD A, FPGA_CONFIG_ROM_ACCESS_END
      |      |    |  Z80:8cyc R800:2cyc
      |00013A|013A|  3E 07
------+------+----+----------------------------------
   271|      |    |OUT [ SROM_COMMAND ], A
      |      |    |  Z80:12cyc R800:10cyc/9cyc
      |00013C|013C|  D3 42
------+------+----+----------------------------------
   272|      |    |LD DE, S_OK
      |      |    |  Z80:11cyc R800:3cyc
      |00013E|013E|  11 99 02
------+------+----+----------------------------------
   273|      |    |CALL PUTS
      |      |    |  Z80:18cyc R800:5cyc
      |000141|0141|  CD CA 01
------+------+----+----------------------------------
   274|      |    |INC H
      |      |    |  Z80:5cyc R800:1cyc
      |000144|0144|  24
------+------+----+----------------------------------
   275|      |    |JR NZ, VERIFY_LOOP
      |      |    |  Z80:13cyc/8cyc R800:3cyc/2cyc
      |000145|0145|  20 D1
------+------+----+----------------------------------
   276|      |    |JP FINISH
      |      |    |  Z80:11cyc R800:5cyc
      |000147|0147|  C3 50 01
------+------+----+----------------------------------
   277|      |    |VERIFY_FAIL :
      |      |    |  label [SERIAL_ROM_TEST:VERIFY_FAIL] address: 0x00014a
------+------+----+----------------------------------
   278|      |    |LD DE, S_FAIL
      |      |    |  Z80:11cyc R800:3cyc
      |00014A|014A|  11 9F 02
------+------+----+----------------------------------
   279|      |    |CALL PUTS
      |      |    |  Z80:18cyc R800:5cyc
      |00014D|014D|  CD CA 01
------+------+----+----------------------------------
   280|      |    |FINISH :
      |      |    |  label [SERIAL_ROM_TEST:FINISH] address: 0x000150
------+------+----+----------------------------------
   281|      |    |LD DE, S_FINISH
      |      |    |  Z80:11cyc R800:3cyc
      |000150|0150|  11 A5 02
------+------+----+----------------------------------
   282|      |    |CALL PUTS
      |      |    |  Z80:18cyc R800:5cyc
      |000153|0153|  CD CA 01
------+------+----+----------------------------------
   283|      |    |RET
      |      |    |  Z80:11cyc R800:5cyc
      |000156|0156|  C9
------+------+----+----------------------------------
   284|      |    |ENDSCOPE
      |      |    |  Exit scope: SERIAL_ROM_TEST:
------+------+----+----------------------------------
   289|      |    |SCOPE SET_SERIAL_ROM_ADDRESS
      |      |    |  Enter scope: SET_SERIAL_ROM_ADDRESS:
------+------+----+----------------------------------
   290|      |    |SET_SERIAL_ROM_ADDRESS ::
      |      |    |  global label [SET_SERIAL_ROM_ADDRESS] address: 0x000157
------+------+----+----------------------------------
   291|      |    |LD A, FPGA_CONFIG_ROM_SET_ADDRESS
      |      |    |  Z80:8cyc R800:2cyc
      |000157|0157|  3E 00
------+------+----+----------------------------------
   292|      |    |OUT [ SROM_COMMAND ], A
      |      |    |  Z80:12cyc R800:10cyc/9cyc
      |000159|0159|  D3 42
------+------+----+----------------------------------
   293|      |    |LD A, L
      |      |    |  Z80:5cyc R800:2cyc
      |00015B|015B|  7D
------+------+----+----------------------------------
   294|      |    |OUT [ SROM_DATA ], A
      |      |    |  Z80:12cyc R800:10cyc/9cyc
      |00015C|015C|  D3 43
------+------+----+----------------------------------
   295|      |    |LD A, H
      |      |    |  Z80:5cyc R800:2cyc
      |00015E|015E|  7C
------+------+----+----------------------------------
   296|      |    |OUT [ SROM_DATA ], A
      |      |    |  Z80:12cyc R800:10cyc/9cyc
      |00015F|015F|  D3 43
------+------+----+----------------------------------
   297|      |    |LD A, E
      |      |    |  Z80:5cyc R800:2cyc
      |000161|0161|  7B
------+------+----+----------------------------------
   298|      |    |OUT [ SROM_DATA ], A
      |      |    |  Z80:12cyc R800:10cyc/9cyc
      |000162|0162|  D3 43
------+------+----+----------------------------------
   299|      |    |RET
      |      |    |  Z80:11cyc R800:5cyc
      |000164|0164|  C9
------+------+----+----------------------------------
   300|      |    |ENDSCOPE
      |      |    |  Exit scope: SET_SERIAL_ROM_ADDRESS:
------+------+----+----------------------------------
   305|      |    |SCOPE SET_SERIAL_ROM_WRITE_ENABLE
      |      |    |  Enter scope: SET_SERIAL_ROM_WRITE_ENABLE:
------+------+----+----------------------------------
   306|      |    |SET_SERIAL_ROM_WRITE_ENABLE ::
      |      |    |  global label [SET_SERIAL_ROM_WRITE_ENABLE] address: 0x000165
------+------+----+----------------------------------
   307|      |    |LD DE, S_SET_WRITE_ENABLE
      |      |    |  Z80:11cyc R800:3cyc
      |000165|0165|  11 5A 02
------+------+----+----------------------------------
   308|      |    |CALL PUTS
      |      |    |  Z80:18cyc R800:5cyc
      |000168|0168|  CD CA 01
------+------+----+----------------------------------
   309|      |    |LD A, FPGA_CONFIG_ROM_WRITE_ENABLE
      |      |    |  Z80:8cyc R800:2cyc
      |00016B|016B|  3E 08
------+------+----+----------------------------------
   310|      |    |OUT [ SROM_COMMAND ], A
      |      |    |  Z80:12cyc R800:10cyc/9cyc
      |00016D|016D|  D3 42
------+------+----+----------------------------------
   312|      |    |LD A, FPGA_CONFIG_ROM_READ_STATUS
      |      |    |  Z80:8cyc R800:2cyc
      |00016F|016F|  3E 05
------+------+----+----------------------------------
   313|      |    |OUT [ SROM_COMMAND ], A
      |      |    |  Z80:12cyc R800:10cyc/9cyc
      |000171|0171|  D3 42
------+------+----+----------------------------------
   314|      |    |WAIT_WRITE_ENABLE :
      |      |    |  label [SET_SERIAL_ROM_WRITE_ENABLE:WAIT_WRITE_ENABLE] address: 0x000173
------+------+----+----------------------------------
   315|      |    |IN A, [ SROM_DATA ]
      |      |    |  Z80:12cyc R800:10cyc/9cyc
      |000173|0173|  DB 43
------+------+----+----------------------------------
   316|      |    |AND A, 2
      |      |    |  Z80:8cyc R800:2cyc
      |000175|0175|  E6 02
------+------+----+----------------------------------
   317|      |    |JR Z, WAIT_WRITE_ENABLE
      |      |    |  Z80:13cyc/8cyc R800:3cyc/2cyc
      |000177|0177|  28 FA
------+------+----+----------------------------------
   318|      |    |LD A, FPGA_CONFIG_ROM_ACCESS_END
      |      |    |  Z80:8cyc R800:2cyc
      |000179|0179|  3E 07
------+------+----+----------------------------------
   319|      |    |OUT [ SROM_COMMAND ], A
      |      |    |  Z80:12cyc R800:10cyc/9cyc
      |00017B|017B|  D3 42
------+------+----+----------------------------------
   320|      |    |RET
      |      |    |  Z80:11cyc R800:5cyc
      |00017D|017D|  C9
------+------+----+----------------------------------
   321|      |    |ENDSCOPE
      |      |    |  Exit scope: SET_SERIAL_ROM_WRITE_ENABLE:
------+------+----+----------------------------------
   326|      |    |SCOPE SERIAL_ROM_BLOCK_ERASE
      |      |    |  Enter scope: SERIAL_ROM_BLOCK_ERASE:
------+------+----+----------------------------------
   327|      |    |SERIAL_ROM_BLOCK_ERASE ::
      |      |    |  global label [SERIAL_ROM_BLOCK_ERASE] address: 0x00017e
------+------+----+----------------------------------
   329|      |    |EXX
      |      |    |  Z80:5cyc R800:1cyc
[	EXX] Z80:5cyc, R800:1cyc
      |00017E|017E|  D9
------+------+----+----------------------------------
   330|      |    |PUSH DE
      |      |    |  Z80:12cyc R800:6cyc
      |00017F|017F|  D5
------+------+----+----------------------------------
   331|      |    |EXX
      |      |    |  Z80:5cyc R800:1cyc
[	EXX] Z80:5cyc, R800:1cyc
      |000180|0180|  D9
------+------+----+----------------------------------
   332|      |    |POP DE
      |      |    |  Z80:11cyc R800:5cyc
      |000181|0181|  D1
------+------+----+----------------------------------
   333|      |    |CALL SET_SERIAL_ROM_ADDRESS
      |      |    |  Z80:18cyc R800:5cyc
      |000182|0182|  CD 57 01
------+------+----+----------------------------------
   335|      |    |CALL SET_SERIAL_ROM_WRITE_ENABLE
      |      |    |  Z80:18cyc R800:5cyc
      |000185|0185|  CD 65 01
------+------+----+----------------------------------
   337|      |    |LD A, FPGA_CONFIG_ROM_BLOCK_ERASE
      |      |    |  Z80:8cyc R800:2cyc
      |000188|0188|  3E 09
------+------+----+----------------------------------
   338|      |    |OUT [ SROM_COMMAND ], A
      |      |    |  Z80:12cyc R800:10cyc/9cyc
      |00018A|018A|  D3 42
------+------+----+----------------------------------
   340|      |    |LD A, FPGA_CONFIG_ROM_READ_STATUS
      |      |    |  Z80:8cyc R800:2cyc
      |00018C|018C|  3E 05
------+------+----+----------------------------------
   341|      |    |OUT [ SROM_COMMAND ], A
      |      |    |  Z80:12cyc R800:10cyc/9cyc
      |00018E|018E|  D3 42
------+------+----+----------------------------------
   342|      |    |WAIT_ERASE :
      |      |    |  label [SERIAL_ROM_BLOCK_ERASE:WAIT_ERASE] address: 0x000190
------+------+----+----------------------------------
   343|      |    |IN A, [ SROM_DATA ]
      |      |    |  Z80:12cyc R800:10cyc/9cyc
      |000190|0190|  DB 43
------+------+----+----------------------------------
   344|      |    |AND A, 1
      |      |    |  Z80:8cyc R800:2cyc
      |000192|0192|  E6 01
------+------+----+----------------------------------
   345|      |    |JR NZ, WAIT_ERASE
      |      |    |  Z80:13cyc/8cyc R800:3cyc/2cyc
      |000194|0194|  20 FA
------+------+----+----------------------------------
   346|      |    |LD A, FPGA_CONFIG_ROM_ACCESS_END
      |      |    |  Z80:8cyc R800:2cyc
      |000196|0196|  3E 07
------+------+----+----------------------------------
   347|      |    |OUT [ SROM_COMMAND ], A
      |      |    |  Z80:12cyc R800:10cyc/9cyc
      |000198|0198|  D3 42
------+------+----+----------------------------------
   349|      |    |PUSH HL
      |      |    |  Z80:12cyc R800:6cyc
      |00019A|019A|  E5
------+------+----+----------------------------------
   350|      |    |LD DE, S_BLOCK_ERASE_DONE
      |      |    |  Z80:11cyc R800:3cyc
      |00019B|019B|  11 50 02
------+------+----+----------------------------------
   351|      |    |CALL PUTS
      |      |    |  Z80:18cyc R800:5cyc
      |00019E|019E|  CD CA 01
------+------+----+----------------------------------
   352|      |    |EXX
      |      |    |  Z80:5cyc R800:1cyc
[	EXX] Z80:5cyc, R800:1cyc
      |0001A1|01A1|  D9
------+------+----+----------------------------------
   353|      |    |LD A, E
      |      |    |  Z80:5cyc R800:2cyc
      |0001A2|01A2|  7B
------+------+----+----------------------------------
   354|      |    |EXX
      |      |    |  Z80:5cyc R800:1cyc
[	EXX] Z80:5cyc, R800:1cyc
      |0001A3|01A3|  D9
------+------+----+----------------------------------
   355|      |    |CALL PUT_HEX8
      |      |    |  Z80:18cyc R800:5cyc
      |0001A4|01A4|  CD D7 01
------+------+----+----------------------------------
   356|      |    |CALL PUT_HEX
      |      |    |  Z80:18cyc R800:5cyc
      |0001A7|01A7|  CD D2 01
------+------+----+----------------------------------
   357|      |    |LD DE, CRLF
      |      |    |  Z80:11cyc R800:3cyc
      |0001AA|01AA|  11 96 02
------+------+----+----------------------------------
   358|      |    |CALL PUTS
      |      |    |  Z80:18cyc R800:5cyc
      |0001AD|01AD|  CD CA 01
------+------+----+----------------------------------
   359|      |    |POP HL
      |      |    |  Z80:11cyc R800:5cyc
      |0001B0|01B0|  E1
------+------+----+----------------------------------
   361|      |    |INC HL
      |      |    |  Z80:7cyc R800:1cyc
      |0001B1|01B1|  23
------+------+----+----------------------------------
   362|      |    |EXX
      |      |    |  Z80:5cyc R800:1cyc
[	EXX] Z80:5cyc, R800:1cyc
      |0001B2|01B2|  D9
------+------+----+----------------------------------
   363|      |    |PUSH DE
      |      |    |  Z80:12cyc R800:6cyc
      |0001B3|01B3|  D5
------+------+----+----------------------------------
   364|      |    |EXX
      |      |    |  Z80:5cyc R800:1cyc
[	EXX] Z80:5cyc, R800:1cyc
      |0001B4|01B4|  D9
------+------+----+----------------------------------
   365|      |    |POP DE
      |      |    |  Z80:11cyc R800:5cyc
      |0001B5|01B5|  D1
------+------+----+----------------------------------
   366|      |    |CALL SET_SERIAL_ROM_ADDRESS
      |      |    |  Z80:18cyc R800:5cyc
      |0001B6|01B6|  CD 57 01
------+------+----+----------------------------------
   367|      |    |DEC HL
      |      |    |  Z80:7cyc R800:1cyc
      |0001B9|01B9|  2B
------+------+----+----------------------------------
   368|      |    |RET
      |      |    |  Z80:11cyc R800:5cyc
      |0001BA|01BA|  C9
------+------+----+----------------------------------
   369|      |    |ENDSCOPE
      |      |    |  Exit scope: SERIAL_ROM_BLOCK_ERASE:
------+------+----+----------------------------------
   374|      |    |CHANGE_CPU :
      |      |    |  label [CHANGE_CPU] address: 0x0001bb
------+------+----+----------------------------------
   375|      |    |LD A, 6
      |      |    |  Z80:8cyc R800:2cyc
      |0001BB|01BB|  3E 06
------+------+----+----------------------------------
   376|      |    |OUT [ S2026_REG_IDX ], A
      |      |    |  Z80:12cyc R800:10cyc/9cyc
      |0001BD|01BD|  D3 E4
------+------+----+----------------------------------
   377|      |    |IN A, [ S2026_REG_VAL ]
      |      |    |  Z80:12cyc R800:10cyc/9cyc
      |0001BF|01BF|  DB E5
------+------+----+----------------------------------
   378|      |    |XOR A, 0b0010_0000
      |      |    |  Z80:8cyc R800:2cyc
      |0001C1|01C1|  EE 20
------+------+----+----------------------------------
   379|      |    |OUT [ S2026_REG_VAL ], A
      |      |    |  Z80:12cyc R800:10cyc/9cyc
      |0001C3|01C3|  D3 E5
------+------+----+----------------------------------
   380|      |    |NOP
      |      |    |  Z80:5cyc R800:1cyc
      |0001C5|01C5|  00
------+------+----+----------------------------------
   381|      |    |NOP
      |      |    |  Z80:5cyc R800:1cyc
      |0001C6|01C6|  00
------+------+----+----------------------------------
   382|      |    |JP WAIT_PRESS_BUTTON
      |      |    |  Z80:11cyc R800:5cyc
      |0001C7|01C7|  C3 04 00
------+------+----+----------------------------------
   391|      |    |SCOPE PUTS
      |      |    |  Enter scope: PUTS:
------+------+----+----------------------------------
   392|      |    |PUTS ::
      |      |    |  global label [PUTS] address: 0x0001ca
------+------+----+----------------------------------
   393|      |    |LD A, [ DE ]
      |      |    |  Z80:8cyc R800:4cyc
      |0001CA|01CA|  1A
------+------+----+----------------------------------
   394|      |    |INC DE
      |      |    |  Z80:7cyc R800:1cyc
      |0001CB|01CB|  13
------+------+----+----------------------------------
   395|      |    |OR A, A
      |      |    |  Z80:5cyc R800:1cyc
      |0001CC|01CC|  B7
------+------+----+----------------------------------
   396|      |    |RET Z
      |      |    |  Z80:12cyc/6cyc R800:5cyc/1cyc
      |0001CD|01CD|  C8
------+------+----+----------------------------------
   397|      |    |OUT [ UART ], A
      |      |    |  Z80:12cyc R800:10cyc/9cyc
      |0001CE|01CE|  D3 10
------+------+----+----------------------------------
   398|      |    |JR PUTS
      |      |    |  Z80:13cyc R800:3cyc
      |0001D0|01D0|  18 F8
------+------+----+----------------------------------
   399|      |    |ENDSCOPE
      |      |    |  Exit scope: PUTS:
------+------+----+----------------------------------
   407|      |    |SCOPE PUT_HEX
      |      |    |  Enter scope: PUT_HEX:
------+------+----+----------------------------------
   408|      |    |PUT_HEX ::
      |      |    |  global label [PUT_HEX] address: 0x0001d2
------+------+----+----------------------------------
   409|      |    |LD A, H
      |      |    |  Z80:5cyc R800:2cyc
      |0001D2|01D2|  7C
------+------+----+----------------------------------
   410|      |    |CALL PUT_HEX8
      |      |    |  Z80:18cyc R800:5cyc
      |0001D3|01D3|  CD D7 01
------+------+----+----------------------------------
   411|      |    |LD A, L
      |      |    |  Z80:5cyc R800:2cyc
      |0001D6|01D6|  7D
------+------+----+----------------------------------
   412|      |    |ENDSCOPE
      |      |    |  Exit scope: PUT_HEX:
------+------+----+----------------------------------
   420|      |    |SCOPE PUT_HEX8
      |      |    |  Enter scope: PUT_HEX8:
------+------+----+----------------------------------
   421|      |    |PUT_HEX8 ::
      |      |    |  global label [PUT_HEX8] address: 0x0001d7
------+------+----+----------------------------------
   422|      |    |PUSH AF
      |      |    |  Z80:12cyc R800:6cyc
      |0001D7|01D7|  F5
------+------+----+----------------------------------
   423|      |    |RRCA
      |      |    |  Z80:5cyc R800:1cyc
      |0001D8|01D8|  0F
------+------+----+----------------------------------
   424|      |    |RRCA
      |      |    |  Z80:5cyc R800:1cyc
      |0001D9|01D9|  0F
------+------+----+----------------------------------
   425|      |    |RRCA
      |      |    |  Z80:5cyc R800:1cyc
      |0001DA|01DA|  0F
------+------+----+----------------------------------
   426|      |    |RRCA
      |      |    |  Z80:5cyc R800:1cyc
      |0001DB|01DB|  0F
------+------+----+----------------------------------
   427|      |    |CALL PUT_HEX8_SUB
      |      |    |  Z80:18cyc R800:5cyc
      |0001DC|01DC|  CD E0 01
------+------+----+----------------------------------
   428|      |    |POP AF
      |      |    |  Z80:11cyc R800:5cyc
      |0001DF|01DF|  F1
------+------+----+----------------------------------
   429|      |    |PUT_HEX8_SUB :
      |      |    |  label [PUT_HEX8:PUT_HEX8_SUB] address: 0x0001e0
------+------+----+----------------------------------
   430|      |    |AND A, 0x0F
      |      |    |  Z80:8cyc R800:2cyc
      |0001E0|01E0|  E6 0F
------+------+----+----------------------------------
   431|      |    |ADD A, '0'
      |      |    |  Z80:8cyc R800:2cyc
      |0001E2|01E2|  C6 30
------+------+----+----------------------------------
   432|      |    |CP A, '9' + 1
      |      |    |  Z80:8cyc R800:2cyc
      |0001E4|01E4|  FE 3A
------+------+----+----------------------------------
   433|      |    |JR C, SKIP1
      |      |    |  Z80:13cyc/8cyc R800:3cyc/2cyc
      |0001E6|01E6|  38 02
------+------+----+----------------------------------
   434|      |    |ADD A, 'A' - '0' - 10
      |      |    |  Z80:8cyc R800:2cyc
      |0001E8|01E8|  C6 07
------+------+----+----------------------------------
   435|      |    |SKIP1 :
      |      |    |  label [PUT_HEX8:SKIP1] address: 0x0001ea
------+------+----+----------------------------------
   436|      |    |OUT [ UART ], A
      |      |    |  Z80:12cyc R800:10cyc/9cyc
      |0001EA|01EA|  D3 10
------+------+----+----------------------------------
   437|      |    |RET
      |      |    |  Z80:11cyc R800:5cyc
      |0001EC|01EC|  C9
------+------+----+----------------------------------
   438|      |    |ENDSCOPE
      |      |    |  Exit scope: PUT_HEX8:
------+------+----+----------------------------------
   443|      |    |S_Z80_MESSAGE :
      |      |    |  label [S_Z80_MESSAGE] address: 0x0001ed
------+------+----+----------------------------------
   444|      |    |DB "[Z80]", 0x0D, 0x0A, 0
      |0001ED|01ED|  5B 5A 38 30 5D 0D 0A 00
------+------+----+----------------------------------
   445|      |    |S_R800_MESSAGE :
      |      |    |  label [S_R800_MESSAGE] address: 0x0001f5
------+------+----+----------------------------------
   446|      |    |DB "[R800]", 0x0D, 0x0A, 0
      |0001F5|01F5|  5B 52 38 30 30 5D 0D 0A
      |0001FD|01FD|  00
------+------+----+----------------------------------
   447|      |    |S_CONFIG_ROM :
      |      |    |  label [S_CONFIG_ROM] address: 0x0001fe
------+------+----+----------------------------------
   448|      |    |DB "ConfigROM (CPU Side)", 0x0D, 0x0A, 0
      |0001FE|01FE|  43 6F 6E 66 69 67 52 4F
      |000206|0206|  4D 20 28 43 50 55 20 53
      |00020E|020E|  69 64 65 29 0D 0A 00
------+------+----+----------------------------------
   449|      |    |S_SERIAL_ROM0 :
      |      |    |  label [S_SERIAL_ROM0] address: 0x000215
------+------+----+----------------------------------
   450|      |    |DB "SerialROM0 (BIOS)", 0x0D, 0x0A, 0
      |000215|0215|  53 65 72 69 61 6C 52 4F
      |00021D|021D|  4D 30 20 28 42 49 4F 53
      |000225|0225|  29 0D 0A 00
------+------+----+----------------------------------
   451|      |    |S_SERIAL_ROM1 :
      |      |    |  label [S_SERIAL_ROM1] address: 0x000229
------+------+----+----------------------------------
   452|      |    |DB "SerialROM1 (ExtROM)", 0x0D, 0x0A, 0
      |000229|0229|  53 65 72 69 61 6C 52 4F
      |000231|0231|  4D 31 20 28 45 78 74 52
      |000239|0239|  4F 4D 29 0D 0A 00
------+------+----+----------------------------------
   453|      |    |S_DUMP_PROCESS :
      |      |    |  label [S_DUMP_PROCESS] address: 0x00023f
------+------+----+----------------------------------
   454|      |    |DB "Dump:", 0x0D, 0x0A, 0
      |00023F|023F|  44 75 6D 70 3A 0D 0A 00
------+------+----+----------------------------------
   455|      |    |S_ERASE_PROCESS :
      |      |    |  label [S_ERASE_PROCESS] address: 0x000247
------+------+----+----------------------------------
   456|      |    |DB "Erase:", 0x0D, 0x0A, 0
      |000247|0247|  45 72 61 73 65 3A 0D 0A
      |00024F|024F|  00
------+------+----+----------------------------------
   457|      |    |S_BLOCK_ERASE_DONE :
      |      |    |  label [S_BLOCK_ERASE_DONE] address: 0x000250
------+------+----+----------------------------------
   458|      |    |DB "-Erase 0x", 0
      |000250|0250|  2D 45 72 61 73 65 20 30
      |000258|0258|  78 00
------+------+----+----------------------------------
   459|      |    |S_SET_WRITE_ENABLE :
      |      |    |  label [S_SET_WRITE_ENABLE] address: 0x00025a
------+------+----+----------------------------------
   460|      |    |DB "Set Write Enable:", 0x0D, 0x0A, 0
      |00025A|025A|  53 65 74 20 57 72 69 74
      |000262|0262|  65 20 45 6E 61 62 6C 65
      |00026A|026A|  3A 0D 0A 00
------+------+----+----------------------------------
   461|      |    |S_WRITE_PROCESS :
      |      |    |  label [S_WRITE_PROCESS] address: 0x00026e
------+------+----+----------------------------------
   462|      |    |DB "Write:", 0x0D, 0x0A, 0
      |00026E|026E|  57 72 69 74 65 3A 0D 0A
      |000276|0276|  00
------+------+----+----------------------------------
   463|      |    |S_WRITE_BLOCK :
      |      |    |  label [S_WRITE_BLOCK] address: 0x000277
------+------+----+----------------------------------
   464|      |    |DB "-Write 0x", 0
      |000277|0277|  2D 57 72 69 74 65 20 30
      |00027F|027F|  78 00
------+------+----+----------------------------------
   465|      |    |S_VERIFY_PROCESS :
      |      |    |  label [S_VERIFY_PROCESS] address: 0x000281
------+------+----+----------------------------------
   466|      |    |DB "Verify:", 0x0D, 0x0A, 0
      |000281|0281|  56 65 72 69 66 79 3A 0D
      |000289|0289|  0A 00
------+------+----+----------------------------------
   467|      |    |S_VERIFY_BLOCK :
      |      |    |  label [S_VERIFY_BLOCK] address: 0x00028b
------+------+----+----------------------------------
   468|      |    |DB "-Verify 0x", 0
      |00028B|028B|  2D 56 65 72 69 66 79 20
      |000293|0293|  30 78 00
------+------+----+----------------------------------
   469|      |    |CRLF :
      |      |    |  label [CRLF] address: 0x000296
------+------+----+----------------------------------
   470|      |    |DB 0x0D, 0x0A, 0
      |000296|0296|  0D 0A 00
------+------+----+----------------------------------
   471|      |    |S_OK :
      |      |    |  label [S_OK] address: 0x000299
------+------+----+----------------------------------
   472|      |    |DB "-OK", 0x0D, 0x0A, 0
      |000299|0299|  2D 4F 4B 0D 0A 00
------+------+----+----------------------------------
   473|      |    |S_FAIL :
      |      |    |  label [S_FAIL] address: 0x00029f
------+------+----+----------------------------------
   474|      |    |DB "-NG", 0x0D, 0x0A, 0
      |00029F|029F|  2D 4E 47 0D 0A 00
------+------+----+----------------------------------
   475|      |    |S_FINISH :
      |      |    |  label [S_FINISH] address: 0x0002a5
------+------+----+----------------------------------
   476|      |    |DB "Finish!", 0x0D, 0x0A, 0x0D, 0x0A, 0
      |0002A5|02A5|  46 69 6E 69 73 68 21 0D
      |0002AD|02AD|  0A 0D 0A 00
------+------+----+----------------------------------
<< label >>
BUTTON .......................................... 16 ( 0x10 )
CHANGE_CPU ...................................... 443 ( 0x1bb )
CRLF ............................................ 662 ( 0x296 )
DEVICE_CONFIG_ROM_CPU ........................... 2 ( 0x2 )
DEVICE_CONFIG_ROM_VDP ........................... 1 ( 0x1 )
DEVICE_SERIAL_ROM ............................... 3 ( 0x3 )
EXTIO_DEVICE .................................... 65 ( 0x41 )
EXTIO_MANUFACTURE ............................... 64 ( 0x40 )
FPGA_CONFIG_ROM_ACCESS_END ...................... 7 ( 0x7 )
FPGA_CONFIG_ROM_BLOCK_ERASE ..................... 9 ( 0x9 )
FPGA_CONFIG_ROM_BURST_READ ...................... 2 ( 0x2 )
FPGA_CONFIG_ROM_BURST_WRITE ..................... 3 ( 0x3 )
FPGA_CONFIG_ROM_CHIP_ERASE ...................... 4 ( 0x4 )
FPGA_CONFIG_ROM_READ_STATUS ..................... 5 ( 0x5 )
FPGA_CONFIG_ROM_READ_STATUS2 .................... 10 ( 0xa )
FPGA_CONFIG_ROM_SELECT_SROM ..................... 6 ( 0x6 )
FPGA_CONFIG_ROM_SET_ADDRESS ..................... 0 ( 0x0 )
FPGA_CONFIG_ROM_SINGLE_READ ..................... 1 ( 0x1 )
FPGA_CONFIG_ROM_WRITE_ENABLE .................... 8 ( 0x8 )
MANUFACTURE_ID .................................. 64 ( 0x40 )
PUTS ............................................ 458 ( 0x1ca )
PUT_HEX ......................................... 466 ( 0x1d2 )
PUT_HEX8 ........................................ 471 ( 0x1d7 )
PUT_HEX8:PUT_HEX8_SUB ........................... 480 ( 0x1e0 )
PUT_HEX8:SKIP1 .................................. 490 ( 0x1ea )
R800_MESSAGE .................................... 31 ( 0x1f )
S2026_FR_TIMER_H ................................ 231 ( 0xe7 )
S2026_FR_TIMER_L ................................ 230 ( 0xe6 )
S2026_REG_IDX ................................... 228 ( 0xe4 )
S2026_REG_VAL ................................... 229 ( 0xe5 )
SERIAL_ROM_BLOCK_ERASE .......................... 382 ( 0x17e )
SERIAL_ROM_BLOCK_ERASE:WAIT_ERASE ............... 400 ( 0x190 )
SERIAL_ROM_TEST ................................. 116 ( 0x74 )
SERIAL_ROM_TEST:BYTE_VERIFY_LOOP ................ 306 ( 0x132 )
SERIAL_ROM_TEST:BYTE_WRITE_LOOP ................. 236 ( 0xec )
SERIAL_ROM_TEST:DUMP_LOOP ....................... 132 ( 0x84 )
SERIAL_ROM_TEST:ERASE_CHECK_LOOP ................ 181 ( 0xb5 )
SERIAL_ROM_TEST:FINISH .......................... 336 ( 0x150 )
SERIAL_ROM_TEST:STATUS_CHECK_LOOP1 .............. 255 ( 0xff )
SERIAL_ROM_TEST:VERIFY_FAIL ..................... 330 ( 0x14a )
SERIAL_ROM_TEST:VERIFY_LOOP ..................... 280 ( 0x118 )
SERIAL_ROM_TEST:WRITE_LOOP ...................... 207 ( 0xcf )
SET_SERIAL_ROM_ADDRESS .......................... 343 ( 0x157 )
SET_SERIAL_ROM_WRITE_ENABLE ..................... 357 ( 0x165 )
SET_SERIAL_ROM_WRITE_ENABLE:WAIT_WRITE_ENABLE ... 371 ( 0x173 )
SKIP ............................................ 34 ( 0x22 )
SROM_COMMAND .................................... 66 ( 0x42 )
SROM_DATA ....................................... 67 ( 0x43 )
S_BLOCK_ERASE_DONE .............................. 592 ( 0x250 )
S_CONFIG_ROM .................................... 510 ( 0x1fe )
S_DUMP_PROCESS .................................. 575 ( 0x23f )
S_ERASE_PROCESS ................................. 583 ( 0x247 )
S_FAIL .......................................... 671 ( 0x29f )
S_FINISH ........................................ 677 ( 0x2a5 )
S_OK ............................................ 665 ( 0x299 )
S_R800_MESSAGE .................................. 501 ( 0x1f5 )
S_SERIAL_ROM0 ................................... 533 ( 0x215 )
S_SERIAL_ROM1 ................................... 553 ( 0x229 )
S_SET_WRITE_ENABLE .............................. 602 ( 0x25a )
S_VERIFY_BLOCK .................................. 651 ( 0x28b )
S_VERIFY_PROCESS ................................ 641 ( 0x281 )
S_WRITE_BLOCK ................................... 631 ( 0x277 )
S_WRITE_PROCESS ................................. 622 ( 0x26e )
S_Z80_MESSAGE ................................... 493 ( 0x1ed )
UART ............................................ 16 ( 0x10 )
WAIT_PRESS_BUTTON ............................... 4 ( 0x4 )
WAIT_RELEASE_BUTTON ............................. 10 ( 0xa )
