Archive member included to satisfy reference by file (symbol)

C:/ST/STM32CubeIDE_2.1.1/STM32CubeIDE/plugins/com.st.stm32cube.ide.mcu.externaltools.gnu-tools-for-stm32.14.3.rel1.win32_1.0.100.202602081740/tools/bin/../lib/gcc/arm-none-eabi/14.3.1/../../../../arm-none-eabi/lib/thumb/v6-m/nofp\libc_nano.a(libc_a-exit.o)
                              C:/ST/STM32CubeIDE_2.1.1/STM32CubeIDE/plugins/com.st.stm32cube.ide.mcu.externaltools.gnu-tools-for-stm32.14.3.rel1.win32_1.0.100.202602081740/tools/bin/../lib/gcc/arm-none-eabi/14.3.1/../../../../arm-none-eabi/lib/thumb/v6-m/nofp/crt0.o (exit)
C:/ST/STM32CubeIDE_2.1.1/STM32CubeIDE/plugins/com.st.stm32cube.ide.mcu.externaltools.gnu-tools-for-stm32.14.3.rel1.win32_1.0.100.202602081740/tools/bin/../lib/gcc/arm-none-eabi/14.3.1/../../../../arm-none-eabi/lib/thumb/v6-m/nofp\libc_nano.a(libc_a-findfp.o)
                              C:/ST/STM32CubeIDE_2.1.1/STM32CubeIDE/plugins/com.st.stm32cube.ide.mcu.externaltools.gnu-tools-for-stm32.14.3.rel1.win32_1.0.100.202602081740/tools/bin/../lib/gcc/arm-none-eabi/14.3.1/../../../../arm-none-eabi/lib/thumb/v6-m/nofp\libc_nano.a(libc_a-exit.o) (__stdio_exit_handler)
C:/ST/STM32CubeIDE_2.1.1/STM32CubeIDE/plugins/com.st.stm32cube.ide.mcu.externaltools.gnu-tools-for-stm32.14.3.rel1.win32_1.0.100.202602081740/tools/bin/../lib/gcc/arm-none-eabi/14.3.1/../../../../arm-none-eabi/lib/thumb/v6-m/nofp\libc_nano.a(libc_a-fwalk.o)
                              C:/ST/STM32CubeIDE_2.1.1/STM32CubeIDE/plugins/com.st.stm32cube.ide.mcu.externaltools.gnu-tools-for-stm32.14.3.rel1.win32_1.0.100.202602081740/tools/bin/../lib/gcc/arm-none-eabi/14.3.1/../../../../arm-none-eabi/lib/thumb/v6-m/nofp\libc_nano.a(libc_a-findfp.o) (_fwalk_sglue)
C:/ST/STM32CubeIDE_2.1.1/STM32CubeIDE/plugins/com.st.stm32cube.ide.mcu.externaltools.gnu-tools-for-stm32.14.3.rel1.win32_1.0.100.202602081740/tools/bin/../lib/gcc/arm-none-eabi/14.3.1/../../../../arm-none-eabi/lib/thumb/v6-m/nofp\libc_nano.a(libc_a-stdio.o)
                              C:/ST/STM32CubeIDE_2.1.1/STM32CubeIDE/plugins/com.st.stm32cube.ide.mcu.externaltools.gnu-tools-for-stm32.14.3.rel1.win32_1.0.100.202602081740/tools/bin/../lib/gcc/arm-none-eabi/14.3.1/../../../../arm-none-eabi/lib/thumb/v6-m/nofp\libc_nano.a(libc_a-findfp.o) (__sread)
C:/ST/STM32CubeIDE_2.1.1/STM32CubeIDE/plugins/com.st.stm32cube.ide.mcu.externaltools.gnu-tools-for-stm32.14.3.rel1.win32_1.0.100.202602081740/tools/bin/../lib/gcc/arm-none-eabi/14.3.1/../../../../arm-none-eabi/lib/thumb/v6-m/nofp\libc_nano.a(libc_a-memset.o)
                              C:/ST/STM32CubeIDE_2.1.1/STM32CubeIDE/plugins/com.st.stm32cube.ide.mcu.externaltools.gnu-tools-for-stm32.14.3.rel1.win32_1.0.100.202602081740/tools/bin/../lib/gcc/arm-none-eabi/14.3.1/../../../../arm-none-eabi/lib/thumb/v6-m/nofp/crt0.o (memset)
C:/ST/STM32CubeIDE_2.1.1/STM32CubeIDE/plugins/com.st.stm32cube.ide.mcu.externaltools.gnu-tools-for-stm32.14.3.rel1.win32_1.0.100.202602081740/tools/bin/../lib/gcc/arm-none-eabi/14.3.1/../../../../arm-none-eabi/lib/thumb/v6-m/nofp\libc_nano.a(libc_a-closer.o)
                              C:/ST/STM32CubeIDE_2.1.1/STM32CubeIDE/plugins/com.st.stm32cube.ide.mcu.externaltools.gnu-tools-for-stm32.14.3.rel1.win32_1.0.100.202602081740/tools/bin/../lib/gcc/arm-none-eabi/14.3.1/../../../../arm-none-eabi/lib/thumb/v6-m/nofp\libc_nano.a(libc_a-stdio.o) (_close_r)
C:/ST/STM32CubeIDE_2.1.1/STM32CubeIDE/plugins/com.st.stm32cube.ide.mcu.externaltools.gnu-tools-for-stm32.14.3.rel1.win32_1.0.100.202602081740/tools/bin/../lib/gcc/arm-none-eabi/14.3.1/../../../../arm-none-eabi/lib/thumb/v6-m/nofp\libc_nano.a(libc_a-reent.o)
                              C:/ST/STM32CubeIDE_2.1.1/STM32CubeIDE/plugins/com.st.stm32cube.ide.mcu.externaltools.gnu-tools-for-stm32.14.3.rel1.win32_1.0.100.202602081740/tools/bin/../lib/gcc/arm-none-eabi/14.3.1/../../../../arm-none-eabi/lib/thumb/v6-m/nofp\libc_nano.a(libc_a-closer.o) (errno)
C:/ST/STM32CubeIDE_2.1.1/STM32CubeIDE/plugins/com.st.stm32cube.ide.mcu.externaltools.gnu-tools-for-stm32.14.3.rel1.win32_1.0.100.202602081740/tools/bin/../lib/gcc/arm-none-eabi/14.3.1/../../../../arm-none-eabi/lib/thumb/v6-m/nofp\libc_nano.a(libc_a-impure.o)
                              C:/ST/STM32CubeIDE_2.1.1/STM32CubeIDE/plugins/com.st.stm32cube.ide.mcu.externaltools.gnu-tools-for-stm32.14.3.rel1.win32_1.0.100.202602081740/tools/bin/../lib/gcc/arm-none-eabi/14.3.1/../../../../arm-none-eabi/lib/thumb/v6-m/nofp\libc_nano.a(libc_a-reent.o) (_impure_ptr)
C:/ST/STM32CubeIDE_2.1.1/STM32CubeIDE/plugins/com.st.stm32cube.ide.mcu.externaltools.gnu-tools-for-stm32.14.3.rel1.win32_1.0.100.202602081740/tools/bin/../lib/gcc/arm-none-eabi/14.3.1/../../../../arm-none-eabi/lib/thumb/v6-m/nofp\libc_nano.a(libc_a-lseekr.o)
[...]
Memory Configuration

Name             Origin             Length             Attributes
RAM              0x20000000         0x00024000         xrw
FLASH            0x08000000         0x00080000         xr
*default*        0x00000000         0xffffffff

Linker script and memory map

LOAD C:/ST/STM32CubeIDE_2.1.1/STM32CubeIDE/plugins/com.st.stm32cube.ide.mcu.externaltools.gnu-tools-for-stm32.14.3.rel1.win32_1.0.100.202602081740/tools/bin/../lib/gcc/arm-none-eabi/14.3.1/thumb/v6-m/nofp/crti.o
LOAD C:/ST/STM32CubeIDE_2.1.1/STM32CubeIDE/plugins/com.st.stm32cube.ide.mcu.externaltools.gnu-tools-for-stm32.14.3.rel1.win32_1.0.100.202602081740/tools/bin/../lib/gcc/arm-none-eabi/14.3.1/thumb/v6-m/nofp/crtbegin.o
LOAD C:/ST/STM32CubeIDE_2.1.1/STM32CubeIDE/plugins/com.st.stm32cube.ide.mcu.externaltools.gnu-tools-for-stm32.14.3.rel1.win32_1.0.100.202602081740/tools/bin/../lib/gcc/arm-none-eabi/14.3.1/../../../../arm-none-eabi/lib/thumb/v6-m/nofp/crt0.o
LOAD ./Core/Src/main.o
LOAD ./Core/Src/stm32g0xx_hal_msp.o
LOAD ./Core/Src/stm32g0xx_it.o
LOAD ./Core/Src/syscalls.o
LOAD ./Core/Src/sysmem.o
LOAD ./Core/Src/system_stm32g0xx.o
LOAD ./Core/Startup/startup_stm32g0b0cetx.o
LOAD ./Drivers/STM32G0xx_HAL_Driver/stm32g0xx_hal.o
LOAD ./Drivers/STM32G0xx_HAL_Driver/stm32g0xx_hal_cortex.o
LOAD ./Drivers/STM32G0xx_HAL_Driver/stm32g0xx_hal_dma.o
LOAD ./Drivers/STM32G0xx_HAL_Driver/stm32g0xx_hal_dma_ex.o
LOAD ./Drivers/STM32G0xx_HAL_Driver/stm32g0xx_hal_exti.o
LOAD ./Drivers/STM32G0xx_HAL_Driver/stm32g0xx_hal_flash.o
LOAD ./Drivers/STM32G0xx_HAL_Driver/stm32g0xx_hal_flash_ex.o
LOAD ./Drivers/STM32G0xx_HAL_Driver/stm32g0xx_hal_gpio.o
LOAD ./Drivers/STM32G0xx_HAL_Driver/stm32g0xx_hal_i2c.o
LOAD ./Drivers/STM32G0xx_HAL_Driver/stm32g0xx_hal_i2c_ex.o
LOAD ./Drivers/STM32G0xx_HAL_Driver/stm32g0xx_hal_pwr.o
LOAD ./Drivers/STM32G0xx_HAL_Driver/stm32g0xx_hal_pwr_ex.o
LOAD ./Drivers/STM32G0xx_HAL_Driver/stm32g0xx_hal_rcc.o
LOAD ./Drivers/STM32G0xx_HAL_Driver/stm32g0xx_hal_rcc_ex.o
LOAD ./Drivers/STM32G0xx_HAL_Driver/stm32g0xx_ll_rcc.o
START GROUP
LOAD C:/ST/STM32CubeIDE_2.1.1/STM32CubeIDE/plugins/com.st.stm32cube.ide.mcu.externaltools.gnu-tools-for-stm32.14.3.rel1.win32_1.0.100.202602081740/tools/bin/../lib/gcc/arm-none-eabi/14.3.1/../../../../arm-none-eabi/lib/thumb/v6-m/nofp\libc_nano.a
LOAD C:/ST/STM32CubeIDE_2.1.1/STM32CubeIDE/plugins/com.st.stm32cube.ide.mcu.externaltools.gnu-tools-for-stm32.14.3.rel1.win32_1.0.100.202602081740/tools/bin/../lib/gcc/arm-none-eabi/14.3.1/../../../../arm-none-eabi/lib/thumb/v6-m/nofp\libm.a
END GROUP
START GROUP
LOAD C:/ST/STM32CubeIDE_2.1.1/STM32CubeIDE/plugins/com.st.stm32cube.ide.mcu.externaltools.gnu-tools-for-stm32.14.3.rel1.win32_1.0.100.202602081740/tools/bin/../lib/gcc/arm-none-eabi/14.3.1/thumb/v6-m/nofp\libgcc.a
LOAD C:/ST/STM32CubeIDE_2.1.1/STM32CubeIDE/plugins/com.st.stm32cube.ide.mcu.externaltools.gnu-tools-for-stm32.14.3.rel1.win32_1.0.100.202602081740/tools/bin/../lib/gcc/arm-none-eabi/14.3.1/../../../../arm-none-eabi/lib/thumb/v6-m/nofp\libc_nano.a
END GROUP
START GROUP
LOAD C:/ST/STM32CubeIDE_2.1.1/STM32CubeIDE/plugins/com.st.stm32cube.ide.mcu.externaltools.gnu-tools-for-stm32.14.3.rel1.win32_1.0.100.202602081740/tools/bin/../lib/gcc/arm-none-eabi/14.3.1/thumb/v6-m/nofp\libgcc.a
LOAD C:/ST/STM32CubeIDE_2.1.1/STM32CubeIDE/plugins/com.st.stm32cube.ide.mcu.externaltools.gnu-tools-for-stm32.14.3.rel1.win32_1.0.100.202602081740/tools/bin/../lib/gcc/arm-none-eabi/14.3.1/../../../../arm-none-eabi/lib/thumb/v6-m/nofp\libc_nano.a
LOAD C:/ST/STM32CubeIDE_2.1.1/STM32CubeIDE/plugins/com.st.stm32cube.ide.mcu.externaltools.gnu-tools-for-stm32.14.3.rel1.win32_1.0.100.202602081740/tools/bin/../lib/gcc/arm-none-eabi/14.3.1/../../../../arm-none-eabi/lib/thumb/v6-m/nofp\libnosys.a
END GROUP
START GROUP
LOAD C:/ST/STM32CubeIDE_2.1.1/STM32CubeIDE/plugins/com.st.stm32cube.ide.mcu.externaltools.gnu-tools-for-stm32.14.3.rel1.win32_1.0.100.202602081740/tools/bin/../lib/gcc/arm-none-eabi/14.3.1/thumb/v6-m/nofp\libgcc.a
LOAD C:/ST/STM32CubeIDE_2.1.1/STM32CubeIDE/plugins/com.st.stm32cube.ide.mcu.externaltools.gnu-tools-for-stm32.14.3.rel1.win32_1.0.100.202602081740/tools/bin/../lib/gcc/arm-none-eabi/14.3.1/../../../../arm-none-eabi/lib/thumb/v6-m/nofp\libc_nano.a
LOAD C:/ST/STM32CubeIDE_2.1.1/STM32CubeIDE/plugins/com.st.stm32cube.ide.mcu.externaltools.gnu-tools-for-stm32.14.3.rel1.win32_1.0.100.202602081740/tools/bin/../lib/gcc/arm-none-eabi/14.3.1/../../../../arm-none-eabi/lib/thumb/v6-m/nofp\libnosys.a
END GROUP
LOAD C:/ST/STM32CubeIDE_2.1.1/STM32CubeIDE/plugins/com.st.stm32cube.ide.mcu.externaltools.gnu-tools-for-stm32.14.3.rel1.win32_1.0.100.202602081740/tools/bin/../lib/gcc/arm-none-eabi/14.3.1/thumb/v6-m/nofp/crtend.o
LOAD C:/ST/STM32CubeIDE_2.1.1/STM32CubeIDE/plugins/com.st.stm32cube.ide.mcu.externaltools.gnu-tools-for-stm32.14.3.rel1.win32_1.0.100.202602081740/tools/bin/../lib/gcc/arm-none-eabi/14.3.1/thumb/v6-m/nofp/crtn.o
                0x20024000                        _estack = (ORIGIN (RAM) + LENGTH (RAM))
                0x00000200                        _Min_Heap_Size = 0x200
                0x00000400                        _Min_Stack_Size = 0x400

.isr_vector     0x08000000       0xb8
                0x08000000                        . = ALIGN (0x4)
 *(.isr_vector)
 .isr_vector    0x08000000       0xb8 ./Core/Startup/startup_stm32g0b0cetx.o
                0x08000000                g_pfnVectors
                0x080000b8                        . = ALIGN (0x4)

.text           0x080000b8     0x391c
                0x080000b8                        . = ALIGN (0x4)
 *(.text)
 .text          0x080000b8       0x48 C:/ST/STM32CubeIDE_2.1.1/STM32CubeIDE/plugins/com.st.stm32cube.ide.mcu.externaltools.gnu-tools-for-stm32.14.3.rel1.win32_1.0.100.202602081740/tools/bin/../lib/gcc/arm-none-eabi/14.3.1/thumb/v6-m/nofp/crtbegin.o
 .text          0x08000100      0x114 C:/ST/STM32CubeIDE_2.1.1/STM32CubeIDE/plugins/com.st.stm32cube.ide.mcu.externaltools.gnu-tools-for-stm32.14.3.rel1.win32_1.0.100.202602081740/tools/bin/../lib/gcc/arm-none-eabi/14.3.1/thumb/v6-m/nofp\libgcc.a(_udivsi3.o)
                0x08000100                __aeabi_uidiv
                0x08000100                __udivsi3
                0x0800020c                __aeabi_uidivmod
 .text          0x08000214        0x4 C:/ST/STM32CubeIDE_2.1.1/STM32CubeIDE/plugins/com.st.stm32cube.ide.mcu.externaltools.gnu-tools-for-stm32.14.3.rel1.win32_1.0.100.202602081740/tools/bin/../lib/gcc/arm-none-eabi/14.3.1/thumb/v6-m/nofp\libgcc.a(_dvmd_tls.o)
                0x08000214                __aeabi_idiv0
                0x08000214                __aeabi_ldiv0
 *(.text*)
 .text.LL_GPIO_ReadInputPort
                0x08000218       0x14 ./Core/Src/main.o
 .text.main     0x0800022c       0x8c ./Core/Src/main.o
                0x0800022c                main
 .text.SystemClock_Config
                0x080002b8       0xbc ./Core/Src/main.o
                0x080002b8                SystemClock_Config
 .text.MX_I2C2_Init
                0x08000374       0x80 ./Core/Src/main.o
 .text.MX_GPIO_Init
                0x080003f4      0x160 ./Core/Src/main.o
 .text.HAL_I2C_AddrCallback
                0x08000554       0x50 ./Core/Src/main.o
                0x08000554                HAL_I2C_AddrCallback
 .text.HAL_I2C_SlaveRxCpltCallback
                0x080005a4       0xa8 ./Core/Src/main.o
                0x080005a4                HAL_I2C_SlaveRxCpltCallback
 .text.HAL_I2C_SlaveTxCpltCallback
                0x0800064c       0x10 ./Core/Src/main.o
                0x0800064c                HAL_I2C_SlaveTxCpltCallback
 .text.HAL_I2C_ListenCpltCallback
                0x0800065c       0x18 ./Core/Src/main.o
                0x0800065c                HAL_I2C_ListenCpltCallback
 .text.SysTick_Handler
                0x08000674       0x12 ./Core/Src/main.o
                0x08000674                SysTick_Handler
 .text.Error_Handler
                0x08000686        0xc ./Core/Src/main.o
                0x08000686                Error_Handler
 *fill*         0x08000692        0x2 
 .text.HAL_MspInit
                0x08000694       0x50 ./Core/Src/stm32g0xx_hal_msp.o
                0x08000694                HAL_MspInit
 .text.HAL_I2C_MspInit
                0x080006e4       0xd4 ./Core/Src/stm32g0xx_hal_msp.o
                0x080006e4                HAL_I2C_MspInit
 .text.I2C2_3_IRQHandler
                0x080007b8       0x20 ./Core/Src/stm32g0xx_it.o
                0x080007b8                I2C2_3_IRQHandler
 .text.SystemInit
                0x080007d8        0xa ./Core/Src/system_stm32g0xx.o
                0x080007d8                SystemInit
 *fill*         0x080007e2        0x2 
 .text.Reset_Handler
                0x080007e4       0x50 ./Core/Startup/startup_stm32g0b0cetx.o
                0x080007e4                Reset_Handler
 .text.Default_Handler
                0x08000834        0x2 ./Core/Startup/startup_stm32g0b0cetx.o
                0x08000834                TIM1_CC_IRQHandler
                0x08000834                HardFault_Handler
                0x08000834                TIM6_IRQHandler
                0x08000834                PendSV_Handler
                0x08000834                NMI_Handler
                0x08000834                I2C1_IRQHandler
                0x08000834                DMA1_Ch4_7_DMA2_Ch1_5_DMAMUX1_OVR_IRQHandler
                0x08000834                RTC_TAMP_IRQHandler
                0x08000834                SPI1_IRQHandler
                0x08000834                EXTI2_3_IRQHandler
                0x08000834                ADC1_IRQHandler
                0x08000834                TIM17_IRQHandler
                0x08000834                TIM16_IRQHandler
                0x08000834                EXTI4_15_IRQHandler
                0x08000834                RCC_IRQHandler
                0x08000834                DMA1_Channel1_IRQHandler
                0x08000834                Default_Handler
                0x08000834                TIM14_IRQHandler
                0x08000834                TIM7_IRQHandler
                0x08000834                TIM15_IRQHandler
                0x08000834                TIM3_TIM4_IRQHandler
                0x08000834                EXTI0_1_IRQHandler
                0x08000834                USB_IRQHandler
                0x08000834                SPI2_3_IRQHandler
                0x08000834                SVC_Handler
                0x08000834                WWDG_IRQHandler
                0x08000834                DMA1_Channel2_3_IRQHandler
                0x08000834                USART2_IRQHandler
                0x08000834                FLASH_IRQHandler
                0x08000834                USART1_IRQHandler
                0x08000834                TIM1_BRK_UP_TRG_COM_IRQHandler
                0x08000834                USART3_4_5_6_IRQHandler
 *fill*         0x08000836        0x2 
 .text.HAL_Init
                0x08000838       0x40 ./Drivers/STM32G0xx_HAL_Driver/stm32g0xx_hal.o
                0x08000838                HAL_Init
 .text.HAL_InitTick
                0x08000878       0x94 ./Drivers/STM32G0xx_HAL_Driver/stm32g0xx_hal.o
                0x08000878                HAL_InitTick
 .text.HAL_IncTick
                0x0800090c       0x24 ./Drivers/STM32G0xx_HAL_Driver/stm32g0xx_hal.o
                0x0800090c                HAL_IncTick
 .text.HAL_GetTick
                0x08000930       0x14 ./Drivers/STM32G0xx_HAL_Driver/stm32g0xx_hal.o
                0x08000930                HAL_GetTick
 .text.HAL_Delay
                0x08000944       0x48 ./Drivers/STM32G0xx_HAL_Driver/stm32g0xx_hal.o
                0x08000944                HAL_Delay
 .text.HAL_SYSCFG_StrobeDBattpinsConfig
                0x0800098c       0x2c ./Drivers/STM32G0xx_HAL_Driver/stm32g0xx_hal.o
                0x0800098c                HAL_SYSCFG_StrobeDBattpinsConfig
 .text.__NVIC_EnableIRQ
                0x080009b8       0x34 ./Drivers/STM32G0xx_HAL_Driver/stm32g0xx_hal_cortex.o
 .text.__NVIC_SetPriority
                0x080009ec       0xdc ./Drivers/STM32G0xx_HAL_Driver/stm32g0xx_hal_cortex.o
 .text.SysTick_Config
                0x08000ac8       0x48 ./Drivers/STM32G0xx_HAL_Driver/stm32g0xx_hal_cortex.o
 .text.HAL_NVIC_SetPriority
                0x08000b10       0x2a ./Drivers/STM32G0xx_HAL_Driver/stm32g0xx_hal_cortex.o
                0x08000b10                HAL_NVIC_SetPriority
 .text.HAL_NVIC_EnableIRQ
                0x08000b3a       0x20 ./Drivers/STM32G0xx_HAL_Driver/stm32g0xx_hal_cortex.o
                0x08000b3a                HAL_NVIC_EnableIRQ
 .text.HAL_SYSTICK_Config
                0x08000b5a       0x1a ./Drivers/STM32G0xx_HAL_Driver/stm32g0xx_hal_cortex.o
                0x08000b5a                HAL_SYSTICK_Config
 .text.HAL_SYSTICK_IRQHandler
                0x08000b74        0xe ./Drivers/STM32G0xx_HAL_Driver/stm32g0xx_hal_cortex.o
                0x08000b74                HAL_SYSTICK_IRQHandler
 .text.HAL_SYSTICK_Callback
                0x08000b82        0xa ./Drivers/STM32G0xx_HAL_Driver/stm32g0xx_hal_cortex.o
                0x08000b82                HAL_SYSTICK_Callback
 .text.HAL_DMA_Abort_IT
                0x08000b8c       0xd0 ./Drivers/STM32G0xx_HAL_Driver/stm32g0xx_hal_dma.o
                0x08000b8c                HAL_DMA_Abort_IT
 .text.HAL_DMA_GetState
                0x08000c5c       0x18 ./Drivers/STM32G0xx_HAL_Driver/stm32g0xx_hal_dma.o
                0x08000c5c                HAL_DMA_GetState
 .text.HAL_GPIO_Init
                0x08000c74      0x2d8 ./Drivers/STM32G0xx_HAL_Driver/stm32g0xx_hal_gpio.o
                0x08000c74                HAL_GPIO_Init
 .text.HAL_GPIO_WritePin
                0x08000f4c       0x3a ./Drivers/STM32G0xx_HAL_Driver/stm32g0xx_hal_gpio.o
                0x08000f4c                HAL_GPIO_WritePin
 *fill*         0x08000f86        0x2 
 .text.HAL_I2C_Init
                0x08000f88      0x14c ./Drivers/STM32G0xx_HAL_Driver/stm32g0xx_hal_i2c.o
                0x08000f88                HAL_I2C_Init
 .text.HAL_I2C_Slave_Seq_Transmit_IT
                0x080010d4      0x180 ./Drivers/STM32G0xx_HAL_Driver/stm32g0xx_hal_i2c.o
                0x080010d4                HAL_I2C_Slave_Seq_Transmit_IT
 .text.HAL_I2C_Slave_Seq_Receive_IT
                0x08001254      0x184 ./Drivers/STM32G0xx_HAL_Driver/stm32g0xx_hal_i2c.o
                0x08001254                HAL_I2C_Slave_Seq_Receive_IT
 .text.HAL_I2C_EnableListen_IT
                0x080013d8       0x44 ./Drivers/STM32G0xx_HAL_Driver/stm32g0xx_hal_i2c.o
                0x080013d8                HAL_I2C_EnableListen_IT
 .text.HAL_I2C_EV_IRQHandler
                0x0800141c       0x34 ./Drivers/STM32G0xx_HAL_Driver/stm32g0xx_hal_i2c.o
                0x0800141c                HAL_I2C_EV_IRQHandler
 .text.HAL_I2C_ER_IRQHandler
                0x08001450       0xc4 ./Drivers/STM32G0xx_HAL_Driver/stm32g0xx_hal_i2c.o
                0x08001450                HAL_I2C_ER_IRQHandler
 .text.HAL_I2C_MasterTxCpltCallback
                0x08001514       0x10 ./Drivers/STM32G0xx_HAL_Driver/stm32g0xx_hal_i2c.o
                0x08001514                HAL_I2C_MasterTxCpltCallback
 .text.HAL_I2C_MasterRxCpltCallback
                0x08001524       0x10 ./Drivers/STM32G0xx_HAL_Driver/stm32g0xx_hal_i2c.o
                0x08001524                HAL_I2C_MasterRxCpltCallback
 .text.HAL_I2C_MemTxCpltCallback
                0x08001534       0x10 ./Drivers/STM32G0xx_HAL_Driver/stm32g0xx_hal_i2c.o
                0x08001534                HAL_I2C_MemTxCpltCallback
 .text.HAL_I2C_MemRxCpltCallback
                0x08001544       0x10 ./Drivers/STM32G0xx_HAL_Driver/stm32g0xx_hal_i2c.o
                0x08001544                HAL_I2C_MemRxCpltCallback
 .text.HAL_I2C_ErrorCallback
                0x08001554       0x10 ./Drivers/STM32G0xx_HAL_Driver/stm32g0xx_hal_i2c.o
                0x08001554                HAL_I2C_ErrorCallback
 .text.HAL_I2C_AbortCpltCallback
                0x08001564       0x10 ./Drivers/STM32G0xx_HAL_Driver/stm32g0xx_hal_i2c.o
                0x08001564                HAL_I2C_AbortCpltCallback
 .text.I2C_Slave_ISR_IT
                0x08001574      0x228 ./Drivers/STM32G0xx_HAL_Driver/stm32g0xx_hal_i2c.o
 .text.I2C_Master_ISR_DMA
                0x0800179c      0x218 ./Drivers/STM32G0xx_HAL_Driver/stm32g0xx_hal_i2c.o
 .text.I2C_Mem_ISR_DMA
                0x080019b4      0x280 ./Drivers/STM32G0xx_HAL_Driver/stm32g0xx_hal_i2c.o
 .text.I2C_Slave_ISR_DMA
                0x08001c34      0x1f0 ./Drivers/STM32G0xx_HAL_Driver/stm32g0xx_hal_i2c.o
 .text.I2C_ITAddrCplt
                0x08001e24      0x148 ./Drivers/STM32G0xx_HAL_Driver/stm32g0xx_hal_i2c.o
 .text.I2C_ITMasterSeqCplt
                0x08001f6c       0x82 ./Drivers/STM32G0xx_HAL_Driver/stm32g0xx_hal_i2c.o
 *fill*         0x08001fee        0x2 
 .text.I2C_ITSlaveSeqCplt
                0x08001ff0       0xcc ./Drivers/STM32G0xx_HAL_Driver/stm32g0xx_hal_i2c.o
 .text.I2C_ITMasterCplt
                0x080020bc      0x1a4 ./Drivers/STM32G0xx_HAL_Driver/stm32g0xx_hal_i2c.o
 .text.I2C_ITSlaveCplt
                0x08002260      0x320 ./Drivers/STM32G0xx_HAL_Driver/stm32g0xx_hal_i2c.o
 .text.I2C_ITListenCplt
                0x08002580       0xb4 ./Drivers/STM32G0xx_HAL_Driver/stm32g0xx_hal_i2c.o
 .text.I2C_ITError
                0x08002634      0x204 ./Drivers/STM32G0xx_HAL_Driver/stm32g0xx_hal_i2c.o
 .text.I2C_TreatErrorCallback
                0x08002838       0x52 ./Drivers/STM32G0xx_HAL_Driver/stm32g0xx_hal_i2c.o
 .text.I2C_Flush_TXDR
                0x0800288a       0x44 ./Drivers/STM32G0xx_HAL_Driver/stm32g0xx_hal_i2c.o
 .text.I2C_DMAAbort
                0x080028ce       0x3e ./Drivers/STM32G0xx_HAL_Driver/stm32g0xx_hal_i2c.o
 .text.I2C_TransferConfig
                0x0800290c       0x74 ./Drivers/STM32G0xx_HAL_Driver/stm32g0xx_hal_i2c.o
 .text.I2C_Enable_IRQ
                0x08002980      0x114 ./Drivers/STM32G0xx_HAL_Driver/stm32g0xx_hal_i2c.o
 .text.I2C_Disable_IRQ
                0x08002a94       0xc6 ./Drivers/STM32G0xx_HAL_Driver/stm32g0xx_hal_i2c.o
 *fill*         0x08002b5a        0x2 
 .text.HAL_I2CEx_ConfigAnalogFilter
                0x08002b5c       0x98 ./Drivers/STM32G0xx_HAL_Driver/stm32g0xx_hal_i2c_ex.o
                0x08002b5c                HAL_I2CEx_ConfigAnalogFilter
 .text.HAL_I2CEx_ConfigDigitalFilter
                0x08002bf4       0x98 ./Drivers/STM32G0xx_HAL_Driver/stm32g0xx_hal_i2c_ex.o
                0x08002bf4                HAL_I2CEx_ConfigDigitalFilter
 .text.HAL_PWREx_ControlVoltageScaling
                0x08002c8c       0x80 ./Drivers/STM32G0xx_HAL_Driver/stm32g0xx_hal_pwr_ex.o
                0x08002c8c                HAL_PWREx_ControlVoltageScaling
 .text.HAL_RCC_OscConfig
                0x08002d0c      0x634 ./Drivers/STM32G0xx_HAL_Driver/stm32g0xx_hal_rcc.o
                0x08002d0c                HAL_RCC_OscConfig
 .text.HAL_RCC_ClockConfig
                0x08003340      0x210 ./Drivers/STM32G0xx_HAL_Driver/stm32g0xx_hal_rcc.o
                0x08003340                HAL_RCC_ClockConfig
 .text.HAL_RCC_GetSysClockFreq
                0x08003550      0x104 ./Drivers/STM32G0xx_HAL_Driver/stm32g0xx_hal_rcc.o
                0x08003550                HAL_RCC_GetSysClockFreq
 .text.HAL_RCCEx_PeriphCLKConfig
                0x08003654      0x310 ./Drivers/STM32G0xx_HAL_Driver/stm32g0xx_hal_rcc_ex.o
                0x08003654                HAL_RCCEx_PeriphCLKConfig
 .text.memset   0x08003964       0x10 C:/ST/STM32CubeIDE_2.1.1/STM32CubeIDE/plugins/com.st.stm32cube.ide.mcu.externaltools.gnu-tools-for-stm32.14.3.rel1.win32_1.0.100.202602081740/tools/bin/../lib/gcc/arm-none-eabi/14.3.1/../../../../arm-none-eabi/lib/thumb/v6-m/nofp\libc_nano.a(libc_a-memset.o)
                0x08003964                memset
 .text.__libc_init_array
                0x08003974       0x48 C:/ST/STM32CubeIDE_2.1.1/STM32CubeIDE/plugins/com.st.stm32cube.ide.mcu.externaltools.gnu-tools-for-stm32.14.3.rel1.win32_1.0.100.202602081740/tools/bin/../lib/gcc/arm-none-eabi/14.3.1/../../../../arm-none-eabi/lib/thumb/v6-m/nofp\libc_nano.a(libc_a-init.o)
                0x08003974                __libc_init_array
 *(.glue_7)
 .glue_7        0x080039bc        0x0 linker stubs
 *(.glue_7t)
 .glue_7t       0x080039bc        0x0 linker stubs
 *(.eh_frame)
 .eh_frame      0x080039bc        0x0 C:/ST/STM32CubeIDE_2.1.1/STM32CubeIDE/plugins/com.st.stm32cube.ide.mcu.externaltools.gnu-tools-for-stm32.14.3.rel1.win32_1.0.100.202602081740/tools/bin/../lib/gcc/arm-none-eabi/14.3.1/thumb/v6-m/nofp/crtbegin.o
 *(.init)
 .init          0x080039bc        0x4 C:/ST/STM32CubeIDE_2.1.1/STM32CubeIDE/plugins/com.st.stm32cube.ide.mcu.externaltools.gnu-tools-for-stm32.14.3.rel1.win32_1.0.100.202602081740/tools/bin/../lib/gcc/arm-none-eabi/14.3.1/thumb/v6-m/nofp/crti.o
                0x080039bc                _init
 .init          0x080039c0        0x8 C:/ST/STM32CubeIDE_2.1.1/STM32CubeIDE/plugins/com.st.stm32cube.ide.mcu.externaltools.gnu-tools-for-stm32.14.3.rel1.win32_1.0.100.202602081740/tools/bin/../lib/gcc/arm-none-eabi/14.3.1/thumb/v6-m/nofp/crtn.o
 *(.fini)
 .fini          0x080039c8        0x4 C:/ST/STM32CubeIDE_2.1.1/STM32CubeIDE/plugins/com.st.stm32cube.ide.mcu.externaltools.gnu-tools-for-stm32.14.3.rel1.win32_1.0.100.202602081740/tools/bin/../lib/gcc/arm-none-eabi/14.3.1/thumb/v6-m/nofp/crti.o
                0x080039c8                _fini
 .fini          0x080039cc        0x8 C:/ST/STM32CubeIDE_2.1.1/STM32CubeIDE/plugins/com.st.stm32cube.ide.mcu.externaltools.gnu-tools-for-stm32.14.3.rel1.win32_1.0.100.202602081740/tools/bin/../lib/gcc/arm-none-eabi/14.3.1/thumb/v6-m/nofp/crtn.o
                0x080039d4                        . = ALIGN (0x4)
                0x080039d4                        _etext = .

.vfp11_veneer   0x080039d4        0x0
 .vfp11_veneer  0x080039d4        0x0 linker stubs

.v4_bx          0x080039d4        0x0
 .v4_bx         0x080039d4        0x0 linker stubs

.iplt           0x080039d4        0x0
 .iplt          0x080039d4        0x0 C:/ST/STM32CubeIDE_2.1.1/STM32CubeIDE/plugins/com.st.stm32cube.ide.mcu.externaltools.gnu-tools-for-stm32.14.3.rel1.win32_1.0.100.202602081740/tools/bin/../lib/gcc/arm-none-eabi/14.3.1/thumb/v6-m/nofp/crtbegin.o

.rodata         0x080039d4       0x40
                0x080039d4                        . = ALIGN (0x4)
 *(.rodata)
 *(.rodata*)
 .rodata.AHBPrescTable
                0x080039d4       0x40 ./Core/Src/system_stm32g0xx.o
                0x080039d4                AHBPrescTable
                0x08003a14                        . = ALIGN (0x4)

.ARM.extab      0x08003a14        0x0
                0x08003a14                        . = ALIGN (0x4)
 *(.ARM.extab* .gnu.linkonce.armextab.*)
                0x08003a14                        . = ALIGN (0x4)

.ARM            0x08003a14        0x0
                0x08003a14                        . = ALIGN (0x4)
                0x08003a14                        __exidx_start = .
 *(.ARM.exidx*)
                0x08003a14                        __exidx_end = .
                0x08003a14                        . = ALIGN (0x4)

.preinit_array  0x08003a14        0x0
                0x08003a14                        . = ALIGN (0x4)
                0x08003a14                        PROVIDE (__preinit_array_start = .)
 *(.preinit_array*)
                0x08003a14                        PROVIDE (__preinit_array_end = .)
                0x08003a14                        . = ALIGN (0x4)

.init_array     0x08003a14        0x4
                0x08003a14                        . = ALIGN (0x4)
                0x08003a14                        PROVIDE (__init_array_start = .)
 *(SORT_BY_NAME(.init_array.*))
 *(.init_array*)
 .init_array    0x08003a14        0x4 C:/ST/STM32CubeIDE_2.1.1/STM32CubeIDE/plugins/com.st.stm32cube.ide.mcu.externaltools.gnu-tools-for-stm32.14.3.rel1.win32_1.0.100.202602081740/tools/bin/../lib/gcc/arm-none-eabi/14.3.1/thumb/v6-m/nofp/crtbegin.o
                0x08003a18                        PROVIDE (__init_array_end = .)
                0x08003a18                        . = ALIGN (0x4)

.fini_array     0x08003a18        0x4
                0x08003a18                        . = ALIGN (0x4)
                [!provide]                        PROVIDE (__fini_array_start = .)
 *(SORT_BY_NAME(.fini_array.*))
 *(.fini_array*)
 .fini_array    0x08003a18        0x4 C:/ST/STM32CubeIDE_2.1.1/STM32CubeIDE/plugins/com.st.stm32cube.ide.mcu.externaltools.gnu-tools-for-stm32.14.3.rel1.win32_1.0.100.202602081740/tools/bin/../lib/gcc/arm-none-eabi/14.3.1/thumb/v6-m/nofp/crtbegin.o
                [!provide]                        PROVIDE (__fini_array_end = .)
                0x08003a1c                        . = ALIGN (0x4)
                0x08003a1c                        _sidata = LOADADDR (.data)

.rel.dyn        0x08003a1c        0x0
 .rel.iplt      0x08003a1c        0x0 C:/ST/STM32CubeIDE_2.1.1/STM32CubeIDE/plugins/com.st.stm32cube.ide.mcu.externaltools.gnu-tools-for-stm32.14.3.rel1.win32_1.0.100.202602081740/tools/bin/../lib/gcc/arm-none-eabi/14.3.1/thumb/v6-m/nofp/crtbegin.o

.data           0x20000000       0x68 load address 0x08003a1c
                0x20000000                        . = ALIGN (0x4)
                0x20000000                        _sdata = .
 *(.data)
 *(.data*)
 .data.msx_key_matrix
                0x20000000       0x30 ./Core/Src/main.o
 .data.gpio_y   0x20000030       0x2c ./Core/Src/main.o
 .data.SystemCoreClock
                0x2000005c        0x4 ./Core/Src/system_stm32g0xx.o
                0x2000005c                SystemCoreClock
 .data.uwTickPrio
                0x20000060        0x4 ./Drivers/STM32G0xx_HAL_Driver/stm32g0xx_hal.o
                0x20000060                uwTickPrio
 .data.uwTickFreq
                0x20000064        0x1 ./Drivers/STM32G0xx_HAL_Driver/stm32g0xx_hal.o
                0x20000064                uwTickFreq
 *(.RamFunc)
 *(.RamFunc*)
                0x20000068                        . = ALIGN (0x4)
 *fill*         0x20000065        0x3 
                0x20000068                        _edata = .

.igot.plt       0x20000068        0x0 load address 0x08003a84
 .igot.plt      0x20000068        0x0 C:/ST/STM32CubeIDE_2.1.1/STM32CubeIDE/plugins/com.st.stm32cube.ide.mcu.externaltools.gnu-tools-for-stm32.14.3.rel1.win32_1.0.100.202602081740/tools/bin/../lib/gcc/arm-none-eabi/14.3.1/thumb/v6-m/nofp/crtbegin.o
                0x20000068                        . = ALIGN (0x4)

.bss            0x20000068       0xb4 load address 0x08003a84
                0x20000068                        _sbss = .
                0x20000068                        __bss_start__ = _sbss
 *(.bss)
 .bss           0x20000068       0x1c C:/ST/STM32CubeIDE_2.1.1/STM32CubeIDE/plugins/com.st.stm32cube.ide.mcu.externaltools.gnu-tools-for-stm32.14.3.rel1.win32_1.0.100.202602081740/tools/bin/../lib/gcc/arm-none-eabi/14.3.1/thumb/v6-m/nofp/crtbegin.o
 *(.bss*)
 .bss.hi2c2     0x20000084       0x54 ./Core/Src/main.o
                0x20000084                hi2c2
 .bss.rx_buffer
                0x200000d8       0x20 ./Core/Src/main.o
 .bss.tx_buffer
                0x200000f8       0x20 ./Core/Src/main.o
 .bss.uwTick    0x20000118        0x4 ./Drivers/STM32G0xx_HAL_Driver/stm32g0xx_hal.o
                0x20000118                uwTick
 *(COMMON)
                0x2000011c                        . = ALIGN (0x4)
                0x2000011c                        _ebss = .
                0x2000011c                        __bss_end__ = _ebss

._user_heap_stack
                0x2000011c      0x604 load address 0x08003a84
                0x20000120                        . = ALIGN (0x8)
 *fill*         0x2000011c        0x4 
                [!provide]                        PROVIDE (end = .)
                0x20000120                        PROVIDE (_end = .)
                0x20000320                        . = (. + _Min_Heap_Size)
 *fill*         0x20000120      0x200 
                0x20000720                        . = (. + _Min_Stack_Size)
 *fill*         0x20000320      0x400 
                0x20000720                        . = ALIGN (0x8)

/DISCARD/
 libc.a(*)
 libm.a(*)
 libgcc.a(*)

.ARM.attributes
                0x00000000       0x28
 *(.ARM.attributes)
 .ARM.attributes
                0x00000000       0x1e C:/ST/STM32CubeIDE_2.1.1/STM32CubeIDE/plugins/com.st.stm32cube.ide.mcu.externaltools.gnu-tools-for-stm32.14.3.rel1.win32_1.0.100.202602081740/tools/bin/../lib/gcc/arm-none-eabi/14.3.1/thumb/v6-m/nofp/crti.o
 .ARM.attributes
                0x0000001e       0x2c C:/ST/STM32CubeIDE_2.1.1/STM32CubeIDE/plugins/com.st.stm32cube.ide.mcu.externaltools.gnu-tools-for-stm32.14.3.rel1.win32_1.0.100.202602081740/tools/bin/../lib/gcc/arm-none-eabi/14.3.1/thumb/v6-m/nofp/crtbegin.o
 .ARM.attributes
                0x0000004a       0x2c ./Core/Src/main.o
 .ARM.attributes
                0x00000076       0x2c ./Core/Src/stm32g0xx_hal_msp.o
 .ARM.attributes
                0x000000a2       0x2c ./Core/Src/stm32g0xx_it.o
 .ARM.attributes
                0x000000ce       0x2c ./Core/Src/system_stm32g0xx.o
 .ARM.attributes
                0x000000fa       0x22 ./Core/Startup/startup_stm32g0b0cetx.o
 .ARM.attributes
                0x0000011c       0x2c ./Drivers/STM32G0xx_HAL_Driver/stm32g0xx_hal.o
 .ARM.attributes
                0x00000148       0x2c ./Drivers/STM32G0xx_HAL_Driver/stm32g0xx_hal_cortex.o
 .ARM.attributes
                0x00000174       0x2c ./Drivers/STM32G0xx_HAL_Driver/stm32g0xx_hal_dma.o
 .ARM.attributes
                0x000001a0       0x2c ./Drivers/STM32G0xx_HAL_Driver/stm32g0xx_hal_gpio.o
 .ARM.attributes
                0x000001cc       0x2c ./Drivers/STM32G0xx_HAL_Driver/stm32g0xx_hal_i2c.o
 .ARM.attributes
                0x000001f8       0x2c ./Drivers/STM32G0xx_HAL_Driver/stm32g0xx_hal_i2c_ex.o
 .ARM.attributes
                0x00000224       0x2c ./Drivers/STM32G0xx_HAL_Driver/stm32g0xx_hal_pwr_ex.o
 .ARM.attributes
                0x00000250       0x2c ./Drivers/STM32G0xx_HAL_Driver/stm32g0xx_hal_rcc.o
 .ARM.attributes
                0x0000027c       0x2c ./Drivers/STM32G0xx_HAL_Driver/stm32g0xx_hal_rcc_ex.o
 .ARM.attributes
                0x000002a8       0x2c C:/ST/STM32CubeIDE_2.1.1/STM32CubeIDE/plugins/com.st.stm32cube.ide.mcu.externaltools.gnu-tools-for-stm32.14.3.rel1.win32_1.0.100.202602081740/tools/bin/../lib/gcc/arm-none-eabi/14.3.1/../../../../arm-none-eabi/lib/thumb/v6-m/nofp\libc_nano.a(libc_a-memset.o)
 .ARM.attributes
                0x000002d4       0x2c C:/ST/STM32CubeIDE_2.1.1/STM32CubeIDE/plugins/com.st.stm32cube.ide.mcu.externaltools.gnu-tools-for-stm32.14.3.rel1.win32_1.0.100.202602081740/tools/bin/../lib/gcc/arm-none-eabi/14.3.1/../../../../arm-none-eabi/lib/thumb/v6-m/nofp\libc_nano.a(libc_a-init.o)
 .ARM.attributes
                0x00000300       0x1e C:/ST/STM32CubeIDE_2.1.1/STM32CubeIDE/plugins/com.st.stm32cube.ide.mcu.externaltools.gnu-tools-for-stm32.14.3.rel1.win32_1.0.100.202602081740/tools/bin/../lib/gcc/arm-none-eabi/14.3.1/thumb/v6-m/nofp\libgcc.a(_udivsi3.o)
 .ARM.attributes
                0x0000031e       0x1e C:/ST/STM32CubeIDE_2.1.1/STM32CubeIDE/plugins/com.st.stm32cube.ide.mcu.externaltools.gnu-tools-for-stm32.14.3.rel1.win32_1.0.100.202602081740/tools/bin/../lib/gcc/arm-none-eabi/14.3.1/thumb/v6-m/nofp\libgcc.a(_dvmd_tls.o)
 .ARM.attributes
                0x0000033c       0x1e C:/ST/STM32CubeIDE_2.1.1/STM32CubeIDE/plugins/com.st.stm32cube.ide.mcu.externaltools.gnu-tools-for-stm32.14.3.rel1.win32_1.0.100.202602081740/tools/bin/../lib/gcc/arm-none-eabi/14.3.1/thumb/v6-m/nofp/crtn.o
OUTPUT(MSXtR_Portable_Keyboard.elf elf32-littlearm)
LOAD linker stubs
LOAD C:/ST/STM32CubeIDE_2.1.1/STM32CubeIDE/plugins/com.st.stm32cube.ide.mcu.externaltools.gnu-tools-for-stm32.14.3.rel1.win32_1.0.100.202602081740/tools/bin/../lib/gcc/arm-none-eabi/14.3.1/../../../../arm-none-eabi/lib/thumb/v6-m/nofp\libc.a
LOAD C:/ST/STM32CubeIDE_2.1.1/STM32CubeIDE/plugins/com.st.stm32cube.ide.mcu.externaltools.gnu-tools-for-stm32.14.3.rel1.win32_1.0.100.202602081740/tools/bin/../lib/gcc/arm-none-eabi/14.3.1/../../../../arm-none-eabi/lib/thumb/v6-m/nofp\libm.a
LOAD C:/ST/STM32CubeIDE_2.1.1/STM32CubeIDE/plugins/com.st.stm32cube.ide.mcu.externaltools.gnu-tools-for-stm32.14.3.rel1.win32_1.0.100.202602081740/tools/bin/../lib/gcc/arm-none-eabi/14.3.1/thumb/v6-m/nofp\libgcc.a

.debug_info     0x00000000     0x8ac7
 .debug_info    0x00000000      0xf93 ./Core/Src/main.o
 .debug_info    0x00000f93      0xc62 ./Core/Src/stm32g0xx_hal_msp.o
 .debug_info    0x00001bf5      0x757 ./Core/Src/stm32g0xx_it.o
 .debug_info    0x0000234c      0x316 ./Core/Src/system_stm32g0xx.o
 .debug_info    0x00002662       0x30 ./Core/Startup/startup_stm32g0b0cetx.o
 .debug_info    0x00002692      0x983 ./Drivers/STM32G0xx_HAL_Driver/stm32g0xx_hal.o
 .debug_info    0x00003015      0x8c7 ./Drivers/STM32G0xx_HAL_Driver/stm32g0xx_hal_cortex.o
 .debug_info    0x000038dc      0x87d ./Drivers/STM32G0xx_HAL_Driver/stm32g0xx_hal_dma.o
 .debug_info    0x00004159      0x5e3 ./Drivers/STM32G0xx_HAL_Driver/stm32g0xx_hal_gpio.o
 .debug_info    0x0000473c     0x220b ./Drivers/STM32G0xx_HAL_Driver/stm32g0xx_hal_i2c.o
 .debug_info    0x00006947      0xa19 ./Drivers/STM32G0xx_HAL_Driver/stm32g0xx_hal_i2c_ex.o
 .debug_info    0x00007360      0x4b8 ./Drivers/STM32G0xx_HAL_Driver/stm32g0xx_hal_pwr_ex.o
 .debug_info    0x00007818      0xb35 ./Drivers/STM32G0xx_HAL_Driver/stm32g0xx_hal_rcc.o
 .debug_info    0x0000834d      0x77a ./Drivers/STM32G0xx_HAL_Driver/stm32g0xx_hal_rcc_ex.o

.debug_abbrev   0x00000000     0x1bf6
 .debug_abbrev  0x00000000      0x30f ./Core/Src/main.o
 .debug_abbrev  0x0000030f      0x1fd ./Core/Src/stm32g0xx_hal_msp.o
 .debug_abbrev  0x0000050c      0x183 ./Core/Src/stm32g0xx_it.o
 .debug_abbrev  0x0000068f      0x119 ./Core/Src/system_stm32g0xx.o
 .debug_abbrev  0x000007a8       0x24 ./Core/Startup/startup_stm32g0b0cetx.o
 .debug_abbrev  0x000007cc      0x2b4 ./Drivers/STM32G0xx_HAL_Driver/stm32g0xx_hal.o
 .debug_abbrev  0x00000a80      0x2ab ./Drivers/STM32G0xx_HAL_Driver/stm32g0xx_hal_cortex.o
 .debug_abbrev  0x00000d2b      0x1e1 ./Drivers/STM32G0xx_HAL_Driver/stm32g0xx_hal_dma.o
 .debug_abbrev  0x00000f0c      0x1c3 ./Drivers/STM32G0xx_HAL_Driver/stm32g0xx_hal_gpio.o
 .debug_abbrev  0x000010cf      0x291 ./Drivers/STM32G0xx_HAL_Driver/stm32g0xx_hal_i2c.o
 .debug_abbrev  0x00001360      0x1ea ./Drivers/STM32G0xx_HAL_Driver/stm32g0xx_hal_i2c_ex.o
 .debug_abbrev  0x0000154a      0x1d7 ./Drivers/STM32G0xx_HAL_Driver/stm32g0xx_hal_pwr_ex.o
 .debug_abbrev  0x00001721      0x2aa ./Drivers/STM32G0xx_HAL_Driver/stm32g0xx_hal_rcc.o
 .debug_abbrev  0x000019cb      0x22b ./Drivers/STM32G0xx_HAL_Driver/stm32g0xx_hal_rcc_ex.o

.debug_aranges  0x00000000      0x860
 .debug_aranges
                0x00000000       0x70 ./Core/Src/main.o
 .debug_aranges
                0x00000070       0x30 ./Core/Src/stm32g0xx_hal_msp.o
 .debug_aranges
                0x000000a0       0x20 ./Core/Src/stm32g0xx_it.o
 .debug_aranges
                0x000000c0       0x28 ./Core/Src/system_stm32g0xx.o
 .debug_aranges
                0x000000e8       0x28 ./Core/Startup/startup_stm32g0b0cetx.o
 .debug_aranges
                0x00000110      0x108 ./Drivers/STM32G0xx_HAL_Driver/stm32g0xx_hal.o
 .debug_aranges
                0x00000218       0xe8 ./Drivers/STM32G0xx_HAL_Driver/stm32g0xx_hal_cortex.o
 .debug_aranges
                0x00000300       0x90 ./Drivers/STM32G0xx_HAL_Driver/stm32g0xx_hal_dma.o
 .debug_aranges
                0x00000390       0x60 ./Drivers/STM32G0xx_HAL_Driver/stm32g0xx_hal_gpio.o
 .debug_aranges
                0x000003f0      0x2a0 ./Drivers/STM32G0xx_HAL_Driver/stm32g0xx_hal_i2c.o
 .debug_aranges
                0x00000690       0x48 ./Drivers/STM32G0xx_HAL_Driver/stm32g0xx_hal_i2c_ex.o
 .debug_aranges
                0x000006d8       0xa8 ./Drivers/STM32G0xx_HAL_Driver/stm32g0xx_hal_pwr_ex.o
 .debug_aranges
                0x00000780       0xa0 ./Drivers/STM32G0xx_HAL_Driver/stm32g0xx_hal_rcc.o
 .debug_aranges
                0x00000820       0x40 ./Drivers/STM32G0xx_HAL_Driver/stm32g0xx_hal_rcc_ex.o

.debug_rnglists
                0x00000000      0x662
 .debug_rnglists
                0x00000000       0x54 ./Core/Src/main.o
 .debug_rnglists
                0x00000054       0x20 ./Core/Src/stm32g0xx_hal_msp.o
 .debug_rnglists
                0x00000074       0x13 ./Core/Src/stm32g0xx_it.o
 .debug_rnglists
                0x00000087       0x1a ./Core/Src/system_stm32g0xx.o
 .debug_rnglists
                0x000000a1       0x19 ./Core/Startup/startup_stm32g0b0cetx.o
 .debug_rnglists
                0x000000ba       0xc2 ./Drivers/STM32G0xx_HAL_Driver/stm32g0xx_hal.o
 .debug_rnglists
                0x0000017c       0xaa ./Drivers/STM32G0xx_HAL_Driver/stm32g0xx_hal_cortex.o
 .debug_rnglists
                0x00000226       0x72 ./Drivers/STM32G0xx_HAL_Driver/stm32g0xx_hal_dma.o
 .debug_rnglists
                0x00000298       0x45 ./Drivers/STM32G0xx_HAL_Driver/stm32g0xx_hal_gpio.o
 .debug_rnglists
                0x000002dd      0x229 ./Drivers/STM32G0xx_HAL_Driver/stm32g0xx_hal_i2c.o
 .debug_rnglists
                0x00000506       0x35 ./Drivers/STM32G0xx_HAL_Driver/stm32g0xx_hal_i2c_ex.o
 .debug_rnglists
                0x0000053b       0x7e ./Drivers/STM32G0xx_HAL_Driver/stm32g0xx_hal_pwr_ex.o
 .debug_rnglists
                0x000005b9       0x79 ./Drivers/STM32G0xx_HAL_Driver/stm32g0xx_hal_rcc.o
 .debug_rnglists
                0x00000632       0x30 ./Drivers/STM32G0xx_HAL_Driver/stm32g0xx_hal_rcc_ex.o

.debug_macro    0x00000000    0x17315
 .debug_macro   0x00000000      0x1e8 ./Core/Src/main.o
 .debug_macro   0x000001e8      0xaae ./Core/Src/main.o
 .debug_macro   0x00000c96      0x124 ./Core/Src/main.o
 .debug_macro   0x00000dba       0x2e ./Core/Src/main.o
 .debug_macro   0x00000de8       0x28 ./Core/Src/main.o
 .debug_macro   0x00000e10       0x22 ./Core/Src/main.o
 .debug_macro   0x00000e32       0x8e ./Core/Src/main.o
 .debug_macro   0x00000ec0       0x51 ./Core/Src/main.o
 .debug_macro   0x00000f11      0x103 ./Core/Src/main.o
 .debug_macro   0x00001014       0x6a ./Core/Src/main.o
 .debug_macro   0x0000107e      0x1df ./Core/Src/main.o
 .debug_macro   0x0000125d       0x1c ./Core/Src/main.o
 .debug_macro   0x00001279       0x22 ./Core/Src/main.o
 .debug_macro   0x0000129b       0xd1 ./Core/Src/main.o
 .debug_macro   0x0000136c      0x4da ./Core/Src/main.o
 .debug_macro   0x00001846      0x11f ./Core/Src/main.o
 .debug_macro   0x00001965     0xcbdd ./Core/Src/main.o
 .debug_macro   0x0000e542       0x66 ./Core/Src/main.o
 .debug_macro   0x0000e5a8     0x3512 ./Core/Src/main.o
 .debug_macro   0x00011aba      0x190 ./Core/Src/main.o
 .debug_macro   0x00011c4a       0x5c ./Core/Src/main.o
 .debug_macro   0x00011ca6      0x614 ./Core/Src/main.o
 .debug_macro   0x000122ba     0x122c ./Core/Src/main.o
 .debug_macro   0x000134e6      0x202 ./Core/Src/main.o
 .debug_macro   0x000136e8      0x1cf ./Core/Src/main.o
 .debug_macro   0x000138b7      0x1d8 ./Core/Src/main.o
 .debug_macro   0x00013a8f      0x469 ./Core/Src/main.o
 .debug_macro   0x00013ef8      0x280 ./Core/Src/main.o
 .debug_macro   0x00014178      0x3a7 ./Core/Src/main.o
 .debug_macro   0x0001451f      0x198 ./Core/Src/main.o
 .debug_macro   0x000146b7       0x43 ./Core/Src/main.o
 .debug_macro   0x000146fa      0x1f1 ./Core/Src/main.o
 .debug_macro   0x000148eb      0x1e4 ./Core/Src/main.o
 .debug_macro   0x00014acf      0x2fe ./Core/Src/main.o
 .debug_macro   0x00014dcd       0x28 ./Core/Src/main.o
 .debug_macro   0x00014df5      0x10e ./Core/Src/main.o
 .debug_macro   0x00014f03      0x22c ./Core/Src/main.o
 .debug_macro   0x0001512f       0x67 ./Core/Src/main.o
 .debug_macro   0x00015196       0xa5 ./Core/Src/main.o
 .debug_macro   0x0001523b      0x131 ./Core/Src/main.o
 .debug_macro   0x0001536c      0x114 ./Core/Src/main.o
 .debug_macro   0x00015480      0x4f2 ./Core/Src/main.o
 .debug_macro   0x00015972      0x118 ./Core/Src/main.o
 .debug_macro   0x00015a8a      0x146 ./Core/Src/main.o
 .debug_macro   0x00015bd0      0x1df ./Core/Src/stm32g0xx_hal_msp.o
 .debug_macro   0x00015daf      0x1e9 ./Core/Src/stm32g0xx_it.o
 .debug_macro   0x00015f98      0x1d0 ./Core/Src/system_stm32g0xx.o
 .debug_macro   0x00016168      0x1ee ./Drivers/STM32G0xx_HAL_Driver/stm32g0xx_hal.o
 .debug_macro   0x00016356      0x1d0 ./Drivers/STM32G0xx_HAL_Driver/stm32g0xx_hal_cortex.o
 .debug_macro   0x00016526      0x1d0 ./Drivers/STM32G0xx_HAL_Driver/stm32g0xx_hal_dma.o
 .debug_macro   0x000166f6      0x1d7 ./Drivers/STM32G0xx_HAL_Driver/stm32g0xx_hal_gpio.o
 .debug_macro   0x000168cd      0x29c ./Drivers/STM32G0xx_HAL_Driver/stm32g0xx_hal_i2c.o
 .debug_macro   0x00016b69      0x1d0 ./Drivers/STM32G0xx_HAL_Driver/stm32g0xx_hal_i2c_ex.o
 .debug_macro   0x00016d39      0x1e2 ./Drivers/STM32G0xx_HAL_Driver/stm32g0xx_hal_pwr_ex.o
 .debug_macro   0x00016f1b      0x212 ./Drivers/STM32G0xx_HAL_Driver/stm32g0xx_hal_rcc.o
 .debug_macro   0x0001712d      0x1e8 ./Drivers/STM32G0xx_HAL_Driver/stm32g0xx_hal_rcc_ex.o

.debug_line     0x00000000     0xc4ea
 .debug_line    0x00000000      0xa6a ./Core/Src/main.o
 .debug_line    0x00000a6a      0x89b ./Core/Src/stm32g0xx_hal_msp.o
 .debug_line    0x00001305      0x840 ./Core/Src/stm32g0xx_it.o
 .debug_line    0x00001b45      0x8a5 ./Core/Src/system_stm32g0xx.o
 .debug_line    0x000023ea       0x7b ./Core/Startup/startup_stm32g0b0cetx.o
 .debug_line    0x00002465      0xbb9 ./Drivers/STM32G0xx_HAL_Driver/stm32g0xx_hal.o
 .debug_line    0x0000301e      0xcb6 ./Drivers/STM32G0xx_HAL_Driver/stm32g0xx_hal_cortex.o
 .debug_line    0x00003cd4      0xf91 ./Drivers/STM32G0xx_HAL_Driver/stm32g0xx_hal_dma.o
 .debug_line    0x00004c65      0xc86 ./Drivers/STM32G0xx_HAL_Driver/stm32g0xx_hal_gpio.o
 .debug_line    0x000058eb     0x385f ./Drivers/STM32G0xx_HAL_Driver/stm32g0xx_hal_i2c.o
 .debug_line    0x0000914a      0x9ce ./Drivers/STM32G0xx_HAL_Driver/stm32g0xx_hal_i2c_ex.o
 .debug_line    0x00009b18      0xadf ./Drivers/STM32G0xx_HAL_Driver/stm32g0xx_hal_pwr_ex.o
 .debug_line    0x0000a5f7     0x10fd ./Drivers/STM32G0xx_HAL_Driver/stm32g0xx_hal_rcc.o
 .debug_line    0x0000b6f4      0xdf6 ./Drivers/STM32G0xx_HAL_Driver/stm32g0xx_hal_rcc_ex.o

.debug_str      0x00000000    0x92418
 .debug_str     0x00000000    0x92418 ./Core/Src/main.o
                              0x903b3 (size before relaxing)
 .debug_str     0x00092418    0x8fc2f ./Core/Src/stm32g0xx_hal_msp.o
 .debug_str     0x00092418    0x8f7c9 ./Core/Src/stm32g0xx_it.o
 .debug_str     0x00092418    0x8ef7c ./Core/Src/system_stm32g0xx.o
 .debug_str     0x00092418       0xa0 ./Core/Startup/startup_stm32g0b0cetx.o
 .debug_str     0x00092418    0x8f6f7 ./Drivers/STM32G0xx_HAL_Driver/stm32g0xx_hal.o
 .debug_str     0x00092418    0x8f459 ./Drivers/STM32G0xx_HAL_Driver/stm32g0xx_hal_cortex.o
 .debug_str     0x00092418    0x8f462 ./Drivers/STM32G0xx_HAL_Driver/stm32g0xx_hal_dma.o
 .debug_str     0x00092418    0x8f102 ./Drivers/STM32G0xx_HAL_Driver/stm32g0xx_hal_gpio.o
 .debug_str     0x00092418    0x903a5 ./Drivers/STM32G0xx_HAL_Driver/stm32g0xx_hal_i2c.o
 .debug_str     0x00092418    0x8f61b ./Drivers/STM32G0xx_HAL_Driver/stm32g0xx_hal_i2c_ex.o
 .debug_str     0x00092418    0x8f22a ./Drivers/STM32G0xx_HAL_Driver/stm32g0xx_hal_pwr_ex.o
 .debug_str     0x00092418    0x8f719 ./Drivers/STM32G0xx_HAL_Driver/stm32g0xx_hal_rcc.o
 .debug_str     0x00092418    0x8f35c ./Drivers/STM32G0xx_HAL_Driver/stm32g0xx_hal_rcc_ex.o

.comment        0x00000000       0x43
 .comment       0x00000000       0x43 ./Core/Src/main.o
                                 0x44 (size before relaxing)
 .comment       0x00000043       0x44 ./Core/Src/stm32g0xx_hal_msp.o
 .comment       0x00000043       0x44 ./Core/Src/stm32g0xx_it.o
 .comment       0x00000043       0x44 ./Core/Src/system_stm32g0xx.o
 .comment       0x00000043       0x44 ./Drivers/STM32G0xx_HAL_Driver/stm32g0xx_hal.o
 .comment       0x00000043       0x44 ./Drivers/STM32G0xx_HAL_Driver/stm32g0xx_hal_cortex.o
 .comment       0x00000043       0x44 ./Drivers/STM32G0xx_HAL_Driver/stm32g0xx_hal_dma.o
 .comment       0x00000043       0x44 ./Drivers/STM32G0xx_HAL_Driver/stm32g0xx_hal_gpio.o
 .comment       0x00000043       0x44 ./Drivers/STM32G0xx_HAL_Driver/stm32g0xx_hal_i2c.o
 .comment       0x00000043       0x44 ./Drivers/STM32G0xx_HAL_Driver/stm32g0xx_hal_i2c_ex.o
 .comment       0x00000043       0x44 ./Drivers/STM32G0xx_HAL_Driver/stm32g0xx_hal_pwr_ex.o
 .comment       0x00000043       0x44 ./Drivers/STM32G0xx_HAL_Driver/stm32g0xx_hal_rcc.o
 .comment       0x00000043       0x44 ./Drivers/STM32G0xx_HAL_Driver/stm32g0xx_hal_rcc_ex.o

.debug_frame    0x00000000     0x1cc0
 .debug_frame   0x00000000      0x164 ./Core/Src/main.o
 .debug_frame   0x00000164       0x70 ./Core/Src/stm32g0xx_hal_msp.o
 .debug_frame   0x000001d4       0x2c ./Core/Src/stm32g0xx_it.o
 .debug_frame   0x00000200       0x4c ./Core/Src/system_stm32g0xx.o
 .debug_frame   0x0000024c      0x380 ./Drivers/STM32G0xx_HAL_Driver/stm32g0xx_hal.o
 .debug_frame   0x000005cc      0x33c ./Drivers/STM32G0xx_HAL_Driver/stm32g0xx_hal_cortex.o
 .debug_frame   0x00000908      0x1f0 ./Drivers/STM32G0xx_HAL_Driver/stm32g0xx_hal_dma.o
 .debug_frame   0x00000af8      0x130 ./Drivers/STM32G0xx_HAL_Driver/stm32g0xx_hal_gpio.o
 .debug_frame   0x00000c28      0xa68 ./Drivers/STM32G0xx_HAL_Driver/stm32g0xx_hal_i2c.o
 .debug_frame   0x00001690       0xd0 ./Drivers/STM32G0xx_HAL_Driver/stm32g0xx_hal_i2c_ex.o
 .debug_frame   0x00001760      0x22c ./Drivers/STM32G0xx_HAL_Driver/stm32g0xx_hal_pwr_ex.o
 .debug_frame   0x0000198c      0x214 ./Drivers/STM32G0xx_HAL_Driver/stm32g0xx_hal_rcc.o
 .debug_frame   0x00001ba0       0xb4 ./Drivers/STM32G0xx_HAL_Driver/stm32g0xx_hal_rcc_ex.o
 .debug_frame   0x00001c54       0x20 C:/ST/STM32CubeIDE_2.1.1/STM32CubeIDE/plugins/com.st.stm32cube.ide.mcu.externaltools.gnu-tools-for-stm32.14.3.rel1.win32_1.0.100.202602081740/tools/bin/../lib/gcc/arm-none-eabi/14.3.1/../../../../arm-none-eabi/lib/thumb/v6-m/nofp\libc_nano.a(libc_a-memset.o)
 .debug_frame   0x00001c74       0x2c C:/ST/STM32CubeIDE_2.1.1/STM32CubeIDE/plugins/com.st.stm32cube.ide.mcu.externaltools.gnu-tools-for-stm32.14.3.rel1.win32_1.0.100.202602081740/tools/bin/../lib/gcc/arm-none-eabi/14.3.1/../../../../arm-none-eabi/lib/thumb/v6-m/nofp\libc_nano.a(libc_a-init.o)
 .debug_frame   0x00001ca0       0x20 C:/ST/STM32CubeIDE_2.1.1/STM32CubeIDE/plugins/com.st.stm32cube.ide.mcu.externaltools.gnu-tools-for-stm32.14.3.rel1.win32_1.0.100.202602081740/tools/bin/../lib/gcc/arm-none-eabi/14.3.1/thumb/v6-m/nofp\libgcc.a(_udivsi3.o)

.debug_line_str
                0x00000000       0x84
 .debug_line_str
                0x00000000       0x84 ./Core/Startup/startup_stm32g0b0cetx.o
